[2025-09-03T17:38:25.811+0000] {processor.py:186} INFO - Started process (PID=218) to work on /opt/airflow/dags/automate_etl_with_airflow.py
[2025-09-03T17:38:25.812+0000] {processor.py:914} INFO - Processing file /opt/airflow/dags/automate_etl_with_airflow.py for tasks to queue
[2025-09-03T17:38:25.815+0000] {logging_mixin.py:190} INFO - [2025-09-03T17:38:25.815+0000] {dagbag.py:588} INFO - Filling up the DagBag from /opt/airflow/dags/automate_etl_with_airflow.py
[2025-09-03T17:38:27.390+0000] {processor.py:927} WARNING - No viable dags retrieved from /opt/airflow/dags/automate_etl_with_airflow.py
[2025-09-03T17:38:27.403+0000] {processor.py:208} INFO - Processing /opt/airflow/dags/automate_etl_with_airflow.py took 1.600 seconds
[2025-09-03T17:38:57.478+0000] {processor.py:186} INFO - Started process (PID=377) to work on /opt/airflow/dags/automate_etl_with_airflow.py
[2025-09-03T17:38:57.479+0000] {processor.py:914} INFO - Processing file /opt/airflow/dags/automate_etl_with_airflow.py for tasks to queue
[2025-09-03T17:38:57.481+0000] {logging_mixin.py:190} INFO - [2025-09-03T17:38:57.481+0000] {dagbag.py:588} INFO - Filling up the DagBag from /opt/airflow/dags/automate_etl_with_airflow.py
[2025-09-03T17:38:57.795+0000] {processor.py:927} WARNING - No viable dags retrieved from /opt/airflow/dags/automate_etl_with_airflow.py
[2025-09-03T17:38:57.805+0000] {processor.py:208} INFO - Processing /opt/airflow/dags/automate_etl_with_airflow.py took 0.334 seconds
[2025-09-03T17:39:28.199+0000] {processor.py:186} INFO - Started process (PID=449) to work on /opt/airflow/dags/automate_etl_with_airflow.py
[2025-09-03T17:39:28.200+0000] {processor.py:914} INFO - Processing file /opt/airflow/dags/automate_etl_with_airflow.py for tasks to queue
[2025-09-03T17:39:28.202+0000] {logging_mixin.py:190} INFO - [2025-09-03T17:39:28.202+0000] {dagbag.py:588} INFO - Filling up the DagBag from /opt/airflow/dags/automate_etl_with_airflow.py
[2025-09-03T17:39:28.528+0000] {processor.py:927} WARNING - No viable dags retrieved from /opt/airflow/dags/automate_etl_with_airflow.py
[2025-09-03T17:39:28.543+0000] {processor.py:208} INFO - Processing /opt/airflow/dags/automate_etl_with_airflow.py took 0.349 seconds
[2025-09-03T17:39:59.219+0000] {processor.py:186} INFO - Started process (PID=556) to work on /opt/airflow/dags/automate_etl_with_airflow.py
[2025-09-03T17:39:59.222+0000] {processor.py:914} INFO - Processing file /opt/airflow/dags/automate_etl_with_airflow.py for tasks to queue
[2025-09-03T17:39:59.226+0000] {logging_mixin.py:190} INFO - [2025-09-03T17:39:59.225+0000] {dagbag.py:588} INFO - Filling up the DagBag from /opt/airflow/dags/automate_etl_with_airflow.py
[2025-09-03T17:39:59.564+0000] {processor.py:927} WARNING - No viable dags retrieved from /opt/airflow/dags/automate_etl_with_airflow.py
[2025-09-03T17:39:59.575+0000] {processor.py:208} INFO - Processing /opt/airflow/dags/automate_etl_with_airflow.py took 0.361 seconds
[2025-09-03T17:40:30.378+0000] {processor.py:186} INFO - Started process (PID=662) to work on /opt/airflow/dags/automate_etl_with_airflow.py
[2025-09-03T17:40:30.379+0000] {processor.py:914} INFO - Processing file /opt/airflow/dags/automate_etl_with_airflow.py for tasks to queue
[2025-09-03T17:40:30.381+0000] {logging_mixin.py:190} INFO - [2025-09-03T17:40:30.381+0000] {dagbag.py:588} INFO - Filling up the DagBag from /opt/airflow/dags/automate_etl_with_airflow.py
[2025-09-03T17:40:30.718+0000] {processor.py:927} WARNING - No viable dags retrieved from /opt/airflow/dags/automate_etl_with_airflow.py
[2025-09-03T17:40:30.730+0000] {processor.py:208} INFO - Processing /opt/airflow/dags/automate_etl_with_airflow.py took 0.359 seconds
[2025-09-03T17:41:01.436+0000] {processor.py:186} INFO - Started process (PID=769) to work on /opt/airflow/dags/automate_etl_with_airflow.py
[2025-09-03T17:41:01.439+0000] {processor.py:914} INFO - Processing file /opt/airflow/dags/automate_etl_with_airflow.py for tasks to queue
[2025-09-03T17:41:01.442+0000] {logging_mixin.py:190} INFO - [2025-09-03T17:41:01.442+0000] {dagbag.py:588} INFO - Filling up the DagBag from /opt/airflow/dags/automate_etl_with_airflow.py
[2025-09-03T17:41:01.884+0000] {processor.py:927} WARNING - No viable dags retrieved from /opt/airflow/dags/automate_etl_with_airflow.py
[2025-09-03T17:41:01.902+0000] {processor.py:208} INFO - Processing /opt/airflow/dags/automate_etl_with_airflow.py took 0.471 seconds
[2025-09-03T17:41:32.014+0000] {processor.py:186} INFO - Started process (PID=875) to work on /opt/airflow/dags/automate_etl_with_airflow.py
[2025-09-03T17:41:32.015+0000] {processor.py:914} INFO - Processing file /opt/airflow/dags/automate_etl_with_airflow.py for tasks to queue
[2025-09-03T17:41:32.018+0000] {logging_mixin.py:190} INFO - [2025-09-03T17:41:32.018+0000] {dagbag.py:588} INFO - Filling up the DagBag from /opt/airflow/dags/automate_etl_with_airflow.py
[2025-09-03T17:41:32.256+0000] {processor.py:927} WARNING - No viable dags retrieved from /opt/airflow/dags/automate_etl_with_airflow.py
[2025-09-03T17:41:32.272+0000] {processor.py:208} INFO - Processing /opt/airflow/dags/automate_etl_with_airflow.py took 0.263 seconds
[2025-09-03T17:42:02.802+0000] {processor.py:186} INFO - Started process (PID=982) to work on /opt/airflow/dags/automate_etl_with_airflow.py
[2025-09-03T17:42:02.803+0000] {processor.py:914} INFO - Processing file /opt/airflow/dags/automate_etl_with_airflow.py for tasks to queue
[2025-09-03T17:42:02.805+0000] {logging_mixin.py:190} INFO - [2025-09-03T17:42:02.805+0000] {dagbag.py:588} INFO - Filling up the DagBag from /opt/airflow/dags/automate_etl_with_airflow.py
[2025-09-03T17:42:03.045+0000] {processor.py:927} WARNING - No viable dags retrieved from /opt/airflow/dags/automate_etl_with_airflow.py
[2025-09-03T17:42:03.062+0000] {processor.py:208} INFO - Processing /opt/airflow/dags/automate_etl_with_airflow.py took 0.265 seconds
[2025-09-03T17:42:33.425+0000] {processor.py:186} INFO - Started process (PID=1089) to work on /opt/airflow/dags/automate_etl_with_airflow.py
[2025-09-03T17:42:33.426+0000] {processor.py:914} INFO - Processing file /opt/airflow/dags/automate_etl_with_airflow.py for tasks to queue
[2025-09-03T17:42:33.428+0000] {logging_mixin.py:190} INFO - [2025-09-03T17:42:33.427+0000] {dagbag.py:588} INFO - Filling up the DagBag from /opt/airflow/dags/automate_etl_with_airflow.py
[2025-09-03T17:42:33.656+0000] {processor.py:927} WARNING - No viable dags retrieved from /opt/airflow/dags/automate_etl_with_airflow.py
[2025-09-03T17:42:33.669+0000] {processor.py:208} INFO - Processing /opt/airflow/dags/automate_etl_with_airflow.py took 0.248 seconds
[2025-09-03T17:43:04.212+0000] {processor.py:186} INFO - Started process (PID=1196) to work on /opt/airflow/dags/automate_etl_with_airflow.py
[2025-09-03T17:43:04.213+0000] {processor.py:914} INFO - Processing file /opt/airflow/dags/automate_etl_with_airflow.py for tasks to queue
[2025-09-03T17:43:04.217+0000] {logging_mixin.py:190} INFO - [2025-09-03T17:43:04.217+0000] {dagbag.py:588} INFO - Filling up the DagBag from /opt/airflow/dags/automate_etl_with_airflow.py
[2025-09-03T17:43:04.484+0000] {processor.py:927} WARNING - No viable dags retrieved from /opt/airflow/dags/automate_etl_with_airflow.py
[2025-09-03T17:43:04.505+0000] {processor.py:208} INFO - Processing /opt/airflow/dags/automate_etl_with_airflow.py took 0.300 seconds
[2025-09-03T17:43:35.122+0000] {processor.py:186} INFO - Started process (PID=1303) to work on /opt/airflow/dags/automate_etl_with_airflow.py
[2025-09-03T17:43:35.123+0000] {processor.py:914} INFO - Processing file /opt/airflow/dags/automate_etl_with_airflow.py for tasks to queue
[2025-09-03T17:43:35.125+0000] {logging_mixin.py:190} INFO - [2025-09-03T17:43:35.125+0000] {dagbag.py:588} INFO - Filling up the DagBag from /opt/airflow/dags/automate_etl_with_airflow.py
[2025-09-03T17:43:35.340+0000] {processor.py:927} WARNING - No viable dags retrieved from /opt/airflow/dags/automate_etl_with_airflow.py
[2025-09-03T17:43:35.358+0000] {processor.py:208} INFO - Processing /opt/airflow/dags/automate_etl_with_airflow.py took 0.241 seconds
[2025-09-03T17:44:05.763+0000] {processor.py:186} INFO - Started process (PID=1410) to work on /opt/airflow/dags/automate_etl_with_airflow.py
[2025-09-03T17:44:05.764+0000] {processor.py:914} INFO - Processing file /opt/airflow/dags/automate_etl_with_airflow.py for tasks to queue
[2025-09-03T17:44:05.768+0000] {logging_mixin.py:190} INFO - [2025-09-03T17:44:05.767+0000] {dagbag.py:588} INFO - Filling up the DagBag from /opt/airflow/dags/automate_etl_with_airflow.py
[2025-09-03T17:44:05.975+0000] {processor.py:927} WARNING - No viable dags retrieved from /opt/airflow/dags/automate_etl_with_airflow.py
[2025-09-03T17:44:05.994+0000] {processor.py:208} INFO - Processing /opt/airflow/dags/automate_etl_with_airflow.py took 0.236 seconds
[2025-09-03T17:44:36.422+0000] {processor.py:186} INFO - Started process (PID=1517) to work on /opt/airflow/dags/automate_etl_with_airflow.py
[2025-09-03T17:44:36.423+0000] {processor.py:914} INFO - Processing file /opt/airflow/dags/automate_etl_with_airflow.py for tasks to queue
[2025-09-03T17:44:36.425+0000] {logging_mixin.py:190} INFO - [2025-09-03T17:44:36.425+0000] {dagbag.py:588} INFO - Filling up the DagBag from /opt/airflow/dags/automate_etl_with_airflow.py
[2025-09-03T17:44:36.654+0000] {processor.py:927} WARNING - No viable dags retrieved from /opt/airflow/dags/automate_etl_with_airflow.py
[2025-09-03T17:44:36.669+0000] {processor.py:208} INFO - Processing /opt/airflow/dags/automate_etl_with_airflow.py took 0.251 seconds
[2025-09-03T17:45:07.052+0000] {processor.py:186} INFO - Started process (PID=1624) to work on /opt/airflow/dags/automate_etl_with_airflow.py
[2025-09-03T17:45:07.053+0000] {processor.py:914} INFO - Processing file /opt/airflow/dags/automate_etl_with_airflow.py for tasks to queue
[2025-09-03T17:45:07.055+0000] {logging_mixin.py:190} INFO - [2025-09-03T17:45:07.054+0000] {dagbag.py:588} INFO - Filling up the DagBag from /opt/airflow/dags/automate_etl_with_airflow.py
[2025-09-03T17:45:07.267+0000] {processor.py:927} WARNING - No viable dags retrieved from /opt/airflow/dags/automate_etl_with_airflow.py
[2025-09-03T17:45:07.284+0000] {processor.py:208} INFO - Processing /opt/airflow/dags/automate_etl_with_airflow.py took 0.237 seconds
[2025-09-03T17:45:37.629+0000] {processor.py:186} INFO - Started process (PID=1731) to work on /opt/airflow/dags/automate_etl_with_airflow.py
[2025-09-03T17:45:37.630+0000] {processor.py:914} INFO - Processing file /opt/airflow/dags/automate_etl_with_airflow.py for tasks to queue
[2025-09-03T17:45:37.634+0000] {logging_mixin.py:190} INFO - [2025-09-03T17:45:37.633+0000] {dagbag.py:588} INFO - Filling up the DagBag from /opt/airflow/dags/automate_etl_with_airflow.py
[2025-09-03T17:45:37.861+0000] {processor.py:927} WARNING - No viable dags retrieved from /opt/airflow/dags/automate_etl_with_airflow.py
[2025-09-03T17:45:37.875+0000] {processor.py:208} INFO - Processing /opt/airflow/dags/automate_etl_with_airflow.py took 0.250 seconds
[2025-09-03T17:46:08.314+0000] {processor.py:186} INFO - Started process (PID=1838) to work on /opt/airflow/dags/automate_etl_with_airflow.py
[2025-09-03T17:46:08.316+0000] {processor.py:914} INFO - Processing file /opt/airflow/dags/automate_etl_with_airflow.py for tasks to queue
[2025-09-03T17:46:08.318+0000] {logging_mixin.py:190} INFO - [2025-09-03T17:46:08.318+0000] {dagbag.py:588} INFO - Filling up the DagBag from /opt/airflow/dags/automate_etl_with_airflow.py
[2025-09-03T17:46:08.539+0000] {processor.py:927} WARNING - No viable dags retrieved from /opt/airflow/dags/automate_etl_with_airflow.py
[2025-09-03T17:46:08.553+0000] {processor.py:208} INFO - Processing /opt/airflow/dags/automate_etl_with_airflow.py took 0.246 seconds
[2025-09-03T17:46:38.971+0000] {processor.py:186} INFO - Started process (PID=1945) to work on /opt/airflow/dags/automate_etl_with_airflow.py
[2025-09-03T17:46:38.972+0000] {processor.py:914} INFO - Processing file /opt/airflow/dags/automate_etl_with_airflow.py for tasks to queue
[2025-09-03T17:46:38.976+0000] {logging_mixin.py:190} INFO - [2025-09-03T17:46:38.975+0000] {dagbag.py:588} INFO - Filling up the DagBag from /opt/airflow/dags/automate_etl_with_airflow.py
[2025-09-03T17:46:39.209+0000] {processor.py:927} WARNING - No viable dags retrieved from /opt/airflow/dags/automate_etl_with_airflow.py
[2025-09-03T17:46:39.224+0000] {processor.py:208} INFO - Processing /opt/airflow/dags/automate_etl_with_airflow.py took 0.260 seconds
[2025-09-03T17:47:09.635+0000] {processor.py:186} INFO - Started process (PID=2052) to work on /opt/airflow/dags/automate_etl_with_airflow.py
[2025-09-03T17:47:09.637+0000] {processor.py:914} INFO - Processing file /opt/airflow/dags/automate_etl_with_airflow.py for tasks to queue
[2025-09-03T17:47:09.641+0000] {logging_mixin.py:190} INFO - [2025-09-03T17:47:09.640+0000] {dagbag.py:588} INFO - Filling up the DagBag from /opt/airflow/dags/automate_etl_with_airflow.py
[2025-09-03T17:47:09.881+0000] {processor.py:927} WARNING - No viable dags retrieved from /opt/airflow/dags/automate_etl_with_airflow.py
[2025-09-03T17:47:09.901+0000] {processor.py:208} INFO - Processing /opt/airflow/dags/automate_etl_with_airflow.py took 0.275 seconds
[2025-09-03T17:47:40.369+0000] {processor.py:186} INFO - Started process (PID=2159) to work on /opt/airflow/dags/automate_etl_with_airflow.py
[2025-09-03T17:47:40.371+0000] {processor.py:914} INFO - Processing file /opt/airflow/dags/automate_etl_with_airflow.py for tasks to queue
[2025-09-03T17:47:40.375+0000] {logging_mixin.py:190} INFO - [2025-09-03T17:47:40.375+0000] {dagbag.py:588} INFO - Filling up the DagBag from /opt/airflow/dags/automate_etl_with_airflow.py
[2025-09-03T17:47:40.625+0000] {processor.py:927} WARNING - No viable dags retrieved from /opt/airflow/dags/automate_etl_with_airflow.py
[2025-09-03T17:47:40.640+0000] {processor.py:208} INFO - Processing /opt/airflow/dags/automate_etl_with_airflow.py took 0.276 seconds
[2025-09-03T17:48:11.194+0000] {processor.py:186} INFO - Started process (PID=2266) to work on /opt/airflow/dags/automate_etl_with_airflow.py
[2025-09-03T17:48:11.195+0000] {processor.py:914} INFO - Processing file /opt/airflow/dags/automate_etl_with_airflow.py for tasks to queue
[2025-09-03T17:48:11.199+0000] {logging_mixin.py:190} INFO - [2025-09-03T17:48:11.198+0000] {dagbag.py:588} INFO - Filling up the DagBag from /opt/airflow/dags/automate_etl_with_airflow.py
[2025-09-03T17:48:11.440+0000] {processor.py:927} WARNING - No viable dags retrieved from /opt/airflow/dags/automate_etl_with_airflow.py
[2025-09-03T17:48:11.460+0000] {processor.py:208} INFO - Processing /opt/airflow/dags/automate_etl_with_airflow.py took 0.270 seconds
[2025-09-03T17:48:42.041+0000] {processor.py:186} INFO - Started process (PID=2372) to work on /opt/airflow/dags/automate_etl_with_airflow.py
[2025-09-03T17:48:42.043+0000] {processor.py:914} INFO - Processing file /opt/airflow/dags/automate_etl_with_airflow.py for tasks to queue
[2025-09-03T17:48:42.046+0000] {logging_mixin.py:190} INFO - [2025-09-03T17:48:42.045+0000] {dagbag.py:588} INFO - Filling up the DagBag from /opt/airflow/dags/automate_etl_with_airflow.py
[2025-09-03T17:48:42.415+0000] {processor.py:927} WARNING - No viable dags retrieved from /opt/airflow/dags/automate_etl_with_airflow.py
[2025-09-03T17:48:42.440+0000] {processor.py:208} INFO - Processing /opt/airflow/dags/automate_etl_with_airflow.py took 0.403 seconds
[2025-09-03T17:49:13.130+0000] {processor.py:186} INFO - Started process (PID=2479) to work on /opt/airflow/dags/automate_etl_with_airflow.py
[2025-09-03T17:49:13.131+0000] {processor.py:914} INFO - Processing file /opt/airflow/dags/automate_etl_with_airflow.py for tasks to queue
[2025-09-03T17:49:13.134+0000] {logging_mixin.py:190} INFO - [2025-09-03T17:49:13.134+0000] {dagbag.py:588} INFO - Filling up the DagBag from /opt/airflow/dags/automate_etl_with_airflow.py
[2025-09-03T17:49:13.530+0000] {processor.py:927} WARNING - No viable dags retrieved from /opt/airflow/dags/automate_etl_with_airflow.py
[2025-09-03T17:49:13.547+0000] {processor.py:208} INFO - Processing /opt/airflow/dags/automate_etl_with_airflow.py took 0.423 seconds
[2025-09-03T17:49:43.825+0000] {processor.py:186} INFO - Started process (PID=2586) to work on /opt/airflow/dags/automate_etl_with_airflow.py
[2025-09-03T17:49:43.826+0000] {processor.py:914} INFO - Processing file /opt/airflow/dags/automate_etl_with_airflow.py for tasks to queue
[2025-09-03T17:49:43.830+0000] {logging_mixin.py:190} INFO - [2025-09-03T17:49:43.829+0000] {dagbag.py:588} INFO - Filling up the DagBag from /opt/airflow/dags/automate_etl_with_airflow.py
[2025-09-03T17:49:44.220+0000] {processor.py:927} WARNING - No viable dags retrieved from /opt/airflow/dags/automate_etl_with_airflow.py
[2025-09-03T17:49:44.234+0000] {processor.py:208} INFO - Processing /opt/airflow/dags/automate_etl_with_airflow.py took 0.417 seconds
[2025-09-03T17:50:14.745+0000] {processor.py:186} INFO - Started process (PID=2693) to work on /opt/airflow/dags/automate_etl_with_airflow.py
[2025-09-03T17:50:14.746+0000] {processor.py:914} INFO - Processing file /opt/airflow/dags/automate_etl_with_airflow.py for tasks to queue
[2025-09-03T17:50:14.749+0000] {logging_mixin.py:190} INFO - [2025-09-03T17:50:14.748+0000] {dagbag.py:588} INFO - Filling up the DagBag from /opt/airflow/dags/automate_etl_with_airflow.py
[2025-09-03T17:50:15.117+0000] {processor.py:927} WARNING - No viable dags retrieved from /opt/airflow/dags/automate_etl_with_airflow.py
[2025-09-03T17:50:15.133+0000] {processor.py:208} INFO - Processing /opt/airflow/dags/automate_etl_with_airflow.py took 0.395 seconds
[2025-09-03T17:50:45.545+0000] {processor.py:186} INFO - Started process (PID=2800) to work on /opt/airflow/dags/automate_etl_with_airflow.py
[2025-09-03T17:50:45.546+0000] {processor.py:914} INFO - Processing file /opt/airflow/dags/automate_etl_with_airflow.py for tasks to queue
[2025-09-03T17:50:45.549+0000] {logging_mixin.py:190} INFO - [2025-09-03T17:50:45.548+0000] {dagbag.py:588} INFO - Filling up the DagBag from /opt/airflow/dags/automate_etl_with_airflow.py
[2025-09-03T17:50:45.948+0000] {processor.py:927} WARNING - No viable dags retrieved from /opt/airflow/dags/automate_etl_with_airflow.py
[2025-09-03T17:50:45.962+0000] {processor.py:208} INFO - Processing /opt/airflow/dags/automate_etl_with_airflow.py took 0.421 seconds
[2025-09-03T17:51:16.471+0000] {processor.py:186} INFO - Started process (PID=2907) to work on /opt/airflow/dags/automate_etl_with_airflow.py
[2025-09-03T17:51:16.472+0000] {processor.py:914} INFO - Processing file /opt/airflow/dags/automate_etl_with_airflow.py for tasks to queue
[2025-09-03T17:51:16.476+0000] {logging_mixin.py:190} INFO - [2025-09-03T17:51:16.475+0000] {dagbag.py:588} INFO - Filling up the DagBag from /opt/airflow/dags/automate_etl_with_airflow.py
[2025-09-03T17:51:16.836+0000] {processor.py:927} WARNING - No viable dags retrieved from /opt/airflow/dags/automate_etl_with_airflow.py
[2025-09-03T17:51:16.847+0000] {processor.py:208} INFO - Processing /opt/airflow/dags/automate_etl_with_airflow.py took 0.381 seconds
[2025-09-03T17:51:47.446+0000] {processor.py:186} INFO - Started process (PID=3014) to work on /opt/airflow/dags/automate_etl_with_airflow.py
[2025-09-03T17:51:47.447+0000] {processor.py:914} INFO - Processing file /opt/airflow/dags/automate_etl_with_airflow.py for tasks to queue
[2025-09-03T17:51:47.449+0000] {logging_mixin.py:190} INFO - [2025-09-03T17:51:47.449+0000] {dagbag.py:588} INFO - Filling up the DagBag from /opt/airflow/dags/automate_etl_with_airflow.py
[2025-09-03T17:51:47.806+0000] {processor.py:927} WARNING - No viable dags retrieved from /opt/airflow/dags/automate_etl_with_airflow.py
[2025-09-03T17:51:47.821+0000] {processor.py:208} INFO - Processing /opt/airflow/dags/automate_etl_with_airflow.py took 0.382 seconds
[2025-09-03T17:52:18.510+0000] {processor.py:186} INFO - Started process (PID=3120) to work on /opt/airflow/dags/automate_etl_with_airflow.py
[2025-09-03T17:52:18.511+0000] {processor.py:914} INFO - Processing file /opt/airflow/dags/automate_etl_with_airflow.py for tasks to queue
[2025-09-03T17:52:18.514+0000] {logging_mixin.py:190} INFO - [2025-09-03T17:52:18.514+0000] {dagbag.py:588} INFO - Filling up the DagBag from /opt/airflow/dags/automate_etl_with_airflow.py
[2025-09-03T17:52:18.994+0000] {processor.py:927} WARNING - No viable dags retrieved from /opt/airflow/dags/automate_etl_with_airflow.py
[2025-09-03T17:52:19.009+0000] {processor.py:208} INFO - Processing /opt/airflow/dags/automate_etl_with_airflow.py took 0.508 seconds
[2025-09-03T17:52:49.549+0000] {processor.py:186} INFO - Started process (PID=3227) to work on /opt/airflow/dags/automate_etl_with_airflow.py
[2025-09-03T17:52:49.550+0000] {processor.py:914} INFO - Processing file /opt/airflow/dags/automate_etl_with_airflow.py for tasks to queue
[2025-09-03T17:52:49.552+0000] {logging_mixin.py:190} INFO - [2025-09-03T17:52:49.552+0000] {dagbag.py:588} INFO - Filling up the DagBag from /opt/airflow/dags/automate_etl_with_airflow.py
[2025-09-03T17:52:49.919+0000] {processor.py:927} WARNING - No viable dags retrieved from /opt/airflow/dags/automate_etl_with_airflow.py
[2025-09-03T17:52:49.934+0000] {processor.py:208} INFO - Processing /opt/airflow/dags/automate_etl_with_airflow.py took 0.393 seconds
[2025-09-03T17:53:20.625+0000] {processor.py:186} INFO - Started process (PID=3334) to work on /opt/airflow/dags/automate_etl_with_airflow.py
[2025-09-03T17:53:20.626+0000] {processor.py:914} INFO - Processing file /opt/airflow/dags/automate_etl_with_airflow.py for tasks to queue
[2025-09-03T17:53:20.629+0000] {logging_mixin.py:190} INFO - [2025-09-03T17:53:20.629+0000] {dagbag.py:588} INFO - Filling up the DagBag from /opt/airflow/dags/automate_etl_with_airflow.py
[2025-09-03T17:53:20.988+0000] {processor.py:927} WARNING - No viable dags retrieved from /opt/airflow/dags/automate_etl_with_airflow.py
[2025-09-03T17:53:21.002+0000] {processor.py:208} INFO - Processing /opt/airflow/dags/automate_etl_with_airflow.py took 0.384 seconds
[2025-09-03T17:53:51.768+0000] {processor.py:186} INFO - Started process (PID=3441) to work on /opt/airflow/dags/automate_etl_with_airflow.py
[2025-09-03T17:53:51.770+0000] {processor.py:914} INFO - Processing file /opt/airflow/dags/automate_etl_with_airflow.py for tasks to queue
[2025-09-03T17:53:51.774+0000] {logging_mixin.py:190} INFO - [2025-09-03T17:53:51.773+0000] {dagbag.py:588} INFO - Filling up the DagBag from /opt/airflow/dags/automate_etl_with_airflow.py
[2025-09-03T17:53:52.139+0000] {processor.py:927} WARNING - No viable dags retrieved from /opt/airflow/dags/automate_etl_with_airflow.py
[2025-09-03T17:53:52.155+0000] {processor.py:208} INFO - Processing /opt/airflow/dags/automate_etl_with_airflow.py took 0.394 seconds
[2025-09-03T17:54:22.199+0000] {processor.py:186} INFO - Started process (PID=3556) to work on /opt/airflow/dags/automate_etl_with_airflow.py
[2025-09-03T17:54:22.201+0000] {processor.py:914} INFO - Processing file /opt/airflow/dags/automate_etl_with_airflow.py for tasks to queue
[2025-09-03T17:54:22.203+0000] {logging_mixin.py:190} INFO - [2025-09-03T17:54:22.203+0000] {dagbag.py:588} INFO - Filling up the DagBag from /opt/airflow/dags/automate_etl_with_airflow.py
[2025-09-03T17:54:22.547+0000] {processor.py:927} WARNING - No viable dags retrieved from /opt/airflow/dags/automate_etl_with_airflow.py
[2025-09-03T17:54:22.562+0000] {processor.py:208} INFO - Processing /opt/airflow/dags/automate_etl_with_airflow.py took 0.370 seconds
[2025-09-03T17:55:55.782+0000] {processor.py:186} INFO - Started process (PID=220) to work on /opt/airflow/dags/automate_etl_with_airflow.py
[2025-09-03T17:55:55.783+0000] {processor.py:914} INFO - Processing file /opt/airflow/dags/automate_etl_with_airflow.py for tasks to queue
[2025-09-03T17:55:55.787+0000] {logging_mixin.py:190} INFO - [2025-09-03T17:55:55.786+0000] {dagbag.py:588} INFO - Filling up the DagBag from /opt/airflow/dags/automate_etl_with_airflow.py
[2025-09-03T17:55:57.252+0000] {processor.py:927} WARNING - No viable dags retrieved from /opt/airflow/dags/automate_etl_with_airflow.py
[2025-09-03T17:55:57.267+0000] {processor.py:208} INFO - Processing /opt/airflow/dags/automate_etl_with_airflow.py took 1.494 seconds
[2025-09-03T17:56:27.425+0000] {processor.py:186} INFO - Started process (PID=353) to work on /opt/airflow/dags/automate_etl_with_airflow.py
[2025-09-03T17:56:27.426+0000] {processor.py:914} INFO - Processing file /opt/airflow/dags/automate_etl_with_airflow.py for tasks to queue
[2025-09-03T17:56:27.429+0000] {logging_mixin.py:190} INFO - [2025-09-03T17:56:27.429+0000] {dagbag.py:588} INFO - Filling up the DagBag from /opt/airflow/dags/automate_etl_with_airflow.py
[2025-09-03T17:56:27.789+0000] {processor.py:927} WARNING - No viable dags retrieved from /opt/airflow/dags/automate_etl_with_airflow.py
[2025-09-03T17:56:27.802+0000] {processor.py:208} INFO - Processing /opt/airflow/dags/automate_etl_with_airflow.py took 0.382 seconds
[2025-09-03T17:56:58.769+0000] {processor.py:186} INFO - Started process (PID=460) to work on /opt/airflow/dags/automate_etl_with_airflow.py
[2025-09-03T17:56:58.770+0000] {processor.py:914} INFO - Processing file /opt/airflow/dags/automate_etl_with_airflow.py for tasks to queue
[2025-09-03T17:56:58.772+0000] {logging_mixin.py:190} INFO - [2025-09-03T17:56:58.772+0000] {dagbag.py:588} INFO - Filling up the DagBag from /opt/airflow/dags/automate_etl_with_airflow.py
[2025-09-03T17:56:59.138+0000] {processor.py:927} WARNING - No viable dags retrieved from /opt/airflow/dags/automate_etl_with_airflow.py
[2025-09-03T17:56:59.156+0000] {processor.py:208} INFO - Processing /opt/airflow/dags/automate_etl_with_airflow.py took 0.392 seconds
[2025-09-03T17:57:29.953+0000] {processor.py:186} INFO - Started process (PID=577) to work on /opt/airflow/dags/automate_etl_with_airflow.py
[2025-09-03T17:57:29.955+0000] {processor.py:914} INFO - Processing file /opt/airflow/dags/automate_etl_with_airflow.py for tasks to queue
[2025-09-03T17:57:29.958+0000] {logging_mixin.py:190} INFO - [2025-09-03T17:57:29.957+0000] {dagbag.py:588} INFO - Filling up the DagBag from /opt/airflow/dags/automate_etl_with_airflow.py
[2025-09-03T17:57:30.319+0000] {processor.py:927} WARNING - No viable dags retrieved from /opt/airflow/dags/automate_etl_with_airflow.py
[2025-09-03T17:57:30.334+0000] {processor.py:208} INFO - Processing /opt/airflow/dags/automate_etl_with_airflow.py took 0.389 seconds
[2025-09-03T17:58:00.457+0000] {processor.py:186} INFO - Started process (PID=704) to work on /opt/airflow/dags/automate_etl_with_airflow.py
[2025-09-03T17:58:00.458+0000] {processor.py:914} INFO - Processing file /opt/airflow/dags/automate_etl_with_airflow.py for tasks to queue
[2025-09-03T17:58:00.460+0000] {logging_mixin.py:190} INFO - [2025-09-03T17:58:00.460+0000] {dagbag.py:588} INFO - Filling up the DagBag from /opt/airflow/dags/automate_etl_with_airflow.py
[2025-09-03T17:58:00.771+0000] {processor.py:927} WARNING - No viable dags retrieved from /opt/airflow/dags/automate_etl_with_airflow.py
[2025-09-03T17:58:00.781+0000] {processor.py:208} INFO - Processing /opt/airflow/dags/automate_etl_with_airflow.py took 0.332 seconds
[2025-09-03T17:58:31.550+0000] {processor.py:186} INFO - Started process (PID=784) to work on /opt/airflow/dags/automate_etl_with_airflow.py
[2025-09-03T17:58:31.551+0000] {processor.py:914} INFO - Processing file /opt/airflow/dags/automate_etl_with_airflow.py for tasks to queue
[2025-09-03T17:58:31.553+0000] {logging_mixin.py:190} INFO - [2025-09-03T17:58:31.553+0000] {dagbag.py:588} INFO - Filling up the DagBag from /opt/airflow/dags/automate_etl_with_airflow.py
[2025-09-03T17:58:31.952+0000] {processor.py:927} WARNING - No viable dags retrieved from /opt/airflow/dags/automate_etl_with_airflow.py
[2025-09-03T17:58:31.964+0000] {processor.py:208} INFO - Processing /opt/airflow/dags/automate_etl_with_airflow.py took 0.421 seconds
[2025-09-03T17:59:02.387+0000] {processor.py:186} INFO - Started process (PID=876) to work on /opt/airflow/dags/automate_etl_with_airflow.py
[2025-09-03T17:59:02.389+0000] {processor.py:914} INFO - Processing file /opt/airflow/dags/automate_etl_with_airflow.py for tasks to queue
[2025-09-03T17:59:02.393+0000] {logging_mixin.py:190} INFO - [2025-09-03T17:59:02.392+0000] {dagbag.py:588} INFO - Filling up the DagBag from /opt/airflow/dags/automate_etl_with_airflow.py
[2025-09-03T17:59:02.852+0000] {processor.py:927} WARNING - No viable dags retrieved from /opt/airflow/dags/automate_etl_with_airflow.py
[2025-09-03T17:59:02.866+0000] {processor.py:208} INFO - Processing /opt/airflow/dags/automate_etl_with_airflow.py took 0.489 seconds
[2025-09-03T17:59:33.765+0000] {processor.py:186} INFO - Started process (PID=985) to work on /opt/airflow/dags/automate_etl_with_airflow.py
[2025-09-03T17:59:33.765+0000] {processor.py:914} INFO - Processing file /opt/airflow/dags/automate_etl_with_airflow.py for tasks to queue
[2025-09-03T17:59:33.768+0000] {logging_mixin.py:190} INFO - [2025-09-03T17:59:33.767+0000] {dagbag.py:588} INFO - Filling up the DagBag from /opt/airflow/dags/automate_etl_with_airflow.py
[2025-09-03T17:59:33.968+0000] {processor.py:927} WARNING - No viable dags retrieved from /opt/airflow/dags/automate_etl_with_airflow.py
[2025-09-03T17:59:33.985+0000] {processor.py:208} INFO - Processing /opt/airflow/dags/automate_etl_with_airflow.py took 0.227 seconds
[2025-09-03T18:00:04.624+0000] {processor.py:186} INFO - Started process (PID=1090) to work on /opt/airflow/dags/automate_etl_with_airflow.py
[2025-09-03T18:00:04.625+0000] {processor.py:914} INFO - Processing file /opt/airflow/dags/automate_etl_with_airflow.py for tasks to queue
[2025-09-03T18:00:04.628+0000] {logging_mixin.py:190} INFO - [2025-09-03T18:00:04.628+0000] {dagbag.py:588} INFO - Filling up the DagBag from /opt/airflow/dags/automate_etl_with_airflow.py
[2025-09-03T18:00:04.835+0000] {processor.py:927} WARNING - No viable dags retrieved from /opt/airflow/dags/automate_etl_with_airflow.py
[2025-09-03T18:00:04.851+0000] {processor.py:208} INFO - Processing /opt/airflow/dags/automate_etl_with_airflow.py took 0.233 seconds
[2025-09-03T18:00:35.549+0000] {processor.py:186} INFO - Started process (PID=1199) to work on /opt/airflow/dags/automate_etl_with_airflow.py
[2025-09-03T18:00:35.550+0000] {processor.py:914} INFO - Processing file /opt/airflow/dags/automate_etl_with_airflow.py for tasks to queue
[2025-09-03T18:00:35.552+0000] {logging_mixin.py:190} INFO - [2025-09-03T18:00:35.552+0000] {dagbag.py:588} INFO - Filling up the DagBag from /opt/airflow/dags/automate_etl_with_airflow.py
[2025-09-03T18:00:35.767+0000] {processor.py:927} WARNING - No viable dags retrieved from /opt/airflow/dags/automate_etl_with_airflow.py
[2025-09-03T18:00:35.783+0000] {processor.py:208} INFO - Processing /opt/airflow/dags/automate_etl_with_airflow.py took 0.242 seconds
[2025-09-03T18:01:06.344+0000] {processor.py:186} INFO - Started process (PID=1304) to work on /opt/airflow/dags/automate_etl_with_airflow.py
[2025-09-03T18:01:06.346+0000] {processor.py:914} INFO - Processing file /opt/airflow/dags/automate_etl_with_airflow.py for tasks to queue
[2025-09-03T18:01:06.349+0000] {logging_mixin.py:190} INFO - [2025-09-03T18:01:06.348+0000] {dagbag.py:588} INFO - Filling up the DagBag from /opt/airflow/dags/automate_etl_with_airflow.py
[2025-09-03T18:01:06.569+0000] {processor.py:927} WARNING - No viable dags retrieved from /opt/airflow/dags/automate_etl_with_airflow.py
[2025-09-03T18:01:06.586+0000] {processor.py:208} INFO - Processing /opt/airflow/dags/automate_etl_with_airflow.py took 0.249 seconds
[2025-09-03T18:01:37.175+0000] {processor.py:186} INFO - Started process (PID=1411) to work on /opt/airflow/dags/automate_etl_with_airflow.py
[2025-09-03T18:01:37.176+0000] {processor.py:914} INFO - Processing file /opt/airflow/dags/automate_etl_with_airflow.py for tasks to queue
[2025-09-03T18:01:37.178+0000] {logging_mixin.py:190} INFO - [2025-09-03T18:01:37.178+0000] {dagbag.py:588} INFO - Filling up the DagBag from /opt/airflow/dags/automate_etl_with_airflow.py
[2025-09-03T18:01:37.399+0000] {processor.py:927} WARNING - No viable dags retrieved from /opt/airflow/dags/automate_etl_with_airflow.py
[2025-09-03T18:01:37.416+0000] {processor.py:208} INFO - Processing /opt/airflow/dags/automate_etl_with_airflow.py took 0.245 seconds
[2025-09-03T18:02:07.823+0000] {processor.py:186} INFO - Started process (PID=1513) to work on /opt/airflow/dags/automate_etl_with_airflow.py
[2025-09-03T18:02:07.824+0000] {processor.py:914} INFO - Processing file /opt/airflow/dags/automate_etl_with_airflow.py for tasks to queue
[2025-09-03T18:02:07.827+0000] {logging_mixin.py:190} INFO - [2025-09-03T18:02:07.827+0000] {dagbag.py:588} INFO - Filling up the DagBag from /opt/airflow/dags/automate_etl_with_airflow.py
[2025-09-03T18:02:08.067+0000] {processor.py:927} WARNING - No viable dags retrieved from /opt/airflow/dags/automate_etl_with_airflow.py
[2025-09-03T18:02:08.082+0000] {processor.py:208} INFO - Processing /opt/airflow/dags/automate_etl_with_airflow.py took 0.266 seconds
[2025-09-03T18:02:38.512+0000] {processor.py:186} INFO - Started process (PID=1620) to work on /opt/airflow/dags/automate_etl_with_airflow.py
[2025-09-03T18:02:38.513+0000] {processor.py:914} INFO - Processing file /opt/airflow/dags/automate_etl_with_airflow.py for tasks to queue
[2025-09-03T18:02:38.515+0000] {logging_mixin.py:190} INFO - [2025-09-03T18:02:38.515+0000] {dagbag.py:588} INFO - Filling up the DagBag from /opt/airflow/dags/automate_etl_with_airflow.py
[2025-09-03T18:02:38.733+0000] {processor.py:927} WARNING - No viable dags retrieved from /opt/airflow/dags/automate_etl_with_airflow.py
[2025-09-03T18:02:38.752+0000] {processor.py:208} INFO - Processing /opt/airflow/dags/automate_etl_with_airflow.py took 0.247 seconds
[2025-09-03T18:03:09.185+0000] {processor.py:186} INFO - Started process (PID=1729) to work on /opt/airflow/dags/automate_etl_with_airflow.py
[2025-09-03T18:03:09.186+0000] {processor.py:914} INFO - Processing file /opt/airflow/dags/automate_etl_with_airflow.py for tasks to queue
[2025-09-03T18:03:09.189+0000] {logging_mixin.py:190} INFO - [2025-09-03T18:03:09.189+0000] {dagbag.py:588} INFO - Filling up the DagBag from /opt/airflow/dags/automate_etl_with_airflow.py
[2025-09-03T18:03:09.417+0000] {processor.py:927} WARNING - No viable dags retrieved from /opt/airflow/dags/automate_etl_with_airflow.py
[2025-09-03T18:03:09.433+0000] {processor.py:208} INFO - Processing /opt/airflow/dags/automate_etl_with_airflow.py took 0.253 seconds
[2025-09-03T18:03:39.822+0000] {processor.py:186} INFO - Started process (PID=1829) to work on /opt/airflow/dags/automate_etl_with_airflow.py
[2025-09-03T18:03:39.823+0000] {processor.py:914} INFO - Processing file /opt/airflow/dags/automate_etl_with_airflow.py for tasks to queue
[2025-09-03T18:03:39.826+0000] {logging_mixin.py:190} INFO - [2025-09-03T18:03:39.826+0000] {dagbag.py:588} INFO - Filling up the DagBag from /opt/airflow/dags/automate_etl_with_airflow.py
[2025-09-03T18:03:40.119+0000] {processor.py:927} WARNING - No viable dags retrieved from /opt/airflow/dags/automate_etl_with_airflow.py
[2025-09-03T18:03:40.133+0000] {processor.py:208} INFO - Processing /opt/airflow/dags/automate_etl_with_airflow.py took 0.320 seconds
