[2025-09-03T17:38:26.014+0000] {processor.py:186} INFO - Started process (PID=229) to work on /opt/airflow/dags/db_utils.py
[2025-09-03T17:38:26.015+0000] {processor.py:914} INFO - Processing file /opt/airflow/dags/db_utils.py for tasks to queue
[2025-09-03T17:38:26.018+0000] {logging_mixin.py:190} INFO - [2025-09-03T17:38:26.018+0000] {dagbag.py:588} INFO - Filling up the DagBag from /opt/airflow/dags/db_utils.py
[2025-09-03T17:38:26.031+0000] {processor.py:927} WARNING - No viable dags retrieved from /opt/airflow/dags/db_utils.py
[2025-09-03T17:38:26.049+0000] {processor.py:208} INFO - Processing /opt/airflow/dags/db_utils.py took 0.043 seconds
[2025-09-03T17:38:56.103+0000] {processor.py:186} INFO - Started process (PID=331) to work on /opt/airflow/dags/db_utils.py
[2025-09-03T17:38:56.104+0000] {processor.py:914} INFO - Processing file /opt/airflow/dags/db_utils.py for tasks to queue
[2025-09-03T17:38:56.106+0000] {logging_mixin.py:190} INFO - [2025-09-03T17:38:56.105+0000] {dagbag.py:588} INFO - Filling up the DagBag from /opt/airflow/dags/db_utils.py
[2025-09-03T17:38:56.108+0000] {processor.py:927} WARNING - No viable dags retrieved from /opt/airflow/dags/db_utils.py
[2025-09-03T17:38:56.120+0000] {processor.py:208} INFO - Processing /opt/airflow/dags/db_utils.py took 0.023 seconds
[2025-09-03T17:39:27.130+0000] {processor.py:186} INFO - Started process (PID=437) to work on /opt/airflow/dags/db_utils.py
[2025-09-03T17:39:27.131+0000] {processor.py:914} INFO - Processing file /opt/airflow/dags/db_utils.py for tasks to queue
[2025-09-03T17:39:27.134+0000] {logging_mixin.py:190} INFO - [2025-09-03T17:39:27.134+0000] {dagbag.py:588} INFO - Filling up the DagBag from /opt/airflow/dags/db_utils.py
[2025-09-03T17:39:27.139+0000] {processor.py:927} WARNING - No viable dags retrieved from /opt/airflow/dags/db_utils.py
[2025-09-03T17:39:27.153+0000] {processor.py:208} INFO - Processing /opt/airflow/dags/db_utils.py took 0.031 seconds
[2025-09-03T17:39:58.150+0000] {processor.py:186} INFO - Started process (PID=546) to work on /opt/airflow/dags/db_utils.py
[2025-09-03T17:39:58.151+0000] {processor.py:914} INFO - Processing file /opt/airflow/dags/db_utils.py for tasks to queue
[2025-09-03T17:39:58.153+0000] {logging_mixin.py:190} INFO - [2025-09-03T17:39:58.153+0000] {dagbag.py:588} INFO - Filling up the DagBag from /opt/airflow/dags/db_utils.py
[2025-09-03T17:39:58.155+0000] {processor.py:927} WARNING - No viable dags retrieved from /opt/airflow/dags/db_utils.py
[2025-09-03T17:39:58.172+0000] {processor.py:208} INFO - Processing /opt/airflow/dags/db_utils.py took 0.026 seconds
[2025-09-03T17:40:29.256+0000] {processor.py:186} INFO - Started process (PID=650) to work on /opt/airflow/dags/db_utils.py
[2025-09-03T17:40:29.258+0000] {processor.py:914} INFO - Processing file /opt/airflow/dags/db_utils.py for tasks to queue
[2025-09-03T17:40:29.260+0000] {logging_mixin.py:190} INFO - [2025-09-03T17:40:29.260+0000] {dagbag.py:588} INFO - Filling up the DagBag from /opt/airflow/dags/db_utils.py
[2025-09-03T17:40:29.264+0000] {processor.py:927} WARNING - No viable dags retrieved from /opt/airflow/dags/db_utils.py
[2025-09-03T17:40:29.279+0000] {processor.py:208} INFO - Processing /opt/airflow/dags/db_utils.py took 0.029 seconds
[2025-09-03T17:41:00.371+0000] {processor.py:186} INFO - Started process (PID=759) to work on /opt/airflow/dags/db_utils.py
[2025-09-03T17:41:00.372+0000] {processor.py:914} INFO - Processing file /opt/airflow/dags/db_utils.py for tasks to queue
[2025-09-03T17:41:00.374+0000] {logging_mixin.py:190} INFO - [2025-09-03T17:41:00.374+0000] {dagbag.py:588} INFO - Filling up the DagBag from /opt/airflow/dags/db_utils.py
[2025-09-03T17:41:00.379+0000] {processor.py:927} WARNING - No viable dags retrieved from /opt/airflow/dags/db_utils.py
[2025-09-03T17:41:00.392+0000] {processor.py:208} INFO - Processing /opt/airflow/dags/db_utils.py took 0.028 seconds
[2025-09-03T17:41:30.937+0000] {processor.py:186} INFO - Started process (PID=863) to work on /opt/airflow/dags/db_utils.py
[2025-09-03T17:41:30.938+0000] {processor.py:914} INFO - Processing file /opt/airflow/dags/db_utils.py for tasks to queue
[2025-09-03T17:41:30.941+0000] {logging_mixin.py:190} INFO - [2025-09-03T17:41:30.941+0000] {dagbag.py:588} INFO - Filling up the DagBag from /opt/airflow/dags/db_utils.py
[2025-09-03T17:41:30.945+0000] {processor.py:927} WARNING - No viable dags retrieved from /opt/airflow/dags/db_utils.py
[2025-09-03T17:41:30.962+0000] {processor.py:208} INFO - Processing /opt/airflow/dags/db_utils.py took 0.031 seconds
[2025-09-03T17:42:01.771+0000] {processor.py:186} INFO - Started process (PID=972) to work on /opt/airflow/dags/db_utils.py
[2025-09-03T17:42:01.772+0000] {processor.py:914} INFO - Processing file /opt/airflow/dags/db_utils.py for tasks to queue
[2025-09-03T17:42:01.775+0000] {logging_mixin.py:190} INFO - [2025-09-03T17:42:01.774+0000] {dagbag.py:588} INFO - Filling up the DagBag from /opt/airflow/dags/db_utils.py
[2025-09-03T17:42:01.781+0000] {processor.py:927} WARNING - No viable dags retrieved from /opt/airflow/dags/db_utils.py
[2025-09-03T17:42:01.799+0000] {processor.py:208} INFO - Processing /opt/airflow/dags/db_utils.py took 0.037 seconds
[2025-09-03T17:42:32.358+0000] {processor.py:186} INFO - Started process (PID=1078) to work on /opt/airflow/dags/db_utils.py
[2025-09-03T17:42:32.359+0000] {processor.py:914} INFO - Processing file /opt/airflow/dags/db_utils.py for tasks to queue
[2025-09-03T17:42:32.362+0000] {logging_mixin.py:190} INFO - [2025-09-03T17:42:32.361+0000] {dagbag.py:588} INFO - Filling up the DagBag from /opt/airflow/dags/db_utils.py
[2025-09-03T17:42:32.368+0000] {processor.py:927} WARNING - No viable dags retrieved from /opt/airflow/dags/db_utils.py
[2025-09-03T17:42:32.386+0000] {processor.py:208} INFO - Processing /opt/airflow/dags/db_utils.py took 0.035 seconds
[2025-09-03T17:43:03.137+0000] {processor.py:186} INFO - Started process (PID=1186) to work on /opt/airflow/dags/db_utils.py
[2025-09-03T17:43:03.138+0000] {processor.py:914} INFO - Processing file /opt/airflow/dags/db_utils.py for tasks to queue
[2025-09-03T17:43:03.140+0000] {logging_mixin.py:190} INFO - [2025-09-03T17:43:03.140+0000] {dagbag.py:588} INFO - Filling up the DagBag from /opt/airflow/dags/db_utils.py
[2025-09-03T17:43:03.143+0000] {processor.py:927} WARNING - No viable dags retrieved from /opt/airflow/dags/db_utils.py
[2025-09-03T17:43:03.159+0000] {processor.py:208} INFO - Processing /opt/airflow/dags/db_utils.py took 0.026 seconds
[2025-09-03T17:43:34.046+0000] {processor.py:186} INFO - Started process (PID=1293) to work on /opt/airflow/dags/db_utils.py
[2025-09-03T17:43:34.047+0000] {processor.py:914} INFO - Processing file /opt/airflow/dags/db_utils.py for tasks to queue
[2025-09-03T17:43:34.050+0000] {logging_mixin.py:190} INFO - [2025-09-03T17:43:34.049+0000] {dagbag.py:588} INFO - Filling up the DagBag from /opt/airflow/dags/db_utils.py
[2025-09-03T17:43:34.053+0000] {processor.py:927} WARNING - No viable dags retrieved from /opt/airflow/dags/db_utils.py
[2025-09-03T17:43:34.071+0000] {processor.py:208} INFO - Processing /opt/airflow/dags/db_utils.py took 0.032 seconds
[2025-09-03T17:44:04.685+0000] {processor.py:186} INFO - Started process (PID=1398) to work on /opt/airflow/dags/db_utils.py
[2025-09-03T17:44:04.686+0000] {processor.py:914} INFO - Processing file /opt/airflow/dags/db_utils.py for tasks to queue
[2025-09-03T17:44:04.689+0000] {logging_mixin.py:190} INFO - [2025-09-03T17:44:04.689+0000] {dagbag.py:588} INFO - Filling up the DagBag from /opt/airflow/dags/db_utils.py
[2025-09-03T17:44:04.693+0000] {processor.py:927} WARNING - No viable dags retrieved from /opt/airflow/dags/db_utils.py
[2025-09-03T17:44:04.713+0000] {processor.py:208} INFO - Processing /opt/airflow/dags/db_utils.py took 0.034 seconds
[2025-09-03T17:44:35.350+0000] {processor.py:186} INFO - Started process (PID=1507) to work on /opt/airflow/dags/db_utils.py
[2025-09-03T17:44:35.352+0000] {processor.py:914} INFO - Processing file /opt/airflow/dags/db_utils.py for tasks to queue
[2025-09-03T17:44:35.353+0000] {logging_mixin.py:190} INFO - [2025-09-03T17:44:35.353+0000] {dagbag.py:588} INFO - Filling up the DagBag from /opt/airflow/dags/db_utils.py
[2025-09-03T17:44:35.356+0000] {processor.py:927} WARNING - No viable dags retrieved from /opt/airflow/dags/db_utils.py
[2025-09-03T17:44:35.374+0000] {processor.py:208} INFO - Processing /opt/airflow/dags/db_utils.py took 0.031 seconds
[2025-09-03T17:45:06.031+0000] {processor.py:186} INFO - Started process (PID=1614) to work on /opt/airflow/dags/db_utils.py
[2025-09-03T17:45:06.032+0000] {processor.py:914} INFO - Processing file /opt/airflow/dags/db_utils.py for tasks to queue
[2025-09-03T17:45:06.034+0000] {logging_mixin.py:190} INFO - [2025-09-03T17:45:06.033+0000] {dagbag.py:588} INFO - Filling up the DagBag from /opt/airflow/dags/db_utils.py
[2025-09-03T17:45:06.038+0000] {processor.py:927} WARNING - No viable dags retrieved from /opt/airflow/dags/db_utils.py
[2025-09-03T17:45:06.050+0000] {processor.py:208} INFO - Processing /opt/airflow/dags/db_utils.py took 0.024 seconds
[2025-09-03T17:45:36.553+0000] {processor.py:186} INFO - Started process (PID=1719) to work on /opt/airflow/dags/db_utils.py
[2025-09-03T17:45:36.554+0000] {processor.py:914} INFO - Processing file /opt/airflow/dags/db_utils.py for tasks to queue
[2025-09-03T17:45:36.558+0000] {logging_mixin.py:190} INFO - [2025-09-03T17:45:36.557+0000] {dagbag.py:588} INFO - Filling up the DagBag from /opt/airflow/dags/db_utils.py
[2025-09-03T17:45:36.562+0000] {processor.py:927} WARNING - No viable dags retrieved from /opt/airflow/dags/db_utils.py
[2025-09-03T17:45:36.578+0000] {processor.py:208} INFO - Processing /opt/airflow/dags/db_utils.py took 0.033 seconds
[2025-09-03T17:46:07.248+0000] {processor.py:186} INFO - Started process (PID=1828) to work on /opt/airflow/dags/db_utils.py
[2025-09-03T17:46:07.249+0000] {processor.py:914} INFO - Processing file /opt/airflow/dags/db_utils.py for tasks to queue
[2025-09-03T17:46:07.252+0000] {logging_mixin.py:190} INFO - [2025-09-03T17:46:07.252+0000] {dagbag.py:588} INFO - Filling up the DagBag from /opt/airflow/dags/db_utils.py
[2025-09-03T17:46:07.254+0000] {processor.py:927} WARNING - No viable dags retrieved from /opt/airflow/dags/db_utils.py
[2025-09-03T17:46:07.266+0000] {processor.py:208} INFO - Processing /opt/airflow/dags/db_utils.py took 0.025 seconds
[2025-09-03T17:46:37.901+0000] {processor.py:186} INFO - Started process (PID=1933) to work on /opt/airflow/dags/db_utils.py
[2025-09-03T17:46:37.902+0000] {processor.py:914} INFO - Processing file /opt/airflow/dags/db_utils.py for tasks to queue
[2025-09-03T17:46:37.905+0000] {logging_mixin.py:190} INFO - [2025-09-03T17:46:37.904+0000] {dagbag.py:588} INFO - Filling up the DagBag from /opt/airflow/dags/db_utils.py
[2025-09-03T17:46:37.908+0000] {processor.py:927} WARNING - No viable dags retrieved from /opt/airflow/dags/db_utils.py
[2025-09-03T17:46:37.920+0000] {processor.py:208} INFO - Processing /opt/airflow/dags/db_utils.py took 0.024 seconds
[2025-09-03T17:47:08.613+0000] {processor.py:186} INFO - Started process (PID=2042) to work on /opt/airflow/dags/db_utils.py
[2025-09-03T17:47:08.614+0000] {processor.py:914} INFO - Processing file /opt/airflow/dags/db_utils.py for tasks to queue
[2025-09-03T17:47:08.616+0000] {logging_mixin.py:190} INFO - [2025-09-03T17:47:08.616+0000] {dagbag.py:588} INFO - Filling up the DagBag from /opt/airflow/dags/db_utils.py
[2025-09-03T17:47:08.619+0000] {processor.py:927} WARNING - No viable dags retrieved from /opt/airflow/dags/db_utils.py
[2025-09-03T17:47:08.637+0000] {processor.py:208} INFO - Processing /opt/airflow/dags/db_utils.py took 0.032 seconds
[2025-09-03T17:47:39.354+0000] {processor.py:186} INFO - Started process (PID=2149) to work on /opt/airflow/dags/db_utils.py
[2025-09-03T17:47:39.356+0000] {processor.py:914} INFO - Processing file /opt/airflow/dags/db_utils.py for tasks to queue
[2025-09-03T17:47:39.358+0000] {logging_mixin.py:190} INFO - [2025-09-03T17:47:39.357+0000] {dagbag.py:588} INFO - Filling up the DagBag from /opt/airflow/dags/db_utils.py
[2025-09-03T17:47:39.363+0000] {processor.py:927} WARNING - No viable dags retrieved from /opt/airflow/dags/db_utils.py
[2025-09-03T17:47:39.379+0000] {processor.py:208} INFO - Processing /opt/airflow/dags/db_utils.py took 0.033 seconds
[2025-09-03T17:48:10.120+0000] {processor.py:186} INFO - Started process (PID=2256) to work on /opt/airflow/dags/db_utils.py
[2025-09-03T17:48:10.121+0000] {processor.py:914} INFO - Processing file /opt/airflow/dags/db_utils.py for tasks to queue
[2025-09-03T17:48:10.124+0000] {logging_mixin.py:190} INFO - [2025-09-03T17:48:10.124+0000] {dagbag.py:588} INFO - Filling up the DagBag from /opt/airflow/dags/db_utils.py
[2025-09-03T17:48:10.128+0000] {processor.py:927} WARNING - No viable dags retrieved from /opt/airflow/dags/db_utils.py
[2025-09-03T17:48:10.145+0000] {processor.py:208} INFO - Processing /opt/airflow/dags/db_utils.py took 0.029 seconds
[2025-09-03T17:48:40.976+0000] {processor.py:186} INFO - Started process (PID=2360) to work on /opt/airflow/dags/db_utils.py
[2025-09-03T17:48:40.977+0000] {processor.py:914} INFO - Processing file /opt/airflow/dags/db_utils.py for tasks to queue
[2025-09-03T17:48:40.980+0000] {logging_mixin.py:190} INFO - [2025-09-03T17:48:40.979+0000] {dagbag.py:588} INFO - Filling up the DagBag from /opt/airflow/dags/db_utils.py
[2025-09-03T17:48:40.984+0000] {processor.py:927} WARNING - No viable dags retrieved from /opt/airflow/dags/db_utils.py
[2025-09-03T17:48:41.002+0000] {processor.py:208} INFO - Processing /opt/airflow/dags/db_utils.py took 0.030 seconds
[2025-09-03T17:49:12.096+0000] {processor.py:186} INFO - Started process (PID=2469) to work on /opt/airflow/dags/db_utils.py
[2025-09-03T17:49:12.097+0000] {processor.py:914} INFO - Processing file /opt/airflow/dags/db_utils.py for tasks to queue
[2025-09-03T17:49:12.101+0000] {logging_mixin.py:190} INFO - [2025-09-03T17:49:12.100+0000] {dagbag.py:588} INFO - Filling up the DagBag from /opt/airflow/dags/db_utils.py
[2025-09-03T17:49:12.108+0000] {processor.py:927} WARNING - No viable dags retrieved from /opt/airflow/dags/db_utils.py
[2025-09-03T17:49:12.127+0000] {processor.py:208} INFO - Processing /opt/airflow/dags/db_utils.py took 0.038 seconds
[2025-09-03T17:49:42.797+0000] {processor.py:186} INFO - Started process (PID=2576) to work on /opt/airflow/dags/db_utils.py
[2025-09-03T17:49:42.798+0000] {processor.py:914} INFO - Processing file /opt/airflow/dags/db_utils.py for tasks to queue
[2025-09-03T17:49:42.800+0000] {logging_mixin.py:190} INFO - [2025-09-03T17:49:42.800+0000] {dagbag.py:588} INFO - Filling up the DagBag from /opt/airflow/dags/db_utils.py
[2025-09-03T17:49:42.802+0000] {processor.py:927} WARNING - No viable dags retrieved from /opt/airflow/dags/db_utils.py
[2025-09-03T17:49:42.818+0000] {processor.py:208} INFO - Processing /opt/airflow/dags/db_utils.py took 0.028 seconds
[2025-09-03T17:50:13.661+0000] {processor.py:186} INFO - Started process (PID=2681) to work on /opt/airflow/dags/db_utils.py
[2025-09-03T17:50:13.662+0000] {processor.py:914} INFO - Processing file /opt/airflow/dags/db_utils.py for tasks to queue
[2025-09-03T17:50:13.665+0000] {logging_mixin.py:190} INFO - [2025-09-03T17:50:13.665+0000] {dagbag.py:588} INFO - Filling up the DagBag from /opt/airflow/dags/db_utils.py
[2025-09-03T17:50:13.668+0000] {processor.py:927} WARNING - No viable dags retrieved from /opt/airflow/dags/db_utils.py
[2025-09-03T17:50:13.684+0000] {processor.py:208} INFO - Processing /opt/airflow/dags/db_utils.py took 0.032 seconds
[2025-09-03T17:50:44.511+0000] {processor.py:186} INFO - Started process (PID=2790) to work on /opt/airflow/dags/db_utils.py
[2025-09-03T17:50:44.513+0000] {processor.py:914} INFO - Processing file /opt/airflow/dags/db_utils.py for tasks to queue
[2025-09-03T17:50:44.518+0000] {logging_mixin.py:190} INFO - [2025-09-03T17:50:44.517+0000] {dagbag.py:588} INFO - Filling up the DagBag from /opt/airflow/dags/db_utils.py
[2025-09-03T17:50:44.529+0000] {processor.py:927} WARNING - No viable dags retrieved from /opt/airflow/dags/db_utils.py
[2025-09-03T17:50:44.550+0000] {processor.py:208} INFO - Processing /opt/airflow/dags/db_utils.py took 0.047 seconds
[2025-09-03T17:51:15.398+0000] {processor.py:186} INFO - Started process (PID=2897) to work on /opt/airflow/dags/db_utils.py
[2025-09-03T17:51:15.399+0000] {processor.py:914} INFO - Processing file /opt/airflow/dags/db_utils.py for tasks to queue
[2025-09-03T17:51:15.403+0000] {logging_mixin.py:190} INFO - [2025-09-03T17:51:15.402+0000] {dagbag.py:588} INFO - Filling up the DagBag from /opt/airflow/dags/db_utils.py
[2025-09-03T17:51:15.408+0000] {processor.py:927} WARNING - No viable dags retrieved from /opt/airflow/dags/db_utils.py
[2025-09-03T17:51:15.421+0000] {processor.py:208} INFO - Processing /opt/airflow/dags/db_utils.py took 0.028 seconds
[2025-09-03T17:51:46.428+0000] {processor.py:186} INFO - Started process (PID=3004) to work on /opt/airflow/dags/db_utils.py
[2025-09-03T17:51:46.429+0000] {processor.py:914} INFO - Processing file /opt/airflow/dags/db_utils.py for tasks to queue
[2025-09-03T17:51:46.433+0000] {logging_mixin.py:190} INFO - [2025-09-03T17:51:46.432+0000] {dagbag.py:588} INFO - Filling up the DagBag from /opt/airflow/dags/db_utils.py
[2025-09-03T17:51:46.437+0000] {processor.py:927} WARNING - No viable dags retrieved from /opt/airflow/dags/db_utils.py
[2025-09-03T17:51:46.452+0000] {processor.py:208} INFO - Processing /opt/airflow/dags/db_utils.py took 0.031 seconds
[2025-09-03T17:52:17.445+0000] {processor.py:186} INFO - Started process (PID=3108) to work on /opt/airflow/dags/db_utils.py
[2025-09-03T17:52:17.446+0000] {processor.py:914} INFO - Processing file /opt/airflow/dags/db_utils.py for tasks to queue
[2025-09-03T17:52:17.450+0000] {logging_mixin.py:190} INFO - [2025-09-03T17:52:17.449+0000] {dagbag.py:588} INFO - Filling up the DagBag from /opt/airflow/dags/db_utils.py
[2025-09-03T17:52:17.453+0000] {processor.py:927} WARNING - No viable dags retrieved from /opt/airflow/dags/db_utils.py
[2025-09-03T17:52:17.470+0000] {processor.py:208} INFO - Processing /opt/airflow/dags/db_utils.py took 0.033 seconds
[2025-09-03T17:52:48.470+0000] {processor.py:186} INFO - Started process (PID=3215) to work on /opt/airflow/dags/db_utils.py
[2025-09-03T17:52:48.471+0000] {processor.py:914} INFO - Processing file /opt/airflow/dags/db_utils.py for tasks to queue
[2025-09-03T17:52:48.473+0000] {logging_mixin.py:190} INFO - [2025-09-03T17:52:48.473+0000] {dagbag.py:588} INFO - Filling up the DagBag from /opt/airflow/dags/db_utils.py
[2025-09-03T17:52:48.477+0000] {processor.py:927} WARNING - No viable dags retrieved from /opt/airflow/dags/db_utils.py
[2025-09-03T17:52:48.496+0000] {processor.py:208} INFO - Processing /opt/airflow/dags/db_utils.py took 0.031 seconds
[2025-09-03T17:53:19.561+0000] {processor.py:186} INFO - Started process (PID=3324) to work on /opt/airflow/dags/db_utils.py
[2025-09-03T17:53:19.562+0000] {processor.py:914} INFO - Processing file /opt/airflow/dags/db_utils.py for tasks to queue
[2025-09-03T17:53:19.564+0000] {logging_mixin.py:190} INFO - [2025-09-03T17:53:19.564+0000] {dagbag.py:588} INFO - Filling up the DagBag from /opt/airflow/dags/db_utils.py
[2025-09-03T17:53:19.567+0000] {processor.py:927} WARNING - No viable dags retrieved from /opt/airflow/dags/db_utils.py
[2025-09-03T17:53:19.584+0000] {processor.py:208} INFO - Processing /opt/airflow/dags/db_utils.py took 0.029 seconds
[2025-09-03T17:53:50.703+0000] {processor.py:186} INFO - Started process (PID=3429) to work on /opt/airflow/dags/db_utils.py
[2025-09-03T17:53:50.704+0000] {processor.py:914} INFO - Processing file /opt/airflow/dags/db_utils.py for tasks to queue
[2025-09-03T17:53:50.707+0000] {logging_mixin.py:190} INFO - [2025-09-03T17:53:50.707+0000] {dagbag.py:588} INFO - Filling up the DagBag from /opt/airflow/dags/db_utils.py
[2025-09-03T17:53:50.714+0000] {processor.py:927} WARNING - No viable dags retrieved from /opt/airflow/dags/db_utils.py
[2025-09-03T17:53:50.729+0000] {processor.py:208} INFO - Processing /opt/airflow/dags/db_utils.py took 0.034 seconds
[2025-09-03T17:54:21.970+0000] {processor.py:186} INFO - Started process (PID=3537) to work on /opt/airflow/dags/db_utils.py
[2025-09-03T17:54:21.971+0000] {processor.py:914} INFO - Processing file /opt/airflow/dags/db_utils.py for tasks to queue
[2025-09-03T17:54:21.974+0000] {logging_mixin.py:190} INFO - [2025-09-03T17:54:21.973+0000] {dagbag.py:588} INFO - Filling up the DagBag from /opt/airflow/dags/db_utils.py
[2025-09-03T17:54:21.979+0000] {processor.py:927} WARNING - No viable dags retrieved from /opt/airflow/dags/db_utils.py
[2025-09-03T17:54:21.994+0000] {processor.py:208} INFO - Processing /opt/airflow/dags/db_utils.py took 0.032 seconds
[2025-09-03T17:55:56.786+0000] {processor.py:186} INFO - Started process (PID=229) to work on /opt/airflow/dags/db_utils.py
[2025-09-03T17:55:56.788+0000] {processor.py:914} INFO - Processing file /opt/airflow/dags/db_utils.py for tasks to queue
[2025-09-03T17:55:56.791+0000] {logging_mixin.py:190} INFO - [2025-09-03T17:55:56.791+0000] {dagbag.py:588} INFO - Filling up the DagBag from /opt/airflow/dags/db_utils.py
[2025-09-03T17:55:56.802+0000] {processor.py:927} WARNING - No viable dags retrieved from /opt/airflow/dags/db_utils.py
[2025-09-03T17:55:56.820+0000] {processor.py:208} INFO - Processing /opt/airflow/dags/db_utils.py took 0.042 seconds
[2025-09-03T17:56:27.156+0000] {processor.py:186} INFO - Started process (PID=331) to work on /opt/airflow/dags/db_utils.py
[2025-09-03T17:56:27.157+0000] {processor.py:914} INFO - Processing file /opt/airflow/dags/db_utils.py for tasks to queue
[2025-09-03T17:56:27.160+0000] {logging_mixin.py:190} INFO - [2025-09-03T17:56:27.160+0000] {dagbag.py:588} INFO - Filling up the DagBag from /opt/airflow/dags/db_utils.py
[2025-09-03T17:56:27.167+0000] {processor.py:927} WARNING - No viable dags retrieved from /opt/airflow/dags/db_utils.py
[2025-09-03T17:56:27.188+0000] {processor.py:208} INFO - Processing /opt/airflow/dags/db_utils.py took 0.040 seconds
[2025-09-03T17:56:57.551+0000] {processor.py:186} INFO - Started process (PID=438) to work on /opt/airflow/dags/db_utils.py
[2025-09-03T17:56:57.552+0000] {processor.py:914} INFO - Processing file /opt/airflow/dags/db_utils.py for tasks to queue
[2025-09-03T17:56:57.555+0000] {logging_mixin.py:190} INFO - [2025-09-03T17:56:57.554+0000] {dagbag.py:588} INFO - Filling up the DagBag from /opt/airflow/dags/db_utils.py
[2025-09-03T17:56:57.557+0000] {processor.py:927} WARNING - No viable dags retrieved from /opt/airflow/dags/db_utils.py
[2025-09-03T17:56:57.573+0000] {processor.py:208} INFO - Processing /opt/airflow/dags/db_utils.py took 0.027 seconds
[2025-09-03T17:57:28.634+0000] {processor.py:186} INFO - Started process (PID=547) to work on /opt/airflow/dags/db_utils.py
[2025-09-03T17:57:28.635+0000] {processor.py:914} INFO - Processing file /opt/airflow/dags/db_utils.py for tasks to queue
[2025-09-03T17:57:28.637+0000] {logging_mixin.py:190} INFO - [2025-09-03T17:57:28.637+0000] {dagbag.py:588} INFO - Filling up the DagBag from /opt/airflow/dags/db_utils.py
[2025-09-03T17:57:28.645+0000] {processor.py:927} WARNING - No viable dags retrieved from /opt/airflow/dags/db_utils.py
[2025-09-03T17:57:28.665+0000] {processor.py:208} INFO - Processing /opt/airflow/dags/db_utils.py took 0.038 seconds
[2025-09-03T17:57:59.842+0000] {processor.py:186} INFO - Started process (PID=652) to work on /opt/airflow/dags/db_utils.py
[2025-09-03T17:57:59.843+0000] {processor.py:914} INFO - Processing file /opt/airflow/dags/db_utils.py for tasks to queue
[2025-09-03T17:57:59.847+0000] {logging_mixin.py:190} INFO - [2025-09-03T17:57:59.846+0000] {dagbag.py:588} INFO - Filling up the DagBag from /opt/airflow/dags/db_utils.py
[2025-09-03T17:57:59.850+0000] {processor.py:927} WARNING - No viable dags retrieved from /opt/airflow/dags/db_utils.py
[2025-09-03T17:57:59.869+0000] {processor.py:208} INFO - Processing /opt/airflow/dags/db_utils.py took 0.032 seconds
[2025-09-03T17:58:31.137+0000] {processor.py:186} INFO - Started process (PID=759) to work on /opt/airflow/dags/db_utils.py
[2025-09-03T17:58:31.137+0000] {processor.py:914} INFO - Processing file /opt/airflow/dags/db_utils.py for tasks to queue
[2025-09-03T17:58:31.139+0000] {logging_mixin.py:190} INFO - [2025-09-03T17:58:31.139+0000] {dagbag.py:588} INFO - Filling up the DagBag from /opt/airflow/dags/db_utils.py
[2025-09-03T17:58:31.142+0000] {processor.py:927} WARNING - No viable dags retrieved from /opt/airflow/dags/db_utils.py
[2025-09-03T17:58:31.160+0000] {processor.py:208} INFO - Processing /opt/airflow/dags/db_utils.py took 0.028 seconds
[2025-09-03T17:59:02.297+0000] {processor.py:186} INFO - Started process (PID=866) to work on /opt/airflow/dags/db_utils.py
[2025-09-03T17:59:02.298+0000] {processor.py:914} INFO - Processing file /opt/airflow/dags/db_utils.py for tasks to queue
[2025-09-03T17:59:02.301+0000] {logging_mixin.py:190} INFO - [2025-09-03T17:59:02.301+0000] {dagbag.py:588} INFO - Filling up the DagBag from /opt/airflow/dags/db_utils.py
[2025-09-03T17:59:02.308+0000] {processor.py:927} WARNING - No viable dags retrieved from /opt/airflow/dags/db_utils.py
[2025-09-03T17:59:02.335+0000] {processor.py:208} INFO - Processing /opt/airflow/dags/db_utils.py took 0.047 seconds
[2025-09-03T17:59:33.705+0000] {processor.py:186} INFO - Started process (PID=975) to work on /opt/airflow/dags/db_utils.py
[2025-09-03T17:59:33.706+0000] {processor.py:914} INFO - Processing file /opt/airflow/dags/db_utils.py for tasks to queue
[2025-09-03T17:59:33.709+0000] {logging_mixin.py:190} INFO - [2025-09-03T17:59:33.709+0000] {dagbag.py:588} INFO - Filling up the DagBag from /opt/airflow/dags/db_utils.py
[2025-09-03T17:59:33.712+0000] {processor.py:927} WARNING - No viable dags retrieved from /opt/airflow/dags/db_utils.py
[2025-09-03T17:59:33.730+0000] {processor.py:208} INFO - Processing /opt/airflow/dags/db_utils.py took 0.030 seconds
[2025-09-03T18:00:04.561+0000] {processor.py:186} INFO - Started process (PID=1080) to work on /opt/airflow/dags/db_utils.py
[2025-09-03T18:00:04.563+0000] {processor.py:914} INFO - Processing file /opt/airflow/dags/db_utils.py for tasks to queue
[2025-09-03T18:00:04.564+0000] {logging_mixin.py:190} INFO - [2025-09-03T18:00:04.564+0000] {dagbag.py:588} INFO - Filling up the DagBag from /opt/airflow/dags/db_utils.py
[2025-09-03T18:00:04.573+0000] {processor.py:927} WARNING - No viable dags retrieved from /opt/airflow/dags/db_utils.py
[2025-09-03T18:00:04.590+0000] {processor.py:208} INFO - Processing /opt/airflow/dags/db_utils.py took 0.037 seconds
[2025-09-03T18:00:35.457+0000] {processor.py:186} INFO - Started process (PID=1189) to work on /opt/airflow/dags/db_utils.py
[2025-09-03T18:00:35.458+0000] {processor.py:914} INFO - Processing file /opt/airflow/dags/db_utils.py for tasks to queue
[2025-09-03T18:00:35.461+0000] {logging_mixin.py:190} INFO - [2025-09-03T18:00:35.461+0000] {dagbag.py:588} INFO - Filling up the DagBag from /opt/airflow/dags/db_utils.py
[2025-09-03T18:00:35.464+0000] {processor.py:927} WARNING - No viable dags retrieved from /opt/airflow/dags/db_utils.py
[2025-09-03T18:00:35.480+0000] {processor.py:208} INFO - Processing /opt/airflow/dags/db_utils.py took 0.028 seconds
[2025-09-03T18:01:06.281+0000] {processor.py:186} INFO - Started process (PID=1294) to work on /opt/airflow/dags/db_utils.py
[2025-09-03T18:01:06.282+0000] {processor.py:914} INFO - Processing file /opt/airflow/dags/db_utils.py for tasks to queue
[2025-09-03T18:01:06.285+0000] {logging_mixin.py:190} INFO - [2025-09-03T18:01:06.285+0000] {dagbag.py:588} INFO - Filling up the DagBag from /opt/airflow/dags/db_utils.py
[2025-09-03T18:01:06.288+0000] {processor.py:927} WARNING - No viable dags retrieved from /opt/airflow/dags/db_utils.py
[2025-09-03T18:01:06.306+0000] {processor.py:208} INFO - Processing /opt/airflow/dags/db_utils.py took 0.030 seconds
[2025-09-03T18:01:37.118+0000] {processor.py:186} INFO - Started process (PID=1401) to work on /opt/airflow/dags/db_utils.py
[2025-09-03T18:01:37.119+0000] {processor.py:914} INFO - Processing file /opt/airflow/dags/db_utils.py for tasks to queue
[2025-09-03T18:01:37.122+0000] {logging_mixin.py:190} INFO - [2025-09-03T18:01:37.121+0000] {dagbag.py:588} INFO - Filling up the DagBag from /opt/airflow/dags/db_utils.py
[2025-09-03T18:01:37.125+0000] {processor.py:927} WARNING - No viable dags retrieved from /opt/airflow/dags/db_utils.py
[2025-09-03T18:01:37.142+0000] {processor.py:208} INFO - Processing /opt/airflow/dags/db_utils.py took 0.033 seconds
[2025-09-03T18:02:07.786+0000] {processor.py:186} INFO - Started process (PID=1508) to work on /opt/airflow/dags/db_utils.py
[2025-09-03T18:02:07.787+0000] {processor.py:914} INFO - Processing file /opt/airflow/dags/db_utils.py for tasks to queue
[2025-09-03T18:02:07.791+0000] {logging_mixin.py:190} INFO - [2025-09-03T18:02:07.790+0000] {dagbag.py:588} INFO - Filling up the DagBag from /opt/airflow/dags/db_utils.py
[2025-09-03T18:02:07.794+0000] {processor.py:927} WARNING - No viable dags retrieved from /opt/airflow/dags/db_utils.py
[2025-09-03T18:02:07.812+0000] {processor.py:208} INFO - Processing /opt/airflow/dags/db_utils.py took 0.031 seconds
[2025-09-03T18:02:38.499+0000] {processor.py:186} INFO - Started process (PID=1617) to work on /opt/airflow/dags/db_utils.py
[2025-09-03T18:02:38.500+0000] {processor.py:914} INFO - Processing file /opt/airflow/dags/db_utils.py for tasks to queue
[2025-09-03T18:02:38.502+0000] {logging_mixin.py:190} INFO - [2025-09-03T18:02:38.502+0000] {dagbag.py:588} INFO - Filling up the DagBag from /opt/airflow/dags/db_utils.py
[2025-09-03T18:02:38.504+0000] {processor.py:927} WARNING - No viable dags retrieved from /opt/airflow/dags/db_utils.py
[2025-09-03T18:02:38.515+0000] {processor.py:208} INFO - Processing /opt/airflow/dags/db_utils.py took 0.023 seconds
[2025-09-03T18:03:09.139+0000] {processor.py:186} INFO - Started process (PID=1724) to work on /opt/airflow/dags/db_utils.py
[2025-09-03T18:03:09.139+0000] {processor.py:914} INFO - Processing file /opt/airflow/dags/db_utils.py for tasks to queue
[2025-09-03T18:03:09.141+0000] {logging_mixin.py:190} INFO - [2025-09-03T18:03:09.141+0000] {dagbag.py:588} INFO - Filling up the DagBag from /opt/airflow/dags/db_utils.py
[2025-09-03T18:03:09.143+0000] {processor.py:927} WARNING - No viable dags retrieved from /opt/airflow/dags/db_utils.py
[2025-09-03T18:03:09.157+0000] {processor.py:208} INFO - Processing /opt/airflow/dags/db_utils.py took 0.023 seconds
[2025-09-03T18:03:39.842+0000] {processor.py:186} INFO - Started process (PID=1834) to work on /opt/airflow/dags/db_utils.py
[2025-09-03T18:03:39.843+0000] {processor.py:914} INFO - Processing file /opt/airflow/dags/db_utils.py for tasks to queue
[2025-09-03T18:03:39.845+0000] {logging_mixin.py:190} INFO - [2025-09-03T18:03:39.845+0000] {dagbag.py:588} INFO - Filling up the DagBag from /opt/airflow/dags/db_utils.py
[2025-09-03T18:03:39.850+0000] {processor.py:927} WARNING - No viable dags retrieved from /opt/airflow/dags/db_utils.py
[2025-09-03T18:03:39.869+0000] {processor.py:208} INFO - Processing /opt/airflow/dags/db_utils.py took 0.031 seconds
