[2025-09-03T17:38:26.987+0000] {processor.py:186} INFO - Started process (PID=259) to work on /opt/airflow/dags/dynamic_mssql_mssql_etl.py
[2025-09-03T17:38:26.988+0000] {processor.py:914} INFO - Processing file /opt/airflow/dags/dynamic_mssql_mssql_etl.py for tasks to queue
[2025-09-03T17:38:26.992+0000] {logging_mixin.py:190} INFO - [2025-09-03T17:38:26.991+0000] {dagbag.py:588} INFO - Filling up the DagBag from /opt/airflow/dags/dynamic_mssql_mssql_etl.py
[2025-09-03T17:38:27.018+0000] {processor.py:925} INFO - DAG(s) 'dynamic_mssql_to_mssql_etl' retrieved from /opt/airflow/dags/dynamic_mssql_mssql_etl.py
[2025-09-03T17:38:27.150+0000] {logging_mixin.py:190} INFO - [2025-09-03T17:38:27.149+0000] {override.py:1930} INFO - Created Permission View: can delete on DAG:dynamic_mssql_to_mssql_etl
[2025-09-03T17:38:27.162+0000] {logging_mixin.py:190} INFO - [2025-09-03T17:38:27.161+0000] {override.py:1930} INFO - Created Permission View: can edit on DAG:dynamic_mssql_to_mssql_etl
[2025-09-03T17:38:27.168+0000] {logging_mixin.py:190} INFO - [2025-09-03T17:38:27.167+0000] {override.py:1930} INFO - Created Permission View: can read on DAG:dynamic_mssql_to_mssql_etl
[2025-09-03T17:38:27.174+0000] {logging_mixin.py:190} INFO - [2025-09-03T17:38:27.174+0000] {override.py:1930} INFO - Created Permission View: can delete on DAG Run:dynamic_mssql_to_mssql_etl
[2025-09-03T17:38:27.181+0000] {logging_mixin.py:190} INFO - [2025-09-03T17:38:27.180+0000] {override.py:1930} INFO - Created Permission View: can create on DAG Run:dynamic_mssql_to_mssql_etl
[2025-09-03T17:38:27.187+0000] {logging_mixin.py:190} INFO - [2025-09-03T17:38:27.187+0000] {override.py:1930} INFO - Created Permission View: menu access on DAG Run:dynamic_mssql_to_mssql_etl
[2025-09-03T17:38:27.193+0000] {logging_mixin.py:190} INFO - [2025-09-03T17:38:27.192+0000] {override.py:1930} INFO - Created Permission View: can read on DAG Run:dynamic_mssql_to_mssql_etl
[2025-09-03T17:38:27.193+0000] {logging_mixin.py:190} INFO - [2025-09-03T17:38:27.193+0000] {dag.py:3239} INFO - Sync 1 DAGs
[2025-09-03T17:38:27.210+0000] {logging_mixin.py:190} INFO - [2025-09-03T17:38:27.209+0000] {dag.py:3262} INFO - Creating ORM DAG for dynamic_mssql_to_mssql_etl
[2025-09-03T17:38:27.230+0000] {logging_mixin.py:190} INFO - [2025-09-03T17:38:27.230+0000] {dag.py:4180} INFO - Setting next_dagrun for dynamic_mssql_to_mssql_etl to 2025-09-03 17:30:00+00:00, run_after=2025-09-03 17:35:00+00:00
[2025-09-03T17:38:27.249+0000] {processor.py:208} INFO - Processing /opt/airflow/dags/dynamic_mssql_mssql_etl.py took 0.268 seconds
[2025-09-03T17:38:57.341+0000] {processor.py:186} INFO - Started process (PID=360) to work on /opt/airflow/dags/dynamic_mssql_mssql_etl.py
[2025-09-03T17:38:57.342+0000] {processor.py:914} INFO - Processing file /opt/airflow/dags/dynamic_mssql_mssql_etl.py for tasks to queue
[2025-09-03T17:38:57.344+0000] {logging_mixin.py:190} INFO - [2025-09-03T17:38:57.343+0000] {dagbag.py:588} INFO - Filling up the DagBag from /opt/airflow/dags/dynamic_mssql_mssql_etl.py
[2025-09-03T17:38:57.369+0000] {processor.py:925} INFO - DAG(s) 'dynamic_mssql_to_mssql_etl' retrieved from /opt/airflow/dags/dynamic_mssql_mssql_etl.py
[2025-09-03T17:38:57.390+0000] {logging_mixin.py:190} INFO - [2025-09-03T17:38:57.390+0000] {dag.py:3239} INFO - Sync 1 DAGs
[2025-09-03T17:38:57.425+0000] {logging_mixin.py:190} INFO - [2025-09-03T17:38:57.424+0000] {dag.py:4180} INFO - Setting next_dagrun for dynamic_mssql_to_mssql_etl to 2025-09-03 17:30:00+00:00, run_after=2025-09-03 17:35:00+00:00
[2025-09-03T17:38:57.444+0000] {processor.py:208} INFO - Processing /opt/airflow/dags/dynamic_mssql_mssql_etl.py took 0.111 seconds
[2025-09-03T17:39:28.537+0000] {processor.py:186} INFO - Started process (PID=473) to work on /opt/airflow/dags/dynamic_mssql_mssql_etl.py
[2025-09-03T17:39:28.539+0000] {processor.py:914} INFO - Processing file /opt/airflow/dags/dynamic_mssql_mssql_etl.py for tasks to queue
[2025-09-03T17:39:28.541+0000] {logging_mixin.py:190} INFO - [2025-09-03T17:39:28.541+0000] {dagbag.py:588} INFO - Filling up the DagBag from /opt/airflow/dags/dynamic_mssql_mssql_etl.py
[2025-09-03T17:39:28.563+0000] {processor.py:925} INFO - DAG(s) 'dynamic_mssql_to_mssql_etl' retrieved from /opt/airflow/dags/dynamic_mssql_mssql_etl.py
[2025-09-03T17:39:28.591+0000] {logging_mixin.py:190} INFO - [2025-09-03T17:39:28.590+0000] {dag.py:3239} INFO - Sync 1 DAGs
[2025-09-03T17:39:28.622+0000] {logging_mixin.py:190} INFO - [2025-09-03T17:39:28.622+0000] {dag.py:4180} INFO - Setting next_dagrun for dynamic_mssql_to_mssql_etl to 2025-09-03 17:30:00+00:00, run_after=2025-09-03 17:35:00+00:00
[2025-09-03T17:39:28.643+0000] {processor.py:208} INFO - Processing /opt/airflow/dags/dynamic_mssql_mssql_etl.py took 0.110 seconds
[2025-09-03T17:39:59.609+0000] {processor.py:186} INFO - Started process (PID=582) to work on /opt/airflow/dags/dynamic_mssql_mssql_etl.py
[2025-09-03T17:39:59.610+0000] {processor.py:914} INFO - Processing file /opt/airflow/dags/dynamic_mssql_mssql_etl.py for tasks to queue
[2025-09-03T17:39:59.613+0000] {logging_mixin.py:190} INFO - [2025-09-03T17:39:59.613+0000] {dagbag.py:588} INFO - Filling up the DagBag from /opt/airflow/dags/dynamic_mssql_mssql_etl.py
[2025-09-03T17:39:59.632+0000] {processor.py:925} INFO - DAG(s) 'dynamic_mssql_to_mssql_etl' retrieved from /opt/airflow/dags/dynamic_mssql_mssql_etl.py
[2025-09-03T17:39:59.659+0000] {logging_mixin.py:190} INFO - [2025-09-03T17:39:59.659+0000] {dag.py:3239} INFO - Sync 1 DAGs
[2025-09-03T17:39:59.695+0000] {logging_mixin.py:190} INFO - [2025-09-03T17:39:59.694+0000] {dag.py:4180} INFO - Setting next_dagrun for dynamic_mssql_to_mssql_etl to 2025-09-03 17:30:00+00:00, run_after=2025-09-03 17:35:00+00:00
[2025-09-03T17:39:59.721+0000] {processor.py:208} INFO - Processing /opt/airflow/dags/dynamic_mssql_mssql_etl.py took 0.117 seconds
[2025-09-03T17:40:30.828+0000] {processor.py:186} INFO - Started process (PID=686) to work on /opt/airflow/dags/dynamic_mssql_mssql_etl.py
[2025-09-03T17:40:30.829+0000] {processor.py:914} INFO - Processing file /opt/airflow/dags/dynamic_mssql_mssql_etl.py for tasks to queue
[2025-09-03T17:40:30.831+0000] {logging_mixin.py:190} INFO - [2025-09-03T17:40:30.831+0000] {dagbag.py:588} INFO - Filling up the DagBag from /opt/airflow/dags/dynamic_mssql_mssql_etl.py
[2025-09-03T17:40:30.861+0000] {processor.py:925} INFO - DAG(s) 'dynamic_mssql_to_mssql_etl' retrieved from /opt/airflow/dags/dynamic_mssql_mssql_etl.py
[2025-09-03T17:40:30.890+0000] {logging_mixin.py:190} INFO - [2025-09-03T17:40:30.890+0000] {dag.py:3239} INFO - Sync 1 DAGs
[2025-09-03T17:40:30.920+0000] {logging_mixin.py:190} INFO - [2025-09-03T17:40:30.920+0000] {dag.py:4180} INFO - Setting next_dagrun for dynamic_mssql_to_mssql_etl to 2025-09-03 17:35:00+00:00, run_after=2025-09-03 17:40:00+00:00
[2025-09-03T17:40:30.939+0000] {processor.py:208} INFO - Processing /opt/airflow/dags/dynamic_mssql_mssql_etl.py took 0.120 seconds
[2025-09-03T17:41:02.042+0000] {processor.py:186} INFO - Started process (PID=795) to work on /opt/airflow/dags/dynamic_mssql_mssql_etl.py
[2025-09-03T17:41:02.042+0000] {processor.py:914} INFO - Processing file /opt/airflow/dags/dynamic_mssql_mssql_etl.py for tasks to queue
[2025-09-03T17:41:02.044+0000] {logging_mixin.py:190} INFO - [2025-09-03T17:41:02.044+0000] {dagbag.py:588} INFO - Filling up the DagBag from /opt/airflow/dags/dynamic_mssql_mssql_etl.py
[2025-09-03T17:41:02.060+0000] {processor.py:925} INFO - DAG(s) 'dynamic_mssql_to_mssql_etl' retrieved from /opt/airflow/dags/dynamic_mssql_mssql_etl.py
[2025-09-03T17:41:02.194+0000] {logging_mixin.py:190} INFO - [2025-09-03T17:41:02.194+0000] {dag.py:3239} INFO - Sync 1 DAGs
[2025-09-03T17:41:02.211+0000] {logging_mixin.py:190} INFO - [2025-09-03T17:41:02.211+0000] {dag.py:4180} INFO - Setting next_dagrun for dynamic_mssql_to_mssql_etl to 2025-09-03 17:35:00+00:00, run_after=2025-09-03 17:40:00+00:00
[2025-09-03T17:41:02.227+0000] {processor.py:208} INFO - Processing /opt/airflow/dags/dynamic_mssql_mssql_etl.py took 0.189 seconds
[2025-09-03T17:41:32.351+0000] {processor.py:186} INFO - Started process (PID=901) to work on /opt/airflow/dags/dynamic_mssql_mssql_etl.py
[2025-09-03T17:41:32.352+0000] {processor.py:914} INFO - Processing file /opt/airflow/dags/dynamic_mssql_mssql_etl.py for tasks to queue
[2025-09-03T17:41:32.354+0000] {logging_mixin.py:190} INFO - [2025-09-03T17:41:32.354+0000] {dagbag.py:588} INFO - Filling up the DagBag from /opt/airflow/dags/dynamic_mssql_mssql_etl.py
[2025-09-03T17:41:32.373+0000] {processor.py:925} INFO - DAG(s) 'dynamic_mssql_to_mssql_etl' retrieved from /opt/airflow/dags/dynamic_mssql_mssql_etl.py
[2025-09-03T17:41:32.396+0000] {logging_mixin.py:190} INFO - [2025-09-03T17:41:32.395+0000] {dag.py:3239} INFO - Sync 1 DAGs
[2025-09-03T17:41:32.415+0000] {logging_mixin.py:190} INFO - [2025-09-03T17:41:32.415+0000] {dag.py:4180} INFO - Setting next_dagrun for dynamic_mssql_to_mssql_etl to 2025-09-03 17:35:00+00:00, run_after=2025-09-03 17:40:00+00:00
[2025-09-03T17:41:32.430+0000] {processor.py:208} INFO - Processing /opt/airflow/dags/dynamic_mssql_mssql_etl.py took 0.083 seconds
[2025-09-03T17:42:03.146+0000] {processor.py:186} INFO - Started process (PID=1006) to work on /opt/airflow/dags/dynamic_mssql_mssql_etl.py
[2025-09-03T17:42:03.147+0000] {processor.py:914} INFO - Processing file /opt/airflow/dags/dynamic_mssql_mssql_etl.py for tasks to queue
[2025-09-03T17:42:03.149+0000] {logging_mixin.py:190} INFO - [2025-09-03T17:42:03.149+0000] {dagbag.py:588} INFO - Filling up the DagBag from /opt/airflow/dags/dynamic_mssql_mssql_etl.py
[2025-09-03T17:42:03.171+0000] {processor.py:925} INFO - DAG(s) 'dynamic_mssql_to_mssql_etl' retrieved from /opt/airflow/dags/dynamic_mssql_mssql_etl.py
[2025-09-03T17:42:03.202+0000] {logging_mixin.py:190} INFO - [2025-09-03T17:42:03.202+0000] {dag.py:3239} INFO - Sync 1 DAGs
[2025-09-03T17:42:03.230+0000] {logging_mixin.py:190} INFO - [2025-09-03T17:42:03.229+0000] {dag.py:4180} INFO - Setting next_dagrun for dynamic_mssql_to_mssql_etl to 2025-09-03 17:35:00+00:00, run_after=2025-09-03 17:40:00+00:00
[2025-09-03T17:42:03.254+0000] {processor.py:208} INFO - Processing /opt/airflow/dags/dynamic_mssql_mssql_etl.py took 0.113 seconds
[2025-09-03T17:42:33.761+0000] {processor.py:186} INFO - Started process (PID=1113) to work on /opt/airflow/dags/dynamic_mssql_mssql_etl.py
[2025-09-03T17:42:33.761+0000] {processor.py:914} INFO - Processing file /opt/airflow/dags/dynamic_mssql_mssql_etl.py for tasks to queue
[2025-09-03T17:42:33.764+0000] {logging_mixin.py:190} INFO - [2025-09-03T17:42:33.763+0000] {dagbag.py:588} INFO - Filling up the DagBag from /opt/airflow/dags/dynamic_mssql_mssql_etl.py
[2025-09-03T17:42:33.785+0000] {processor.py:925} INFO - DAG(s) 'dynamic_mssql_to_mssql_etl' retrieved from /opt/airflow/dags/dynamic_mssql_mssql_etl.py
[2025-09-03T17:42:33.814+0000] {logging_mixin.py:190} INFO - [2025-09-03T17:42:33.813+0000] {dag.py:3239} INFO - Sync 1 DAGs
[2025-09-03T17:42:33.845+0000] {logging_mixin.py:190} INFO - [2025-09-03T17:42:33.845+0000] {dag.py:4180} INFO - Setting next_dagrun for dynamic_mssql_to_mssql_etl to 2025-09-03 17:35:00+00:00, run_after=2025-09-03 17:40:00+00:00
[2025-09-03T17:42:33.865+0000] {processor.py:208} INFO - Processing /opt/airflow/dags/dynamic_mssql_mssql_etl.py took 0.110 seconds
[2025-09-03T17:43:04.611+0000] {processor.py:186} INFO - Started process (PID=1220) to work on /opt/airflow/dags/dynamic_mssql_mssql_etl.py
[2025-09-03T17:43:04.613+0000] {processor.py:914} INFO - Processing file /opt/airflow/dags/dynamic_mssql_mssql_etl.py for tasks to queue
[2025-09-03T17:43:04.615+0000] {logging_mixin.py:190} INFO - [2025-09-03T17:43:04.615+0000] {dagbag.py:588} INFO - Filling up the DagBag from /opt/airflow/dags/dynamic_mssql_mssql_etl.py
[2025-09-03T17:43:04.634+0000] {processor.py:925} INFO - DAG(s) 'dynamic_mssql_to_mssql_etl' retrieved from /opt/airflow/dags/dynamic_mssql_mssql_etl.py
[2025-09-03T17:43:04.659+0000] {logging_mixin.py:190} INFO - [2025-09-03T17:43:04.659+0000] {dag.py:3239} INFO - Sync 1 DAGs
[2025-09-03T17:43:04.696+0000] {logging_mixin.py:190} INFO - [2025-09-03T17:43:04.696+0000] {dag.py:4180} INFO - Setting next_dagrun for dynamic_mssql_to_mssql_etl to 2025-09-03 17:35:00+00:00, run_after=2025-09-03 17:40:00+00:00
[2025-09-03T17:43:04.722+0000] {processor.py:208} INFO - Processing /opt/airflow/dags/dynamic_mssql_mssql_etl.py took 0.119 seconds
[2025-09-03T17:43:35.449+0000] {processor.py:186} INFO - Started process (PID=1327) to work on /opt/airflow/dags/dynamic_mssql_mssql_etl.py
[2025-09-03T17:43:35.450+0000] {processor.py:914} INFO - Processing file /opt/airflow/dags/dynamic_mssql_mssql_etl.py for tasks to queue
[2025-09-03T17:43:35.453+0000] {logging_mixin.py:190} INFO - [2025-09-03T17:43:35.453+0000] {dagbag.py:588} INFO - Filling up the DagBag from /opt/airflow/dags/dynamic_mssql_mssql_etl.py
[2025-09-03T17:43:35.471+0000] {processor.py:925} INFO - DAG(s) 'dynamic_mssql_to_mssql_etl' retrieved from /opt/airflow/dags/dynamic_mssql_mssql_etl.py
[2025-09-03T17:43:35.500+0000] {logging_mixin.py:190} INFO - [2025-09-03T17:43:35.499+0000] {dag.py:3239} INFO - Sync 1 DAGs
[2025-09-03T17:43:35.528+0000] {logging_mixin.py:190} INFO - [2025-09-03T17:43:35.528+0000] {dag.py:4180} INFO - Setting next_dagrun for dynamic_mssql_to_mssql_etl to 2025-09-03 17:35:00+00:00, run_after=2025-09-03 17:40:00+00:00
[2025-09-03T17:43:35.550+0000] {processor.py:208} INFO - Processing /opt/airflow/dags/dynamic_mssql_mssql_etl.py took 0.107 seconds
[2025-09-03T17:44:06.091+0000] {processor.py:186} INFO - Started process (PID=1434) to work on /opt/airflow/dags/dynamic_mssql_mssql_etl.py
[2025-09-03T17:44:06.092+0000] {processor.py:914} INFO - Processing file /opt/airflow/dags/dynamic_mssql_mssql_etl.py for tasks to queue
[2025-09-03T17:44:06.094+0000] {logging_mixin.py:190} INFO - [2025-09-03T17:44:06.094+0000] {dagbag.py:588} INFO - Filling up the DagBag from /opt/airflow/dags/dynamic_mssql_mssql_etl.py
[2025-09-03T17:44:06.120+0000] {processor.py:925} INFO - DAG(s) 'dynamic_mssql_to_mssql_etl' retrieved from /opt/airflow/dags/dynamic_mssql_mssql_etl.py
[2025-09-03T17:44:06.144+0000] {logging_mixin.py:190} INFO - [2025-09-03T17:44:06.143+0000] {dag.py:3239} INFO - Sync 1 DAGs
[2025-09-03T17:44:06.179+0000] {logging_mixin.py:190} INFO - [2025-09-03T17:44:06.179+0000] {dag.py:4180} INFO - Setting next_dagrun for dynamic_mssql_to_mssql_etl to 2025-09-03 17:35:00+00:00, run_after=2025-09-03 17:40:00+00:00
[2025-09-03T17:44:06.202+0000] {processor.py:208} INFO - Processing /opt/airflow/dags/dynamic_mssql_mssql_etl.py took 0.119 seconds
[2025-09-03T17:44:36.754+0000] {processor.py:186} INFO - Started process (PID=1543) to work on /opt/airflow/dags/dynamic_mssql_mssql_etl.py
[2025-09-03T17:44:36.755+0000] {processor.py:914} INFO - Processing file /opt/airflow/dags/dynamic_mssql_mssql_etl.py for tasks to queue
[2025-09-03T17:44:36.758+0000] {logging_mixin.py:190} INFO - [2025-09-03T17:44:36.757+0000] {dagbag.py:588} INFO - Filling up the DagBag from /opt/airflow/dags/dynamic_mssql_mssql_etl.py
[2025-09-03T17:44:36.783+0000] {processor.py:925} INFO - DAG(s) 'dynamic_mssql_to_mssql_etl' retrieved from /opt/airflow/dags/dynamic_mssql_mssql_etl.py
[2025-09-03T17:44:36.809+0000] {logging_mixin.py:190} INFO - [2025-09-03T17:44:36.808+0000] {dag.py:3239} INFO - Sync 1 DAGs
[2025-09-03T17:44:36.838+0000] {logging_mixin.py:190} INFO - [2025-09-03T17:44:36.837+0000] {dag.py:4180} INFO - Setting next_dagrun for dynamic_mssql_to_mssql_etl to 2025-09-03 17:35:00+00:00, run_after=2025-09-03 17:40:00+00:00
[2025-09-03T17:44:36.858+0000] {processor.py:208} INFO - Processing /opt/airflow/dags/dynamic_mssql_mssql_etl.py took 0.110 seconds
[2025-09-03T17:45:07.379+0000] {processor.py:186} INFO - Started process (PID=1650) to work on /opt/airflow/dags/dynamic_mssql_mssql_etl.py
[2025-09-03T17:45:07.380+0000] {processor.py:914} INFO - Processing file /opt/airflow/dags/dynamic_mssql_mssql_etl.py for tasks to queue
[2025-09-03T17:45:07.384+0000] {logging_mixin.py:190} INFO - [2025-09-03T17:45:07.383+0000] {dagbag.py:588} INFO - Filling up the DagBag from /opt/airflow/dags/dynamic_mssql_mssql_etl.py
[2025-09-03T17:45:07.408+0000] {processor.py:925} INFO - DAG(s) 'dynamic_mssql_to_mssql_etl' retrieved from /opt/airflow/dags/dynamic_mssql_mssql_etl.py
[2025-09-03T17:45:07.435+0000] {logging_mixin.py:190} INFO - [2025-09-03T17:45:07.435+0000] {dag.py:3239} INFO - Sync 1 DAGs
[2025-09-03T17:45:07.467+0000] {logging_mixin.py:190} INFO - [2025-09-03T17:45:07.466+0000] {dag.py:4180} INFO - Setting next_dagrun for dynamic_mssql_to_mssql_etl to 2025-09-03 17:40:00+00:00, run_after=2025-09-03 17:45:00+00:00
[2025-09-03T17:45:07.490+0000] {processor.py:208} INFO - Processing /opt/airflow/dags/dynamic_mssql_mssql_etl.py took 0.116 seconds
[2025-09-03T17:45:37.965+0000] {processor.py:186} INFO - Started process (PID=1755) to work on /opt/airflow/dags/dynamic_mssql_mssql_etl.py
[2025-09-03T17:45:37.966+0000] {processor.py:914} INFO - Processing file /opt/airflow/dags/dynamic_mssql_mssql_etl.py for tasks to queue
[2025-09-03T17:45:37.969+0000] {logging_mixin.py:190} INFO - [2025-09-03T17:45:37.968+0000] {dagbag.py:588} INFO - Filling up the DagBag from /opt/airflow/dags/dynamic_mssql_mssql_etl.py
[2025-09-03T17:45:37.992+0000] {processor.py:925} INFO - DAG(s) 'dynamic_mssql_to_mssql_etl' retrieved from /opt/airflow/dags/dynamic_mssql_mssql_etl.py
[2025-09-03T17:45:38.013+0000] {logging_mixin.py:190} INFO - [2025-09-03T17:45:38.013+0000] {dag.py:3239} INFO - Sync 1 DAGs
[2025-09-03T17:45:38.039+0000] {logging_mixin.py:190} INFO - [2025-09-03T17:45:38.038+0000] {dag.py:4180} INFO - Setting next_dagrun for dynamic_mssql_to_mssql_etl to 2025-09-03 17:40:00+00:00, run_after=2025-09-03 17:45:00+00:00
[2025-09-03T17:45:38.058+0000] {processor.py:208} INFO - Processing /opt/airflow/dags/dynamic_mssql_mssql_etl.py took 0.101 seconds
[2025-09-03T17:46:08.635+0000] {processor.py:186} INFO - Started process (PID=1862) to work on /opt/airflow/dags/dynamic_mssql_mssql_etl.py
[2025-09-03T17:46:08.636+0000] {processor.py:914} INFO - Processing file /opt/airflow/dags/dynamic_mssql_mssql_etl.py for tasks to queue
[2025-09-03T17:46:08.639+0000] {logging_mixin.py:190} INFO - [2025-09-03T17:46:08.638+0000] {dagbag.py:588} INFO - Filling up the DagBag from /opt/airflow/dags/dynamic_mssql_mssql_etl.py
[2025-09-03T17:46:08.664+0000] {processor.py:925} INFO - DAG(s) 'dynamic_mssql_to_mssql_etl' retrieved from /opt/airflow/dags/dynamic_mssql_mssql_etl.py
[2025-09-03T17:46:08.689+0000] {logging_mixin.py:190} INFO - [2025-09-03T17:46:08.689+0000] {dag.py:3239} INFO - Sync 1 DAGs
[2025-09-03T17:46:08.729+0000] {logging_mixin.py:190} INFO - [2025-09-03T17:46:08.729+0000] {dag.py:4180} INFO - Setting next_dagrun for dynamic_mssql_to_mssql_etl to 2025-09-03 17:40:00+00:00, run_after=2025-09-03 17:45:00+00:00
[2025-09-03T17:46:08.758+0000] {processor.py:208} INFO - Processing /opt/airflow/dags/dynamic_mssql_mssql_etl.py took 0.129 seconds
[2025-09-03T17:46:39.309+0000] {processor.py:186} INFO - Started process (PID=1969) to work on /opt/airflow/dags/dynamic_mssql_mssql_etl.py
[2025-09-03T17:46:39.310+0000] {processor.py:914} INFO - Processing file /opt/airflow/dags/dynamic_mssql_mssql_etl.py for tasks to queue
[2025-09-03T17:46:39.312+0000] {logging_mixin.py:190} INFO - [2025-09-03T17:46:39.312+0000] {dagbag.py:588} INFO - Filling up the DagBag from /opt/airflow/dags/dynamic_mssql_mssql_etl.py
[2025-09-03T17:46:39.335+0000] {processor.py:925} INFO - DAG(s) 'dynamic_mssql_to_mssql_etl' retrieved from /opt/airflow/dags/dynamic_mssql_mssql_etl.py
[2025-09-03T17:46:39.370+0000] {logging_mixin.py:190} INFO - [2025-09-03T17:46:39.370+0000] {dag.py:3239} INFO - Sync 1 DAGs
[2025-09-03T17:46:39.400+0000] {logging_mixin.py:190} INFO - [2025-09-03T17:46:39.399+0000] {dag.py:4180} INFO - Setting next_dagrun for dynamic_mssql_to_mssql_etl to 2025-09-03 17:40:00+00:00, run_after=2025-09-03 17:45:00+00:00
[2025-09-03T17:46:39.428+0000] {processor.py:208} INFO - Processing /opt/airflow/dags/dynamic_mssql_mssql_etl.py took 0.127 seconds
[2025-09-03T17:47:09.996+0000] {processor.py:186} INFO - Started process (PID=2076) to work on /opt/airflow/dags/dynamic_mssql_mssql_etl.py
[2025-09-03T17:47:09.997+0000] {processor.py:914} INFO - Processing file /opt/airflow/dags/dynamic_mssql_mssql_etl.py for tasks to queue
[2025-09-03T17:47:10.001+0000] {logging_mixin.py:190} INFO - [2025-09-03T17:47:10.000+0000] {dagbag.py:588} INFO - Filling up the DagBag from /opt/airflow/dags/dynamic_mssql_mssql_etl.py
[2025-09-03T17:47:10.030+0000] {processor.py:925} INFO - DAG(s) 'dynamic_mssql_to_mssql_etl' retrieved from /opt/airflow/dags/dynamic_mssql_mssql_etl.py
[2025-09-03T17:47:10.066+0000] {logging_mixin.py:190} INFO - [2025-09-03T17:47:10.066+0000] {dag.py:3239} INFO - Sync 1 DAGs
[2025-09-03T17:47:10.103+0000] {logging_mixin.py:190} INFO - [2025-09-03T17:47:10.102+0000] {dag.py:4180} INFO - Setting next_dagrun for dynamic_mssql_to_mssql_etl to 2025-09-03 17:40:00+00:00, run_after=2025-09-03 17:45:00+00:00
[2025-09-03T17:47:10.126+0000] {processor.py:208} INFO - Processing /opt/airflow/dags/dynamic_mssql_mssql_etl.py took 0.136 seconds
[2025-09-03T17:47:40.731+0000] {processor.py:186} INFO - Started process (PID=2183) to work on /opt/airflow/dags/dynamic_mssql_mssql_etl.py
[2025-09-03T17:47:40.732+0000] {processor.py:914} INFO - Processing file /opt/airflow/dags/dynamic_mssql_mssql_etl.py for tasks to queue
[2025-09-03T17:47:40.735+0000] {logging_mixin.py:190} INFO - [2025-09-03T17:47:40.735+0000] {dagbag.py:588} INFO - Filling up the DagBag from /opt/airflow/dags/dynamic_mssql_mssql_etl.py
[2025-09-03T17:47:40.757+0000] {processor.py:925} INFO - DAG(s) 'dynamic_mssql_to_mssql_etl' retrieved from /opt/airflow/dags/dynamic_mssql_mssql_etl.py
[2025-09-03T17:47:40.788+0000] {logging_mixin.py:190} INFO - [2025-09-03T17:47:40.788+0000] {dag.py:3239} INFO - Sync 1 DAGs
[2025-09-03T17:47:40.825+0000] {logging_mixin.py:190} INFO - [2025-09-03T17:47:40.825+0000] {dag.py:4180} INFO - Setting next_dagrun for dynamic_mssql_to_mssql_etl to 2025-09-03 17:40:00+00:00, run_after=2025-09-03 17:45:00+00:00
[2025-09-03T17:47:40.847+0000] {processor.py:208} INFO - Processing /opt/airflow/dags/dynamic_mssql_mssql_etl.py took 0.123 seconds
[2025-09-03T17:48:11.538+0000] {processor.py:186} INFO - Started process (PID=2290) to work on /opt/airflow/dags/dynamic_mssql_mssql_etl.py
[2025-09-03T17:48:11.540+0000] {processor.py:914} INFO - Processing file /opt/airflow/dags/dynamic_mssql_mssql_etl.py for tasks to queue
[2025-09-03T17:48:11.544+0000] {logging_mixin.py:190} INFO - [2025-09-03T17:48:11.543+0000] {dagbag.py:588} INFO - Filling up the DagBag from /opt/airflow/dags/dynamic_mssql_mssql_etl.py
[2025-09-03T17:48:11.581+0000] {processor.py:925} INFO - DAG(s) 'dynamic_mssql_to_mssql_etl' retrieved from /opt/airflow/dags/dynamic_mssql_mssql_etl.py
[2025-09-03T17:48:11.621+0000] {logging_mixin.py:190} INFO - [2025-09-03T17:48:11.621+0000] {dag.py:3239} INFO - Sync 1 DAGs
[2025-09-03T17:48:11.664+0000] {logging_mixin.py:190} INFO - [2025-09-03T17:48:11.664+0000] {dag.py:4180} INFO - Setting next_dagrun for dynamic_mssql_to_mssql_etl to 2025-09-03 17:40:00+00:00, run_after=2025-09-03 17:45:00+00:00
[2025-09-03T17:48:11.699+0000] {processor.py:208} INFO - Processing /opt/airflow/dags/dynamic_mssql_mssql_etl.py took 0.169 seconds
[2025-09-03T17:48:42.534+0000] {processor.py:186} INFO - Started process (PID=2396) to work on /opt/airflow/dags/dynamic_mssql_mssql_etl.py
[2025-09-03T17:48:42.535+0000] {processor.py:914} INFO - Processing file /opt/airflow/dags/dynamic_mssql_mssql_etl.py for tasks to queue
[2025-09-03T17:48:42.538+0000] {logging_mixin.py:190} INFO - [2025-09-03T17:48:42.537+0000] {dagbag.py:588} INFO - Filling up the DagBag from /opt/airflow/dags/dynamic_mssql_mssql_etl.py
[2025-09-03T17:48:42.571+0000] {processor.py:925} INFO - DAG(s) 'dynamic_mssql_to_mssql_etl' retrieved from /opt/airflow/dags/dynamic_mssql_mssql_etl.py
[2025-09-03T17:48:42.610+0000] {logging_mixin.py:190} INFO - [2025-09-03T17:48:42.610+0000] {dag.py:3239} INFO - Sync 1 DAGs
[2025-09-03T17:48:42.649+0000] {logging_mixin.py:190} INFO - [2025-09-03T17:48:42.649+0000] {dag.py:4180} INFO - Setting next_dagrun for dynamic_mssql_to_mssql_etl to 2025-09-03 17:40:00+00:00, run_after=2025-09-03 17:45:00+00:00
[2025-09-03T17:48:42.681+0000] {processor.py:208} INFO - Processing /opt/airflow/dags/dynamic_mssql_mssql_etl.py took 0.153 seconds
[2025-09-03T17:49:13.518+0000] {processor.py:186} INFO - Started process (PID=2503) to work on /opt/airflow/dags/dynamic_mssql_mssql_etl.py
[2025-09-03T17:49:13.519+0000] {processor.py:914} INFO - Processing file /opt/airflow/dags/dynamic_mssql_mssql_etl.py for tasks to queue
[2025-09-03T17:49:13.521+0000] {logging_mixin.py:190} INFO - [2025-09-03T17:49:13.521+0000] {dagbag.py:588} INFO - Filling up the DagBag from /opt/airflow/dags/dynamic_mssql_mssql_etl.py
[2025-09-03T17:49:13.547+0000] {processor.py:925} INFO - DAG(s) 'dynamic_mssql_to_mssql_etl' retrieved from /opt/airflow/dags/dynamic_mssql_mssql_etl.py
[2025-09-03T17:49:13.576+0000] {logging_mixin.py:190} INFO - [2025-09-03T17:49:13.575+0000] {dag.py:3239} INFO - Sync 1 DAGs
[2025-09-03T17:49:13.609+0000] {logging_mixin.py:190} INFO - [2025-09-03T17:49:13.608+0000] {dag.py:4180} INFO - Setting next_dagrun for dynamic_mssql_to_mssql_etl to 2025-09-03 17:40:00+00:00, run_after=2025-09-03 17:45:00+00:00
[2025-09-03T17:49:13.635+0000] {processor.py:208} INFO - Processing /opt/airflow/dags/dynamic_mssql_mssql_etl.py took 0.122 seconds
[2025-09-03T17:49:44.250+0000] {processor.py:186} INFO - Started process (PID=2611) to work on /opt/airflow/dags/dynamic_mssql_mssql_etl.py
[2025-09-03T17:49:44.252+0000] {processor.py:914} INFO - Processing file /opt/airflow/dags/dynamic_mssql_mssql_etl.py for tasks to queue
[2025-09-03T17:49:44.255+0000] {logging_mixin.py:190} INFO - [2025-09-03T17:49:44.254+0000] {dagbag.py:588} INFO - Filling up the DagBag from /opt/airflow/dags/dynamic_mssql_mssql_etl.py
[2025-09-03T17:49:44.293+0000] {processor.py:925} INFO - DAG(s) 'dynamic_mssql_to_mssql_etl' retrieved from /opt/airflow/dags/dynamic_mssql_mssql_etl.py
[2025-09-03T17:49:44.322+0000] {logging_mixin.py:190} INFO - [2025-09-03T17:49:44.322+0000] {dag.py:3239} INFO - Sync 1 DAGs
[2025-09-03T17:49:44.349+0000] {logging_mixin.py:190} INFO - [2025-09-03T17:49:44.348+0000] {dag.py:4180} INFO - Setting next_dagrun for dynamic_mssql_to_mssql_etl to 2025-09-03 17:40:00+00:00, run_after=2025-09-03 17:45:00+00:00
[2025-09-03T17:49:44.371+0000] {processor.py:208} INFO - Processing /opt/airflow/dags/dynamic_mssql_mssql_etl.py took 0.128 seconds
[2025-09-03T17:50:15.149+0000] {processor.py:186} INFO - Started process (PID=2719) to work on /opt/airflow/dags/dynamic_mssql_mssql_etl.py
[2025-09-03T17:50:15.150+0000] {processor.py:914} INFO - Processing file /opt/airflow/dags/dynamic_mssql_mssql_etl.py for tasks to queue
[2025-09-03T17:50:15.153+0000] {logging_mixin.py:190} INFO - [2025-09-03T17:50:15.153+0000] {dagbag.py:588} INFO - Filling up the DagBag from /opt/airflow/dags/dynamic_mssql_mssql_etl.py
[2025-09-03T17:50:15.181+0000] {processor.py:925} INFO - DAG(s) 'dynamic_mssql_to_mssql_etl' retrieved from /opt/airflow/dags/dynamic_mssql_mssql_etl.py
[2025-09-03T17:50:15.210+0000] {logging_mixin.py:190} INFO - [2025-09-03T17:50:15.209+0000] {dag.py:3239} INFO - Sync 1 DAGs
[2025-09-03T17:50:15.240+0000] {logging_mixin.py:190} INFO - [2025-09-03T17:50:15.240+0000] {dag.py:4180} INFO - Setting next_dagrun for dynamic_mssql_to_mssql_etl to 2025-09-03 17:45:00+00:00, run_after=2025-09-03 17:50:00+00:00
[2025-09-03T17:50:15.261+0000] {processor.py:208} INFO - Processing /opt/airflow/dags/dynamic_mssql_mssql_etl.py took 0.116 seconds
[2025-09-03T17:50:45.937+0000] {processor.py:186} INFO - Started process (PID=2824) to work on /opt/airflow/dags/dynamic_mssql_mssql_etl.py
[2025-09-03T17:50:45.938+0000] {processor.py:914} INFO - Processing file /opt/airflow/dags/dynamic_mssql_mssql_etl.py for tasks to queue
[2025-09-03T17:50:45.941+0000] {logging_mixin.py:190} INFO - [2025-09-03T17:50:45.941+0000] {dagbag.py:588} INFO - Filling up the DagBag from /opt/airflow/dags/dynamic_mssql_mssql_etl.py
[2025-09-03T17:50:45.970+0000] {processor.py:925} INFO - DAG(s) 'dynamic_mssql_to_mssql_etl' retrieved from /opt/airflow/dags/dynamic_mssql_mssql_etl.py
[2025-09-03T17:50:45.998+0000] {logging_mixin.py:190} INFO - [2025-09-03T17:50:45.997+0000] {dag.py:3239} INFO - Sync 1 DAGs
[2025-09-03T17:50:46.029+0000] {logging_mixin.py:190} INFO - [2025-09-03T17:50:46.028+0000] {dag.py:4180} INFO - Setting next_dagrun for dynamic_mssql_to_mssql_etl to 2025-09-03 17:45:00+00:00, run_after=2025-09-03 17:50:00+00:00
[2025-09-03T17:50:46.056+0000] {processor.py:208} INFO - Processing /opt/airflow/dags/dynamic_mssql_mssql_etl.py took 0.124 seconds
[2025-09-03T17:51:16.880+0000] {processor.py:186} INFO - Started process (PID=2933) to work on /opt/airflow/dags/dynamic_mssql_mssql_etl.py
[2025-09-03T17:51:16.881+0000] {processor.py:914} INFO - Processing file /opt/airflow/dags/dynamic_mssql_mssql_etl.py for tasks to queue
[2025-09-03T17:51:16.884+0000] {logging_mixin.py:190} INFO - [2025-09-03T17:51:16.883+0000] {dagbag.py:588} INFO - Filling up the DagBag from /opt/airflow/dags/dynamic_mssql_mssql_etl.py
[2025-09-03T17:51:16.900+0000] {processor.py:925} INFO - DAG(s) 'dynamic_mssql_to_mssql_etl' retrieved from /opt/airflow/dags/dynamic_mssql_mssql_etl.py
[2025-09-03T17:51:16.922+0000] {logging_mixin.py:190} INFO - [2025-09-03T17:51:16.922+0000] {dag.py:3239} INFO - Sync 1 DAGs
[2025-09-03T17:51:16.945+0000] {logging_mixin.py:190} INFO - [2025-09-03T17:51:16.945+0000] {dag.py:4180} INFO - Setting next_dagrun for dynamic_mssql_to_mssql_etl to 2025-09-03 17:45:00+00:00, run_after=2025-09-03 17:50:00+00:00
[2025-09-03T17:51:16.961+0000] {processor.py:208} INFO - Processing /opt/airflow/dags/dynamic_mssql_mssql_etl.py took 0.085 seconds
[2025-09-03T17:51:47.863+0000] {processor.py:186} INFO - Started process (PID=3038) to work on /opt/airflow/dags/dynamic_mssql_mssql_etl.py
[2025-09-03T17:51:47.864+0000] {processor.py:914} INFO - Processing file /opt/airflow/dags/dynamic_mssql_mssql_etl.py for tasks to queue
[2025-09-03T17:51:47.867+0000] {logging_mixin.py:190} INFO - [2025-09-03T17:51:47.867+0000] {dagbag.py:588} INFO - Filling up the DagBag from /opt/airflow/dags/dynamic_mssql_mssql_etl.py
[2025-09-03T17:51:47.904+0000] {processor.py:925} INFO - DAG(s) 'dynamic_mssql_to_mssql_etl' retrieved from /opt/airflow/dags/dynamic_mssql_mssql_etl.py
[2025-09-03T17:51:47.939+0000] {logging_mixin.py:190} INFO - [2025-09-03T17:51:47.939+0000] {dag.py:3239} INFO - Sync 1 DAGs
[2025-09-03T17:51:47.978+0000] {logging_mixin.py:190} INFO - [2025-09-03T17:51:47.978+0000] {dag.py:4180} INFO - Setting next_dagrun for dynamic_mssql_to_mssql_etl to 2025-09-03 17:45:00+00:00, run_after=2025-09-03 17:50:00+00:00
[2025-09-03T17:51:48.004+0000] {processor.py:208} INFO - Processing /opt/airflow/dags/dynamic_mssql_mssql_etl.py took 0.147 seconds
[2025-09-03T17:52:18.937+0000] {processor.py:186} INFO - Started process (PID=3144) to work on /opt/airflow/dags/dynamic_mssql_mssql_etl.py
[2025-09-03T17:52:18.938+0000] {processor.py:914} INFO - Processing file /opt/airflow/dags/dynamic_mssql_mssql_etl.py for tasks to queue
[2025-09-03T17:52:18.942+0000] {logging_mixin.py:190} INFO - [2025-09-03T17:52:18.941+0000] {dagbag.py:588} INFO - Filling up the DagBag from /opt/airflow/dags/dynamic_mssql_mssql_etl.py
[2025-09-03T17:52:18.961+0000] {processor.py:925} INFO - DAG(s) 'dynamic_mssql_to_mssql_etl' retrieved from /opt/airflow/dags/dynamic_mssql_mssql_etl.py
[2025-09-03T17:52:18.989+0000] {logging_mixin.py:190} INFO - [2025-09-03T17:52:18.989+0000] {dag.py:3239} INFO - Sync 1 DAGs
[2025-09-03T17:52:19.025+0000] {logging_mixin.py:190} INFO - [2025-09-03T17:52:19.025+0000] {dag.py:4180} INFO - Setting next_dagrun for dynamic_mssql_to_mssql_etl to 2025-09-03 17:45:00+00:00, run_after=2025-09-03 17:50:00+00:00
[2025-09-03T17:52:19.048+0000] {processor.py:208} INFO - Processing /opt/airflow/dags/dynamic_mssql_mssql_etl.py took 0.119 seconds
[2025-09-03T17:52:49.924+0000] {processor.py:186} INFO - Started process (PID=3251) to work on /opt/airflow/dags/dynamic_mssql_mssql_etl.py
[2025-09-03T17:52:49.925+0000] {processor.py:914} INFO - Processing file /opt/airflow/dags/dynamic_mssql_mssql_etl.py for tasks to queue
[2025-09-03T17:52:49.927+0000] {logging_mixin.py:190} INFO - [2025-09-03T17:52:49.927+0000] {dagbag.py:588} INFO - Filling up the DagBag from /opt/airflow/dags/dynamic_mssql_mssql_etl.py
[2025-09-03T17:52:49.959+0000] {processor.py:925} INFO - DAG(s) 'dynamic_mssql_to_mssql_etl' retrieved from /opt/airflow/dags/dynamic_mssql_mssql_etl.py
[2025-09-03T17:52:49.992+0000] {logging_mixin.py:190} INFO - [2025-09-03T17:52:49.992+0000] {dag.py:3239} INFO - Sync 1 DAGs
[2025-09-03T17:52:50.028+0000] {logging_mixin.py:190} INFO - [2025-09-03T17:52:50.028+0000] {dag.py:4180} INFO - Setting next_dagrun for dynamic_mssql_to_mssql_etl to 2025-09-03 17:45:00+00:00, run_after=2025-09-03 17:50:00+00:00
[2025-09-03T17:52:50.050+0000] {processor.py:208} INFO - Processing /opt/airflow/dags/dynamic_mssql_mssql_etl.py took 0.133 seconds
[2025-09-03T17:53:21.049+0000] {processor.py:186} INFO - Started process (PID=3360) to work on /opt/airflow/dags/dynamic_mssql_mssql_etl.py
[2025-09-03T17:53:21.050+0000] {processor.py:914} INFO - Processing file /opt/airflow/dags/dynamic_mssql_mssql_etl.py for tasks to queue
[2025-09-03T17:53:21.053+0000] {logging_mixin.py:190} INFO - [2025-09-03T17:53:21.053+0000] {dagbag.py:588} INFO - Filling up the DagBag from /opt/airflow/dags/dynamic_mssql_mssql_etl.py
[2025-09-03T17:53:21.071+0000] {processor.py:925} INFO - DAG(s) 'dynamic_mssql_to_mssql_etl' retrieved from /opt/airflow/dags/dynamic_mssql_mssql_etl.py
[2025-09-03T17:53:21.096+0000] {logging_mixin.py:190} INFO - [2025-09-03T17:53:21.096+0000] {dag.py:3239} INFO - Sync 1 DAGs
[2025-09-03T17:53:21.121+0000] {logging_mixin.py:190} INFO - [2025-09-03T17:53:21.121+0000] {dag.py:4180} INFO - Setting next_dagrun for dynamic_mssql_to_mssql_etl to 2025-09-03 17:45:00+00:00, run_after=2025-09-03 17:50:00+00:00
[2025-09-03T17:53:21.139+0000] {processor.py:208} INFO - Processing /opt/airflow/dags/dynamic_mssql_mssql_etl.py took 0.097 seconds
[2025-09-03T17:53:52.150+0000] {processor.py:186} INFO - Started process (PID=3465) to work on /opt/airflow/dags/dynamic_mssql_mssql_etl.py
[2025-09-03T17:53:52.151+0000] {processor.py:914} INFO - Processing file /opt/airflow/dags/dynamic_mssql_mssql_etl.py for tasks to queue
[2025-09-03T17:53:52.154+0000] {logging_mixin.py:190} INFO - [2025-09-03T17:53:52.154+0000] {dagbag.py:588} INFO - Filling up the DagBag from /opt/airflow/dags/dynamic_mssql_mssql_etl.py
[2025-09-03T17:53:52.182+0000] {processor.py:925} INFO - DAG(s) 'dynamic_mssql_to_mssql_etl' retrieved from /opt/airflow/dags/dynamic_mssql_mssql_etl.py
[2025-09-03T17:53:52.205+0000] {logging_mixin.py:190} INFO - [2025-09-03T17:53:52.205+0000] {dag.py:3239} INFO - Sync 1 DAGs
[2025-09-03T17:53:52.236+0000] {logging_mixin.py:190} INFO - [2025-09-03T17:53:52.236+0000] {dag.py:4180} INFO - Setting next_dagrun for dynamic_mssql_to_mssql_etl to 2025-09-03 17:45:00+00:00, run_after=2025-09-03 17:50:00+00:00
[2025-09-03T17:53:52.257+0000] {processor.py:208} INFO - Processing /opt/airflow/dags/dynamic_mssql_mssql_etl.py took 0.111 seconds
[2025-09-03T17:54:22.396+0000] {processor.py:186} INFO - Started process (PID=3572) to work on /opt/airflow/dags/dynamic_mssql_mssql_etl.py
[2025-09-03T17:54:22.397+0000] {processor.py:914} INFO - Processing file /opt/airflow/dags/dynamic_mssql_mssql_etl.py for tasks to queue
[2025-09-03T17:54:22.399+0000] {logging_mixin.py:190} INFO - [2025-09-03T17:54:22.399+0000] {dagbag.py:588} INFO - Filling up the DagBag from /opt/airflow/dags/dynamic_mssql_mssql_etl.py
[2025-09-03T17:54:22.537+0000] {processor.py:925} INFO - DAG(s) 'dynamic_mssql_to_mssql_etl' retrieved from /opt/airflow/dags/dynamic_mssql_mssql_etl.py
[2025-09-03T17:54:22.560+0000] {logging_mixin.py:190} INFO - [2025-09-03T17:54:22.560+0000] {dag.py:3239} INFO - Sync 1 DAGs
[2025-09-03T17:54:22.582+0000] {logging_mixin.py:190} INFO - [2025-09-03T17:54:22.582+0000] {dag.py:4180} INFO - Setting next_dagrun for dynamic_mssql_to_mssql_etl to 2025-09-03 17:45:00+00:00, run_after=2025-09-03 17:50:00+00:00
[2025-09-03T17:54:22.599+0000] {processor.py:208} INFO - Processing /opt/airflow/dags/dynamic_mssql_mssql_etl.py took 0.207 seconds
[2025-09-03T17:55:57.352+0000] {processor.py:186} INFO - Started process (PID=261) to work on /opt/airflow/dags/dynamic_mssql_mssql_etl.py
[2025-09-03T17:55:57.353+0000] {processor.py:914} INFO - Processing file /opt/airflow/dags/dynamic_mssql_mssql_etl.py for tasks to queue
[2025-09-03T17:55:57.356+0000] {logging_mixin.py:190} INFO - [2025-09-03T17:55:57.355+0000] {dagbag.py:588} INFO - Filling up the DagBag from /opt/airflow/dags/dynamic_mssql_mssql_etl.py
[2025-09-03T17:55:57.385+0000] {processor.py:925} INFO - DAG(s) 'dynamic_mssql_to_mssql_etl' retrieved from /opt/airflow/dags/dynamic_mssql_mssql_etl.py
[2025-09-03T17:55:57.419+0000] {logging_mixin.py:190} INFO - [2025-09-03T17:55:57.419+0000] {dag.py:3239} INFO - Sync 1 DAGs
[2025-09-03T17:55:57.453+0000] {logging_mixin.py:190} INFO - [2025-09-03T17:55:57.453+0000] {dag.py:4180} INFO - Setting next_dagrun for dynamic_mssql_to_mssql_etl to 2025-09-03 17:50:00+00:00, run_after=2025-09-03 17:55:00+00:00
[2025-09-03T17:55:57.484+0000] {processor.py:208} INFO - Processing /opt/airflow/dags/dynamic_mssql_mssql_etl.py took 0.139 seconds
[2025-09-03T17:56:27.914+0000] {processor.py:186} INFO - Started process (PID=372) to work on /opt/airflow/dags/dynamic_mssql_mssql_etl.py
[2025-09-03T17:56:27.917+0000] {processor.py:914} INFO - Processing file /opt/airflow/dags/dynamic_mssql_mssql_etl.py for tasks to queue
[2025-09-03T17:56:27.920+0000] {logging_mixin.py:190} INFO - [2025-09-03T17:56:27.919+0000] {dagbag.py:588} INFO - Filling up the DagBag from /opt/airflow/dags/dynamic_mssql_mssql_etl.py
[2025-09-03T17:56:27.952+0000] {processor.py:925} INFO - DAG(s) 'dynamic_mssql_to_mssql_etl' retrieved from /opt/airflow/dags/dynamic_mssql_mssql_etl.py
[2025-09-03T17:56:27.984+0000] {logging_mixin.py:190} INFO - [2025-09-03T17:56:27.984+0000] {dag.py:3239} INFO - Sync 1 DAGs
[2025-09-03T17:56:28.016+0000] {logging_mixin.py:190} INFO - [2025-09-03T17:56:28.016+0000] {dag.py:4180} INFO - Setting next_dagrun for dynamic_mssql_to_mssql_etl to 2025-09-03 17:50:00+00:00, run_after=2025-09-03 17:55:00+00:00
[2025-09-03T17:56:28.044+0000] {processor.py:208} INFO - Processing /opt/airflow/dags/dynamic_mssql_mssql_etl.py took 0.135 seconds
[2025-09-03T17:56:58.895+0000] {processor.py:186} INFO - Started process (PID=474) to work on /opt/airflow/dags/dynamic_mssql_mssql_etl.py
[2025-09-03T17:56:58.897+0000] {processor.py:914} INFO - Processing file /opt/airflow/dags/dynamic_mssql_mssql_etl.py for tasks to queue
[2025-09-03T17:56:58.900+0000] {logging_mixin.py:190} INFO - [2025-09-03T17:56:58.900+0000] {dagbag.py:588} INFO - Filling up the DagBag from /opt/airflow/dags/dynamic_mssql_mssql_etl.py
[2025-09-03T17:56:58.928+0000] {processor.py:925} INFO - DAG(s) 'dynamic_mssql_to_mssql_etl' retrieved from /opt/airflow/dags/dynamic_mssql_mssql_etl.py
[2025-09-03T17:56:58.961+0000] {logging_mixin.py:190} INFO - [2025-09-03T17:56:58.961+0000] {dag.py:3239} INFO - Sync 1 DAGs
[2025-09-03T17:56:58.999+0000] {logging_mixin.py:190} INFO - [2025-09-03T17:56:58.998+0000] {dag.py:4180} INFO - Setting next_dagrun for dynamic_mssql_to_mssql_etl to 2025-09-03 17:50:00+00:00, run_after=2025-09-03 17:55:00+00:00
[2025-09-03T17:56:59.027+0000] {processor.py:208} INFO - Processing /opt/airflow/dags/dynamic_mssql_mssql_etl.py took 0.139 seconds
[2025-09-03T17:57:29.965+0000] {processor.py:186} INFO - Started process (PID=580) to work on /opt/airflow/dags/dynamic_mssql_mssql_etl.py
[2025-09-03T17:57:29.967+0000] {processor.py:914} INFO - Processing file /opt/airflow/dags/dynamic_mssql_mssql_etl.py for tasks to queue
[2025-09-03T17:57:29.971+0000] {logging_mixin.py:190} INFO - [2025-09-03T17:57:29.971+0000] {dagbag.py:588} INFO - Filling up the DagBag from /opt/airflow/dags/dynamic_mssql_mssql_etl.py
[2025-09-03T17:57:30.002+0000] {processor.py:925} INFO - DAG(s) 'dynamic_mssql_to_mssql_etl' retrieved from /opt/airflow/dags/dynamic_mssql_mssql_etl.py
[2025-09-03T17:57:30.035+0000] {logging_mixin.py:190} INFO - [2025-09-03T17:57:30.035+0000] {dag.py:3239} INFO - Sync 1 DAGs
[2025-09-03T17:57:30.069+0000] {logging_mixin.py:190} INFO - [2025-09-03T17:57:30.069+0000] {dag.py:4180} INFO - Setting next_dagrun for dynamic_mssql_to_mssql_etl to 2025-09-03 17:50:00+00:00, run_after=2025-09-03 17:55:00+00:00
[2025-09-03T17:57:30.091+0000] {processor.py:208} INFO - Processing /opt/airflow/dags/dynamic_mssql_mssql_etl.py took 0.135 seconds
[2025-09-03T17:58:00.230+0000] {processor.py:186} INFO - Started process (PID=682) to work on /opt/airflow/dags/dynamic_mssql_mssql_etl.py
[2025-09-03T17:58:00.231+0000] {processor.py:914} INFO - Processing file /opt/airflow/dags/dynamic_mssql_mssql_etl.py for tasks to queue
[2025-09-03T17:58:00.233+0000] {logging_mixin.py:190} INFO - [2025-09-03T17:58:00.233+0000] {dagbag.py:588} INFO - Filling up the DagBag from /opt/airflow/dags/dynamic_mssql_mssql_etl.py
[2025-09-03T17:58:00.253+0000] {processor.py:925} INFO - DAG(s) 'dynamic_mssql_to_mssql_etl' retrieved from /opt/airflow/dags/dynamic_mssql_mssql_etl.py
[2025-09-03T17:58:00.281+0000] {logging_mixin.py:190} INFO - [2025-09-03T17:58:00.280+0000] {dag.py:3239} INFO - Sync 1 DAGs
[2025-09-03T17:58:00.302+0000] {logging_mixin.py:190} INFO - [2025-09-03T17:58:00.301+0000] {dag.py:4180} INFO - Setting next_dagrun for dynamic_mssql_to_mssql_etl to 2025-09-03 17:50:00+00:00, run_after=2025-09-03 17:55:00+00:00
[2025-09-03T17:58:00.326+0000] {processor.py:208} INFO - Processing /opt/airflow/dags/dynamic_mssql_mssql_etl.py took 0.104 seconds
[2025-09-03T17:58:31.621+0000] {processor.py:186} INFO - Started process (PID=795) to work on /opt/airflow/dags/dynamic_mssql_mssql_etl.py
[2025-09-03T17:58:31.622+0000] {processor.py:914} INFO - Processing file /opt/airflow/dags/dynamic_mssql_mssql_etl.py for tasks to queue
[2025-09-03T17:58:31.625+0000] {logging_mixin.py:190} INFO - [2025-09-03T17:58:31.624+0000] {dagbag.py:588} INFO - Filling up the DagBag from /opt/airflow/dags/dynamic_mssql_mssql_etl.py
[2025-09-03T17:58:31.643+0000] {processor.py:925} INFO - DAG(s) 'dynamic_mssql_to_mssql_etl' retrieved from /opt/airflow/dags/dynamic_mssql_mssql_etl.py
[2025-09-03T17:58:31.673+0000] {logging_mixin.py:190} INFO - [2025-09-03T17:58:31.672+0000] {dag.py:3239} INFO - Sync 1 DAGs
[2025-09-03T17:58:31.699+0000] {logging_mixin.py:190} INFO - [2025-09-03T17:58:31.699+0000] {dag.py:4180} INFO - Setting next_dagrun for dynamic_mssql_to_mssql_etl to 2025-09-03 17:50:00+00:00, run_after=2025-09-03 17:55:00+00:00
[2025-09-03T17:58:31.720+0000] {processor.py:208} INFO - Processing /opt/airflow/dags/dynamic_mssql_mssql_etl.py took 0.103 seconds
[2025-09-03T17:59:03.000+0000] {processor.py:186} INFO - Started process (PID=902) to work on /opt/airflow/dags/dynamic_mssql_mssql_etl.py
[2025-09-03T17:59:03.002+0000] {processor.py:914} INFO - Processing file /opt/airflow/dags/dynamic_mssql_mssql_etl.py for tasks to queue
[2025-09-03T17:59:03.005+0000] {logging_mixin.py:190} INFO - [2025-09-03T17:59:03.004+0000] {dagbag.py:588} INFO - Filling up the DagBag from /opt/airflow/dags/dynamic_mssql_mssql_etl.py
[2025-09-03T17:59:03.030+0000] {processor.py:925} INFO - DAG(s) 'dynamic_mssql_to_mssql_etl' retrieved from /opt/airflow/dags/dynamic_mssql_mssql_etl.py
[2025-09-03T17:59:03.059+0000] {logging_mixin.py:190} INFO - [2025-09-03T17:59:03.059+0000] {dag.py:3239} INFO - Sync 1 DAGs
[2025-09-03T17:59:03.087+0000] {logging_mixin.py:190} INFO - [2025-09-03T17:59:03.087+0000] {dag.py:4180} INFO - Setting next_dagrun for dynamic_mssql_to_mssql_etl to 2025-09-03 17:50:00+00:00, run_after=2025-09-03 17:55:00+00:00
[2025-09-03T17:59:03.114+0000] {processor.py:208} INFO - Processing /opt/airflow/dags/dynamic_mssql_mssql_etl.py took 0.121 seconds
[2025-09-03T17:59:34.239+0000] {processor.py:186} INFO - Started process (PID=1009) to work on /opt/airflow/dags/dynamic_mssql_mssql_etl.py
[2025-09-03T17:59:34.240+0000] {processor.py:914} INFO - Processing file /opt/airflow/dags/dynamic_mssql_mssql_etl.py for tasks to queue
[2025-09-03T17:59:34.243+0000] {logging_mixin.py:190} INFO - [2025-09-03T17:59:34.242+0000] {dagbag.py:588} INFO - Filling up the DagBag from /opt/airflow/dags/dynamic_mssql_mssql_etl.py
[2025-09-03T17:59:34.269+0000] {processor.py:925} INFO - DAG(s) 'dynamic_mssql_to_mssql_etl' retrieved from /opt/airflow/dags/dynamic_mssql_mssql_etl.py
[2025-09-03T17:59:34.303+0000] {logging_mixin.py:190} INFO - [2025-09-03T17:59:34.303+0000] {dag.py:3239} INFO - Sync 1 DAGs
[2025-09-03T17:59:34.341+0000] {logging_mixin.py:190} INFO - [2025-09-03T17:59:34.341+0000] {dag.py:4180} INFO - Setting next_dagrun for dynamic_mssql_to_mssql_etl to 2025-09-03 17:50:00+00:00, run_after=2025-09-03 17:55:00+00:00
[2025-09-03T17:59:34.369+0000] {processor.py:208} INFO - Processing /opt/airflow/dags/dynamic_mssql_mssql_etl.py took 0.136 seconds
[2025-09-03T18:00:04.987+0000] {processor.py:186} INFO - Started process (PID=1118) to work on /opt/airflow/dags/dynamic_mssql_mssql_etl.py
[2025-09-03T18:00:04.988+0000] {processor.py:914} INFO - Processing file /opt/airflow/dags/dynamic_mssql_mssql_etl.py for tasks to queue
[2025-09-03T18:00:04.992+0000] {logging_mixin.py:190} INFO - [2025-09-03T18:00:04.991+0000] {dagbag.py:588} INFO - Filling up the DagBag from /opt/airflow/dags/dynamic_mssql_mssql_etl.py
[2025-09-03T18:00:05.019+0000] {processor.py:925} INFO - DAG(s) 'dynamic_mssql_to_mssql_etl' retrieved from /opt/airflow/dags/dynamic_mssql_mssql_etl.py
[2025-09-03T18:00:05.054+0000] {logging_mixin.py:190} INFO - [2025-09-03T18:00:05.054+0000] {dag.py:3239} INFO - Sync 1 DAGs
[2025-09-03T18:00:05.088+0000] {logging_mixin.py:190} INFO - [2025-09-03T18:00:05.088+0000] {dag.py:4180} INFO - Setting next_dagrun for dynamic_mssql_to_mssql_etl to 2025-09-03 17:55:00+00:00, run_after=2025-09-03 18:00:00+00:00
[2025-09-03T18:00:05.113+0000] {processor.py:208} INFO - Processing /opt/airflow/dags/dynamic_mssql_mssql_etl.py took 0.132 seconds
[2025-09-03T18:00:35.877+0000] {processor.py:186} INFO - Started process (PID=1223) to work on /opt/airflow/dags/dynamic_mssql_mssql_etl.py
[2025-09-03T18:00:35.878+0000] {processor.py:914} INFO - Processing file /opt/airflow/dags/dynamic_mssql_mssql_etl.py for tasks to queue
[2025-09-03T18:00:35.882+0000] {logging_mixin.py:190} INFO - [2025-09-03T18:00:35.881+0000] {dagbag.py:588} INFO - Filling up the DagBag from /opt/airflow/dags/dynamic_mssql_mssql_etl.py
[2025-09-03T18:00:35.900+0000] {processor.py:925} INFO - DAG(s) 'dynamic_mssql_to_mssql_etl' retrieved from /opt/airflow/dags/dynamic_mssql_mssql_etl.py
[2025-09-03T18:00:35.927+0000] {logging_mixin.py:190} INFO - [2025-09-03T18:00:35.926+0000] {dag.py:3239} INFO - Sync 1 DAGs
[2025-09-03T18:00:35.959+0000] {logging_mixin.py:190} INFO - [2025-09-03T18:00:35.958+0000] {dag.py:4180} INFO - Setting next_dagrun for dynamic_mssql_to_mssql_etl to 2025-09-03 17:55:00+00:00, run_after=2025-09-03 18:00:00+00:00
[2025-09-03T18:00:35.983+0000] {processor.py:208} INFO - Processing /opt/airflow/dags/dynamic_mssql_mssql_etl.py took 0.112 seconds
[2025-09-03T18:01:06.710+0000] {processor.py:186} INFO - Started process (PID=1332) to work on /opt/airflow/dags/dynamic_mssql_mssql_etl.py
[2025-09-03T18:01:06.714+0000] {processor.py:914} INFO - Processing file /opt/airflow/dags/dynamic_mssql_mssql_etl.py for tasks to queue
[2025-09-03T18:01:06.718+0000] {logging_mixin.py:190} INFO - [2025-09-03T18:01:06.717+0000] {dagbag.py:588} INFO - Filling up the DagBag from /opt/airflow/dags/dynamic_mssql_mssql_etl.py
[2025-09-03T18:01:06.743+0000] {processor.py:925} INFO - DAG(s) 'dynamic_mssql_to_mssql_etl' retrieved from /opt/airflow/dags/dynamic_mssql_mssql_etl.py
[2025-09-03T18:01:06.767+0000] {logging_mixin.py:190} INFO - [2025-09-03T18:01:06.767+0000] {dag.py:3239} INFO - Sync 1 DAGs
[2025-09-03T18:01:06.807+0000] {logging_mixin.py:190} INFO - [2025-09-03T18:01:06.806+0000] {dag.py:4180} INFO - Setting next_dagrun for dynamic_mssql_to_mssql_etl to 2025-09-03 17:55:00+00:00, run_after=2025-09-03 18:00:00+00:00
[2025-09-03T18:01:06.826+0000] {processor.py:208} INFO - Processing /opt/airflow/dags/dynamic_mssql_mssql_etl.py took 0.122 seconds
[2025-09-03T18:01:37.501+0000] {processor.py:186} INFO - Started process (PID=1437) to work on /opt/airflow/dags/dynamic_mssql_mssql_etl.py
[2025-09-03T18:01:37.502+0000] {processor.py:914} INFO - Processing file /opt/airflow/dags/dynamic_mssql_mssql_etl.py for tasks to queue
[2025-09-03T18:01:37.504+0000] {logging_mixin.py:190} INFO - [2025-09-03T18:01:37.504+0000] {dagbag.py:588} INFO - Filling up the DagBag from /opt/airflow/dags/dynamic_mssql_mssql_etl.py
[2025-09-03T18:01:37.530+0000] {processor.py:925} INFO - DAG(s) 'dynamic_mssql_to_mssql_etl' retrieved from /opt/airflow/dags/dynamic_mssql_mssql_etl.py
[2025-09-03T18:01:37.554+0000] {logging_mixin.py:190} INFO - [2025-09-03T18:01:37.554+0000] {dag.py:3239} INFO - Sync 1 DAGs
[2025-09-03T18:01:37.587+0000] {logging_mixin.py:190} INFO - [2025-09-03T18:01:37.587+0000] {dag.py:4180} INFO - Setting next_dagrun for dynamic_mssql_to_mssql_etl to 2025-09-03 17:55:00+00:00, run_after=2025-09-03 18:00:00+00:00
[2025-09-03T18:01:37.608+0000] {processor.py:208} INFO - Processing /opt/airflow/dags/dynamic_mssql_mssql_etl.py took 0.112 seconds
[2025-09-03T18:02:08.221+0000] {processor.py:186} INFO - Started process (PID=1546) to work on /opt/airflow/dags/dynamic_mssql_mssql_etl.py
[2025-09-03T18:02:08.222+0000] {processor.py:914} INFO - Processing file /opt/airflow/dags/dynamic_mssql_mssql_etl.py for tasks to queue
[2025-09-03T18:02:08.225+0000] {logging_mixin.py:190} INFO - [2025-09-03T18:02:08.225+0000] {dagbag.py:588} INFO - Filling up the DagBag from /opt/airflow/dags/dynamic_mssql_mssql_etl.py
[2025-09-03T18:02:08.247+0000] {processor.py:925} INFO - DAG(s) 'dynamic_mssql_to_mssql_etl' retrieved from /opt/airflow/dags/dynamic_mssql_mssql_etl.py
[2025-09-03T18:02:08.272+0000] {logging_mixin.py:190} INFO - [2025-09-03T18:02:08.271+0000] {dag.py:3239} INFO - Sync 1 DAGs
[2025-09-03T18:02:08.303+0000] {logging_mixin.py:190} INFO - [2025-09-03T18:02:08.303+0000] {dag.py:4180} INFO - Setting next_dagrun for dynamic_mssql_to_mssql_etl to 2025-09-03 17:55:00+00:00, run_after=2025-09-03 18:00:00+00:00
[2025-09-03T18:02:08.327+0000] {processor.py:208} INFO - Processing /opt/airflow/dags/dynamic_mssql_mssql_etl.py took 0.113 seconds
[2025-09-03T18:02:38.894+0000] {processor.py:186} INFO - Started process (PID=1653) to work on /opt/airflow/dags/dynamic_mssql_mssql_etl.py
[2025-09-03T18:02:38.895+0000] {processor.py:914} INFO - Processing file /opt/airflow/dags/dynamic_mssql_mssql_etl.py for tasks to queue
[2025-09-03T18:02:38.897+0000] {logging_mixin.py:190} INFO - [2025-09-03T18:02:38.897+0000] {dagbag.py:588} INFO - Filling up the DagBag from /opt/airflow/dags/dynamic_mssql_mssql_etl.py
[2025-09-03T18:02:38.920+0000] {processor.py:925} INFO - DAG(s) 'dynamic_mssql_to_mssql_etl' retrieved from /opt/airflow/dags/dynamic_mssql_mssql_etl.py
[2025-09-03T18:02:38.944+0000] {logging_mixin.py:190} INFO - [2025-09-03T18:02:38.943+0000] {dag.py:3239} INFO - Sync 1 DAGs
[2025-09-03T18:02:38.973+0000] {logging_mixin.py:190} INFO - [2025-09-03T18:02:38.972+0000] {dag.py:4180} INFO - Setting next_dagrun for dynamic_mssql_to_mssql_etl to 2025-09-03 17:55:00+00:00, run_after=2025-09-03 18:00:00+00:00
[2025-09-03T18:02:38.994+0000] {processor.py:208} INFO - Processing /opt/airflow/dags/dynamic_mssql_mssql_etl.py took 0.109 seconds
[2025-09-03T18:03:09.520+0000] {processor.py:186} INFO - Started process (PID=1758) to work on /opt/airflow/dags/dynamic_mssql_mssql_etl.py
[2025-09-03T18:03:09.521+0000] {processor.py:914} INFO - Processing file /opt/airflow/dags/dynamic_mssql_mssql_etl.py for tasks to queue
[2025-09-03T18:03:09.524+0000] {logging_mixin.py:190} INFO - [2025-09-03T18:03:09.523+0000] {dagbag.py:588} INFO - Filling up the DagBag from /opt/airflow/dags/dynamic_mssql_mssql_etl.py
[2025-09-03T18:03:09.546+0000] {processor.py:925} INFO - DAG(s) 'dynamic_mssql_to_mssql_etl' retrieved from /opt/airflow/dags/dynamic_mssql_mssql_etl.py
[2025-09-03T18:03:09.573+0000] {logging_mixin.py:190} INFO - [2025-09-03T18:03:09.573+0000] {dag.py:3239} INFO - Sync 1 DAGs
[2025-09-03T18:03:09.594+0000] {logging_mixin.py:190} INFO - [2025-09-03T18:03:09.594+0000] {dag.py:4180} INFO - Setting next_dagrun for dynamic_mssql_to_mssql_etl to 2025-09-03 17:55:00+00:00, run_after=2025-09-03 18:00:00+00:00
[2025-09-03T18:03:09.616+0000] {processor.py:208} INFO - Processing /opt/airflow/dags/dynamic_mssql_mssql_etl.py took 0.104 seconds
[2025-09-03T18:03:40.276+0000] {processor.py:186} INFO - Started process (PID=1867) to work on /opt/airflow/dags/dynamic_mssql_mssql_etl.py
[2025-09-03T18:03:40.277+0000] {processor.py:914} INFO - Processing file /opt/airflow/dags/dynamic_mssql_mssql_etl.py for tasks to queue
[2025-09-03T18:03:40.279+0000] {logging_mixin.py:190} INFO - [2025-09-03T18:03:40.279+0000] {dagbag.py:588} INFO - Filling up the DagBag from /opt/airflow/dags/dynamic_mssql_mssql_etl.py
[2025-09-03T18:03:40.304+0000] {processor.py:925} INFO - DAG(s) 'dynamic_mssql_to_mssql_etl' retrieved from /opt/airflow/dags/dynamic_mssql_mssql_etl.py
[2025-09-03T18:03:40.332+0000] {logging_mixin.py:190} INFO - [2025-09-03T18:03:40.332+0000] {dag.py:3239} INFO - Sync 1 DAGs
[2025-09-03T18:03:40.360+0000] {logging_mixin.py:190} INFO - [2025-09-03T18:03:40.359+0000] {dag.py:4180} INFO - Setting next_dagrun for dynamic_mssql_to_mssql_etl to 2025-09-03 17:55:00+00:00, run_after=2025-09-03 18:00:00+00:00
[2025-09-03T18:03:40.381+0000] {processor.py:208} INFO - Processing /opt/airflow/dags/dynamic_mssql_mssql_etl.py took 0.113 seconds
