[2025-09-03T17:38:26.848+0000] {processor.py:186} INFO - Started process (PID=249) to work on /opt/airflow/dags/etl_pipeline_hangerlines.py
[2025-09-03T17:38:26.849+0000] {processor.py:914} INFO - Processing file /opt/airflow/dags/etl_pipeline_hangerlines.py for tasks to queue
[2025-09-03T17:38:26.853+0000] {logging_mixin.py:190} INFO - [2025-09-03T17:38:26.852+0000] {dagbag.py:588} INFO - Filling up the DagBag from /opt/airflow/dags/etl_pipeline_hangerlines.py
[2025-09-03T17:38:26.857+0000] {processor.py:927} WARNING - No viable dags retrieved from /opt/airflow/dags/etl_pipeline_hangerlines.py
[2025-09-03T17:38:26.880+0000] {processor.py:208} INFO - Processing /opt/airflow/dags/etl_pipeline_hangerlines.py took 0.041 seconds
[2025-09-03T17:38:57.282+0000] {processor.py:186} INFO - Started process (PID=350) to work on /opt/airflow/dags/etl_pipeline_hangerlines.py
[2025-09-03T17:38:57.283+0000] {processor.py:914} INFO - Processing file /opt/airflow/dags/etl_pipeline_hangerlines.py for tasks to queue
[2025-09-03T17:38:57.285+0000] {logging_mixin.py:190} INFO - [2025-09-03T17:38:57.285+0000] {dagbag.py:588} INFO - Filling up the DagBag from /opt/airflow/dags/etl_pipeline_hangerlines.py
[2025-09-03T17:38:57.288+0000] {processor.py:927} WARNING - No viable dags retrieved from /opt/airflow/dags/etl_pipeline_hangerlines.py
[2025-09-03T17:38:57.307+0000] {processor.py:208} INFO - Processing /opt/airflow/dags/etl_pipeline_hangerlines.py took 0.032 seconds
[2025-09-03T17:39:28.451+0000] {processor.py:186} INFO - Started process (PID=463) to work on /opt/airflow/dags/etl_pipeline_hangerlines.py
[2025-09-03T17:39:28.453+0000] {processor.py:914} INFO - Processing file /opt/airflow/dags/etl_pipeline_hangerlines.py for tasks to queue
[2025-09-03T17:39:28.454+0000] {logging_mixin.py:190} INFO - [2025-09-03T17:39:28.454+0000] {dagbag.py:588} INFO - Filling up the DagBag from /opt/airflow/dags/etl_pipeline_hangerlines.py
[2025-09-03T17:39:28.457+0000] {processor.py:927} WARNING - No viable dags retrieved from /opt/airflow/dags/etl_pipeline_hangerlines.py
[2025-09-03T17:39:28.469+0000] {processor.py:208} INFO - Processing /opt/airflow/dags/etl_pipeline_hangerlines.py took 0.025 seconds
[2025-09-03T17:39:59.519+0000] {processor.py:186} INFO - Started process (PID=570) to work on /opt/airflow/dags/etl_pipeline_hangerlines.py
[2025-09-03T17:39:59.520+0000] {processor.py:914} INFO - Processing file /opt/airflow/dags/etl_pipeline_hangerlines.py for tasks to queue
[2025-09-03T17:39:59.523+0000] {logging_mixin.py:190} INFO - [2025-09-03T17:39:59.523+0000] {dagbag.py:588} INFO - Filling up the DagBag from /opt/airflow/dags/etl_pipeline_hangerlines.py
[2025-09-03T17:39:59.527+0000] {processor.py:927} WARNING - No viable dags retrieved from /opt/airflow/dags/etl_pipeline_hangerlines.py
[2025-09-03T17:39:59.543+0000] {processor.py:208} INFO - Processing /opt/airflow/dags/etl_pipeline_hangerlines.py took 0.031 seconds
[2025-09-03T17:40:30.762+0000] {processor.py:186} INFO - Started process (PID=678) to work on /opt/airflow/dags/etl_pipeline_hangerlines.py
[2025-09-03T17:40:30.764+0000] {processor.py:914} INFO - Processing file /opt/airflow/dags/etl_pipeline_hangerlines.py for tasks to queue
[2025-09-03T17:40:30.767+0000] {logging_mixin.py:190} INFO - [2025-09-03T17:40:30.766+0000] {dagbag.py:588} INFO - Filling up the DagBag from /opt/airflow/dags/etl_pipeline_hangerlines.py
[2025-09-03T17:40:30.770+0000] {processor.py:927} WARNING - No viable dags retrieved from /opt/airflow/dags/etl_pipeline_hangerlines.py
[2025-09-03T17:40:30.787+0000] {processor.py:208} INFO - Processing /opt/airflow/dags/etl_pipeline_hangerlines.py took 0.030 seconds
[2025-09-03T17:41:01.942+0000] {processor.py:186} INFO - Started process (PID=783) to work on /opt/airflow/dags/etl_pipeline_hangerlines.py
[2025-09-03T17:41:01.944+0000] {processor.py:914} INFO - Processing file /opt/airflow/dags/etl_pipeline_hangerlines.py for tasks to queue
[2025-09-03T17:41:01.946+0000] {logging_mixin.py:190} INFO - [2025-09-03T17:41:01.945+0000] {dagbag.py:588} INFO - Filling up the DagBag from /opt/airflow/dags/etl_pipeline_hangerlines.py
[2025-09-03T17:41:01.950+0000] {processor.py:927} WARNING - No viable dags retrieved from /opt/airflow/dags/etl_pipeline_hangerlines.py
[2025-09-03T17:41:01.963+0000] {processor.py:208} INFO - Processing /opt/airflow/dags/etl_pipeline_hangerlines.py took 0.025 seconds
[2025-09-03T17:41:32.165+0000] {processor.py:186} INFO - Started process (PID=884) to work on /opt/airflow/dags/etl_pipeline_hangerlines.py
[2025-09-03T17:41:32.165+0000] {processor.py:914} INFO - Processing file /opt/airflow/dags/etl_pipeline_hangerlines.py for tasks to queue
[2025-09-03T17:41:32.167+0000] {logging_mixin.py:190} INFO - [2025-09-03T17:41:32.167+0000] {dagbag.py:588} INFO - Filling up the DagBag from /opt/airflow/dags/etl_pipeline_hangerlines.py
[2025-09-03T17:41:32.169+0000] {processor.py:927} WARNING - No viable dags retrieved from /opt/airflow/dags/etl_pipeline_hangerlines.py
[2025-09-03T17:41:32.185+0000] {processor.py:208} INFO - Processing /opt/airflow/dags/etl_pipeline_hangerlines.py took 0.024 seconds
[2025-09-03T17:42:03.092+0000] {processor.py:186} INFO - Started process (PID=998) to work on /opt/airflow/dags/etl_pipeline_hangerlines.py
[2025-09-03T17:42:03.093+0000] {processor.py:914} INFO - Processing file /opt/airflow/dags/etl_pipeline_hangerlines.py for tasks to queue
[2025-09-03T17:42:03.095+0000] {logging_mixin.py:190} INFO - [2025-09-03T17:42:03.095+0000] {dagbag.py:588} INFO - Filling up the DagBag from /opt/airflow/dags/etl_pipeline_hangerlines.py
[2025-09-03T17:42:03.097+0000] {processor.py:927} WARNING - No viable dags retrieved from /opt/airflow/dags/etl_pipeline_hangerlines.py
[2025-09-03T17:42:03.111+0000] {processor.py:208} INFO - Processing /opt/airflow/dags/etl_pipeline_hangerlines.py took 0.024 seconds
[2025-09-03T17:42:33.711+0000] {processor.py:186} INFO - Started process (PID=1103) to work on /opt/airflow/dags/etl_pipeline_hangerlines.py
[2025-09-03T17:42:33.712+0000] {processor.py:914} INFO - Processing file /opt/airflow/dags/etl_pipeline_hangerlines.py for tasks to queue
[2025-09-03T17:42:33.714+0000] {logging_mixin.py:190} INFO - [2025-09-03T17:42:33.714+0000] {dagbag.py:588} INFO - Filling up the DagBag from /opt/airflow/dags/etl_pipeline_hangerlines.py
[2025-09-03T17:42:33.716+0000] {processor.py:927} WARNING - No viable dags retrieved from /opt/airflow/dags/etl_pipeline_hangerlines.py
[2025-09-03T17:42:33.730+0000] {processor.py:208} INFO - Processing /opt/airflow/dags/etl_pipeline_hangerlines.py took 0.027 seconds
[2025-09-03T17:43:04.542+0000] {processor.py:186} INFO - Started process (PID=1210) to work on /opt/airflow/dags/etl_pipeline_hangerlines.py
[2025-09-03T17:43:04.543+0000] {processor.py:914} INFO - Processing file /opt/airflow/dags/etl_pipeline_hangerlines.py for tasks to queue
[2025-09-03T17:43:04.546+0000] {logging_mixin.py:190} INFO - [2025-09-03T17:43:04.545+0000] {dagbag.py:588} INFO - Filling up the DagBag from /opt/airflow/dags/etl_pipeline_hangerlines.py
[2025-09-03T17:43:04.553+0000] {processor.py:927} WARNING - No viable dags retrieved from /opt/airflow/dags/etl_pipeline_hangerlines.py
[2025-09-03T17:43:04.571+0000] {processor.py:208} INFO - Processing /opt/airflow/dags/etl_pipeline_hangerlines.py took 0.037 seconds
[2025-09-03T17:43:35.390+0000] {processor.py:186} INFO - Started process (PID=1317) to work on /opt/airflow/dags/etl_pipeline_hangerlines.py
[2025-09-03T17:43:35.391+0000] {processor.py:914} INFO - Processing file /opt/airflow/dags/etl_pipeline_hangerlines.py for tasks to queue
[2025-09-03T17:43:35.394+0000] {logging_mixin.py:190} INFO - [2025-09-03T17:43:35.394+0000] {dagbag.py:588} INFO - Filling up the DagBag from /opt/airflow/dags/etl_pipeline_hangerlines.py
[2025-09-03T17:43:35.398+0000] {processor.py:927} WARNING - No viable dags retrieved from /opt/airflow/dags/etl_pipeline_hangerlines.py
[2025-09-03T17:43:35.414+0000] {processor.py:208} INFO - Processing /opt/airflow/dags/etl_pipeline_hangerlines.py took 0.029 seconds
[2025-09-03T17:44:06.031+0000] {processor.py:186} INFO - Started process (PID=1426) to work on /opt/airflow/dags/etl_pipeline_hangerlines.py
[2025-09-03T17:44:06.032+0000] {processor.py:914} INFO - Processing file /opt/airflow/dags/etl_pipeline_hangerlines.py for tasks to queue
[2025-09-03T17:44:06.036+0000] {logging_mixin.py:190} INFO - [2025-09-03T17:44:06.035+0000] {dagbag.py:588} INFO - Filling up the DagBag from /opt/airflow/dags/etl_pipeline_hangerlines.py
[2025-09-03T17:44:06.039+0000] {processor.py:927} WARNING - No viable dags retrieved from /opt/airflow/dags/etl_pipeline_hangerlines.py
[2025-09-03T17:44:06.055+0000] {processor.py:208} INFO - Processing /opt/airflow/dags/etl_pipeline_hangerlines.py took 0.030 seconds
[2025-09-03T17:44:36.699+0000] {processor.py:186} INFO - Started process (PID=1533) to work on /opt/airflow/dags/etl_pipeline_hangerlines.py
[2025-09-03T17:44:36.699+0000] {processor.py:914} INFO - Processing file /opt/airflow/dags/etl_pipeline_hangerlines.py for tasks to queue
[2025-09-03T17:44:36.702+0000] {logging_mixin.py:190} INFO - [2025-09-03T17:44:36.702+0000] {dagbag.py:588} INFO - Filling up the DagBag from /opt/airflow/dags/etl_pipeline_hangerlines.py
[2025-09-03T17:44:36.707+0000] {processor.py:927} WARNING - No viable dags retrieved from /opt/airflow/dags/etl_pipeline_hangerlines.py
[2025-09-03T17:44:36.726+0000] {processor.py:208} INFO - Processing /opt/airflow/dags/etl_pipeline_hangerlines.py took 0.032 seconds
[2025-09-03T17:45:07.316+0000] {processor.py:186} INFO - Started process (PID=1640) to work on /opt/airflow/dags/etl_pipeline_hangerlines.py
[2025-09-03T17:45:07.318+0000] {processor.py:914} INFO - Processing file /opt/airflow/dags/etl_pipeline_hangerlines.py for tasks to queue
[2025-09-03T17:45:07.322+0000] {logging_mixin.py:190} INFO - [2025-09-03T17:45:07.321+0000] {dagbag.py:588} INFO - Filling up the DagBag from /opt/airflow/dags/etl_pipeline_hangerlines.py
[2025-09-03T17:45:07.325+0000] {processor.py:927} WARNING - No viable dags retrieved from /opt/airflow/dags/etl_pipeline_hangerlines.py
[2025-09-03T17:45:07.345+0000] {processor.py:208} INFO - Processing /opt/airflow/dags/etl_pipeline_hangerlines.py took 0.034 seconds
[2025-09-03T17:45:37.911+0000] {processor.py:186} INFO - Started process (PID=1747) to work on /opt/airflow/dags/etl_pipeline_hangerlines.py
[2025-09-03T17:45:37.912+0000] {processor.py:914} INFO - Processing file /opt/airflow/dags/etl_pipeline_hangerlines.py for tasks to queue
[2025-09-03T17:45:37.914+0000] {logging_mixin.py:190} INFO - [2025-09-03T17:45:37.914+0000] {dagbag.py:588} INFO - Filling up the DagBag from /opt/airflow/dags/etl_pipeline_hangerlines.py
[2025-09-03T17:45:37.917+0000] {processor.py:927} WARNING - No viable dags retrieved from /opt/airflow/dags/etl_pipeline_hangerlines.py
[2025-09-03T17:45:37.928+0000] {processor.py:208} INFO - Processing /opt/airflow/dags/etl_pipeline_hangerlines.py took 0.023 seconds
[2025-09-03T17:46:08.585+0000] {processor.py:186} INFO - Started process (PID=1854) to work on /opt/airflow/dags/etl_pipeline_hangerlines.py
[2025-09-03T17:46:08.586+0000] {processor.py:914} INFO - Processing file /opt/airflow/dags/etl_pipeline_hangerlines.py for tasks to queue
[2025-09-03T17:46:08.588+0000] {logging_mixin.py:190} INFO - [2025-09-03T17:46:08.588+0000] {dagbag.py:588} INFO - Filling up the DagBag from /opt/airflow/dags/etl_pipeline_hangerlines.py
[2025-09-03T17:46:08.590+0000] {processor.py:927} WARNING - No viable dags retrieved from /opt/airflow/dags/etl_pipeline_hangerlines.py
[2025-09-03T17:46:08.601+0000] {processor.py:208} INFO - Processing /opt/airflow/dags/etl_pipeline_hangerlines.py took 0.020 seconds
[2025-09-03T17:46:39.251+0000] {processor.py:186} INFO - Started process (PID=1961) to work on /opt/airflow/dags/etl_pipeline_hangerlines.py
[2025-09-03T17:46:39.252+0000] {processor.py:914} INFO - Processing file /opt/airflow/dags/etl_pipeline_hangerlines.py for tasks to queue
[2025-09-03T17:46:39.254+0000] {logging_mixin.py:190} INFO - [2025-09-03T17:46:39.254+0000] {dagbag.py:588} INFO - Filling up the DagBag from /opt/airflow/dags/etl_pipeline_hangerlines.py
[2025-09-03T17:46:39.257+0000] {processor.py:927} WARNING - No viable dags retrieved from /opt/airflow/dags/etl_pipeline_hangerlines.py
[2025-09-03T17:46:39.274+0000] {processor.py:208} INFO - Processing /opt/airflow/dags/etl_pipeline_hangerlines.py took 0.029 seconds
[2025-09-03T17:47:09.932+0000] {processor.py:186} INFO - Started process (PID=2068) to work on /opt/airflow/dags/etl_pipeline_hangerlines.py
[2025-09-03T17:47:09.933+0000] {processor.py:914} INFO - Processing file /opt/airflow/dags/etl_pipeline_hangerlines.py for tasks to queue
[2025-09-03T17:47:09.937+0000] {logging_mixin.py:190} INFO - [2025-09-03T17:47:09.936+0000] {dagbag.py:588} INFO - Filling up the DagBag from /opt/airflow/dags/etl_pipeline_hangerlines.py
[2025-09-03T17:47:09.940+0000] {processor.py:927} WARNING - No viable dags retrieved from /opt/airflow/dags/etl_pipeline_hangerlines.py
[2025-09-03T17:47:09.958+0000] {processor.py:208} INFO - Processing /opt/airflow/dags/etl_pipeline_hangerlines.py took 0.031 seconds
[2025-09-03T17:47:40.669+0000] {processor.py:186} INFO - Started process (PID=2175) to work on /opt/airflow/dags/etl_pipeline_hangerlines.py
[2025-09-03T17:47:40.670+0000] {processor.py:914} INFO - Processing file /opt/airflow/dags/etl_pipeline_hangerlines.py for tasks to queue
[2025-09-03T17:47:40.673+0000] {logging_mixin.py:190} INFO - [2025-09-03T17:47:40.673+0000] {dagbag.py:588} INFO - Filling up the DagBag from /opt/airflow/dags/etl_pipeline_hangerlines.py
[2025-09-03T17:47:40.676+0000] {processor.py:927} WARNING - No viable dags retrieved from /opt/airflow/dags/etl_pipeline_hangerlines.py
[2025-09-03T17:47:40.693+0000] {processor.py:208} INFO - Processing /opt/airflow/dags/etl_pipeline_hangerlines.py took 0.028 seconds
[2025-09-03T17:48:11.477+0000] {processor.py:186} INFO - Started process (PID=2282) to work on /opt/airflow/dags/etl_pipeline_hangerlines.py
[2025-09-03T17:48:11.478+0000] {processor.py:914} INFO - Processing file /opt/airflow/dags/etl_pipeline_hangerlines.py for tasks to queue
[2025-09-03T17:48:11.481+0000] {logging_mixin.py:190} INFO - [2025-09-03T17:48:11.480+0000] {dagbag.py:588} INFO - Filling up the DagBag from /opt/airflow/dags/etl_pipeline_hangerlines.py
[2025-09-03T17:48:11.485+0000] {processor.py:927} WARNING - No viable dags retrieved from /opt/airflow/dags/etl_pipeline_hangerlines.py
[2025-09-03T17:48:11.498+0000] {processor.py:208} INFO - Processing /opt/airflow/dags/etl_pipeline_hangerlines.py took 0.029 seconds
[2025-09-03T17:48:42.467+0000] {processor.py:186} INFO - Started process (PID=2388) to work on /opt/airflow/dags/etl_pipeline_hangerlines.py
[2025-09-03T17:48:42.469+0000] {processor.py:914} INFO - Processing file /opt/airflow/dags/etl_pipeline_hangerlines.py for tasks to queue
[2025-09-03T17:48:42.472+0000] {logging_mixin.py:190} INFO - [2025-09-03T17:48:42.471+0000] {dagbag.py:588} INFO - Filling up the DagBag from /opt/airflow/dags/etl_pipeline_hangerlines.py
[2025-09-03T17:48:42.476+0000] {processor.py:927} WARNING - No viable dags retrieved from /opt/airflow/dags/etl_pipeline_hangerlines.py
[2025-09-03T17:48:42.490+0000] {processor.py:208} INFO - Processing /opt/airflow/dags/etl_pipeline_hangerlines.py took 0.031 seconds
[2025-09-03T17:49:13.415+0000] {processor.py:186} INFO - Started process (PID=2493) to work on /opt/airflow/dags/etl_pipeline_hangerlines.py
[2025-09-03T17:49:13.416+0000] {processor.py:914} INFO - Processing file /opt/airflow/dags/etl_pipeline_hangerlines.py for tasks to queue
[2025-09-03T17:49:13.419+0000] {logging_mixin.py:190} INFO - [2025-09-03T17:49:13.419+0000] {dagbag.py:588} INFO - Filling up the DagBag from /opt/airflow/dags/etl_pipeline_hangerlines.py
[2025-09-03T17:49:13.423+0000] {processor.py:927} WARNING - No viable dags retrieved from /opt/airflow/dags/etl_pipeline_hangerlines.py
[2025-09-03T17:49:13.437+0000] {processor.py:208} INFO - Processing /opt/airflow/dags/etl_pipeline_hangerlines.py took 0.027 seconds
[2025-09-03T17:49:44.128+0000] {processor.py:186} INFO - Started process (PID=2600) to work on /opt/airflow/dags/etl_pipeline_hangerlines.py
[2025-09-03T17:49:44.129+0000] {processor.py:914} INFO - Processing file /opt/airflow/dags/etl_pipeline_hangerlines.py for tasks to queue
[2025-09-03T17:49:44.131+0000] {logging_mixin.py:190} INFO - [2025-09-03T17:49:44.131+0000] {dagbag.py:588} INFO - Filling up the DagBag from /opt/airflow/dags/etl_pipeline_hangerlines.py
[2025-09-03T17:49:44.134+0000] {processor.py:927} WARNING - No viable dags retrieved from /opt/airflow/dags/etl_pipeline_hangerlines.py
[2025-09-03T17:49:44.151+0000] {processor.py:208} INFO - Processing /opt/airflow/dags/etl_pipeline_hangerlines.py took 0.030 seconds
[2025-09-03T17:50:15.048+0000] {processor.py:186} INFO - Started process (PID=2707) to work on /opt/airflow/dags/etl_pipeline_hangerlines.py
[2025-09-03T17:50:15.049+0000] {processor.py:914} INFO - Processing file /opt/airflow/dags/etl_pipeline_hangerlines.py for tasks to queue
[2025-09-03T17:50:15.052+0000] {logging_mixin.py:190} INFO - [2025-09-03T17:50:15.051+0000] {dagbag.py:588} INFO - Filling up the DagBag from /opt/airflow/dags/etl_pipeline_hangerlines.py
[2025-09-03T17:50:15.055+0000] {processor.py:927} WARNING - No viable dags retrieved from /opt/airflow/dags/etl_pipeline_hangerlines.py
[2025-09-03T17:50:15.070+0000] {processor.py:208} INFO - Processing /opt/airflow/dags/etl_pipeline_hangerlines.py took 0.027 seconds
[2025-09-03T17:50:45.832+0000] {processor.py:186} INFO - Started process (PID=2814) to work on /opt/airflow/dags/etl_pipeline_hangerlines.py
[2025-09-03T17:50:45.833+0000] {processor.py:914} INFO - Processing file /opt/airflow/dags/etl_pipeline_hangerlines.py for tasks to queue
[2025-09-03T17:50:45.837+0000] {logging_mixin.py:190} INFO - [2025-09-03T17:50:45.837+0000] {dagbag.py:588} INFO - Filling up the DagBag from /opt/airflow/dags/etl_pipeline_hangerlines.py
[2025-09-03T17:50:45.841+0000] {processor.py:927} WARNING - No viable dags retrieved from /opt/airflow/dags/etl_pipeline_hangerlines.py
[2025-09-03T17:50:45.858+0000] {processor.py:208} INFO - Processing /opt/airflow/dags/etl_pipeline_hangerlines.py took 0.031 seconds
[2025-09-03T17:51:16.778+0000] {processor.py:186} INFO - Started process (PID=2921) to work on /opt/airflow/dags/etl_pipeline_hangerlines.py
[2025-09-03T17:51:16.779+0000] {processor.py:914} INFO - Processing file /opt/airflow/dags/etl_pipeline_hangerlines.py for tasks to queue
[2025-09-03T17:51:16.782+0000] {logging_mixin.py:190} INFO - [2025-09-03T17:51:16.781+0000] {dagbag.py:588} INFO - Filling up the DagBag from /opt/airflow/dags/etl_pipeline_hangerlines.py
[2025-09-03T17:51:16.785+0000] {processor.py:927} WARNING - No viable dags retrieved from /opt/airflow/dags/etl_pipeline_hangerlines.py
[2025-09-03T17:51:16.800+0000] {processor.py:208} INFO - Processing /opt/airflow/dags/etl_pipeline_hangerlines.py took 0.029 seconds
[2025-09-03T17:51:47.763+0000] {processor.py:186} INFO - Started process (PID=3028) to work on /opt/airflow/dags/etl_pipeline_hangerlines.py
[2025-09-03T17:51:47.765+0000] {processor.py:914} INFO - Processing file /opt/airflow/dags/etl_pipeline_hangerlines.py for tasks to queue
[2025-09-03T17:51:47.768+0000] {logging_mixin.py:190} INFO - [2025-09-03T17:51:47.768+0000] {dagbag.py:588} INFO - Filling up the DagBag from /opt/airflow/dags/etl_pipeline_hangerlines.py
[2025-09-03T17:51:47.772+0000] {processor.py:927} WARNING - No viable dags retrieved from /opt/airflow/dags/etl_pipeline_hangerlines.py
[2025-09-03T17:51:47.791+0000] {processor.py:208} INFO - Processing /opt/airflow/dags/etl_pipeline_hangerlines.py took 0.035 seconds
[2025-09-03T17:52:18.826+0000] {processor.py:186} INFO - Started process (PID=3134) to work on /opt/airflow/dags/etl_pipeline_hangerlines.py
[2025-09-03T17:52:18.827+0000] {processor.py:914} INFO - Processing file /opt/airflow/dags/etl_pipeline_hangerlines.py for tasks to queue
[2025-09-03T17:52:18.830+0000] {logging_mixin.py:190} INFO - [2025-09-03T17:52:18.829+0000] {dagbag.py:588} INFO - Filling up the DagBag from /opt/airflow/dags/etl_pipeline_hangerlines.py
[2025-09-03T17:52:18.832+0000] {processor.py:927} WARNING - No viable dags retrieved from /opt/airflow/dags/etl_pipeline_hangerlines.py
[2025-09-03T17:52:18.849+0000] {processor.py:208} INFO - Processing /opt/airflow/dags/etl_pipeline_hangerlines.py took 0.030 seconds
[2025-09-03T17:52:49.827+0000] {processor.py:186} INFO - Started process (PID=3241) to work on /opt/airflow/dags/etl_pipeline_hangerlines.py
[2025-09-03T17:52:49.828+0000] {processor.py:914} INFO - Processing file /opt/airflow/dags/etl_pipeline_hangerlines.py for tasks to queue
[2025-09-03T17:52:49.830+0000] {logging_mixin.py:190} INFO - [2025-09-03T17:52:49.830+0000] {dagbag.py:588} INFO - Filling up the DagBag from /opt/airflow/dags/etl_pipeline_hangerlines.py
[2025-09-03T17:52:49.832+0000] {processor.py:927} WARNING - No viable dags retrieved from /opt/airflow/dags/etl_pipeline_hangerlines.py
[2025-09-03T17:52:49.845+0000] {processor.py:208} INFO - Processing /opt/airflow/dags/etl_pipeline_hangerlines.py took 0.024 seconds
[2025-09-03T17:53:20.945+0000] {processor.py:186} INFO - Started process (PID=3348) to work on /opt/airflow/dags/etl_pipeline_hangerlines.py
[2025-09-03T17:53:20.946+0000] {processor.py:914} INFO - Processing file /opt/airflow/dags/etl_pipeline_hangerlines.py for tasks to queue
[2025-09-03T17:53:20.950+0000] {logging_mixin.py:190} INFO - [2025-09-03T17:53:20.949+0000] {dagbag.py:588} INFO - Filling up the DagBag from /opt/airflow/dags/etl_pipeline_hangerlines.py
[2025-09-03T17:53:20.953+0000] {processor.py:927} WARNING - No viable dags retrieved from /opt/airflow/dags/etl_pipeline_hangerlines.py
[2025-09-03T17:53:20.969+0000] {processor.py:208} INFO - Processing /opt/airflow/dags/etl_pipeline_hangerlines.py took 0.030 seconds
[2025-09-03T17:53:52.043+0000] {processor.py:186} INFO - Started process (PID=3455) to work on /opt/airflow/dags/etl_pipeline_hangerlines.py
[2025-09-03T17:53:52.044+0000] {processor.py:914} INFO - Processing file /opt/airflow/dags/etl_pipeline_hangerlines.py for tasks to queue
[2025-09-03T17:53:52.046+0000] {logging_mixin.py:190} INFO - [2025-09-03T17:53:52.046+0000] {dagbag.py:588} INFO - Filling up the DagBag from /opt/airflow/dags/etl_pipeline_hangerlines.py
[2025-09-03T17:53:52.049+0000] {processor.py:927} WARNING - No viable dags retrieved from /opt/airflow/dags/etl_pipeline_hangerlines.py
[2025-09-03T17:53:52.067+0000] {processor.py:208} INFO - Processing /opt/airflow/dags/etl_pipeline_hangerlines.py took 0.029 seconds
[2025-09-03T17:54:22.298+0000] {processor.py:186} INFO - Started process (PID=3562) to work on /opt/airflow/dags/etl_pipeline_hangerlines.py
[2025-09-03T17:54:22.298+0000] {processor.py:914} INFO - Processing file /opt/airflow/dags/etl_pipeline_hangerlines.py for tasks to queue
[2025-09-03T17:54:22.300+0000] {logging_mixin.py:190} INFO - [2025-09-03T17:54:22.300+0000] {dagbag.py:588} INFO - Filling up the DagBag from /opt/airflow/dags/etl_pipeline_hangerlines.py
[2025-09-03T17:54:22.303+0000] {processor.py:927} WARNING - No viable dags retrieved from /opt/airflow/dags/etl_pipeline_hangerlines.py
[2025-09-03T17:54:22.320+0000] {processor.py:208} INFO - Processing /opt/airflow/dags/etl_pipeline_hangerlines.py took 0.027 seconds
[2025-09-03T17:55:57.239+0000] {processor.py:186} INFO - Started process (PID=249) to work on /opt/airflow/dags/etl_pipeline_hangerlines.py
[2025-09-03T17:55:57.240+0000] {processor.py:914} INFO - Processing file /opt/airflow/dags/etl_pipeline_hangerlines.py for tasks to queue
[2025-09-03T17:55:57.242+0000] {logging_mixin.py:190} INFO - [2025-09-03T17:55:57.242+0000] {dagbag.py:588} INFO - Filling up the DagBag from /opt/airflow/dags/etl_pipeline_hangerlines.py
[2025-09-03T17:55:57.245+0000] {processor.py:927} WARNING - No viable dags retrieved from /opt/airflow/dags/etl_pipeline_hangerlines.py
[2025-09-03T17:55:57.264+0000] {processor.py:208} INFO - Processing /opt/airflow/dags/etl_pipeline_hangerlines.py took 0.033 seconds
[2025-09-03T17:56:27.833+0000] {processor.py:186} INFO - Started process (PID=359) to work on /opt/airflow/dags/etl_pipeline_hangerlines.py
[2025-09-03T17:56:27.834+0000] {processor.py:914} INFO - Processing file /opt/airflow/dags/etl_pipeline_hangerlines.py for tasks to queue
[2025-09-03T17:56:27.838+0000] {logging_mixin.py:190} INFO - [2025-09-03T17:56:27.837+0000] {dagbag.py:588} INFO - Filling up the DagBag from /opt/airflow/dags/etl_pipeline_hangerlines.py
[2025-09-03T17:56:27.846+0000] {processor.py:927} WARNING - No viable dags retrieved from /opt/airflow/dags/etl_pipeline_hangerlines.py
[2025-09-03T17:56:27.866+0000] {processor.py:208} INFO - Processing /opt/airflow/dags/etl_pipeline_hangerlines.py took 0.038 seconds
[2025-09-03T17:56:58.775+0000] {processor.py:186} INFO - Started process (PID=463) to work on /opt/airflow/dags/etl_pipeline_hangerlines.py
[2025-09-03T17:56:58.776+0000] {processor.py:914} INFO - Processing file /opt/airflow/dags/etl_pipeline_hangerlines.py for tasks to queue
[2025-09-03T17:56:58.779+0000] {logging_mixin.py:190} INFO - [2025-09-03T17:56:58.779+0000] {dagbag.py:588} INFO - Filling up the DagBag from /opt/airflow/dags/etl_pipeline_hangerlines.py
[2025-09-03T17:56:58.787+0000] {processor.py:927} WARNING - No viable dags retrieved from /opt/airflow/dags/etl_pipeline_hangerlines.py
[2025-09-03T17:56:58.801+0000] {processor.py:208} INFO - Processing /opt/airflow/dags/etl_pipeline_hangerlines.py took 0.034 seconds
[2025-09-03T17:57:28.925+0000] {processor.py:186} INFO - Started process (PID=567) to work on /opt/airflow/dags/etl_pipeline_hangerlines.py
[2025-09-03T17:57:28.926+0000] {processor.py:914} INFO - Processing file /opt/airflow/dags/etl_pipeline_hangerlines.py for tasks to queue
[2025-09-03T17:57:28.930+0000] {logging_mixin.py:190} INFO - [2025-09-03T17:57:28.929+0000] {dagbag.py:588} INFO - Filling up the DagBag from /opt/airflow/dags/etl_pipeline_hangerlines.py
[2025-09-03T17:57:28.933+0000] {processor.py:927} WARNING - No viable dags retrieved from /opt/airflow/dags/etl_pipeline_hangerlines.py
[2025-09-03T17:57:28.951+0000] {processor.py:208} INFO - Processing /opt/airflow/dags/etl_pipeline_hangerlines.py took 0.031 seconds
[2025-09-03T17:58:00.139+0000] {processor.py:186} INFO - Started process (PID=672) to work on /opt/airflow/dags/etl_pipeline_hangerlines.py
[2025-09-03T17:58:00.140+0000] {processor.py:914} INFO - Processing file /opt/airflow/dags/etl_pipeline_hangerlines.py for tasks to queue
[2025-09-03T17:58:00.143+0000] {logging_mixin.py:190} INFO - [2025-09-03T17:58:00.143+0000] {dagbag.py:588} INFO - Filling up the DagBag from /opt/airflow/dags/etl_pipeline_hangerlines.py
[2025-09-03T17:58:00.147+0000] {processor.py:927} WARNING - No viable dags retrieved from /opt/airflow/dags/etl_pipeline_hangerlines.py
[2025-09-03T17:58:00.163+0000] {processor.py:208} INFO - Processing /opt/airflow/dags/etl_pipeline_hangerlines.py took 0.029 seconds
[2025-09-03T17:58:31.520+0000] {processor.py:186} INFO - Started process (PID=779) to work on /opt/airflow/dags/etl_pipeline_hangerlines.py
[2025-09-03T17:58:31.521+0000] {processor.py:914} INFO - Processing file /opt/airflow/dags/etl_pipeline_hangerlines.py for tasks to queue
[2025-09-03T17:58:31.523+0000] {logging_mixin.py:190} INFO - [2025-09-03T17:58:31.523+0000] {dagbag.py:588} INFO - Filling up the DagBag from /opt/airflow/dags/etl_pipeline_hangerlines.py
[2025-09-03T17:58:31.526+0000] {processor.py:927} WARNING - No viable dags retrieved from /opt/airflow/dags/etl_pipeline_hangerlines.py
[2025-09-03T17:58:31.543+0000] {processor.py:208} INFO - Processing /opt/airflow/dags/etl_pipeline_hangerlines.py took 0.030 seconds
[2025-09-03T17:59:02.899+0000] {processor.py:186} INFO - Started process (PID=892) to work on /opt/airflow/dags/etl_pipeline_hangerlines.py
[2025-09-03T17:59:02.900+0000] {processor.py:914} INFO - Processing file /opt/airflow/dags/etl_pipeline_hangerlines.py for tasks to queue
[2025-09-03T17:59:02.904+0000] {logging_mixin.py:190} INFO - [2025-09-03T17:59:02.903+0000] {dagbag.py:588} INFO - Filling up the DagBag from /opt/airflow/dags/etl_pipeline_hangerlines.py
[2025-09-03T17:59:02.907+0000] {processor.py:927} WARNING - No viable dags retrieved from /opt/airflow/dags/etl_pipeline_hangerlines.py
[2025-09-03T17:59:02.923+0000] {processor.py:208} INFO - Processing /opt/airflow/dags/etl_pipeline_hangerlines.py took 0.029 seconds
[2025-09-03T17:59:34.180+0000] {processor.py:186} INFO - Started process (PID=999) to work on /opt/airflow/dags/etl_pipeline_hangerlines.py
[2025-09-03T17:59:34.181+0000] {processor.py:914} INFO - Processing file /opt/airflow/dags/etl_pipeline_hangerlines.py for tasks to queue
[2025-09-03T17:59:34.184+0000] {logging_mixin.py:190} INFO - [2025-09-03T17:59:34.184+0000] {dagbag.py:588} INFO - Filling up the DagBag from /opt/airflow/dags/etl_pipeline_hangerlines.py
[2025-09-03T17:59:34.190+0000] {processor.py:927} WARNING - No viable dags retrieved from /opt/airflow/dags/etl_pipeline_hangerlines.py
[2025-09-03T17:59:34.203+0000] {processor.py:208} INFO - Processing /opt/airflow/dags/etl_pipeline_hangerlines.py took 0.029 seconds
[2025-09-03T18:00:04.881+0000] {processor.py:186} INFO - Started process (PID=1106) to work on /opt/airflow/dags/etl_pipeline_hangerlines.py
[2025-09-03T18:00:04.882+0000] {processor.py:914} INFO - Processing file /opt/airflow/dags/etl_pipeline_hangerlines.py for tasks to queue
[2025-09-03T18:00:04.886+0000] {logging_mixin.py:190} INFO - [2025-09-03T18:00:04.885+0000] {dagbag.py:588} INFO - Filling up the DagBag from /opt/airflow/dags/etl_pipeline_hangerlines.py
[2025-09-03T18:00:04.889+0000] {processor.py:927} WARNING - No viable dags retrieved from /opt/airflow/dags/etl_pipeline_hangerlines.py
[2025-09-03T18:00:04.908+0000] {processor.py:208} INFO - Processing /opt/airflow/dags/etl_pipeline_hangerlines.py took 0.032 seconds
[2025-09-03T18:00:35.819+0000] {processor.py:186} INFO - Started process (PID=1213) to work on /opt/airflow/dags/etl_pipeline_hangerlines.py
[2025-09-03T18:00:35.820+0000] {processor.py:914} INFO - Processing file /opt/airflow/dags/etl_pipeline_hangerlines.py for tasks to queue
[2025-09-03T18:00:35.822+0000] {logging_mixin.py:190} INFO - [2025-09-03T18:00:35.822+0000] {dagbag.py:588} INFO - Filling up the DagBag from /opt/airflow/dags/etl_pipeline_hangerlines.py
[2025-09-03T18:00:35.825+0000] {processor.py:927} WARNING - No viable dags retrieved from /opt/airflow/dags/etl_pipeline_hangerlines.py
[2025-09-03T18:00:35.842+0000] {processor.py:208} INFO - Processing /opt/airflow/dags/etl_pipeline_hangerlines.py took 0.029 seconds
[2025-09-03T18:01:06.618+0000] {processor.py:186} INFO - Started process (PID=1320) to work on /opt/airflow/dags/etl_pipeline_hangerlines.py
[2025-09-03T18:01:06.619+0000] {processor.py:914} INFO - Processing file /opt/airflow/dags/etl_pipeline_hangerlines.py for tasks to queue
[2025-09-03T18:01:06.621+0000] {logging_mixin.py:190} INFO - [2025-09-03T18:01:06.621+0000] {dagbag.py:588} INFO - Filling up the DagBag from /opt/airflow/dags/etl_pipeline_hangerlines.py
[2025-09-03T18:01:06.625+0000] {processor.py:927} WARNING - No viable dags retrieved from /opt/airflow/dags/etl_pipeline_hangerlines.py
[2025-09-03T18:01:06.642+0000] {processor.py:208} INFO - Processing /opt/airflow/dags/etl_pipeline_hangerlines.py took 0.028 seconds
[2025-09-03T18:01:37.447+0000] {processor.py:186} INFO - Started process (PID=1427) to work on /opt/airflow/dags/etl_pipeline_hangerlines.py
[2025-09-03T18:01:37.448+0000] {processor.py:914} INFO - Processing file /opt/airflow/dags/etl_pipeline_hangerlines.py for tasks to queue
[2025-09-03T18:01:37.450+0000] {logging_mixin.py:190} INFO - [2025-09-03T18:01:37.450+0000] {dagbag.py:588} INFO - Filling up the DagBag from /opt/airflow/dags/etl_pipeline_hangerlines.py
[2025-09-03T18:01:37.453+0000] {processor.py:927} WARNING - No viable dags retrieved from /opt/airflow/dags/etl_pipeline_hangerlines.py
[2025-09-03T18:01:37.468+0000] {processor.py:208} INFO - Processing /opt/airflow/dags/etl_pipeline_hangerlines.py took 0.029 seconds
[2025-09-03T18:02:08.121+0000] {processor.py:186} INFO - Started process (PID=1534) to work on /opt/airflow/dags/etl_pipeline_hangerlines.py
[2025-09-03T18:02:08.122+0000] {processor.py:914} INFO - Processing file /opt/airflow/dags/etl_pipeline_hangerlines.py for tasks to queue
[2025-09-03T18:02:08.124+0000] {logging_mixin.py:190} INFO - [2025-09-03T18:02:08.124+0000] {dagbag.py:588} INFO - Filling up the DagBag from /opt/airflow/dags/etl_pipeline_hangerlines.py
[2025-09-03T18:02:08.127+0000] {processor.py:927} WARNING - No viable dags retrieved from /opt/airflow/dags/etl_pipeline_hangerlines.py
[2025-09-03T18:02:08.146+0000] {processor.py:208} INFO - Processing /opt/airflow/dags/etl_pipeline_hangerlines.py took 0.033 seconds
[2025-09-03T18:02:38.789+0000] {processor.py:186} INFO - Started process (PID=1641) to work on /opt/airflow/dags/etl_pipeline_hangerlines.py
[2025-09-03T18:02:38.790+0000] {processor.py:914} INFO - Processing file /opt/airflow/dags/etl_pipeline_hangerlines.py for tasks to queue
[2025-09-03T18:02:38.791+0000] {logging_mixin.py:190} INFO - [2025-09-03T18:02:38.791+0000] {dagbag.py:588} INFO - Filling up the DagBag from /opt/airflow/dags/etl_pipeline_hangerlines.py
[2025-09-03T18:02:38.793+0000] {processor.py:927} WARNING - No viable dags retrieved from /opt/airflow/dags/etl_pipeline_hangerlines.py
[2025-09-03T18:02:38.810+0000] {processor.py:208} INFO - Processing /opt/airflow/dags/etl_pipeline_hangerlines.py took 0.027 seconds
[2025-09-03T18:03:09.465+0000] {processor.py:186} INFO - Started process (PID=1748) to work on /opt/airflow/dags/etl_pipeline_hangerlines.py
[2025-09-03T18:03:09.467+0000] {processor.py:914} INFO - Processing file /opt/airflow/dags/etl_pipeline_hangerlines.py for tasks to queue
[2025-09-03T18:03:09.469+0000] {logging_mixin.py:190} INFO - [2025-09-03T18:03:09.469+0000] {dagbag.py:588} INFO - Filling up the DagBag from /opt/airflow/dags/etl_pipeline_hangerlines.py
[2025-09-03T18:03:09.472+0000] {processor.py:927} WARNING - No viable dags retrieved from /opt/airflow/dags/etl_pipeline_hangerlines.py
[2025-09-03T18:03:09.486+0000] {processor.py:208} INFO - Processing /opt/airflow/dags/etl_pipeline_hangerlines.py took 0.026 seconds
[2025-09-03T18:03:40.171+0000] {processor.py:186} INFO - Started process (PID=1855) to work on /opt/airflow/dags/etl_pipeline_hangerlines.py
[2025-09-03T18:03:40.172+0000] {processor.py:914} INFO - Processing file /opt/airflow/dags/etl_pipeline_hangerlines.py for tasks to queue
[2025-09-03T18:03:40.175+0000] {logging_mixin.py:190} INFO - [2025-09-03T18:03:40.175+0000] {dagbag.py:588} INFO - Filling up the DagBag from /opt/airflow/dags/etl_pipeline_hangerlines.py
[2025-09-03T18:03:40.177+0000] {processor.py:927} WARNING - No viable dags retrieved from /opt/airflow/dags/etl_pipeline_hangerlines.py
[2025-09-03T18:03:40.195+0000] {processor.py:208} INFO - Processing /opt/airflow/dags/etl_pipeline_hangerlines.py took 0.032 seconds
