[2025-09-03T17:38:27.731+0000] {processor.py:186} INFO - Started process (PID=284) to work on /opt/airflow/dags/get_data_api.py
[2025-09-03T17:38:27.732+0000] {processor.py:914} INFO - Processing file /opt/airflow/dags/get_data_api.py for tasks to queue
[2025-09-03T17:38:27.735+0000] {logging_mixin.py:190} INFO - [2025-09-03T17:38:27.734+0000] {dagbag.py:588} INFO - Filling up the DagBag from /opt/airflow/dags/get_data_api.py
[2025-09-03T17:38:27.745+0000] {processor.py:925} INFO - DAG(s) 'user_automation' retrieved from /opt/airflow/dags/get_data_api.py
[2025-09-03T17:38:27.850+0000] {logging_mixin.py:190} INFO - [2025-09-03T17:38:27.849+0000] {override.py:1930} INFO - Created Permission View: can delete on DAG:user_automation
[2025-09-03T17:38:27.860+0000] {logging_mixin.py:190} INFO - [2025-09-03T17:38:27.859+0000] {override.py:1930} INFO - Created Permission View: can edit on DAG:user_automation
[2025-09-03T17:38:27.867+0000] {logging_mixin.py:190} INFO - [2025-09-03T17:38:27.866+0000] {override.py:1930} INFO - Created Permission View: can read on DAG:user_automation
[2025-09-03T17:38:27.875+0000] {logging_mixin.py:190} INFO - [2025-09-03T17:38:27.874+0000] {override.py:1930} INFO - Created Permission View: can delete on DAG Run:user_automation
[2025-09-03T17:38:27.884+0000] {logging_mixin.py:190} INFO - [2025-09-03T17:38:27.883+0000] {override.py:1930} INFO - Created Permission View: can create on DAG Run:user_automation
[2025-09-03T17:38:27.892+0000] {logging_mixin.py:190} INFO - [2025-09-03T17:38:27.892+0000] {override.py:1930} INFO - Created Permission View: menu access on DAG Run:user_automation
[2025-09-03T17:38:27.900+0000] {logging_mixin.py:190} INFO - [2025-09-03T17:38:27.899+0000] {override.py:1930} INFO - Created Permission View: can read on DAG Run:user_automation
[2025-09-03T17:38:27.900+0000] {logging_mixin.py:190} INFO - [2025-09-03T17:38:27.900+0000] {dag.py:3239} INFO - Sync 1 DAGs
[2025-09-03T17:38:27.923+0000] {logging_mixin.py:190} INFO - [2025-09-03T17:38:27.923+0000] {dag.py:3262} INFO - Creating ORM DAG for user_automation
[2025-09-03T17:38:27.942+0000] {logging_mixin.py:190} INFO - [2025-09-03T17:38:27.941+0000] {dag.py:4180} INFO - Setting next_dagrun for user_automation to 2025-09-03 16:01:00+00:00, run_after=2025-09-03 17:01:00+00:00
[2025-09-03T17:38:27.967+0000] {processor.py:208} INFO - Processing /opt/airflow/dags/get_data_api.py took 0.244 seconds
[2025-09-03T17:38:58.015+0000] {processor.py:186} INFO - Started process (PID=393) to work on /opt/airflow/dags/get_data_api.py
[2025-09-03T17:38:58.016+0000] {processor.py:914} INFO - Processing file /opt/airflow/dags/get_data_api.py for tasks to queue
[2025-09-03T17:38:58.018+0000] {logging_mixin.py:190} INFO - [2025-09-03T17:38:58.017+0000] {dagbag.py:588} INFO - Filling up the DagBag from /opt/airflow/dags/get_data_api.py
[2025-09-03T17:38:58.026+0000] {processor.py:925} INFO - DAG(s) 'user_automation' retrieved from /opt/airflow/dags/get_data_api.py
[2025-09-03T17:38:58.050+0000] {logging_mixin.py:190} INFO - [2025-09-03T17:38:58.050+0000] {dag.py:3239} INFO - Sync 1 DAGs
[2025-09-03T17:38:58.073+0000] {logging_mixin.py:190} INFO - [2025-09-03T17:38:58.073+0000] {dag.py:4180} INFO - Setting next_dagrun for user_automation to 2025-09-03 16:01:00+00:00, run_after=2025-09-03 17:01:00+00:00
[2025-09-03T17:38:58.091+0000] {processor.py:208} INFO - Processing /opt/airflow/dags/get_data_api.py took 0.080 seconds
[2025-09-03T17:39:28.813+0000] {processor.py:186} INFO - Started process (PID=498) to work on /opt/airflow/dags/get_data_api.py
[2025-09-03T17:39:28.815+0000] {processor.py:914} INFO - Processing file /opt/airflow/dags/get_data_api.py for tasks to queue
[2025-09-03T17:39:28.817+0000] {logging_mixin.py:190} INFO - [2025-09-03T17:39:28.817+0000] {dagbag.py:588} INFO - Filling up the DagBag from /opt/airflow/dags/get_data_api.py
[2025-09-03T17:39:28.824+0000] {processor.py:925} INFO - DAG(s) 'user_automation' retrieved from /opt/airflow/dags/get_data_api.py
[2025-09-03T17:39:28.848+0000] {logging_mixin.py:190} INFO - [2025-09-03T17:39:28.847+0000] {dag.py:3239} INFO - Sync 1 DAGs
[2025-09-03T17:39:28.874+0000] {logging_mixin.py:190} INFO - [2025-09-03T17:39:28.874+0000] {dag.py:4180} INFO - Setting next_dagrun for user_automation to 2025-09-03 16:01:00+00:00, run_after=2025-09-03 17:01:00+00:00
[2025-09-03T17:39:28.890+0000] {processor.py:208} INFO - Processing /opt/airflow/dags/get_data_api.py took 0.084 seconds
[2025-09-03T17:39:59.897+0000] {processor.py:186} INFO - Started process (PID=605) to work on /opt/airflow/dags/get_data_api.py
[2025-09-03T17:39:59.898+0000] {processor.py:914} INFO - Processing file /opt/airflow/dags/get_data_api.py for tasks to queue
[2025-09-03T17:39:59.901+0000] {logging_mixin.py:190} INFO - [2025-09-03T17:39:59.901+0000] {dagbag.py:588} INFO - Filling up the DagBag from /opt/airflow/dags/get_data_api.py
[2025-09-03T17:39:59.913+0000] {processor.py:925} INFO - DAG(s) 'user_automation' retrieved from /opt/airflow/dags/get_data_api.py
[2025-09-03T17:39:59.945+0000] {logging_mixin.py:190} INFO - [2025-09-03T17:39:59.945+0000] {dag.py:3239} INFO - Sync 1 DAGs
[2025-09-03T17:39:59.982+0000] {logging_mixin.py:190} INFO - [2025-09-03T17:39:59.982+0000] {dag.py:4180} INFO - Setting next_dagrun for user_automation to 2025-09-03 16:01:00+00:00, run_after=2025-09-03 17:01:00+00:00
[2025-09-03T17:40:00.010+0000] {processor.py:208} INFO - Processing /opt/airflow/dags/get_data_api.py took 0.121 seconds
[2025-09-03T17:40:31.099+0000] {processor.py:186} INFO - Started process (PID=711) to work on /opt/airflow/dags/get_data_api.py
[2025-09-03T17:40:31.101+0000] {processor.py:914} INFO - Processing file /opt/airflow/dags/get_data_api.py for tasks to queue
[2025-09-03T17:40:31.104+0000] {logging_mixin.py:190} INFO - [2025-09-03T17:40:31.103+0000] {dagbag.py:588} INFO - Filling up the DagBag from /opt/airflow/dags/get_data_api.py
[2025-09-03T17:40:31.119+0000] {processor.py:925} INFO - DAG(s) 'user_automation' retrieved from /opt/airflow/dags/get_data_api.py
[2025-09-03T17:40:31.145+0000] {logging_mixin.py:190} INFO - [2025-09-03T17:40:31.144+0000] {dag.py:3239} INFO - Sync 1 DAGs
[2025-09-03T17:40:31.180+0000] {logging_mixin.py:190} INFO - [2025-09-03T17:40:31.180+0000] {dag.py:4180} INFO - Setting next_dagrun for user_automation to 2025-09-03 16:01:00+00:00, run_after=2025-09-03 17:01:00+00:00
[2025-09-03T17:40:31.206+0000] {processor.py:208} INFO - Processing /opt/airflow/dags/get_data_api.py took 0.111 seconds
[2025-09-03T17:41:02.414+0000] {processor.py:186} INFO - Started process (PID=818) to work on /opt/airflow/dags/get_data_api.py
[2025-09-03T17:41:02.415+0000] {processor.py:914} INFO - Processing file /opt/airflow/dags/get_data_api.py for tasks to queue
[2025-09-03T17:41:02.417+0000] {logging_mixin.py:190} INFO - [2025-09-03T17:41:02.416+0000] {dagbag.py:588} INFO - Filling up the DagBag from /opt/airflow/dags/get_data_api.py
[2025-09-03T17:41:02.430+0000] {processor.py:925} INFO - DAG(s) 'user_automation' retrieved from /opt/airflow/dags/get_data_api.py
[2025-09-03T17:41:02.455+0000] {logging_mixin.py:190} INFO - [2025-09-03T17:41:02.455+0000] {dag.py:3239} INFO - Sync 1 DAGs
[2025-09-03T17:41:02.483+0000] {logging_mixin.py:190} INFO - [2025-09-03T17:41:02.483+0000] {dag.py:4180} INFO - Setting next_dagrun for user_automation to 2025-09-03 16:01:00+00:00, run_after=2025-09-03 17:01:00+00:00
[2025-09-03T17:41:02.506+0000] {processor.py:208} INFO - Processing /opt/airflow/dags/get_data_api.py took 0.097 seconds
[2025-09-03T17:41:32.621+0000] {processor.py:186} INFO - Started process (PID=924) to work on /opt/airflow/dags/get_data_api.py
[2025-09-03T17:41:32.622+0000] {processor.py:914} INFO - Processing file /opt/airflow/dags/get_data_api.py for tasks to queue
[2025-09-03T17:41:32.625+0000] {logging_mixin.py:190} INFO - [2025-09-03T17:41:32.625+0000] {dagbag.py:588} INFO - Filling up the DagBag from /opt/airflow/dags/get_data_api.py
[2025-09-03T17:41:32.639+0000] {processor.py:925} INFO - DAG(s) 'user_automation' retrieved from /opt/airflow/dags/get_data_api.py
[2025-09-03T17:41:32.670+0000] {logging_mixin.py:190} INFO - [2025-09-03T17:41:32.670+0000] {dag.py:3239} INFO - Sync 1 DAGs
[2025-09-03T17:41:32.701+0000] {logging_mixin.py:190} INFO - [2025-09-03T17:41:32.701+0000] {dag.py:4180} INFO - Setting next_dagrun for user_automation to 2025-09-03 16:01:00+00:00, run_after=2025-09-03 17:01:00+00:00
[2025-09-03T17:41:32.719+0000] {processor.py:208} INFO - Processing /opt/airflow/dags/get_data_api.py took 0.102 seconds
[2025-09-03T17:42:03.320+0000] {processor.py:186} INFO - Started process (PID=1026) to work on /opt/airflow/dags/get_data_api.py
[2025-09-03T17:42:03.320+0000] {processor.py:914} INFO - Processing file /opt/airflow/dags/get_data_api.py for tasks to queue
[2025-09-03T17:42:03.323+0000] {logging_mixin.py:190} INFO - [2025-09-03T17:42:03.323+0000] {dagbag.py:588} INFO - Filling up the DagBag from /opt/airflow/dags/get_data_api.py
[2025-09-03T17:42:03.335+0000] {processor.py:925} INFO - DAG(s) 'user_automation' retrieved from /opt/airflow/dags/get_data_api.py
[2025-09-03T17:42:03.372+0000] {logging_mixin.py:190} INFO - [2025-09-03T17:42:03.372+0000] {dag.py:3239} INFO - Sync 1 DAGs
[2025-09-03T17:42:03.400+0000] {logging_mixin.py:190} INFO - [2025-09-03T17:42:03.400+0000] {dag.py:4180} INFO - Setting next_dagrun for user_automation to 2025-09-03 16:01:00+00:00, run_after=2025-09-03 17:01:00+00:00
[2025-09-03T17:42:03.419+0000] {processor.py:208} INFO - Processing /opt/airflow/dags/get_data_api.py took 0.106 seconds
[2025-09-03T17:42:34.005+0000] {processor.py:186} INFO - Started process (PID=1138) to work on /opt/airflow/dags/get_data_api.py
[2025-09-03T17:42:34.005+0000] {processor.py:914} INFO - Processing file /opt/airflow/dags/get_data_api.py for tasks to queue
[2025-09-03T17:42:34.007+0000] {logging_mixin.py:190} INFO - [2025-09-03T17:42:34.007+0000] {dagbag.py:588} INFO - Filling up the DagBag from /opt/airflow/dags/get_data_api.py
[2025-09-03T17:42:34.017+0000] {processor.py:925} INFO - DAG(s) 'user_automation' retrieved from /opt/airflow/dags/get_data_api.py
[2025-09-03T17:42:34.036+0000] {logging_mixin.py:190} INFO - [2025-09-03T17:42:34.036+0000] {dag.py:3239} INFO - Sync 1 DAGs
[2025-09-03T17:42:34.057+0000] {logging_mixin.py:190} INFO - [2025-09-03T17:42:34.056+0000] {dag.py:4180} INFO - Setting next_dagrun for user_automation to 2025-09-03 16:01:00+00:00, run_after=2025-09-03 17:01:00+00:00
[2025-09-03T17:42:34.072+0000] {processor.py:208} INFO - Processing /opt/airflow/dags/get_data_api.py took 0.071 seconds
[2025-09-03T17:43:04.879+0000] {processor.py:186} INFO - Started process (PID=1245) to work on /opt/airflow/dags/get_data_api.py
[2025-09-03T17:43:04.880+0000] {processor.py:914} INFO - Processing file /opt/airflow/dags/get_data_api.py for tasks to queue
[2025-09-03T17:43:04.882+0000] {logging_mixin.py:190} INFO - [2025-09-03T17:43:04.881+0000] {dagbag.py:588} INFO - Filling up the DagBag from /opt/airflow/dags/get_data_api.py
[2025-09-03T17:43:04.890+0000] {processor.py:925} INFO - DAG(s) 'user_automation' retrieved from /opt/airflow/dags/get_data_api.py
[2025-09-03T17:43:04.917+0000] {logging_mixin.py:190} INFO - [2025-09-03T17:43:04.916+0000] {dag.py:3239} INFO - Sync 1 DAGs
[2025-09-03T17:43:04.940+0000] {logging_mixin.py:190} INFO - [2025-09-03T17:43:04.940+0000] {dag.py:4180} INFO - Setting next_dagrun for user_automation to 2025-09-03 16:01:00+00:00, run_after=2025-09-03 17:01:00+00:00
[2025-09-03T17:43:04.958+0000] {processor.py:208} INFO - Processing /opt/airflow/dags/get_data_api.py took 0.087 seconds
[2025-09-03T17:43:35.688+0000] {processor.py:186} INFO - Started process (PID=1352) to work on /opt/airflow/dags/get_data_api.py
[2025-09-03T17:43:35.689+0000] {processor.py:914} INFO - Processing file /opt/airflow/dags/get_data_api.py for tasks to queue
[2025-09-03T17:43:35.692+0000] {logging_mixin.py:190} INFO - [2025-09-03T17:43:35.692+0000] {dagbag.py:588} INFO - Filling up the DagBag from /opt/airflow/dags/get_data_api.py
[2025-09-03T17:43:35.703+0000] {processor.py:925} INFO - DAG(s) 'user_automation' retrieved from /opt/airflow/dags/get_data_api.py
[2025-09-03T17:43:35.723+0000] {logging_mixin.py:190} INFO - [2025-09-03T17:43:35.723+0000] {dag.py:3239} INFO - Sync 1 DAGs
[2025-09-03T17:43:35.745+0000] {logging_mixin.py:190} INFO - [2025-09-03T17:43:35.745+0000] {dag.py:4180} INFO - Setting next_dagrun for user_automation to 2025-09-03 16:01:00+00:00, run_after=2025-09-03 17:01:00+00:00
[2025-09-03T17:43:35.761+0000] {processor.py:208} INFO - Processing /opt/airflow/dags/get_data_api.py took 0.082 seconds
[2025-09-03T17:44:06.342+0000] {processor.py:186} INFO - Started process (PID=1459) to work on /opt/airflow/dags/get_data_api.py
[2025-09-03T17:44:06.343+0000] {processor.py:914} INFO - Processing file /opt/airflow/dags/get_data_api.py for tasks to queue
[2025-09-03T17:44:06.345+0000] {logging_mixin.py:190} INFO - [2025-09-03T17:44:06.345+0000] {dagbag.py:588} INFO - Filling up the DagBag from /opt/airflow/dags/get_data_api.py
[2025-09-03T17:44:06.359+0000] {processor.py:925} INFO - DAG(s) 'user_automation' retrieved from /opt/airflow/dags/get_data_api.py
[2025-09-03T17:44:06.382+0000] {logging_mixin.py:190} INFO - [2025-09-03T17:44:06.381+0000] {dag.py:3239} INFO - Sync 1 DAGs
[2025-09-03T17:44:06.410+0000] {logging_mixin.py:190} INFO - [2025-09-03T17:44:06.410+0000] {dag.py:4180} INFO - Setting next_dagrun for user_automation to 2025-09-03 16:01:00+00:00, run_after=2025-09-03 17:01:00+00:00
[2025-09-03T17:44:06.433+0000] {processor.py:208} INFO - Processing /opt/airflow/dags/get_data_api.py took 0.095 seconds
[2025-09-03T17:44:36.991+0000] {processor.py:186} INFO - Started process (PID=1566) to work on /opt/airflow/dags/get_data_api.py
[2025-09-03T17:44:36.992+0000] {processor.py:914} INFO - Processing file /opt/airflow/dags/get_data_api.py for tasks to queue
[2025-09-03T17:44:36.996+0000] {logging_mixin.py:190} INFO - [2025-09-03T17:44:36.996+0000] {dagbag.py:588} INFO - Filling up the DagBag from /opt/airflow/dags/get_data_api.py
[2025-09-03T17:44:37.009+0000] {processor.py:925} INFO - DAG(s) 'user_automation' retrieved from /opt/airflow/dags/get_data_api.py
[2025-09-03T17:44:37.030+0000] {logging_mixin.py:190} INFO - [2025-09-03T17:44:37.030+0000] {dag.py:3239} INFO - Sync 1 DAGs
[2025-09-03T17:44:37.051+0000] {logging_mixin.py:190} INFO - [2025-09-03T17:44:37.051+0000] {dag.py:4180} INFO - Setting next_dagrun for user_automation to 2025-09-03 16:01:00+00:00, run_after=2025-09-03 17:01:00+00:00
[2025-09-03T17:44:37.067+0000] {processor.py:208} INFO - Processing /opt/airflow/dags/get_data_api.py took 0.080 seconds
[2025-09-03T17:45:07.621+0000] {processor.py:186} INFO - Started process (PID=1673) to work on /opt/airflow/dags/get_data_api.py
[2025-09-03T17:45:07.622+0000] {processor.py:914} INFO - Processing file /opt/airflow/dags/get_data_api.py for tasks to queue
[2025-09-03T17:45:07.625+0000] {logging_mixin.py:190} INFO - [2025-09-03T17:45:07.625+0000] {dagbag.py:588} INFO - Filling up the DagBag from /opt/airflow/dags/get_data_api.py
[2025-09-03T17:45:07.636+0000] {processor.py:925} INFO - DAG(s) 'user_automation' retrieved from /opt/airflow/dags/get_data_api.py
[2025-09-03T17:45:07.661+0000] {logging_mixin.py:190} INFO - [2025-09-03T17:45:07.661+0000] {dag.py:3239} INFO - Sync 1 DAGs
[2025-09-03T17:45:07.685+0000] {logging_mixin.py:190} INFO - [2025-09-03T17:45:07.685+0000] {dag.py:4180} INFO - Setting next_dagrun for user_automation to 2025-09-03 16:01:00+00:00, run_after=2025-09-03 17:01:00+00:00
[2025-09-03T17:45:07.703+0000] {processor.py:208} INFO - Processing /opt/airflow/dags/get_data_api.py took 0.087 seconds
[2025-09-03T17:45:38.222+0000] {processor.py:186} INFO - Started process (PID=1780) to work on /opt/airflow/dags/get_data_api.py
[2025-09-03T17:45:38.223+0000] {processor.py:914} INFO - Processing file /opt/airflow/dags/get_data_api.py for tasks to queue
[2025-09-03T17:45:38.226+0000] {logging_mixin.py:190} INFO - [2025-09-03T17:45:38.226+0000] {dagbag.py:588} INFO - Filling up the DagBag from /opt/airflow/dags/get_data_api.py
[2025-09-03T17:45:38.238+0000] {processor.py:925} INFO - DAG(s) 'user_automation' retrieved from /opt/airflow/dags/get_data_api.py
[2025-09-03T17:45:38.269+0000] {logging_mixin.py:190} INFO - [2025-09-03T17:45:38.268+0000] {dag.py:3239} INFO - Sync 1 DAGs
[2025-09-03T17:45:38.302+0000] {logging_mixin.py:190} INFO - [2025-09-03T17:45:38.302+0000] {dag.py:4180} INFO - Setting next_dagrun for user_automation to 2025-09-03 16:01:00+00:00, run_after=2025-09-03 17:01:00+00:00
[2025-09-03T17:45:38.319+0000] {processor.py:208} INFO - Processing /opt/airflow/dags/get_data_api.py took 0.101 seconds
[2025-09-03T17:46:08.898+0000] {processor.py:186} INFO - Started process (PID=1887) to work on /opt/airflow/dags/get_data_api.py
[2025-09-03T17:46:08.900+0000] {processor.py:914} INFO - Processing file /opt/airflow/dags/get_data_api.py for tasks to queue
[2025-09-03T17:46:08.905+0000] {logging_mixin.py:190} INFO - [2025-09-03T17:46:08.904+0000] {dagbag.py:588} INFO - Filling up the DagBag from /opt/airflow/dags/get_data_api.py
[2025-09-03T17:46:08.920+0000] {processor.py:925} INFO - DAG(s) 'user_automation' retrieved from /opt/airflow/dags/get_data_api.py
[2025-09-03T17:46:08.946+0000] {logging_mixin.py:190} INFO - [2025-09-03T17:46:08.946+0000] {dag.py:3239} INFO - Sync 1 DAGs
[2025-09-03T17:46:08.980+0000] {logging_mixin.py:190} INFO - [2025-09-03T17:46:08.980+0000] {dag.py:4180} INFO - Setting next_dagrun for user_automation to 2025-09-03 16:01:00+00:00, run_after=2025-09-03 17:01:00+00:00
[2025-09-03T17:46:09.007+0000] {processor.py:208} INFO - Processing /opt/airflow/dags/get_data_api.py took 0.115 seconds
[2025-09-03T17:46:39.617+0000] {processor.py:186} INFO - Started process (PID=1994) to work on /opt/airflow/dags/get_data_api.py
[2025-09-03T17:46:39.618+0000] {processor.py:914} INFO - Processing file /opt/airflow/dags/get_data_api.py for tasks to queue
[2025-09-03T17:46:39.621+0000] {logging_mixin.py:190} INFO - [2025-09-03T17:46:39.620+0000] {dagbag.py:588} INFO - Filling up the DagBag from /opt/airflow/dags/get_data_api.py
[2025-09-03T17:46:39.634+0000] {processor.py:925} INFO - DAG(s) 'user_automation' retrieved from /opt/airflow/dags/get_data_api.py
[2025-09-03T17:46:39.662+0000] {logging_mixin.py:190} INFO - [2025-09-03T17:46:39.661+0000] {dag.py:3239} INFO - Sync 1 DAGs
[2025-09-03T17:46:39.694+0000] {logging_mixin.py:190} INFO - [2025-09-03T17:46:39.694+0000] {dag.py:4180} INFO - Setting next_dagrun for user_automation to 2025-09-03 16:01:00+00:00, run_after=2025-09-03 17:01:00+00:00
[2025-09-03T17:46:39.715+0000] {processor.py:208} INFO - Processing /opt/airflow/dags/get_data_api.py took 0.103 seconds
[2025-09-03T17:47:10.290+0000] {processor.py:186} INFO - Started process (PID=2101) to work on /opt/airflow/dags/get_data_api.py
[2025-09-03T17:47:10.291+0000] {processor.py:914} INFO - Processing file /opt/airflow/dags/get_data_api.py for tasks to queue
[2025-09-03T17:47:10.294+0000] {logging_mixin.py:190} INFO - [2025-09-03T17:47:10.294+0000] {dagbag.py:588} INFO - Filling up the DagBag from /opt/airflow/dags/get_data_api.py
[2025-09-03T17:47:10.305+0000] {processor.py:925} INFO - DAG(s) 'user_automation' retrieved from /opt/airflow/dags/get_data_api.py
[2025-09-03T17:47:10.333+0000] {logging_mixin.py:190} INFO - [2025-09-03T17:47:10.333+0000] {dag.py:3239} INFO - Sync 1 DAGs
[2025-09-03T17:47:10.366+0000] {logging_mixin.py:190} INFO - [2025-09-03T17:47:10.366+0000] {dag.py:4180} INFO - Setting next_dagrun for user_automation to 2025-09-03 16:01:00+00:00, run_after=2025-09-03 17:01:00+00:00
[2025-09-03T17:47:10.384+0000] {processor.py:208} INFO - Processing /opt/airflow/dags/get_data_api.py took 0.099 seconds
[2025-09-03T17:47:40.989+0000] {processor.py:186} INFO - Started process (PID=2208) to work on /opt/airflow/dags/get_data_api.py
[2025-09-03T17:47:40.990+0000] {processor.py:914} INFO - Processing file /opt/airflow/dags/get_data_api.py for tasks to queue
[2025-09-03T17:47:40.993+0000] {logging_mixin.py:190} INFO - [2025-09-03T17:47:40.993+0000] {dagbag.py:588} INFO - Filling up the DagBag from /opt/airflow/dags/get_data_api.py
[2025-09-03T17:47:41.005+0000] {processor.py:925} INFO - DAG(s) 'user_automation' retrieved from /opt/airflow/dags/get_data_api.py
[2025-09-03T17:47:41.033+0000] {logging_mixin.py:190} INFO - [2025-09-03T17:47:41.032+0000] {dag.py:3239} INFO - Sync 1 DAGs
[2025-09-03T17:47:41.063+0000] {logging_mixin.py:190} INFO - [2025-09-03T17:47:41.063+0000] {dag.py:4180} INFO - Setting next_dagrun for user_automation to 2025-09-03 16:01:00+00:00, run_after=2025-09-03 17:01:00+00:00
[2025-09-03T17:47:41.082+0000] {processor.py:208} INFO - Processing /opt/airflow/dags/get_data_api.py took 0.098 seconds
[2025-09-03T17:48:11.881+0000] {processor.py:186} INFO - Started process (PID=2315) to work on /opt/airflow/dags/get_data_api.py
[2025-09-03T17:48:11.881+0000] {processor.py:914} INFO - Processing file /opt/airflow/dags/get_data_api.py for tasks to queue
[2025-09-03T17:48:11.883+0000] {logging_mixin.py:190} INFO - [2025-09-03T17:48:11.883+0000] {dagbag.py:588} INFO - Filling up the DagBag from /opt/airflow/dags/get_data_api.py
[2025-09-03T17:48:11.890+0000] {processor.py:925} INFO - DAG(s) 'user_automation' retrieved from /opt/airflow/dags/get_data_api.py
[2025-09-03T17:48:11.912+0000] {logging_mixin.py:190} INFO - [2025-09-03T17:48:11.912+0000] {dag.py:3239} INFO - Sync 1 DAGs
[2025-09-03T17:48:11.937+0000] {logging_mixin.py:190} INFO - [2025-09-03T17:48:11.937+0000] {dag.py:4180} INFO - Setting next_dagrun for user_automation to 2025-09-03 16:01:00+00:00, run_after=2025-09-03 17:01:00+00:00
[2025-09-03T17:48:11.965+0000] {processor.py:208} INFO - Processing /opt/airflow/dags/get_data_api.py took 0.090 seconds
[2025-09-03T17:48:42.904+0000] {processor.py:186} INFO - Started process (PID=2421) to work on /opt/airflow/dags/get_data_api.py
[2025-09-03T17:48:42.904+0000] {processor.py:914} INFO - Processing file /opt/airflow/dags/get_data_api.py for tasks to queue
[2025-09-03T17:48:42.906+0000] {logging_mixin.py:190} INFO - [2025-09-03T17:48:42.906+0000] {dagbag.py:588} INFO - Filling up the DagBag from /opt/airflow/dags/get_data_api.py
[2025-09-03T17:48:42.920+0000] {processor.py:925} INFO - DAG(s) 'user_automation' retrieved from /opt/airflow/dags/get_data_api.py
[2025-09-03T17:48:42.949+0000] {logging_mixin.py:190} INFO - [2025-09-03T17:48:42.948+0000] {dag.py:3239} INFO - Sync 1 DAGs
[2025-09-03T17:48:42.988+0000] {logging_mixin.py:190} INFO - [2025-09-03T17:48:42.988+0000] {dag.py:4180} INFO - Setting next_dagrun for user_automation to 2025-09-03 16:01:00+00:00, run_after=2025-09-03 17:01:00+00:00
[2025-09-03T17:48:43.014+0000] {processor.py:208} INFO - Processing /opt/airflow/dags/get_data_api.py took 0.119 seconds
[2025-09-03T17:49:13.824+0000] {processor.py:186} INFO - Started process (PID=2528) to work on /opt/airflow/dags/get_data_api.py
[2025-09-03T17:49:13.825+0000] {processor.py:914} INFO - Processing file /opt/airflow/dags/get_data_api.py for tasks to queue
[2025-09-03T17:49:13.829+0000] {logging_mixin.py:190} INFO - [2025-09-03T17:49:13.828+0000] {dagbag.py:588} INFO - Filling up the DagBag from /opt/airflow/dags/get_data_api.py
[2025-09-03T17:49:13.841+0000] {processor.py:925} INFO - DAG(s) 'user_automation' retrieved from /opt/airflow/dags/get_data_api.py
[2025-09-03T17:49:13.872+0000] {logging_mixin.py:190} INFO - [2025-09-03T17:49:13.871+0000] {dag.py:3239} INFO - Sync 1 DAGs
[2025-09-03T17:49:13.901+0000] {logging_mixin.py:190} INFO - [2025-09-03T17:49:13.901+0000] {dag.py:4180} INFO - Setting next_dagrun for user_automation to 2025-09-03 16:01:00+00:00, run_after=2025-09-03 17:01:00+00:00
[2025-09-03T17:49:13.924+0000] {processor.py:208} INFO - Processing /opt/airflow/dags/get_data_api.py took 0.105 seconds
[2025-09-03T17:49:44.569+0000] {processor.py:186} INFO - Started process (PID=2635) to work on /opt/airflow/dags/get_data_api.py
[2025-09-03T17:49:44.570+0000] {processor.py:914} INFO - Processing file /opt/airflow/dags/get_data_api.py for tasks to queue
[2025-09-03T17:49:44.573+0000] {logging_mixin.py:190} INFO - [2025-09-03T17:49:44.573+0000] {dagbag.py:588} INFO - Filling up the DagBag from /opt/airflow/dags/get_data_api.py
[2025-09-03T17:49:44.588+0000] {processor.py:925} INFO - DAG(s) 'user_automation' retrieved from /opt/airflow/dags/get_data_api.py
[2025-09-03T17:49:44.617+0000] {logging_mixin.py:190} INFO - [2025-09-03T17:49:44.617+0000] {dag.py:3239} INFO - Sync 1 DAGs
[2025-09-03T17:49:44.655+0000] {logging_mixin.py:190} INFO - [2025-09-03T17:49:44.654+0000] {dag.py:4180} INFO - Setting next_dagrun for user_automation to 2025-09-03 16:01:00+00:00, run_after=2025-09-03 17:01:00+00:00
[2025-09-03T17:49:44.676+0000] {processor.py:208} INFO - Processing /opt/airflow/dags/get_data_api.py took 0.115 seconds
[2025-09-03T17:50:15.293+0000] {processor.py:186} INFO - Started process (PID=2737) to work on /opt/airflow/dags/get_data_api.py
[2025-09-03T17:50:15.294+0000] {processor.py:914} INFO - Processing file /opt/airflow/dags/get_data_api.py for tasks to queue
[2025-09-03T17:50:15.297+0000] {logging_mixin.py:190} INFO - [2025-09-03T17:50:15.296+0000] {dagbag.py:588} INFO - Filling up the DagBag from /opt/airflow/dags/get_data_api.py
[2025-09-03T17:50:15.308+0000] {processor.py:925} INFO - DAG(s) 'user_automation' retrieved from /opt/airflow/dags/get_data_api.py
[2025-09-03T17:50:15.338+0000] {logging_mixin.py:190} INFO - [2025-09-03T17:50:15.338+0000] {dag.py:3239} INFO - Sync 1 DAGs
[2025-09-03T17:50:15.372+0000] {logging_mixin.py:190} INFO - [2025-09-03T17:50:15.372+0000] {dag.py:4180} INFO - Setting next_dagrun for user_automation to 2025-09-03 16:01:00+00:00, run_after=2025-09-03 17:01:00+00:00
[2025-09-03T17:50:15.393+0000] {processor.py:208} INFO - Processing /opt/airflow/dags/get_data_api.py took 0.107 seconds
[2025-09-03T17:50:46.199+0000] {processor.py:186} INFO - Started process (PID=2846) to work on /opt/airflow/dags/get_data_api.py
[2025-09-03T17:50:46.200+0000] {processor.py:914} INFO - Processing file /opt/airflow/dags/get_data_api.py for tasks to queue
[2025-09-03T17:50:46.204+0000] {logging_mixin.py:190} INFO - [2025-09-03T17:50:46.203+0000] {dagbag.py:588} INFO - Filling up the DagBag from /opt/airflow/dags/get_data_api.py
[2025-09-03T17:50:46.215+0000] {processor.py:925} INFO - DAG(s) 'user_automation' retrieved from /opt/airflow/dags/get_data_api.py
[2025-09-03T17:50:46.240+0000] {logging_mixin.py:190} INFO - [2025-09-03T17:50:46.239+0000] {dag.py:3239} INFO - Sync 1 DAGs
[2025-09-03T17:50:46.266+0000] {logging_mixin.py:190} INFO - [2025-09-03T17:50:46.266+0000] {dag.py:4180} INFO - Setting next_dagrun for user_automation to 2025-09-03 16:01:00+00:00, run_after=2025-09-03 17:01:00+00:00
[2025-09-03T17:50:46.281+0000] {processor.py:208} INFO - Processing /opt/airflow/dags/get_data_api.py took 0.086 seconds
[2025-09-03T17:51:17.144+0000] {processor.py:186} INFO - Started process (PID=2956) to work on /opt/airflow/dags/get_data_api.py
[2025-09-03T17:51:17.146+0000] {processor.py:914} INFO - Processing file /opt/airflow/dags/get_data_api.py for tasks to queue
[2025-09-03T17:51:17.148+0000] {logging_mixin.py:190} INFO - [2025-09-03T17:51:17.148+0000] {dagbag.py:588} INFO - Filling up the DagBag from /opt/airflow/dags/get_data_api.py
[2025-09-03T17:51:17.156+0000] {processor.py:925} INFO - DAG(s) 'user_automation' retrieved from /opt/airflow/dags/get_data_api.py
[2025-09-03T17:51:17.179+0000] {logging_mixin.py:190} INFO - [2025-09-03T17:51:17.179+0000] {dag.py:3239} INFO - Sync 1 DAGs
[2025-09-03T17:51:17.206+0000] {logging_mixin.py:190} INFO - [2025-09-03T17:51:17.206+0000] {dag.py:4180} INFO - Setting next_dagrun for user_automation to 2025-09-03 16:01:00+00:00, run_after=2025-09-03 17:01:00+00:00
[2025-09-03T17:51:17.227+0000] {processor.py:208} INFO - Processing /opt/airflow/dags/get_data_api.py took 0.088 seconds
[2025-09-03T17:51:48.156+0000] {processor.py:186} INFO - Started process (PID=3063) to work on /opt/airflow/dags/get_data_api.py
[2025-09-03T17:51:48.157+0000] {processor.py:914} INFO - Processing file /opt/airflow/dags/get_data_api.py for tasks to queue
[2025-09-03T17:51:48.160+0000] {logging_mixin.py:190} INFO - [2025-09-03T17:51:48.159+0000] {dagbag.py:588} INFO - Filling up the DagBag from /opt/airflow/dags/get_data_api.py
[2025-09-03T17:51:48.172+0000] {processor.py:925} INFO - DAG(s) 'user_automation' retrieved from /opt/airflow/dags/get_data_api.py
[2025-09-03T17:51:48.198+0000] {logging_mixin.py:190} INFO - [2025-09-03T17:51:48.198+0000] {dag.py:3239} INFO - Sync 1 DAGs
[2025-09-03T17:51:48.229+0000] {logging_mixin.py:190} INFO - [2025-09-03T17:51:48.228+0000] {dag.py:4180} INFO - Setting next_dagrun for user_automation to 2025-09-03 16:01:00+00:00, run_after=2025-09-03 17:01:00+00:00
[2025-09-03T17:51:48.251+0000] {processor.py:208} INFO - Processing /opt/airflow/dags/get_data_api.py took 0.100 seconds
[2025-09-03T17:52:19.262+0000] {processor.py:186} INFO - Started process (PID=3169) to work on /opt/airflow/dags/get_data_api.py
[2025-09-03T17:52:19.263+0000] {processor.py:914} INFO - Processing file /opt/airflow/dags/get_data_api.py for tasks to queue
[2025-09-03T17:52:19.266+0000] {logging_mixin.py:190} INFO - [2025-09-03T17:52:19.265+0000] {dagbag.py:588} INFO - Filling up the DagBag from /opt/airflow/dags/get_data_api.py
[2025-09-03T17:52:19.275+0000] {processor.py:925} INFO - DAG(s) 'user_automation' retrieved from /opt/airflow/dags/get_data_api.py
[2025-09-03T17:52:19.303+0000] {logging_mixin.py:190} INFO - [2025-09-03T17:52:19.303+0000] {dag.py:3239} INFO - Sync 1 DAGs
[2025-09-03T17:52:19.341+0000] {logging_mixin.py:190} INFO - [2025-09-03T17:52:19.340+0000] {dag.py:4180} INFO - Setting next_dagrun for user_automation to 2025-09-03 16:01:00+00:00, run_after=2025-09-03 17:01:00+00:00
[2025-09-03T17:52:19.363+0000] {processor.py:208} INFO - Processing /opt/airflow/dags/get_data_api.py took 0.106 seconds
[2025-09-03T17:52:50.203+0000] {processor.py:186} INFO - Started process (PID=3276) to work on /opt/airflow/dags/get_data_api.py
[2025-09-03T17:52:50.204+0000] {processor.py:914} INFO - Processing file /opt/airflow/dags/get_data_api.py for tasks to queue
[2025-09-03T17:52:50.206+0000] {logging_mixin.py:190} INFO - [2025-09-03T17:52:50.206+0000] {dagbag.py:588} INFO - Filling up the DagBag from /opt/airflow/dags/get_data_api.py
[2025-09-03T17:52:50.216+0000] {processor.py:925} INFO - DAG(s) 'user_automation' retrieved from /opt/airflow/dags/get_data_api.py
[2025-09-03T17:52:50.243+0000] {logging_mixin.py:190} INFO - [2025-09-03T17:52:50.243+0000] {dag.py:3239} INFO - Sync 1 DAGs
[2025-09-03T17:52:50.270+0000] {logging_mixin.py:190} INFO - [2025-09-03T17:52:50.270+0000] {dag.py:4180} INFO - Setting next_dagrun for user_automation to 2025-09-03 16:01:00+00:00, run_after=2025-09-03 17:01:00+00:00
[2025-09-03T17:52:50.291+0000] {processor.py:208} INFO - Processing /opt/airflow/dags/get_data_api.py took 0.096 seconds
[2025-09-03T17:53:21.348+0000] {processor.py:186} INFO - Started process (PID=3383) to work on /opt/airflow/dags/get_data_api.py
[2025-09-03T17:53:21.349+0000] {processor.py:914} INFO - Processing file /opt/airflow/dags/get_data_api.py for tasks to queue
[2025-09-03T17:53:21.352+0000] {logging_mixin.py:190} INFO - [2025-09-03T17:53:21.351+0000] {dagbag.py:588} INFO - Filling up the DagBag from /opt/airflow/dags/get_data_api.py
[2025-09-03T17:53:21.365+0000] {processor.py:925} INFO - DAG(s) 'user_automation' retrieved from /opt/airflow/dags/get_data_api.py
[2025-09-03T17:53:21.391+0000] {logging_mixin.py:190} INFO - [2025-09-03T17:53:21.390+0000] {dag.py:3239} INFO - Sync 1 DAGs
[2025-09-03T17:53:21.419+0000] {logging_mixin.py:190} INFO - [2025-09-03T17:53:21.419+0000] {dag.py:4180} INFO - Setting next_dagrun for user_automation to 2025-09-03 16:01:00+00:00, run_after=2025-09-03 17:01:00+00:00
[2025-09-03T17:53:21.444+0000] {processor.py:208} INFO - Processing /opt/airflow/dags/get_data_api.py took 0.102 seconds
[2025-09-03T17:53:52.398+0000] {processor.py:186} INFO - Started process (PID=3490) to work on /opt/airflow/dags/get_data_api.py
[2025-09-03T17:53:52.399+0000] {processor.py:914} INFO - Processing file /opt/airflow/dags/get_data_api.py for tasks to queue
[2025-09-03T17:53:52.403+0000] {logging_mixin.py:190} INFO - [2025-09-03T17:53:52.402+0000] {dagbag.py:588} INFO - Filling up the DagBag from /opt/airflow/dags/get_data_api.py
[2025-09-03T17:53:52.414+0000] {processor.py:925} INFO - DAG(s) 'user_automation' retrieved from /opt/airflow/dags/get_data_api.py
[2025-09-03T17:53:52.437+0000] {logging_mixin.py:190} INFO - [2025-09-03T17:53:52.437+0000] {dag.py:3239} INFO - Sync 1 DAGs
[2025-09-03T17:53:52.463+0000] {logging_mixin.py:190} INFO - [2025-09-03T17:53:52.463+0000] {dag.py:4180} INFO - Setting next_dagrun for user_automation to 2025-09-03 16:01:00+00:00, run_after=2025-09-03 17:01:00+00:00
[2025-09-03T17:53:52.484+0000] {processor.py:208} INFO - Processing /opt/airflow/dags/get_data_api.py took 0.093 seconds
[2025-09-03T17:54:22.866+0000] {processor.py:186} INFO - Started process (PID=3597) to work on /opt/airflow/dags/get_data_api.py
[2025-09-03T17:54:22.867+0000] {processor.py:914} INFO - Processing file /opt/airflow/dags/get_data_api.py for tasks to queue
[2025-09-03T17:54:22.870+0000] {logging_mixin.py:190} INFO - [2025-09-03T17:54:22.870+0000] {dagbag.py:588} INFO - Filling up the DagBag from /opt/airflow/dags/get_data_api.py
[2025-09-03T17:54:22.881+0000] {processor.py:925} INFO - DAG(s) 'user_automation' retrieved from /opt/airflow/dags/get_data_api.py
[2025-09-03T17:54:22.905+0000] {logging_mixin.py:190} INFO - [2025-09-03T17:54:22.904+0000] {dag.py:3239} INFO - Sync 1 DAGs
[2025-09-03T17:54:22.927+0000] {logging_mixin.py:190} INFO - [2025-09-03T17:54:22.926+0000] {dag.py:4180} INFO - Setting next_dagrun for user_automation to 2025-09-03 16:01:00+00:00, run_after=2025-09-03 17:01:00+00:00
[2025-09-03T17:54:22.944+0000] {processor.py:208} INFO - Processing /opt/airflow/dags/get_data_api.py took 0.083 seconds
[2025-09-03T17:55:57.650+0000] {processor.py:186} INFO - Started process (PID=284) to work on /opt/airflow/dags/get_data_api.py
[2025-09-03T17:55:57.652+0000] {processor.py:914} INFO - Processing file /opt/airflow/dags/get_data_api.py for tasks to queue
[2025-09-03T17:55:57.655+0000] {logging_mixin.py:190} INFO - [2025-09-03T17:55:57.654+0000] {dagbag.py:588} INFO - Filling up the DagBag from /opt/airflow/dags/get_data_api.py
[2025-09-03T17:55:57.668+0000] {processor.py:925} INFO - DAG(s) 'user_automation' retrieved from /opt/airflow/dags/get_data_api.py
[2025-09-03T17:55:57.701+0000] {logging_mixin.py:190} INFO - [2025-09-03T17:55:57.701+0000] {dag.py:3239} INFO - Sync 1 DAGs
[2025-09-03T17:55:57.737+0000] {logging_mixin.py:190} INFO - [2025-09-03T17:55:57.737+0000] {dag.py:4180} INFO - Setting next_dagrun for user_automation to 2025-09-03 16:01:00+00:00, run_after=2025-09-03 17:01:00+00:00
[2025-09-03T17:55:57.755+0000] {processor.py:208} INFO - Processing /opt/airflow/dags/get_data_api.py took 0.112 seconds
[2025-09-03T17:56:28.162+0000] {processor.py:186} INFO - Started process (PID=392) to work on /opt/airflow/dags/get_data_api.py
[2025-09-03T17:56:28.164+0000] {processor.py:914} INFO - Processing file /opt/airflow/dags/get_data_api.py for tasks to queue
[2025-09-03T17:56:28.166+0000] {logging_mixin.py:190} INFO - [2025-09-03T17:56:28.165+0000] {dagbag.py:588} INFO - Filling up the DagBag from /opt/airflow/dags/get_data_api.py
[2025-09-03T17:56:28.179+0000] {processor.py:925} INFO - DAG(s) 'user_automation' retrieved from /opt/airflow/dags/get_data_api.py
[2025-09-03T17:56:28.210+0000] {logging_mixin.py:190} INFO - [2025-09-03T17:56:28.210+0000] {dag.py:3239} INFO - Sync 1 DAGs
[2025-09-03T17:56:28.248+0000] {logging_mixin.py:190} INFO - [2025-09-03T17:56:28.248+0000] {dag.py:4180} INFO - Setting next_dagrun for user_automation to 2025-09-03 16:01:00+00:00, run_after=2025-09-03 17:01:00+00:00
[2025-09-03T17:56:28.278+0000] {processor.py:208} INFO - Processing /opt/airflow/dags/get_data_api.py took 0.123 seconds
[2025-09-03T17:56:59.314+0000] {processor.py:186} INFO - Started process (PID=499) to work on /opt/airflow/dags/get_data_api.py
[2025-09-03T17:56:59.316+0000] {processor.py:914} INFO - Processing file /opt/airflow/dags/get_data_api.py for tasks to queue
[2025-09-03T17:56:59.320+0000] {logging_mixin.py:190} INFO - [2025-09-03T17:56:59.320+0000] {dagbag.py:588} INFO - Filling up the DagBag from /opt/airflow/dags/get_data_api.py
[2025-09-03T17:56:59.332+0000] {processor.py:925} INFO - DAG(s) 'user_automation' retrieved from /opt/airflow/dags/get_data_api.py
[2025-09-03T17:56:59.359+0000] {logging_mixin.py:190} INFO - [2025-09-03T17:56:59.359+0000] {dag.py:3239} INFO - Sync 1 DAGs
[2025-09-03T17:56:59.390+0000] {logging_mixin.py:190} INFO - [2025-09-03T17:56:59.390+0000] {dag.py:4180} INFO - Setting next_dagrun for user_automation to 2025-09-03 16:01:00+00:00, run_after=2025-09-03 17:01:00+00:00
[2025-09-03T17:56:59.412+0000] {processor.py:208} INFO - Processing /opt/airflow/dags/get_data_api.py took 0.105 seconds
[2025-09-03T17:57:30.371+0000] {processor.py:186} INFO - Started process (PID=606) to work on /opt/airflow/dags/get_data_api.py
[2025-09-03T17:57:30.372+0000] {processor.py:914} INFO - Processing file /opt/airflow/dags/get_data_api.py for tasks to queue
[2025-09-03T17:57:30.376+0000] {logging_mixin.py:190} INFO - [2025-09-03T17:57:30.375+0000] {dagbag.py:588} INFO - Filling up the DagBag from /opt/airflow/dags/get_data_api.py
[2025-09-03T17:57:30.389+0000] {processor.py:925} INFO - DAG(s) 'user_automation' retrieved from /opt/airflow/dags/get_data_api.py
[2025-09-03T17:57:30.413+0000] {logging_mixin.py:190} INFO - [2025-09-03T17:57:30.412+0000] {dag.py:3239} INFO - Sync 1 DAGs
[2025-09-03T17:57:30.437+0000] {logging_mixin.py:190} INFO - [2025-09-03T17:57:30.437+0000] {dag.py:4180} INFO - Setting next_dagrun for user_automation to 2025-09-03 16:01:00+00:00, run_after=2025-09-03 17:01:00+00:00
[2025-09-03T17:57:30.456+0000] {processor.py:208} INFO - Processing /opt/airflow/dags/get_data_api.py took 0.092 seconds
[2025-09-03T17:58:00.821+0000] {processor.py:186} INFO - Started process (PID=713) to work on /opt/airflow/dags/get_data_api.py
[2025-09-03T17:58:00.822+0000] {processor.py:914} INFO - Processing file /opt/airflow/dags/get_data_api.py for tasks to queue
[2025-09-03T17:58:00.825+0000] {logging_mixin.py:190} INFO - [2025-09-03T17:58:00.825+0000] {dagbag.py:588} INFO - Filling up the DagBag from /opt/airflow/dags/get_data_api.py
[2025-09-03T17:58:00.833+0000] {processor.py:925} INFO - DAG(s) 'user_automation' retrieved from /opt/airflow/dags/get_data_api.py
[2025-09-03T17:58:00.857+0000] {logging_mixin.py:190} INFO - [2025-09-03T17:58:00.857+0000] {dag.py:3239} INFO - Sync 1 DAGs
[2025-09-03T17:58:00.883+0000] {logging_mixin.py:190} INFO - [2025-09-03T17:58:00.883+0000] {dag.py:4180} INFO - Setting next_dagrun for user_automation to 2025-09-03 16:01:00+00:00, run_after=2025-09-03 17:01:00+00:00
[2025-09-03T17:58:00.900+0000] {processor.py:208} INFO - Processing /opt/airflow/dags/get_data_api.py took 0.086 seconds
[2025-09-03T17:58:31.999+0000] {processor.py:186} INFO - Started process (PID=820) to work on /opt/airflow/dags/get_data_api.py
[2025-09-03T17:58:32.000+0000] {processor.py:914} INFO - Processing file /opt/airflow/dags/get_data_api.py for tasks to queue
[2025-09-03T17:58:32.002+0000] {logging_mixin.py:190} INFO - [2025-09-03T17:58:32.002+0000] {dagbag.py:588} INFO - Filling up the DagBag from /opt/airflow/dags/get_data_api.py
[2025-09-03T17:58:32.010+0000] {processor.py:925} INFO - DAG(s) 'user_automation' retrieved from /opt/airflow/dags/get_data_api.py
[2025-09-03T17:58:32.035+0000] {logging_mixin.py:190} INFO - [2025-09-03T17:58:32.035+0000] {dag.py:3239} INFO - Sync 1 DAGs
[2025-09-03T17:58:32.070+0000] {logging_mixin.py:190} INFO - [2025-09-03T17:58:32.070+0000] {dag.py:4180} INFO - Setting next_dagrun for user_automation to 2025-09-03 16:01:00+00:00, run_after=2025-09-03 17:01:00+00:00
[2025-09-03T17:58:32.093+0000] {processor.py:208} INFO - Processing /opt/airflow/dags/get_data_api.py took 0.101 seconds
[2025-09-03T17:59:03.272+0000] {processor.py:186} INFO - Started process (PID=927) to work on /opt/airflow/dags/get_data_api.py
[2025-09-03T17:59:03.273+0000] {processor.py:914} INFO - Processing file /opt/airflow/dags/get_data_api.py for tasks to queue
[2025-09-03T17:59:03.276+0000] {logging_mixin.py:190} INFO - [2025-09-03T17:59:03.276+0000] {dagbag.py:588} INFO - Filling up the DagBag from /opt/airflow/dags/get_data_api.py
[2025-09-03T17:59:03.288+0000] {processor.py:925} INFO - DAG(s) 'user_automation' retrieved from /opt/airflow/dags/get_data_api.py
[2025-09-03T17:59:03.309+0000] {logging_mixin.py:190} INFO - [2025-09-03T17:59:03.309+0000] {dag.py:3239} INFO - Sync 1 DAGs
[2025-09-03T17:59:03.335+0000] {logging_mixin.py:190} INFO - [2025-09-03T17:59:03.335+0000] {dag.py:4180} INFO - Setting next_dagrun for user_automation to 2025-09-03 16:01:00+00:00, run_after=2025-09-03 17:01:00+00:00
[2025-09-03T17:59:03.354+0000] {processor.py:208} INFO - Processing /opt/airflow/dags/get_data_api.py took 0.088 seconds
[2025-09-03T17:59:34.524+0000] {processor.py:186} INFO - Started process (PID=1034) to work on /opt/airflow/dags/get_data_api.py
[2025-09-03T17:59:34.525+0000] {processor.py:914} INFO - Processing file /opt/airflow/dags/get_data_api.py for tasks to queue
[2025-09-03T17:59:34.529+0000] {logging_mixin.py:190} INFO - [2025-09-03T17:59:34.528+0000] {dagbag.py:588} INFO - Filling up the DagBag from /opt/airflow/dags/get_data_api.py
[2025-09-03T17:59:34.536+0000] {processor.py:925} INFO - DAG(s) 'user_automation' retrieved from /opt/airflow/dags/get_data_api.py
[2025-09-03T17:59:34.567+0000] {logging_mixin.py:190} INFO - [2025-09-03T17:59:34.566+0000] {dag.py:3239} INFO - Sync 1 DAGs
[2025-09-03T17:59:34.597+0000] {logging_mixin.py:190} INFO - [2025-09-03T17:59:34.597+0000] {dag.py:4180} INFO - Setting next_dagrun for user_automation to 2025-09-03 16:01:00+00:00, run_after=2025-09-03 17:01:00+00:00
[2025-09-03T17:59:34.616+0000] {processor.py:208} INFO - Processing /opt/airflow/dags/get_data_api.py took 0.098 seconds
[2025-09-03T18:00:05.436+0000] {processor.py:186} INFO - Started process (PID=1143) to work on /opt/airflow/dags/get_data_api.py
[2025-09-03T18:00:05.437+0000] {processor.py:914} INFO - Processing file /opt/airflow/dags/get_data_api.py for tasks to queue
[2025-09-03T18:00:05.439+0000] {logging_mixin.py:190} INFO - [2025-09-03T18:00:05.439+0000] {dagbag.py:588} INFO - Filling up the DagBag from /opt/airflow/dags/get_data_api.py
[2025-09-03T18:00:05.447+0000] {processor.py:925} INFO - DAG(s) 'user_automation' retrieved from /opt/airflow/dags/get_data_api.py
[2025-09-03T18:00:05.466+0000] {logging_mixin.py:190} INFO - [2025-09-03T18:00:05.466+0000] {dag.py:3239} INFO - Sync 1 DAGs
[2025-09-03T18:00:05.490+0000] {logging_mixin.py:190} INFO - [2025-09-03T18:00:05.489+0000] {dag.py:4180} INFO - Setting next_dagrun for user_automation to 2025-09-03 16:01:00+00:00, run_after=2025-09-03 17:01:00+00:00
[2025-09-03T18:00:05.505+0000] {processor.py:208} INFO - Processing /opt/airflow/dags/get_data_api.py took 0.077 seconds
[2025-09-03T18:00:36.158+0000] {processor.py:186} INFO - Started process (PID=1248) to work on /opt/airflow/dags/get_data_api.py
[2025-09-03T18:00:36.159+0000] {processor.py:914} INFO - Processing file /opt/airflow/dags/get_data_api.py for tasks to queue
[2025-09-03T18:00:36.161+0000] {logging_mixin.py:190} INFO - [2025-09-03T18:00:36.161+0000] {dagbag.py:588} INFO - Filling up the DagBag from /opt/airflow/dags/get_data_api.py
[2025-09-03T18:00:36.179+0000] {processor.py:925} INFO - DAG(s) 'user_automation' retrieved from /opt/airflow/dags/get_data_api.py
[2025-09-03T18:00:36.209+0000] {logging_mixin.py:190} INFO - [2025-09-03T18:00:36.208+0000] {dag.py:3239} INFO - Sync 1 DAGs
[2025-09-03T18:00:36.235+0000] {logging_mixin.py:190} INFO - [2025-09-03T18:00:36.234+0000] {dag.py:4180} INFO - Setting next_dagrun for user_automation to 2025-09-03 16:01:00+00:00, run_after=2025-09-03 17:01:00+00:00
[2025-09-03T18:00:36.257+0000] {processor.py:208} INFO - Processing /opt/airflow/dags/get_data_api.py took 0.106 seconds
[2025-09-03T18:01:06.988+0000] {processor.py:186} INFO - Started process (PID=1355) to work on /opt/airflow/dags/get_data_api.py
[2025-09-03T18:01:06.990+0000] {processor.py:914} INFO - Processing file /opt/airflow/dags/get_data_api.py for tasks to queue
[2025-09-03T18:01:06.994+0000] {logging_mixin.py:190} INFO - [2025-09-03T18:01:06.993+0000] {dagbag.py:588} INFO - Filling up the DagBag from /opt/airflow/dags/get_data_api.py
[2025-09-03T18:01:07.013+0000] {processor.py:925} INFO - DAG(s) 'user_automation' retrieved from /opt/airflow/dags/get_data_api.py
[2025-09-03T18:01:07.041+0000] {logging_mixin.py:190} INFO - [2025-09-03T18:01:07.041+0000] {dag.py:3239} INFO - Sync 1 DAGs
[2025-09-03T18:01:07.079+0000] {logging_mixin.py:190} INFO - [2025-09-03T18:01:07.078+0000] {dag.py:4180} INFO - Setting next_dagrun for user_automation to 2025-09-03 17:01:00+00:00, run_after=2025-09-03 18:01:00+00:00
[2025-09-03T18:01:07.101+0000] {processor.py:208} INFO - Processing /opt/airflow/dags/get_data_api.py took 0.120 seconds
[2025-09-03T18:01:37.740+0000] {processor.py:186} INFO - Started process (PID=1462) to work on /opt/airflow/dags/get_data_api.py
[2025-09-03T18:01:37.741+0000] {processor.py:914} INFO - Processing file /opt/airflow/dags/get_data_api.py for tasks to queue
[2025-09-03T18:01:37.742+0000] {logging_mixin.py:190} INFO - [2025-09-03T18:01:37.742+0000] {dagbag.py:588} INFO - Filling up the DagBag from /opt/airflow/dags/get_data_api.py
[2025-09-03T18:01:37.751+0000] {processor.py:925} INFO - DAG(s) 'user_automation' retrieved from /opt/airflow/dags/get_data_api.py
[2025-09-03T18:01:37.774+0000] {logging_mixin.py:190} INFO - [2025-09-03T18:01:37.774+0000] {dag.py:3239} INFO - Sync 1 DAGs
[2025-09-03T18:01:37.800+0000] {logging_mixin.py:190} INFO - [2025-09-03T18:01:37.800+0000] {dag.py:4180} INFO - Setting next_dagrun for user_automation to 2025-09-03 17:01:00+00:00, run_after=2025-09-03 18:01:00+00:00
[2025-09-03T18:01:37.818+0000] {processor.py:208} INFO - Processing /opt/airflow/dags/get_data_api.py took 0.086 seconds
[2025-09-03T18:02:08.468+0000] {processor.py:186} INFO - Started process (PID=1569) to work on /opt/airflow/dags/get_data_api.py
[2025-09-03T18:02:08.470+0000] {processor.py:914} INFO - Processing file /opt/airflow/dags/get_data_api.py for tasks to queue
[2025-09-03T18:02:08.473+0000] {logging_mixin.py:190} INFO - [2025-09-03T18:02:08.472+0000] {dagbag.py:588} INFO - Filling up the DagBag from /opt/airflow/dags/get_data_api.py
[2025-09-03T18:02:08.482+0000] {processor.py:925} INFO - DAG(s) 'user_automation' retrieved from /opt/airflow/dags/get_data_api.py
[2025-09-03T18:02:08.508+0000] {logging_mixin.py:190} INFO - [2025-09-03T18:02:08.507+0000] {dag.py:3239} INFO - Sync 1 DAGs
[2025-09-03T18:02:08.538+0000] {logging_mixin.py:190} INFO - [2025-09-03T18:02:08.538+0000] {dag.py:4180} INFO - Setting next_dagrun for user_automation to 2025-09-03 17:01:00+00:00, run_after=2025-09-03 18:01:00+00:00
[2025-09-03T18:02:08.559+0000] {processor.py:208} INFO - Processing /opt/airflow/dags/get_data_api.py took 0.097 seconds
[2025-09-03T18:02:39.137+0000] {processor.py:186} INFO - Started process (PID=1676) to work on /opt/airflow/dags/get_data_api.py
[2025-09-03T18:02:39.138+0000] {processor.py:914} INFO - Processing file /opt/airflow/dags/get_data_api.py for tasks to queue
[2025-09-03T18:02:39.140+0000] {logging_mixin.py:190} INFO - [2025-09-03T18:02:39.140+0000] {dagbag.py:588} INFO - Filling up the DagBag from /opt/airflow/dags/get_data_api.py
[2025-09-03T18:02:39.150+0000] {processor.py:925} INFO - DAG(s) 'user_automation' retrieved from /opt/airflow/dags/get_data_api.py
[2025-09-03T18:02:39.183+0000] {logging_mixin.py:190} INFO - [2025-09-03T18:02:39.183+0000] {dag.py:3239} INFO - Sync 1 DAGs
[2025-09-03T18:02:39.209+0000] {logging_mixin.py:190} INFO - [2025-09-03T18:02:39.209+0000] {dag.py:4180} INFO - Setting next_dagrun for user_automation to 2025-09-03 17:01:00+00:00, run_after=2025-09-03 18:01:00+00:00
[2025-09-03T18:02:39.226+0000] {processor.py:208} INFO - Processing /opt/airflow/dags/get_data_api.py took 0.094 seconds
[2025-09-03T18:03:09.766+0000] {processor.py:186} INFO - Started process (PID=1783) to work on /opt/airflow/dags/get_data_api.py
[2025-09-03T18:03:09.768+0000] {processor.py:914} INFO - Processing file /opt/airflow/dags/get_data_api.py for tasks to queue
[2025-09-03T18:03:09.771+0000] {logging_mixin.py:190} INFO - [2025-09-03T18:03:09.770+0000] {dagbag.py:588} INFO - Filling up the DagBag from /opt/airflow/dags/get_data_api.py
[2025-09-03T18:03:09.782+0000] {processor.py:925} INFO - DAG(s) 'user_automation' retrieved from /opt/airflow/dags/get_data_api.py
[2025-09-03T18:03:09.805+0000] {logging_mixin.py:190} INFO - [2025-09-03T18:03:09.805+0000] {dag.py:3239} INFO - Sync 1 DAGs
[2025-09-03T18:03:09.831+0000] {logging_mixin.py:190} INFO - [2025-09-03T18:03:09.831+0000] {dag.py:4180} INFO - Setting next_dagrun for user_automation to 2025-09-03 17:01:00+00:00, run_after=2025-09-03 18:01:00+00:00
[2025-09-03T18:03:09.848+0000] {processor.py:208} INFO - Processing /opt/airflow/dags/get_data_api.py took 0.086 seconds
[2025-09-03T18:03:40.518+0000] {processor.py:186} INFO - Started process (PID=1890) to work on /opt/airflow/dags/get_data_api.py
[2025-09-03T18:03:40.519+0000] {processor.py:914} INFO - Processing file /opt/airflow/dags/get_data_api.py for tasks to queue
[2025-09-03T18:03:40.522+0000] {logging_mixin.py:190} INFO - [2025-09-03T18:03:40.522+0000] {dagbag.py:588} INFO - Filling up the DagBag from /opt/airflow/dags/get_data_api.py
[2025-09-03T18:03:40.536+0000] {processor.py:925} INFO - DAG(s) 'user_automation' retrieved from /opt/airflow/dags/get_data_api.py
[2025-09-03T18:03:40.559+0000] {logging_mixin.py:190} INFO - [2025-09-03T18:03:40.559+0000] {dag.py:3239} INFO - Sync 1 DAGs
[2025-09-03T18:03:40.585+0000] {logging_mixin.py:190} INFO - [2025-09-03T18:03:40.585+0000] {dag.py:4180} INFO - Setting next_dagrun for user_automation to 2025-09-03 17:01:00+00:00, run_after=2025-09-03 18:01:00+00:00
[2025-09-03T18:03:40.600+0000] {processor.py:208} INFO - Processing /opt/airflow/dags/get_data_api.py took 0.090 seconds
