[2025-09-03T17:38:25.339+0000] {processor.py:186} INFO - Started process (PID=207) to work on /opt/airflow/dags/hanger_line_daily_transform.py
[2025-09-03T17:38:25.343+0000] {processor.py:914} INFO - Processing file /opt/airflow/dags/hanger_line_daily_transform.py for tasks to queue
[2025-09-03T17:38:25.347+0000] {logging_mixin.py:190} INFO - [2025-09-03T17:38:25.346+0000] {dagbag.py:588} INFO - Filling up the DagBag from /opt/airflow/dags/hanger_line_daily_transform.py
[2025-09-03T17:38:25.353+0000] {logging_mixin.py:190} INFO - Error importing functions from hanger_line_transform.py: No module named 'hanger_line_transform'
[2025-09-03T17:38:25.368+0000] {processor.py:925} INFO - DAG(s) 'hanger_line_daily_transform' retrieved from /opt/airflow/dags/hanger_line_daily_transform.py
[2025-09-03T17:38:25.667+0000] {logging_mixin.py:190} INFO - [2025-09-03T17:38:25.667+0000] {override.py:1930} INFO - Created Permission View: can delete on DAG:hanger_line_daily_transform
[2025-09-03T17:38:25.688+0000] {logging_mixin.py:190} INFO - [2025-09-03T17:38:25.688+0000] {override.py:1930} INFO - Created Permission View: can edit on DAG:hanger_line_daily_transform
[2025-09-03T17:38:25.701+0000] {logging_mixin.py:190} INFO - [2025-09-03T17:38:25.701+0000] {override.py:1930} INFO - Created Permission View: can read on DAG:hanger_line_daily_transform
[2025-09-03T17:38:25.721+0000] {logging_mixin.py:190} INFO - [2025-09-03T17:38:25.721+0000] {override.py:1930} INFO - Created Permission View: can delete on DAG Run:hanger_line_daily_transform
[2025-09-03T17:38:25.736+0000] {logging_mixin.py:190} INFO - [2025-09-03T17:38:25.736+0000] {override.py:1930} INFO - Created Permission View: can create on DAG Run:hanger_line_daily_transform
[2025-09-03T17:38:25.749+0000] {logging_mixin.py:190} INFO - [2025-09-03T17:38:25.748+0000] {override.py:1930} INFO - Created Permission View: menu access on DAG Run:hanger_line_daily_transform
[2025-09-03T17:38:25.759+0000] {logging_mixin.py:190} INFO - [2025-09-03T17:38:25.759+0000] {override.py:1930} INFO - Created Permission View: can read on DAG Run:hanger_line_daily_transform
[2025-09-03T17:38:25.760+0000] {logging_mixin.py:190} INFO - [2025-09-03T17:38:25.760+0000] {dag.py:3239} INFO - Sync 1 DAGs
[2025-09-03T17:38:25.784+0000] {logging_mixin.py:190} INFO - [2025-09-03T17:38:25.784+0000] {dag.py:3262} INFO - Creating ORM DAG for hanger_line_daily_transform
[2025-09-03T17:38:25.803+0000] {logging_mixin.py:190} INFO - [2025-09-03T17:38:25.803+0000] {dag.py:4180} INFO - Setting next_dagrun for hanger_line_daily_transform to 2025-09-01 21:00:00+00:00, run_after=2025-09-02 21:00:00+00:00
[2025-09-03T17:38:25.838+0000] {processor.py:208} INFO - Processing /opt/airflow/dags/hanger_line_daily_transform.py took 0.510 seconds
[2025-09-03T17:38:55.991+0000] {processor.py:186} INFO - Started process (PID=320) to work on /opt/airflow/dags/hanger_line_daily_transform.py
[2025-09-03T17:38:55.992+0000] {processor.py:914} INFO - Processing file /opt/airflow/dags/hanger_line_daily_transform.py for tasks to queue
[2025-09-03T17:38:55.994+0000] {logging_mixin.py:190} INFO - [2025-09-03T17:38:55.994+0000] {dagbag.py:588} INFO - Filling up the DagBag from /opt/airflow/dags/hanger_line_daily_transform.py
[2025-09-03T17:38:55.998+0000] {logging_mixin.py:190} INFO - Error importing functions from hanger_line_transform.py: No module named 'hanger_line_transform'
[2025-09-03T17:38:56.008+0000] {processor.py:925} INFO - DAG(s) 'hanger_line_daily_transform' retrieved from /opt/airflow/dags/hanger_line_daily_transform.py
[2025-09-03T17:38:56.037+0000] {logging_mixin.py:190} INFO - [2025-09-03T17:38:56.037+0000] {dag.py:3239} INFO - Sync 1 DAGs
[2025-09-03T17:38:56.057+0000] {logging_mixin.py:190} INFO - [2025-09-03T17:38:56.056+0000] {dag.py:4180} INFO - Setting next_dagrun for hanger_line_daily_transform to 2025-09-01 21:00:00+00:00, run_after=2025-09-02 21:00:00+00:00
[2025-09-03T17:38:56.077+0000] {processor.py:208} INFO - Processing /opt/airflow/dags/hanger_line_daily_transform.py took 0.094 seconds
[2025-09-03T17:39:27.004+0000] {processor.py:186} INFO - Started process (PID=427) to work on /opt/airflow/dags/hanger_line_daily_transform.py
[2025-09-03T17:39:27.006+0000] {processor.py:914} INFO - Processing file /opt/airflow/dags/hanger_line_daily_transform.py for tasks to queue
[2025-09-03T17:39:27.008+0000] {logging_mixin.py:190} INFO - [2025-09-03T17:39:27.008+0000] {dagbag.py:588} INFO - Filling up the DagBag from /opt/airflow/dags/hanger_line_daily_transform.py
[2025-09-03T17:39:27.011+0000] {logging_mixin.py:190} INFO - Error importing functions from hanger_line_transform.py: No module named 'hanger_line_transform'
[2025-09-03T17:39:27.018+0000] {processor.py:925} INFO - DAG(s) 'hanger_line_daily_transform' retrieved from /opt/airflow/dags/hanger_line_daily_transform.py
[2025-09-03T17:39:27.042+0000] {logging_mixin.py:190} INFO - [2025-09-03T17:39:27.042+0000] {dag.py:3239} INFO - Sync 1 DAGs
[2025-09-03T17:39:27.075+0000] {logging_mixin.py:190} INFO - [2025-09-03T17:39:27.075+0000] {dag.py:4180} INFO - Setting next_dagrun for hanger_line_daily_transform to 2025-09-01 21:00:00+00:00, run_after=2025-09-02 21:00:00+00:00
[2025-09-03T17:39:27.096+0000] {processor.py:208} INFO - Processing /opt/airflow/dags/hanger_line_daily_transform.py took 0.097 seconds
[2025-09-03T17:39:57.974+0000] {processor.py:186} INFO - Started process (PID=534) to work on /opt/airflow/dags/hanger_line_daily_transform.py
[2025-09-03T17:39:57.975+0000] {processor.py:914} INFO - Processing file /opt/airflow/dags/hanger_line_daily_transform.py for tasks to queue
[2025-09-03T17:39:57.979+0000] {logging_mixin.py:190} INFO - [2025-09-03T17:39:57.978+0000] {dagbag.py:588} INFO - Filling up the DagBag from /opt/airflow/dags/hanger_line_daily_transform.py
[2025-09-03T17:39:57.983+0000] {logging_mixin.py:190} INFO - Error importing functions from hanger_line_transform.py: No module named 'hanger_line_transform'
[2025-09-03T17:39:57.992+0000] {processor.py:925} INFO - DAG(s) 'hanger_line_daily_transform' retrieved from /opt/airflow/dags/hanger_line_daily_transform.py
[2025-09-03T17:39:58.027+0000] {logging_mixin.py:190} INFO - [2025-09-03T17:39:58.027+0000] {dag.py:3239} INFO - Sync 1 DAGs
[2025-09-03T17:39:58.056+0000] {logging_mixin.py:190} INFO - [2025-09-03T17:39:58.056+0000] {dag.py:4180} INFO - Setting next_dagrun for hanger_line_daily_transform to 2025-09-01 21:00:00+00:00, run_after=2025-09-02 21:00:00+00:00
[2025-09-03T17:39:58.077+0000] {processor.py:208} INFO - Processing /opt/airflow/dags/hanger_line_daily_transform.py took 0.111 seconds
[2025-09-03T17:40:29.080+0000] {processor.py:186} INFO - Started process (PID=640) to work on /opt/airflow/dags/hanger_line_daily_transform.py
[2025-09-03T17:40:29.081+0000] {processor.py:914} INFO - Processing file /opt/airflow/dags/hanger_line_daily_transform.py for tasks to queue
[2025-09-03T17:40:29.084+0000] {logging_mixin.py:190} INFO - [2025-09-03T17:40:29.083+0000] {dagbag.py:588} INFO - Filling up the DagBag from /opt/airflow/dags/hanger_line_daily_transform.py
[2025-09-03T17:40:29.087+0000] {logging_mixin.py:190} INFO - Error importing functions from hanger_line_transform.py: No module named 'hanger_line_transform'
[2025-09-03T17:40:29.097+0000] {processor.py:925} INFO - DAG(s) 'hanger_line_daily_transform' retrieved from /opt/airflow/dags/hanger_line_daily_transform.py
[2025-09-03T17:40:29.130+0000] {logging_mixin.py:190} INFO - [2025-09-03T17:40:29.130+0000] {dag.py:3239} INFO - Sync 1 DAGs
[2025-09-03T17:40:29.166+0000] {logging_mixin.py:190} INFO - [2025-09-03T17:40:29.166+0000] {dag.py:4180} INFO - Setting next_dagrun for hanger_line_daily_transform to 2025-09-01 21:00:00+00:00, run_after=2025-09-02 21:00:00+00:00
[2025-09-03T17:40:29.318+0000] {processor.py:208} INFO - Processing /opt/airflow/dags/hanger_line_daily_transform.py took 0.245 seconds
[2025-09-03T17:41:00.188+0000] {processor.py:186} INFO - Started process (PID=747) to work on /opt/airflow/dags/hanger_line_daily_transform.py
[2025-09-03T17:41:00.189+0000] {processor.py:914} INFO - Processing file /opt/airflow/dags/hanger_line_daily_transform.py for tasks to queue
[2025-09-03T17:41:00.192+0000] {logging_mixin.py:190} INFO - [2025-09-03T17:41:00.191+0000] {dagbag.py:588} INFO - Filling up the DagBag from /opt/airflow/dags/hanger_line_daily_transform.py
[2025-09-03T17:41:00.195+0000] {logging_mixin.py:190} INFO - Error importing functions from hanger_line_transform.py: No module named 'hanger_line_transform'
[2025-09-03T17:41:00.203+0000] {processor.py:925} INFO - DAG(s) 'hanger_line_daily_transform' retrieved from /opt/airflow/dags/hanger_line_daily_transform.py
[2025-09-03T17:41:00.226+0000] {logging_mixin.py:190} INFO - [2025-09-03T17:41:00.226+0000] {dag.py:3239} INFO - Sync 1 DAGs
[2025-09-03T17:41:00.257+0000] {logging_mixin.py:190} INFO - [2025-09-03T17:41:00.256+0000] {dag.py:4180} INFO - Setting next_dagrun for hanger_line_daily_transform to 2025-09-01 21:00:00+00:00, run_after=2025-09-02 21:00:00+00:00
[2025-09-03T17:41:00.277+0000] {processor.py:208} INFO - Processing /opt/airflow/dags/hanger_line_daily_transform.py took 0.095 seconds
[2025-09-03T17:41:30.815+0000] {processor.py:186} INFO - Started process (PID=853) to work on /opt/airflow/dags/hanger_line_daily_transform.py
[2025-09-03T17:41:30.816+0000] {processor.py:914} INFO - Processing file /opt/airflow/dags/hanger_line_daily_transform.py for tasks to queue
[2025-09-03T17:41:30.819+0000] {logging_mixin.py:190} INFO - [2025-09-03T17:41:30.819+0000] {dagbag.py:588} INFO - Filling up the DagBag from /opt/airflow/dags/hanger_line_daily_transform.py
[2025-09-03T17:41:30.823+0000] {logging_mixin.py:190} INFO - Error importing functions from hanger_line_transform.py: No module named 'hanger_line_transform'
[2025-09-03T17:41:30.831+0000] {processor.py:925} INFO - DAG(s) 'hanger_line_daily_transform' retrieved from /opt/airflow/dags/hanger_line_daily_transform.py
[2025-09-03T17:41:30.861+0000] {logging_mixin.py:190} INFO - [2025-09-03T17:41:30.861+0000] {dag.py:3239} INFO - Sync 1 DAGs
[2025-09-03T17:41:30.887+0000] {logging_mixin.py:190} INFO - [2025-09-03T17:41:30.887+0000] {dag.py:4180} INFO - Setting next_dagrun for hanger_line_daily_transform to 2025-09-01 21:00:00+00:00, run_after=2025-09-02 21:00:00+00:00
[2025-09-03T17:41:30.907+0000] {processor.py:208} INFO - Processing /opt/airflow/dags/hanger_line_daily_transform.py took 0.099 seconds
[2025-09-03T17:42:01.482+0000] {processor.py:186} INFO - Started process (PID=960) to work on /opt/airflow/dags/hanger_line_daily_transform.py
[2025-09-03T17:42:01.483+0000] {processor.py:914} INFO - Processing file /opt/airflow/dags/hanger_line_daily_transform.py for tasks to queue
[2025-09-03T17:42:01.486+0000] {logging_mixin.py:190} INFO - [2025-09-03T17:42:01.485+0000] {dagbag.py:588} INFO - Filling up the DagBag from /opt/airflow/dags/hanger_line_daily_transform.py
[2025-09-03T17:42:01.490+0000] {logging_mixin.py:190} INFO - Error importing functions from hanger_line_transform.py: No module named 'hanger_line_transform'
[2025-09-03T17:42:01.501+0000] {processor.py:925} INFO - DAG(s) 'hanger_line_daily_transform' retrieved from /opt/airflow/dags/hanger_line_daily_transform.py
[2025-09-03T17:42:01.537+0000] {logging_mixin.py:190} INFO - [2025-09-03T17:42:01.536+0000] {dag.py:3239} INFO - Sync 1 DAGs
[2025-09-03T17:42:01.580+0000] {logging_mixin.py:190} INFO - [2025-09-03T17:42:01.580+0000] {dag.py:4180} INFO - Setting next_dagrun for hanger_line_daily_transform to 2025-09-01 21:00:00+00:00, run_after=2025-09-02 21:00:00+00:00
[2025-09-03T17:42:01.618+0000] {processor.py:208} INFO - Processing /opt/airflow/dags/hanger_line_daily_transform.py took 0.141 seconds
[2025-09-03T17:42:32.224+0000] {processor.py:186} INFO - Started process (PID=1067) to work on /opt/airflow/dags/hanger_line_daily_transform.py
[2025-09-03T17:42:32.225+0000] {processor.py:914} INFO - Processing file /opt/airflow/dags/hanger_line_daily_transform.py for tasks to queue
[2025-09-03T17:42:32.228+0000] {logging_mixin.py:190} INFO - [2025-09-03T17:42:32.228+0000] {dagbag.py:588} INFO - Filling up the DagBag from /opt/airflow/dags/hanger_line_daily_transform.py
[2025-09-03T17:42:32.237+0000] {logging_mixin.py:190} INFO - Error importing functions from hanger_line_transform.py: No module named 'hanger_line_transform'
[2025-09-03T17:42:32.248+0000] {processor.py:925} INFO - DAG(s) 'hanger_line_daily_transform' retrieved from /opt/airflow/dags/hanger_line_daily_transform.py
[2025-09-03T17:42:32.274+0000] {logging_mixin.py:190} INFO - [2025-09-03T17:42:32.274+0000] {dag.py:3239} INFO - Sync 1 DAGs
[2025-09-03T17:42:32.306+0000] {logging_mixin.py:190} INFO - [2025-09-03T17:42:32.306+0000] {dag.py:4180} INFO - Setting next_dagrun for hanger_line_daily_transform to 2025-09-01 21:00:00+00:00, run_after=2025-09-02 21:00:00+00:00
[2025-09-03T17:42:32.325+0000] {processor.py:208} INFO - Processing /opt/airflow/dags/hanger_line_daily_transform.py took 0.106 seconds
[2025-09-03T17:43:02.947+0000] {processor.py:186} INFO - Started process (PID=1174) to work on /opt/airflow/dags/hanger_line_daily_transform.py
[2025-09-03T17:43:02.948+0000] {processor.py:914} INFO - Processing file /opt/airflow/dags/hanger_line_daily_transform.py for tasks to queue
[2025-09-03T17:43:02.950+0000] {logging_mixin.py:190} INFO - [2025-09-03T17:43:02.950+0000] {dagbag.py:588} INFO - Filling up the DagBag from /opt/airflow/dags/hanger_line_daily_transform.py
[2025-09-03T17:43:02.955+0000] {logging_mixin.py:190} INFO - Error importing functions from hanger_line_transform.py: No module named 'hanger_line_transform'
[2025-09-03T17:43:02.964+0000] {processor.py:925} INFO - DAG(s) 'hanger_line_daily_transform' retrieved from /opt/airflow/dags/hanger_line_daily_transform.py
[2025-09-03T17:43:02.997+0000] {logging_mixin.py:190} INFO - [2025-09-03T17:43:02.997+0000] {dag.py:3239} INFO - Sync 1 DAGs
[2025-09-03T17:43:03.030+0000] {logging_mixin.py:190} INFO - [2025-09-03T17:43:03.030+0000] {dag.py:4180} INFO - Setting next_dagrun for hanger_line_daily_transform to 2025-09-01 21:00:00+00:00, run_after=2025-09-02 21:00:00+00:00
[2025-09-03T17:43:03.053+0000] {processor.py:208} INFO - Processing /opt/airflow/dags/hanger_line_daily_transform.py took 0.110 seconds
[2025-09-03T17:43:33.885+0000] {processor.py:186} INFO - Started process (PID=1281) to work on /opt/airflow/dags/hanger_line_daily_transform.py
[2025-09-03T17:43:33.887+0000] {processor.py:914} INFO - Processing file /opt/airflow/dags/hanger_line_daily_transform.py for tasks to queue
[2025-09-03T17:43:33.890+0000] {logging_mixin.py:190} INFO - [2025-09-03T17:43:33.889+0000] {dagbag.py:588} INFO - Filling up the DagBag from /opt/airflow/dags/hanger_line_daily_transform.py
[2025-09-03T17:43:33.897+0000] {logging_mixin.py:190} INFO - Error importing functions from hanger_line_transform.py: No module named 'hanger_line_transform'
[2025-09-03T17:43:33.913+0000] {processor.py:925} INFO - DAG(s) 'hanger_line_daily_transform' retrieved from /opt/airflow/dags/hanger_line_daily_transform.py
[2025-09-03T17:43:33.945+0000] {logging_mixin.py:190} INFO - [2025-09-03T17:43:33.945+0000] {dag.py:3239} INFO - Sync 1 DAGs
[2025-09-03T17:43:33.984+0000] {logging_mixin.py:190} INFO - [2025-09-03T17:43:33.984+0000] {dag.py:4180} INFO - Setting next_dagrun for hanger_line_daily_transform to 2025-09-01 21:00:00+00:00, run_after=2025-09-02 21:00:00+00:00
[2025-09-03T17:43:34.012+0000] {processor.py:208} INFO - Processing /opt/airflow/dags/hanger_line_daily_transform.py took 0.134 seconds
[2025-09-03T17:44:04.543+0000] {processor.py:186} INFO - Started process (PID=1388) to work on /opt/airflow/dags/hanger_line_daily_transform.py
[2025-09-03T17:44:04.544+0000] {processor.py:914} INFO - Processing file /opt/airflow/dags/hanger_line_daily_transform.py for tasks to queue
[2025-09-03T17:44:04.547+0000] {logging_mixin.py:190} INFO - [2025-09-03T17:44:04.546+0000] {dagbag.py:588} INFO - Filling up the DagBag from /opt/airflow/dags/hanger_line_daily_transform.py
[2025-09-03T17:44:04.550+0000] {logging_mixin.py:190} INFO - Error importing functions from hanger_line_transform.py: No module named 'hanger_line_transform'
[2025-09-03T17:44:04.558+0000] {processor.py:925} INFO - DAG(s) 'hanger_line_daily_transform' retrieved from /opt/airflow/dags/hanger_line_daily_transform.py
[2025-09-03T17:44:04.595+0000] {logging_mixin.py:190} INFO - [2025-09-03T17:44:04.594+0000] {dag.py:3239} INFO - Sync 1 DAGs
[2025-09-03T17:44:04.627+0000] {logging_mixin.py:190} INFO - [2025-09-03T17:44:04.627+0000] {dag.py:4180} INFO - Setting next_dagrun for hanger_line_daily_transform to 2025-09-01 21:00:00+00:00, run_after=2025-09-02 21:00:00+00:00
[2025-09-03T17:44:04.649+0000] {processor.py:208} INFO - Processing /opt/airflow/dags/hanger_line_daily_transform.py took 0.111 seconds
[2025-09-03T17:44:35.187+0000] {processor.py:186} INFO - Started process (PID=1495) to work on /opt/airflow/dags/hanger_line_daily_transform.py
[2025-09-03T17:44:35.188+0000] {processor.py:914} INFO - Processing file /opt/airflow/dags/hanger_line_daily_transform.py for tasks to queue
[2025-09-03T17:44:35.190+0000] {logging_mixin.py:190} INFO - [2025-09-03T17:44:35.190+0000] {dagbag.py:588} INFO - Filling up the DagBag from /opt/airflow/dags/hanger_line_daily_transform.py
[2025-09-03T17:44:35.193+0000] {logging_mixin.py:190} INFO - Error importing functions from hanger_line_transform.py: No module named 'hanger_line_transform'
[2025-09-03T17:44:35.200+0000] {processor.py:925} INFO - DAG(s) 'hanger_line_daily_transform' retrieved from /opt/airflow/dags/hanger_line_daily_transform.py
[2025-09-03T17:44:35.219+0000] {logging_mixin.py:190} INFO - [2025-09-03T17:44:35.219+0000] {dag.py:3239} INFO - Sync 1 DAGs
[2025-09-03T17:44:35.246+0000] {logging_mixin.py:190} INFO - [2025-09-03T17:44:35.245+0000] {dag.py:4180} INFO - Setting next_dagrun for hanger_line_daily_transform to 2025-09-01 21:00:00+00:00, run_after=2025-09-02 21:00:00+00:00
[2025-09-03T17:44:35.261+0000] {processor.py:208} INFO - Processing /opt/airflow/dags/hanger_line_daily_transform.py took 0.081 seconds
[2025-09-03T17:45:05.858+0000] {processor.py:186} INFO - Started process (PID=1602) to work on /opt/airflow/dags/hanger_line_daily_transform.py
[2025-09-03T17:45:05.859+0000] {processor.py:914} INFO - Processing file /opt/airflow/dags/hanger_line_daily_transform.py for tasks to queue
[2025-09-03T17:45:05.862+0000] {logging_mixin.py:190} INFO - [2025-09-03T17:45:05.861+0000] {dagbag.py:588} INFO - Filling up the DagBag from /opt/airflow/dags/hanger_line_daily_transform.py
[2025-09-03T17:45:05.867+0000] {logging_mixin.py:190} INFO - Error importing functions from hanger_line_transform.py: No module named 'hanger_line_transform'
[2025-09-03T17:45:05.878+0000] {processor.py:925} INFO - DAG(s) 'hanger_line_daily_transform' retrieved from /opt/airflow/dags/hanger_line_daily_transform.py
[2025-09-03T17:45:05.908+0000] {logging_mixin.py:190} INFO - [2025-09-03T17:45:05.908+0000] {dag.py:3239} INFO - Sync 1 DAGs
[2025-09-03T17:45:05.932+0000] {logging_mixin.py:190} INFO - [2025-09-03T17:45:05.932+0000] {dag.py:4180} INFO - Setting next_dagrun for hanger_line_daily_transform to 2025-09-01 21:00:00+00:00, run_after=2025-09-02 21:00:00+00:00
[2025-09-03T17:45:05.952+0000] {processor.py:208} INFO - Processing /opt/airflow/dags/hanger_line_daily_transform.py took 0.100 seconds
[2025-09-03T17:45:36.391+0000] {processor.py:186} INFO - Started process (PID=1709) to work on /opt/airflow/dags/hanger_line_daily_transform.py
[2025-09-03T17:45:36.392+0000] {processor.py:914} INFO - Processing file /opt/airflow/dags/hanger_line_daily_transform.py for tasks to queue
[2025-09-03T17:45:36.395+0000] {logging_mixin.py:190} INFO - [2025-09-03T17:45:36.395+0000] {dagbag.py:588} INFO - Filling up the DagBag from /opt/airflow/dags/hanger_line_daily_transform.py
[2025-09-03T17:45:36.403+0000] {logging_mixin.py:190} INFO - Error importing functions from hanger_line_transform.py: No module named 'hanger_line_transform'
[2025-09-03T17:45:36.412+0000] {processor.py:925} INFO - DAG(s) 'hanger_line_daily_transform' retrieved from /opt/airflow/dags/hanger_line_daily_transform.py
[2025-09-03T17:45:36.448+0000] {logging_mixin.py:190} INFO - [2025-09-03T17:45:36.447+0000] {dag.py:3239} INFO - Sync 1 DAGs
[2025-09-03T17:45:36.485+0000] {logging_mixin.py:190} INFO - [2025-09-03T17:45:36.485+0000] {dag.py:4180} INFO - Setting next_dagrun for hanger_line_daily_transform to 2025-09-01 21:00:00+00:00, run_after=2025-09-02 21:00:00+00:00
[2025-09-03T17:45:36.514+0000] {processor.py:208} INFO - Processing /opt/airflow/dags/hanger_line_daily_transform.py took 0.128 seconds
[2025-09-03T17:46:07.084+0000] {processor.py:186} INFO - Started process (PID=1816) to work on /opt/airflow/dags/hanger_line_daily_transform.py
[2025-09-03T17:46:07.085+0000] {processor.py:914} INFO - Processing file /opt/airflow/dags/hanger_line_daily_transform.py for tasks to queue
[2025-09-03T17:46:07.087+0000] {logging_mixin.py:190} INFO - [2025-09-03T17:46:07.087+0000] {dagbag.py:588} INFO - Filling up the DagBag from /opt/airflow/dags/hanger_line_daily_transform.py
[2025-09-03T17:46:07.091+0000] {logging_mixin.py:190} INFO - Error importing functions from hanger_line_transform.py: No module named 'hanger_line_transform'
[2025-09-03T17:46:07.102+0000] {processor.py:925} INFO - DAG(s) 'hanger_line_daily_transform' retrieved from /opt/airflow/dags/hanger_line_daily_transform.py
[2025-09-03T17:46:07.126+0000] {logging_mixin.py:190} INFO - [2025-09-03T17:46:07.126+0000] {dag.py:3239} INFO - Sync 1 DAGs
[2025-09-03T17:46:07.151+0000] {logging_mixin.py:190} INFO - [2025-09-03T17:46:07.151+0000] {dag.py:4180} INFO - Setting next_dagrun for hanger_line_daily_transform to 2025-09-01 21:00:00+00:00, run_after=2025-09-02 21:00:00+00:00
[2025-09-03T17:46:07.168+0000] {processor.py:208} INFO - Processing /opt/airflow/dags/hanger_line_daily_transform.py took 0.092 seconds
[2025-09-03T17:46:37.788+0000] {processor.py:186} INFO - Started process (PID=1923) to work on /opt/airflow/dags/hanger_line_daily_transform.py
[2025-09-03T17:46:37.789+0000] {processor.py:914} INFO - Processing file /opt/airflow/dags/hanger_line_daily_transform.py for tasks to queue
[2025-09-03T17:46:37.791+0000] {logging_mixin.py:190} INFO - [2025-09-03T17:46:37.791+0000] {dagbag.py:588} INFO - Filling up the DagBag from /opt/airflow/dags/hanger_line_daily_transform.py
[2025-09-03T17:46:37.794+0000] {logging_mixin.py:190} INFO - Error importing functions from hanger_line_transform.py: No module named 'hanger_line_transform'
[2025-09-03T17:46:37.803+0000] {processor.py:925} INFO - DAG(s) 'hanger_line_daily_transform' retrieved from /opt/airflow/dags/hanger_line_daily_transform.py
[2025-09-03T17:46:37.829+0000] {logging_mixin.py:190} INFO - [2025-09-03T17:46:37.829+0000] {dag.py:3239} INFO - Sync 1 DAGs
[2025-09-03T17:46:37.852+0000] {logging_mixin.py:190} INFO - [2025-09-03T17:46:37.852+0000] {dag.py:4180} INFO - Setting next_dagrun for hanger_line_daily_transform to 2025-09-01 21:00:00+00:00, run_after=2025-09-02 21:00:00+00:00
[2025-09-03T17:46:37.873+0000] {processor.py:208} INFO - Processing /opt/airflow/dags/hanger_line_daily_transform.py took 0.092 seconds
[2025-09-03T17:47:08.399+0000] {processor.py:186} INFO - Started process (PID=2030) to work on /opt/airflow/dags/hanger_line_daily_transform.py
[2025-09-03T17:47:08.399+0000] {processor.py:914} INFO - Processing file /opt/airflow/dags/hanger_line_daily_transform.py for tasks to queue
[2025-09-03T17:47:08.402+0000] {logging_mixin.py:190} INFO - [2025-09-03T17:47:08.402+0000] {dagbag.py:588} INFO - Filling up the DagBag from /opt/airflow/dags/hanger_line_daily_transform.py
[2025-09-03T17:47:08.405+0000] {logging_mixin.py:190} INFO - Error importing functions from hanger_line_transform.py: No module named 'hanger_line_transform'
[2025-09-03T17:47:08.414+0000] {processor.py:925} INFO - DAG(s) 'hanger_line_daily_transform' retrieved from /opt/airflow/dags/hanger_line_daily_transform.py
[2025-09-03T17:47:08.445+0000] {logging_mixin.py:190} INFO - [2025-09-03T17:47:08.444+0000] {dag.py:3239} INFO - Sync 1 DAGs
[2025-09-03T17:47:08.473+0000] {logging_mixin.py:190} INFO - [2025-09-03T17:47:08.473+0000] {dag.py:4180} INFO - Setting next_dagrun for hanger_line_daily_transform to 2025-09-01 21:00:00+00:00, run_after=2025-09-02 21:00:00+00:00
[2025-09-03T17:47:08.493+0000] {processor.py:208} INFO - Processing /opt/airflow/dags/hanger_line_daily_transform.py took 0.101 seconds
[2025-09-03T17:47:39.184+0000] {processor.py:186} INFO - Started process (PID=2137) to work on /opt/airflow/dags/hanger_line_daily_transform.py
[2025-09-03T17:47:39.185+0000] {processor.py:914} INFO - Processing file /opt/airflow/dags/hanger_line_daily_transform.py for tasks to queue
[2025-09-03T17:47:39.189+0000] {logging_mixin.py:190} INFO - [2025-09-03T17:47:39.189+0000] {dagbag.py:588} INFO - Filling up the DagBag from /opt/airflow/dags/hanger_line_daily_transform.py
[2025-09-03T17:47:39.192+0000] {logging_mixin.py:190} INFO - Error importing functions from hanger_line_transform.py: No module named 'hanger_line_transform'
[2025-09-03T17:47:39.199+0000] {processor.py:925} INFO - DAG(s) 'hanger_line_daily_transform' retrieved from /opt/airflow/dags/hanger_line_daily_transform.py
[2025-09-03T17:47:39.225+0000] {logging_mixin.py:190} INFO - [2025-09-03T17:47:39.225+0000] {dag.py:3239} INFO - Sync 1 DAGs
[2025-09-03T17:47:39.247+0000] {logging_mixin.py:190} INFO - [2025-09-03T17:47:39.247+0000] {dag.py:4180} INFO - Setting next_dagrun for hanger_line_daily_transform to 2025-09-01 21:00:00+00:00, run_after=2025-09-02 21:00:00+00:00
[2025-09-03T17:47:39.273+0000] {processor.py:208} INFO - Processing /opt/airflow/dags/hanger_line_daily_transform.py took 0.093 seconds
[2025-09-03T17:48:09.936+0000] {processor.py:186} INFO - Started process (PID=2244) to work on /opt/airflow/dags/hanger_line_daily_transform.py
[2025-09-03T17:48:09.938+0000] {processor.py:914} INFO - Processing file /opt/airflow/dags/hanger_line_daily_transform.py for tasks to queue
[2025-09-03T17:48:09.940+0000] {logging_mixin.py:190} INFO - [2025-09-03T17:48:09.939+0000] {dagbag.py:588} INFO - Filling up the DagBag from /opt/airflow/dags/hanger_line_daily_transform.py
[2025-09-03T17:48:09.943+0000] {logging_mixin.py:190} INFO - Error importing functions from hanger_line_transform.py: No module named 'hanger_line_transform'
[2025-09-03T17:48:09.952+0000] {processor.py:925} INFO - DAG(s) 'hanger_line_daily_transform' retrieved from /opt/airflow/dags/hanger_line_daily_transform.py
[2025-09-03T17:48:09.983+0000] {logging_mixin.py:190} INFO - [2025-09-03T17:48:09.983+0000] {dag.py:3239} INFO - Sync 1 DAGs
[2025-09-03T17:48:10.012+0000] {logging_mixin.py:190} INFO - [2025-09-03T17:48:10.012+0000] {dag.py:4180} INFO - Setting next_dagrun for hanger_line_daily_transform to 2025-09-01 21:00:00+00:00, run_after=2025-09-02 21:00:00+00:00
[2025-09-03T17:48:10.035+0000] {processor.py:208} INFO - Processing /opt/airflow/dags/hanger_line_daily_transform.py took 0.107 seconds
[2025-09-03T17:48:40.836+0000] {processor.py:186} INFO - Started process (PID=2350) to work on /opt/airflow/dags/hanger_line_daily_transform.py
[2025-09-03T17:48:40.837+0000] {processor.py:914} INFO - Processing file /opt/airflow/dags/hanger_line_daily_transform.py for tasks to queue
[2025-09-03T17:48:40.841+0000] {logging_mixin.py:190} INFO - [2025-09-03T17:48:40.840+0000] {dagbag.py:588} INFO - Filling up the DagBag from /opt/airflow/dags/hanger_line_daily_transform.py
[2025-09-03T17:48:40.846+0000] {logging_mixin.py:190} INFO - Error importing functions from hanger_line_transform.py: No module named 'hanger_line_transform'
[2025-09-03T17:48:40.858+0000] {processor.py:925} INFO - DAG(s) 'hanger_line_daily_transform' retrieved from /opt/airflow/dags/hanger_line_daily_transform.py
[2025-09-03T17:48:40.891+0000] {logging_mixin.py:190} INFO - [2025-09-03T17:48:40.891+0000] {dag.py:3239} INFO - Sync 1 DAGs
[2025-09-03T17:48:40.920+0000] {logging_mixin.py:190} INFO - [2025-09-03T17:48:40.920+0000] {dag.py:4180} INFO - Setting next_dagrun for hanger_line_daily_transform to 2025-09-01 21:00:00+00:00, run_after=2025-09-02 21:00:00+00:00
[2025-09-03T17:48:40.943+0000] {processor.py:208} INFO - Processing /opt/airflow/dags/hanger_line_daily_transform.py took 0.115 seconds
[2025-09-03T17:49:11.917+0000] {processor.py:186} INFO - Started process (PID=2457) to work on /opt/airflow/dags/hanger_line_daily_transform.py
[2025-09-03T17:49:11.918+0000] {processor.py:914} INFO - Processing file /opt/airflow/dags/hanger_line_daily_transform.py for tasks to queue
[2025-09-03T17:49:11.921+0000] {logging_mixin.py:190} INFO - [2025-09-03T17:49:11.920+0000] {dagbag.py:588} INFO - Filling up the DagBag from /opt/airflow/dags/hanger_line_daily_transform.py
[2025-09-03T17:49:11.926+0000] {logging_mixin.py:190} INFO - Error importing functions from hanger_line_transform.py: No module named 'hanger_line_transform'
[2025-09-03T17:49:11.934+0000] {processor.py:925} INFO - DAG(s) 'hanger_line_daily_transform' retrieved from /opt/airflow/dags/hanger_line_daily_transform.py
[2025-09-03T17:49:11.963+0000] {logging_mixin.py:190} INFO - [2025-09-03T17:49:11.963+0000] {dag.py:3239} INFO - Sync 1 DAGs
[2025-09-03T17:49:11.991+0000] {logging_mixin.py:190} INFO - [2025-09-03T17:49:11.991+0000] {dag.py:4180} INFO - Setting next_dagrun for hanger_line_daily_transform to 2025-09-01 21:00:00+00:00, run_after=2025-09-02 21:00:00+00:00
[2025-09-03T17:49:12.013+0000] {processor.py:208} INFO - Processing /opt/airflow/dags/hanger_line_daily_transform.py took 0.104 seconds
[2025-09-03T17:49:42.616+0000] {processor.py:186} INFO - Started process (PID=2564) to work on /opt/airflow/dags/hanger_line_daily_transform.py
[2025-09-03T17:49:42.617+0000] {processor.py:914} INFO - Processing file /opt/airflow/dags/hanger_line_daily_transform.py for tasks to queue
[2025-09-03T17:49:42.621+0000] {logging_mixin.py:190} INFO - [2025-09-03T17:49:42.620+0000] {dagbag.py:588} INFO - Filling up the DagBag from /opt/airflow/dags/hanger_line_daily_transform.py
[2025-09-03T17:49:42.627+0000] {logging_mixin.py:190} INFO - Error importing functions from hanger_line_transform.py: No module named 'hanger_line_transform'
[2025-09-03T17:49:42.638+0000] {processor.py:925} INFO - DAG(s) 'hanger_line_daily_transform' retrieved from /opt/airflow/dags/hanger_line_daily_transform.py
[2025-09-03T17:49:42.671+0000] {logging_mixin.py:190} INFO - [2025-09-03T17:49:42.671+0000] {dag.py:3239} INFO - Sync 1 DAGs
[2025-09-03T17:49:42.703+0000] {logging_mixin.py:190} INFO - [2025-09-03T17:49:42.703+0000] {dag.py:4180} INFO - Setting next_dagrun for hanger_line_daily_transform to 2025-09-01 21:00:00+00:00, run_after=2025-09-02 21:00:00+00:00
[2025-09-03T17:49:42.718+0000] {processor.py:208} INFO - Processing /opt/airflow/dags/hanger_line_daily_transform.py took 0.110 seconds
[2025-09-03T17:50:13.451+0000] {processor.py:186} INFO - Started process (PID=2671) to work on /opt/airflow/dags/hanger_line_daily_transform.py
[2025-09-03T17:50:13.452+0000] {processor.py:914} INFO - Processing file /opt/airflow/dags/hanger_line_daily_transform.py for tasks to queue
[2025-09-03T17:50:13.454+0000] {logging_mixin.py:190} INFO - [2025-09-03T17:50:13.454+0000] {dagbag.py:588} INFO - Filling up the DagBag from /opt/airflow/dags/hanger_line_daily_transform.py
[2025-09-03T17:50:13.457+0000] {logging_mixin.py:190} INFO - Error importing functions from hanger_line_transform.py: No module named 'hanger_line_transform'
[2025-09-03T17:50:13.465+0000] {processor.py:925} INFO - DAG(s) 'hanger_line_daily_transform' retrieved from /opt/airflow/dags/hanger_line_daily_transform.py
[2025-09-03T17:50:13.492+0000] {logging_mixin.py:190} INFO - [2025-09-03T17:50:13.491+0000] {dag.py:3239} INFO - Sync 1 DAGs
[2025-09-03T17:50:13.521+0000] {logging_mixin.py:190} INFO - [2025-09-03T17:50:13.521+0000] {dag.py:4180} INFO - Setting next_dagrun for hanger_line_daily_transform to 2025-09-01 21:00:00+00:00, run_after=2025-09-02 21:00:00+00:00
[2025-09-03T17:50:13.540+0000] {processor.py:208} INFO - Processing /opt/airflow/dags/hanger_line_daily_transform.py took 0.095 seconds
[2025-09-03T17:50:44.250+0000] {processor.py:186} INFO - Started process (PID=2778) to work on /opt/airflow/dags/hanger_line_daily_transform.py
[2025-09-03T17:50:44.251+0000] {processor.py:914} INFO - Processing file /opt/airflow/dags/hanger_line_daily_transform.py for tasks to queue
[2025-09-03T17:50:44.258+0000] {logging_mixin.py:190} INFO - [2025-09-03T17:50:44.257+0000] {dagbag.py:588} INFO - Filling up the DagBag from /opt/airflow/dags/hanger_line_daily_transform.py
[2025-09-03T17:50:44.268+0000] {logging_mixin.py:190} INFO - Error importing functions from hanger_line_transform.py: No module named 'hanger_line_transform'
[2025-09-03T17:50:44.277+0000] {processor.py:925} INFO - DAG(s) 'hanger_line_daily_transform' retrieved from /opt/airflow/dags/hanger_line_daily_transform.py
[2025-09-03T17:50:44.305+0000] {logging_mixin.py:190} INFO - [2025-09-03T17:50:44.305+0000] {dag.py:3239} INFO - Sync 1 DAGs
[2025-09-03T17:50:44.338+0000] {logging_mixin.py:190} INFO - [2025-09-03T17:50:44.337+0000] {dag.py:4180} INFO - Setting next_dagrun for hanger_line_daily_transform to 2025-09-01 21:00:00+00:00, run_after=2025-09-02 21:00:00+00:00
[2025-09-03T17:50:44.365+0000] {processor.py:208} INFO - Processing /opt/airflow/dags/hanger_line_daily_transform.py took 0.121 seconds
[2025-09-03T17:51:15.150+0000] {processor.py:186} INFO - Started process (PID=2885) to work on /opt/airflow/dags/hanger_line_daily_transform.py
[2025-09-03T17:51:15.151+0000] {processor.py:914} INFO - Processing file /opt/airflow/dags/hanger_line_daily_transform.py for tasks to queue
[2025-09-03T17:51:15.155+0000] {logging_mixin.py:190} INFO - [2025-09-03T17:51:15.154+0000] {dagbag.py:588} INFO - Filling up the DagBag from /opt/airflow/dags/hanger_line_daily_transform.py
[2025-09-03T17:51:15.160+0000] {logging_mixin.py:190} INFO - Error importing functions from hanger_line_transform.py: No module named 'hanger_line_transform'
[2025-09-03T17:51:15.172+0000] {processor.py:925} INFO - DAG(s) 'hanger_line_daily_transform' retrieved from /opt/airflow/dags/hanger_line_daily_transform.py
[2025-09-03T17:51:15.206+0000] {logging_mixin.py:190} INFO - [2025-09-03T17:51:15.206+0000] {dag.py:3239} INFO - Sync 1 DAGs
[2025-09-03T17:51:15.244+0000] {logging_mixin.py:190} INFO - [2025-09-03T17:51:15.244+0000] {dag.py:4180} INFO - Setting next_dagrun for hanger_line_daily_transform to 2025-09-01 21:00:00+00:00, run_after=2025-09-02 21:00:00+00:00
[2025-09-03T17:51:15.272+0000] {processor.py:208} INFO - Processing /opt/airflow/dags/hanger_line_daily_transform.py took 0.128 seconds
[2025-09-03T17:51:46.197+0000] {processor.py:186} INFO - Started process (PID=2992) to work on /opt/airflow/dags/hanger_line_daily_transform.py
[2025-09-03T17:51:46.198+0000] {processor.py:914} INFO - Processing file /opt/airflow/dags/hanger_line_daily_transform.py for tasks to queue
[2025-09-03T17:51:46.202+0000] {logging_mixin.py:190} INFO - [2025-09-03T17:51:46.201+0000] {dagbag.py:588} INFO - Filling up the DagBag from /opt/airflow/dags/hanger_line_daily_transform.py
[2025-09-03T17:51:46.206+0000] {logging_mixin.py:190} INFO - Error importing functions from hanger_line_transform.py: No module named 'hanger_line_transform'
[2025-09-03T17:51:46.218+0000] {processor.py:925} INFO - DAG(s) 'hanger_line_daily_transform' retrieved from /opt/airflow/dags/hanger_line_daily_transform.py
[2025-09-03T17:51:46.251+0000] {logging_mixin.py:190} INFO - [2025-09-03T17:51:46.251+0000] {dag.py:3239} INFO - Sync 1 DAGs
[2025-09-03T17:51:46.284+0000] {logging_mixin.py:190} INFO - [2025-09-03T17:51:46.283+0000] {dag.py:4180} INFO - Setting next_dagrun for hanger_line_daily_transform to 2025-09-01 21:00:00+00:00, run_after=2025-09-02 21:00:00+00:00
[2025-09-03T17:51:46.302+0000] {processor.py:208} INFO - Processing /opt/airflow/dags/hanger_line_daily_transform.py took 0.113 seconds
[2025-09-03T17:52:17.310+0000] {processor.py:186} INFO - Started process (PID=3098) to work on /opt/airflow/dags/hanger_line_daily_transform.py
[2025-09-03T17:52:17.311+0000] {processor.py:914} INFO - Processing file /opt/airflow/dags/hanger_line_daily_transform.py for tasks to queue
[2025-09-03T17:52:17.315+0000] {logging_mixin.py:190} INFO - [2025-09-03T17:52:17.315+0000] {dagbag.py:588} INFO - Filling up the DagBag from /opt/airflow/dags/hanger_line_daily_transform.py
[2025-09-03T17:52:17.318+0000] {logging_mixin.py:190} INFO - Error importing functions from hanger_line_transform.py: No module named 'hanger_line_transform'
[2025-09-03T17:52:17.327+0000] {processor.py:925} INFO - DAG(s) 'hanger_line_daily_transform' retrieved from /opt/airflow/dags/hanger_line_daily_transform.py
[2025-09-03T17:52:17.357+0000] {logging_mixin.py:190} INFO - [2025-09-03T17:52:17.357+0000] {dag.py:3239} INFO - Sync 1 DAGs
[2025-09-03T17:52:17.385+0000] {logging_mixin.py:190} INFO - [2025-09-03T17:52:17.385+0000] {dag.py:4180} INFO - Setting next_dagrun for hanger_line_daily_transform to 2025-09-01 21:00:00+00:00, run_after=2025-09-02 21:00:00+00:00
[2025-09-03T17:52:17.409+0000] {processor.py:208} INFO - Processing /opt/airflow/dags/hanger_line_daily_transform.py took 0.105 seconds
[2025-09-03T17:52:48.350+0000] {processor.py:186} INFO - Started process (PID=3205) to work on /opt/airflow/dags/hanger_line_daily_transform.py
[2025-09-03T17:52:48.351+0000] {processor.py:914} INFO - Processing file /opt/airflow/dags/hanger_line_daily_transform.py for tasks to queue
[2025-09-03T17:52:48.353+0000] {logging_mixin.py:190} INFO - [2025-09-03T17:52:48.352+0000] {dagbag.py:588} INFO - Filling up the DagBag from /opt/airflow/dags/hanger_line_daily_transform.py
[2025-09-03T17:52:48.356+0000] {logging_mixin.py:190} INFO - Error importing functions from hanger_line_transform.py: No module named 'hanger_line_transform'
[2025-09-03T17:52:48.363+0000] {processor.py:925} INFO - DAG(s) 'hanger_line_daily_transform' retrieved from /opt/airflow/dags/hanger_line_daily_transform.py
[2025-09-03T17:52:48.389+0000] {logging_mixin.py:190} INFO - [2025-09-03T17:52:48.389+0000] {dag.py:3239} INFO - Sync 1 DAGs
[2025-09-03T17:52:48.416+0000] {logging_mixin.py:190} INFO - [2025-09-03T17:52:48.416+0000] {dag.py:4180} INFO - Setting next_dagrun for hanger_line_daily_transform to 2025-09-01 21:00:00+00:00, run_after=2025-09-02 21:00:00+00:00
[2025-09-03T17:52:48.435+0000] {processor.py:208} INFO - Processing /opt/airflow/dags/hanger_line_daily_transform.py took 0.090 seconds
[2025-09-03T17:53:19.340+0000] {processor.py:186} INFO - Started process (PID=3312) to work on /opt/airflow/dags/hanger_line_daily_transform.py
[2025-09-03T17:53:19.341+0000] {processor.py:914} INFO - Processing file /opt/airflow/dags/hanger_line_daily_transform.py for tasks to queue
[2025-09-03T17:53:19.345+0000] {logging_mixin.py:190} INFO - [2025-09-03T17:53:19.344+0000] {dagbag.py:588} INFO - Filling up the DagBag from /opt/airflow/dags/hanger_line_daily_transform.py
[2025-09-03T17:53:19.351+0000] {logging_mixin.py:190} INFO - Error importing functions from hanger_line_transform.py: No module named 'hanger_line_transform'
[2025-09-03T17:53:19.361+0000] {processor.py:925} INFO - DAG(s) 'hanger_line_daily_transform' retrieved from /opt/airflow/dags/hanger_line_daily_transform.py
[2025-09-03T17:53:19.391+0000] {logging_mixin.py:190} INFO - [2025-09-03T17:53:19.391+0000] {dag.py:3239} INFO - Sync 1 DAGs
[2025-09-03T17:53:19.424+0000] {logging_mixin.py:190} INFO - [2025-09-03T17:53:19.424+0000] {dag.py:4180} INFO - Setting next_dagrun for hanger_line_daily_transform to 2025-09-01 21:00:00+00:00, run_after=2025-09-02 21:00:00+00:00
[2025-09-03T17:53:19.444+0000] {processor.py:208} INFO - Processing /opt/airflow/dags/hanger_line_daily_transform.py took 0.113 seconds
[2025-09-03T17:53:50.574+0000] {processor.py:186} INFO - Started process (PID=3419) to work on /opt/airflow/dags/hanger_line_daily_transform.py
[2025-09-03T17:53:50.575+0000] {processor.py:914} INFO - Processing file /opt/airflow/dags/hanger_line_daily_transform.py for tasks to queue
[2025-09-03T17:53:50.578+0000] {logging_mixin.py:190} INFO - [2025-09-03T17:53:50.578+0000] {dagbag.py:588} INFO - Filling up the DagBag from /opt/airflow/dags/hanger_line_daily_transform.py
[2025-09-03T17:53:50.582+0000] {logging_mixin.py:190} INFO - Error importing functions from hanger_line_transform.py: No module named 'hanger_line_transform'
[2025-09-03T17:53:50.595+0000] {processor.py:925} INFO - DAG(s) 'hanger_line_daily_transform' retrieved from /opt/airflow/dags/hanger_line_daily_transform.py
[2025-09-03T17:53:50.622+0000] {logging_mixin.py:190} INFO - [2025-09-03T17:53:50.621+0000] {dag.py:3239} INFO - Sync 1 DAGs
[2025-09-03T17:53:50.646+0000] {logging_mixin.py:190} INFO - [2025-09-03T17:53:50.646+0000] {dag.py:4180} INFO - Setting next_dagrun for hanger_line_daily_transform to 2025-09-01 21:00:00+00:00, run_after=2025-09-02 21:00:00+00:00
[2025-09-03T17:53:50.667+0000] {processor.py:208} INFO - Processing /opt/airflow/dags/hanger_line_daily_transform.py took 0.097 seconds
[2025-09-03T17:54:21.731+0000] {processor.py:186} INFO - Started process (PID=3526) to work on /opt/airflow/dags/hanger_line_daily_transform.py
[2025-09-03T17:54:21.733+0000] {processor.py:914} INFO - Processing file /opt/airflow/dags/hanger_line_daily_transform.py for tasks to queue
[2025-09-03T17:54:21.736+0000] {logging_mixin.py:190} INFO - [2025-09-03T17:54:21.736+0000] {dagbag.py:588} INFO - Filling up the DagBag from /opt/airflow/dags/hanger_line_daily_transform.py
[2025-09-03T17:54:21.740+0000] {logging_mixin.py:190} INFO - Error importing functions from hanger_line_transform.py: No module named 'hanger_line_transform'
[2025-09-03T17:54:21.752+0000] {processor.py:925} INFO - DAG(s) 'hanger_line_daily_transform' retrieved from /opt/airflow/dags/hanger_line_daily_transform.py
[2025-09-03T17:54:21.786+0000] {logging_mixin.py:190} INFO - [2025-09-03T17:54:21.785+0000] {dag.py:3239} INFO - Sync 1 DAGs
[2025-09-03T17:54:21.932+0000] {logging_mixin.py:190} INFO - [2025-09-03T17:54:21.932+0000] {dag.py:4180} INFO - Setting next_dagrun for hanger_line_daily_transform to 2025-09-01 21:00:00+00:00, run_after=2025-09-02 21:00:00+00:00
[2025-09-03T17:54:21.954+0000] {processor.py:208} INFO - Processing /opt/airflow/dags/hanger_line_daily_transform.py took 0.232 seconds
[2025-09-03T17:55:55.596+0000] {processor.py:186} INFO - Started process (PID=213) to work on /opt/airflow/dags/hanger_line_daily_transform.py
[2025-09-03T17:55:55.598+0000] {processor.py:914} INFO - Processing file /opt/airflow/dags/hanger_line_daily_transform.py for tasks to queue
[2025-09-03T17:55:55.602+0000] {logging_mixin.py:190} INFO - [2025-09-03T17:55:55.601+0000] {dagbag.py:588} INFO - Filling up the DagBag from /opt/airflow/dags/hanger_line_daily_transform.py
[2025-09-03T17:55:55.612+0000] {logging_mixin.py:190} INFO - Error importing functions from hanger_line_transform.py: No module named 'hanger_line_transform'
[2025-09-03T17:55:55.629+0000] {processor.py:925} INFO - DAG(s) 'hanger_line_daily_transform' retrieved from /opt/airflow/dags/hanger_line_daily_transform.py
[2025-09-03T17:55:55.670+0000] {logging_mixin.py:190} INFO - [2025-09-03T17:55:55.670+0000] {dag.py:3239} INFO - Sync 1 DAGs
[2025-09-03T17:55:55.712+0000] {logging_mixin.py:190} INFO - [2025-09-03T17:55:55.712+0000] {dag.py:4180} INFO - Setting next_dagrun for hanger_line_daily_transform to 2025-09-01 21:00:00+00:00, run_after=2025-09-02 21:00:00+00:00
[2025-09-03T17:55:55.747+0000] {processor.py:208} INFO - Processing /opt/airflow/dags/hanger_line_daily_transform.py took 0.160 seconds
[2025-09-03T17:56:26.807+0000] {processor.py:186} INFO - Started process (PID=321) to work on /opt/airflow/dags/hanger_line_daily_transform.py
[2025-09-03T17:56:26.808+0000] {processor.py:914} INFO - Processing file /opt/airflow/dags/hanger_line_daily_transform.py for tasks to queue
[2025-09-03T17:56:26.812+0000] {logging_mixin.py:190} INFO - [2025-09-03T17:56:26.811+0000] {dagbag.py:588} INFO - Filling up the DagBag from /opt/airflow/dags/hanger_line_daily_transform.py
[2025-09-03T17:56:26.818+0000] {logging_mixin.py:190} INFO - Error importing functions from hanger_line_transform.py: No module named 'hanger_line_transform'
[2025-09-03T17:56:26.826+0000] {processor.py:925} INFO - DAG(s) 'hanger_line_daily_transform' retrieved from /opt/airflow/dags/hanger_line_daily_transform.py
[2025-09-03T17:56:26.872+0000] {logging_mixin.py:190} INFO - [2025-09-03T17:56:26.871+0000] {dag.py:3239} INFO - Sync 1 DAGs
[2025-09-03T17:56:26.909+0000] {logging_mixin.py:190} INFO - [2025-09-03T17:56:26.909+0000] {dag.py:4180} INFO - Setting next_dagrun for hanger_line_daily_transform to 2025-09-01 21:00:00+00:00, run_after=2025-09-02 21:00:00+00:00
[2025-09-03T17:56:26.985+0000] {processor.py:208} INFO - Processing /opt/airflow/dags/hanger_line_daily_transform.py took 0.186 seconds
[2025-09-03T17:56:57.133+0000] {processor.py:186} INFO - Started process (PID=423) to work on /opt/airflow/dags/hanger_line_daily_transform.py
[2025-09-03T17:56:57.134+0000] {processor.py:914} INFO - Processing file /opt/airflow/dags/hanger_line_daily_transform.py for tasks to queue
[2025-09-03T17:56:57.136+0000] {logging_mixin.py:190} INFO - [2025-09-03T17:56:57.135+0000] {dagbag.py:588} INFO - Filling up the DagBag from /opt/airflow/dags/hanger_line_daily_transform.py
[2025-09-03T17:56:57.142+0000] {logging_mixin.py:190} INFO - Error importing functions from hanger_line_transform.py: No module named 'hanger_line_transform'
[2025-09-03T17:56:57.153+0000] {processor.py:925} INFO - DAG(s) 'hanger_line_daily_transform' retrieved from /opt/airflow/dags/hanger_line_daily_transform.py
[2025-09-03T17:56:57.186+0000] {logging_mixin.py:190} INFO - [2025-09-03T17:56:57.186+0000] {dag.py:3239} INFO - Sync 1 DAGs
[2025-09-03T17:56:57.212+0000] {logging_mixin.py:190} INFO - [2025-09-03T17:56:57.212+0000] {dag.py:4180} INFO - Setting next_dagrun for hanger_line_daily_transform to 2025-09-01 21:00:00+00:00, run_after=2025-09-02 21:00:00+00:00
[2025-09-03T17:56:57.239+0000] {processor.py:208} INFO - Processing /opt/airflow/dags/hanger_line_daily_transform.py took 0.111 seconds
[2025-09-03T17:57:28.472+0000] {processor.py:186} INFO - Started process (PID=535) to work on /opt/airflow/dags/hanger_line_daily_transform.py
[2025-09-03T17:57:28.473+0000] {processor.py:914} INFO - Processing file /opt/airflow/dags/hanger_line_daily_transform.py for tasks to queue
[2025-09-03T17:57:28.475+0000] {logging_mixin.py:190} INFO - [2025-09-03T17:57:28.475+0000] {dagbag.py:588} INFO - Filling up the DagBag from /opt/airflow/dags/hanger_line_daily_transform.py
[2025-09-03T17:57:28.480+0000] {logging_mixin.py:190} INFO - Error importing functions from hanger_line_transform.py: No module named 'hanger_line_transform'
[2025-09-03T17:57:28.487+0000] {processor.py:925} INFO - DAG(s) 'hanger_line_daily_transform' retrieved from /opt/airflow/dags/hanger_line_daily_transform.py
[2025-09-03T17:57:28.511+0000] {logging_mixin.py:190} INFO - [2025-09-03T17:57:28.510+0000] {dag.py:3239} INFO - Sync 1 DAGs
[2025-09-03T17:57:28.535+0000] {logging_mixin.py:190} INFO - [2025-09-03T17:57:28.535+0000] {dag.py:4180} INFO - Setting next_dagrun for hanger_line_daily_transform to 2025-09-01 21:00:00+00:00, run_after=2025-09-02 21:00:00+00:00
[2025-09-03T17:57:28.557+0000] {processor.py:208} INFO - Processing /opt/airflow/dags/hanger_line_daily_transform.py took 0.091 seconds
[2025-09-03T17:57:59.711+0000] {processor.py:186} INFO - Started process (PID=642) to work on /opt/airflow/dags/hanger_line_daily_transform.py
[2025-09-03T17:57:59.712+0000] {processor.py:914} INFO - Processing file /opt/airflow/dags/hanger_line_daily_transform.py for tasks to queue
[2025-09-03T17:57:59.715+0000] {logging_mixin.py:190} INFO - [2025-09-03T17:57:59.714+0000] {dagbag.py:588} INFO - Filling up the DagBag from /opt/airflow/dags/hanger_line_daily_transform.py
[2025-09-03T17:57:59.718+0000] {logging_mixin.py:190} INFO - Error importing functions from hanger_line_transform.py: No module named 'hanger_line_transform'
[2025-09-03T17:57:59.726+0000] {processor.py:925} INFO - DAG(s) 'hanger_line_daily_transform' retrieved from /opt/airflow/dags/hanger_line_daily_transform.py
[2025-09-03T17:57:59.754+0000] {logging_mixin.py:190} INFO - [2025-09-03T17:57:59.754+0000] {dag.py:3239} INFO - Sync 1 DAGs
[2025-09-03T17:57:59.922+0000] {logging_mixin.py:190} INFO - [2025-09-03T17:57:59.922+0000] {dag.py:4180} INFO - Setting next_dagrun for hanger_line_daily_transform to 2025-09-01 21:00:00+00:00, run_after=2025-09-02 21:00:00+00:00
[2025-09-03T17:57:59.946+0000] {processor.py:208} INFO - Processing /opt/airflow/dags/hanger_line_daily_transform.py took 0.243 seconds
[2025-09-03T17:58:31.011+0000] {processor.py:186} INFO - Started process (PID=749) to work on /opt/airflow/dags/hanger_line_daily_transform.py
[2025-09-03T17:58:31.012+0000] {processor.py:914} INFO - Processing file /opt/airflow/dags/hanger_line_daily_transform.py for tasks to queue
[2025-09-03T17:58:31.014+0000] {logging_mixin.py:190} INFO - [2025-09-03T17:58:31.014+0000] {dagbag.py:588} INFO - Filling up the DagBag from /opt/airflow/dags/hanger_line_daily_transform.py
[2025-09-03T17:58:31.022+0000] {logging_mixin.py:190} INFO - Error importing functions from hanger_line_transform.py: No module named 'hanger_line_transform'
[2025-09-03T17:58:31.036+0000] {processor.py:925} INFO - DAG(s) 'hanger_line_daily_transform' retrieved from /opt/airflow/dags/hanger_line_daily_transform.py
[2025-09-03T17:58:31.055+0000] {logging_mixin.py:190} INFO - [2025-09-03T17:58:31.055+0000] {dag.py:3239} INFO - Sync 1 DAGs
[2025-09-03T17:58:31.084+0000] {logging_mixin.py:190} INFO - [2025-09-03T17:58:31.083+0000] {dag.py:4180} INFO - Setting next_dagrun for hanger_line_daily_transform to 2025-09-01 21:00:00+00:00, run_after=2025-09-02 21:00:00+00:00
[2025-09-03T17:58:31.236+0000] {processor.py:208} INFO - Processing /opt/airflow/dags/hanger_line_daily_transform.py took 0.230 seconds
[2025-09-03T17:59:02.161+0000] {processor.py:186} INFO - Started process (PID=856) to work on /opt/airflow/dags/hanger_line_daily_transform.py
[2025-09-03T17:59:02.163+0000] {processor.py:914} INFO - Processing file /opt/airflow/dags/hanger_line_daily_transform.py for tasks to queue
[2025-09-03T17:59:02.166+0000] {logging_mixin.py:190} INFO - [2025-09-03T17:59:02.165+0000] {dagbag.py:588} INFO - Filling up the DagBag from /opt/airflow/dags/hanger_line_daily_transform.py
[2025-09-03T17:59:02.170+0000] {logging_mixin.py:190} INFO - Error importing functions from hanger_line_transform.py: No module named 'hanger_line_transform'
[2025-09-03T17:59:02.180+0000] {processor.py:925} INFO - DAG(s) 'hanger_line_daily_transform' retrieved from /opt/airflow/dags/hanger_line_daily_transform.py
[2025-09-03T17:59:02.210+0000] {logging_mixin.py:190} INFO - [2025-09-03T17:59:02.210+0000] {dag.py:3239} INFO - Sync 1 DAGs
[2025-09-03T17:59:02.239+0000] {logging_mixin.py:190} INFO - [2025-09-03T17:59:02.239+0000] {dag.py:4180} INFO - Setting next_dagrun for hanger_line_daily_transform to 2025-09-01 21:00:00+00:00, run_after=2025-09-02 21:00:00+00:00
[2025-09-03T17:59:02.259+0000] {processor.py:208} INFO - Processing /opt/airflow/dags/hanger_line_daily_transform.py took 0.105 seconds
[2025-09-03T17:59:33.464+0000] {processor.py:186} INFO - Started process (PID=963) to work on /opt/airflow/dags/hanger_line_daily_transform.py
[2025-09-03T17:59:33.466+0000] {processor.py:914} INFO - Processing file /opt/airflow/dags/hanger_line_daily_transform.py for tasks to queue
[2025-09-03T17:59:33.469+0000] {logging_mixin.py:190} INFO - [2025-09-03T17:59:33.469+0000] {dagbag.py:588} INFO - Filling up the DagBag from /opt/airflow/dags/hanger_line_daily_transform.py
[2025-09-03T17:59:33.480+0000] {logging_mixin.py:190} INFO - Error importing functions from hanger_line_transform.py: No module named 'hanger_line_transform'
[2025-09-03T17:59:33.488+0000] {processor.py:925} INFO - DAG(s) 'hanger_line_daily_transform' retrieved from /opt/airflow/dags/hanger_line_daily_transform.py
[2025-09-03T17:59:33.510+0000] {logging_mixin.py:190} INFO - [2025-09-03T17:59:33.510+0000] {dag.py:3239} INFO - Sync 1 DAGs
[2025-09-03T17:59:33.536+0000] {logging_mixin.py:190} INFO - [2025-09-03T17:59:33.536+0000] {dag.py:4180} INFO - Setting next_dagrun for hanger_line_daily_transform to 2025-09-01 21:00:00+00:00, run_after=2025-09-02 21:00:00+00:00
[2025-09-03T17:59:33.558+0000] {processor.py:208} INFO - Processing /opt/airflow/dags/hanger_line_daily_transform.py took 0.102 seconds
[2025-09-03T18:00:04.419+0000] {processor.py:186} INFO - Started process (PID=1070) to work on /opt/airflow/dags/hanger_line_daily_transform.py
[2025-09-03T18:00:04.420+0000] {processor.py:914} INFO - Processing file /opt/airflow/dags/hanger_line_daily_transform.py for tasks to queue
[2025-09-03T18:00:04.422+0000] {logging_mixin.py:190} INFO - [2025-09-03T18:00:04.422+0000] {dagbag.py:588} INFO - Filling up the DagBag from /opt/airflow/dags/hanger_line_daily_transform.py
[2025-09-03T18:00:04.432+0000] {logging_mixin.py:190} INFO - Error importing functions from hanger_line_transform.py: No module named 'hanger_line_transform'
[2025-09-03T18:00:04.442+0000] {processor.py:925} INFO - DAG(s) 'hanger_line_daily_transform' retrieved from /opt/airflow/dags/hanger_line_daily_transform.py
[2025-09-03T18:00:04.478+0000] {logging_mixin.py:190} INFO - [2025-09-03T18:00:04.477+0000] {dag.py:3239} INFO - Sync 1 DAGs
[2025-09-03T18:00:04.504+0000] {logging_mixin.py:190} INFO - [2025-09-03T18:00:04.504+0000] {dag.py:4180} INFO - Setting next_dagrun for hanger_line_daily_transform to 2025-09-01 21:00:00+00:00, run_after=2025-09-02 21:00:00+00:00
[2025-09-03T18:00:04.525+0000] {processor.py:208} INFO - Processing /opt/airflow/dags/hanger_line_daily_transform.py took 0.111 seconds
[2025-09-03T18:00:35.334+0000] {processor.py:186} INFO - Started process (PID=1177) to work on /opt/airflow/dags/hanger_line_daily_transform.py
[2025-09-03T18:00:35.335+0000] {processor.py:914} INFO - Processing file /opt/airflow/dags/hanger_line_daily_transform.py for tasks to queue
[2025-09-03T18:00:35.338+0000] {logging_mixin.py:190} INFO - [2025-09-03T18:00:35.338+0000] {dagbag.py:588} INFO - Filling up the DagBag from /opt/airflow/dags/hanger_line_daily_transform.py
[2025-09-03T18:00:35.342+0000] {logging_mixin.py:190} INFO - Error importing functions from hanger_line_transform.py: No module named 'hanger_line_transform'
[2025-09-03T18:00:35.350+0000] {processor.py:925} INFO - DAG(s) 'hanger_line_daily_transform' retrieved from /opt/airflow/dags/hanger_line_daily_transform.py
[2025-09-03T18:00:35.381+0000] {logging_mixin.py:190} INFO - [2025-09-03T18:00:35.381+0000] {dag.py:3239} INFO - Sync 1 DAGs
[2025-09-03T18:00:35.406+0000] {logging_mixin.py:190} INFO - [2025-09-03T18:00:35.406+0000] {dag.py:4180} INFO - Setting next_dagrun for hanger_line_daily_transform to 2025-09-01 21:00:00+00:00, run_after=2025-09-02 21:00:00+00:00
[2025-09-03T18:00:35.424+0000] {processor.py:208} INFO - Processing /opt/airflow/dags/hanger_line_daily_transform.py took 0.096 seconds
[2025-09-03T18:01:06.151+0000] {processor.py:186} INFO - Started process (PID=1284) to work on /opt/airflow/dags/hanger_line_daily_transform.py
[2025-09-03T18:01:06.152+0000] {processor.py:914} INFO - Processing file /opt/airflow/dags/hanger_line_daily_transform.py for tasks to queue
[2025-09-03T18:01:06.155+0000] {logging_mixin.py:190} INFO - [2025-09-03T18:01:06.154+0000] {dagbag.py:588} INFO - Filling up the DagBag from /opt/airflow/dags/hanger_line_daily_transform.py
[2025-09-03T18:01:06.163+0000] {logging_mixin.py:190} INFO - Error importing functions from hanger_line_transform.py: No module named 'hanger_line_transform'
[2025-09-03T18:01:06.172+0000] {processor.py:925} INFO - DAG(s) 'hanger_line_daily_transform' retrieved from /opt/airflow/dags/hanger_line_daily_transform.py
[2025-09-03T18:01:06.199+0000] {logging_mixin.py:190} INFO - [2025-09-03T18:01:06.199+0000] {dag.py:3239} INFO - Sync 1 DAGs
[2025-09-03T18:01:06.229+0000] {logging_mixin.py:190} INFO - [2025-09-03T18:01:06.229+0000] {dag.py:4180} INFO - Setting next_dagrun for hanger_line_daily_transform to 2025-09-01 21:00:00+00:00, run_after=2025-09-02 21:00:00+00:00
[2025-09-03T18:01:06.246+0000] {processor.py:208} INFO - Processing /opt/airflow/dags/hanger_line_daily_transform.py took 0.100 seconds
[2025-09-03T18:01:36.980+0000] {processor.py:186} INFO - Started process (PID=1391) to work on /opt/airflow/dags/hanger_line_daily_transform.py
[2025-09-03T18:01:36.982+0000] {processor.py:914} INFO - Processing file /opt/airflow/dags/hanger_line_daily_transform.py for tasks to queue
[2025-09-03T18:01:36.983+0000] {logging_mixin.py:190} INFO - [2025-09-03T18:01:36.983+0000] {dagbag.py:588} INFO - Filling up the DagBag from /opt/airflow/dags/hanger_line_daily_transform.py
[2025-09-03T18:01:36.986+0000] {logging_mixin.py:190} INFO - Error importing functions from hanger_line_transform.py: No module named 'hanger_line_transform'
[2025-09-03T18:01:36.998+0000] {processor.py:925} INFO - DAG(s) 'hanger_line_daily_transform' retrieved from /opt/airflow/dags/hanger_line_daily_transform.py
[2025-09-03T18:01:37.035+0000] {logging_mixin.py:190} INFO - [2025-09-03T18:01:37.035+0000] {dag.py:3239} INFO - Sync 1 DAGs
[2025-09-03T18:01:37.063+0000] {logging_mixin.py:190} INFO - [2025-09-03T18:01:37.063+0000] {dag.py:4180} INFO - Setting next_dagrun for hanger_line_daily_transform to 2025-09-01 21:00:00+00:00, run_after=2025-09-02 21:00:00+00:00
[2025-09-03T18:01:37.082+0000] {processor.py:208} INFO - Processing /opt/airflow/dags/hanger_line_daily_transform.py took 0.109 seconds
[2025-09-03T18:02:07.666+0000] {processor.py:186} INFO - Started process (PID=1498) to work on /opt/airflow/dags/hanger_line_daily_transform.py
[2025-09-03T18:02:07.667+0000] {processor.py:914} INFO - Processing file /opt/airflow/dags/hanger_line_daily_transform.py for tasks to queue
[2025-09-03T18:02:07.670+0000] {logging_mixin.py:190} INFO - [2025-09-03T18:02:07.670+0000] {dagbag.py:588} INFO - Filling up the DagBag from /opt/airflow/dags/hanger_line_daily_transform.py
[2025-09-03T18:02:07.677+0000] {logging_mixin.py:190} INFO - Error importing functions from hanger_line_transform.py: No module named 'hanger_line_transform'
[2025-09-03T18:02:07.689+0000] {processor.py:925} INFO - DAG(s) 'hanger_line_daily_transform' retrieved from /opt/airflow/dags/hanger_line_daily_transform.py
[2025-09-03T18:02:07.726+0000] {logging_mixin.py:190} INFO - [2025-09-03T18:02:07.726+0000] {dag.py:3239} INFO - Sync 1 DAGs
[2025-09-03T18:02:07.764+0000] {logging_mixin.py:190} INFO - [2025-09-03T18:02:07.763+0000] {dag.py:4180} INFO - Setting next_dagrun for hanger_line_daily_transform to 2025-09-01 21:00:00+00:00, run_after=2025-09-02 21:00:00+00:00
[2025-09-03T18:02:07.786+0000] {processor.py:208} INFO - Processing /opt/airflow/dags/hanger_line_daily_transform.py took 0.125 seconds
[2025-09-03T18:02:38.381+0000] {processor.py:186} INFO - Started process (PID=1605) to work on /opt/airflow/dags/hanger_line_daily_transform.py
[2025-09-03T18:02:38.382+0000] {processor.py:914} INFO - Processing file /opt/airflow/dags/hanger_line_daily_transform.py for tasks to queue
[2025-09-03T18:02:38.386+0000] {logging_mixin.py:190} INFO - [2025-09-03T18:02:38.385+0000] {dagbag.py:588} INFO - Filling up the DagBag from /opt/airflow/dags/hanger_line_daily_transform.py
[2025-09-03T18:02:38.392+0000] {logging_mixin.py:190} INFO - Error importing functions from hanger_line_transform.py: No module named 'hanger_line_transform'
[2025-09-03T18:02:38.401+0000] {processor.py:925} INFO - DAG(s) 'hanger_line_daily_transform' retrieved from /opt/airflow/dags/hanger_line_daily_transform.py
[2025-09-03T18:02:38.429+0000] {logging_mixin.py:190} INFO - [2025-09-03T18:02:38.429+0000] {dag.py:3239} INFO - Sync 1 DAGs
[2025-09-03T18:02:38.452+0000] {logging_mixin.py:190} INFO - [2025-09-03T18:02:38.452+0000] {dag.py:4180} INFO - Setting next_dagrun for hanger_line_daily_transform to 2025-09-01 21:00:00+00:00, run_after=2025-09-02 21:00:00+00:00
[2025-09-03T18:02:38.472+0000] {processor.py:208} INFO - Processing /opt/airflow/dags/hanger_line_daily_transform.py took 0.095 seconds
[2025-09-03T18:03:09.018+0000] {processor.py:186} INFO - Started process (PID=1712) to work on /opt/airflow/dags/hanger_line_daily_transform.py
[2025-09-03T18:03:09.019+0000] {processor.py:914} INFO - Processing file /opt/airflow/dags/hanger_line_daily_transform.py for tasks to queue
[2025-09-03T18:03:09.023+0000] {logging_mixin.py:190} INFO - [2025-09-03T18:03:09.022+0000] {dagbag.py:588} INFO - Filling up the DagBag from /opt/airflow/dags/hanger_line_daily_transform.py
[2025-09-03T18:03:09.026+0000] {logging_mixin.py:190} INFO - Error importing functions from hanger_line_transform.py: No module named 'hanger_line_transform'
[2025-09-03T18:03:09.034+0000] {processor.py:925} INFO - DAG(s) 'hanger_line_daily_transform' retrieved from /opt/airflow/dags/hanger_line_daily_transform.py
[2025-09-03T18:03:09.059+0000] {logging_mixin.py:190} INFO - [2025-09-03T18:03:09.059+0000] {dag.py:3239} INFO - Sync 1 DAGs
[2025-09-03T18:03:09.085+0000] {logging_mixin.py:190} INFO - [2025-09-03T18:03:09.084+0000] {dag.py:4180} INFO - Setting next_dagrun for hanger_line_daily_transform to 2025-09-01 21:00:00+00:00, run_after=2025-09-02 21:00:00+00:00
[2025-09-03T18:03:09.109+0000] {processor.py:208} INFO - Processing /opt/airflow/dags/hanger_line_daily_transform.py took 0.097 seconds
[2025-09-03T18:03:39.678+0000] {processor.py:186} INFO - Started process (PID=1819) to work on /opt/airflow/dags/hanger_line_daily_transform.py
[2025-09-03T18:03:39.679+0000] {processor.py:914} INFO - Processing file /opt/airflow/dags/hanger_line_daily_transform.py for tasks to queue
[2025-09-03T18:03:39.682+0000] {logging_mixin.py:190} INFO - [2025-09-03T18:03:39.682+0000] {dagbag.py:588} INFO - Filling up the DagBag from /opt/airflow/dags/hanger_line_daily_transform.py
[2025-09-03T18:03:39.688+0000] {logging_mixin.py:190} INFO - Error importing functions from hanger_line_transform.py: No module named 'hanger_line_transform'
[2025-09-03T18:03:39.698+0000] {processor.py:925} INFO - DAG(s) 'hanger_line_daily_transform' retrieved from /opt/airflow/dags/hanger_line_daily_transform.py
[2025-09-03T18:03:39.733+0000] {logging_mixin.py:190} INFO - [2025-09-03T18:03:39.733+0000] {dag.py:3239} INFO - Sync 1 DAGs
[2025-09-03T18:03:39.761+0000] {logging_mixin.py:190} INFO - [2025-09-03T18:03:39.761+0000] {dag.py:4180} INFO - Setting next_dagrun for hanger_line_daily_transform to 2025-09-01 21:00:00+00:00, run_after=2025-09-02 21:00:00+00:00
[2025-09-03T18:03:39.782+0000] {processor.py:208} INFO - Processing /opt/airflow/dags/hanger_line_daily_transform.py took 0.108 seconds
