[2025-09-03T17:38:27.414+0000] {processor.py:186} INFO - Started process (PID=274) to work on /opt/airflow/dags/hanger_lanes_to_pg_etl.py
[2025-09-03T17:38:27.415+0000] {processor.py:914} INFO - Processing file /opt/airflow/dags/hanger_lanes_to_pg_etl.py for tasks to queue
[2025-09-03T17:38:27.419+0000] {logging_mixin.py:190} INFO - [2025-09-03T17:38:27.418+0000] {dagbag.py:588} INFO - Filling up the DagBag from /opt/airflow/dags/hanger_lanes_to_pg_etl.py
[2025-09-03T17:38:27.439+0000] {processor.py:925} INFO - DAG(s) 'hanger_data_mssql_to_pg_etl' retrieved from /opt/airflow/dags/hanger_lanes_to_pg_etl.py
[2025-09-03T17:38:27.581+0000] {logging_mixin.py:190} INFO - [2025-09-03T17:38:27.580+0000] {override.py:1930} INFO - Created Permission View: can delete on DAG:hanger_data_mssql_to_pg_etl
[2025-09-03T17:38:27.596+0000] {logging_mixin.py:190} INFO - [2025-09-03T17:38:27.596+0000] {override.py:1930} INFO - Created Permission View: can edit on DAG:hanger_data_mssql_to_pg_etl
[2025-09-03T17:38:27.606+0000] {logging_mixin.py:190} INFO - [2025-09-03T17:38:27.606+0000] {override.py:1930} INFO - Created Permission View: can read on DAG:hanger_data_mssql_to_pg_etl
[2025-09-03T17:38:27.619+0000] {logging_mixin.py:190} INFO - [2025-09-03T17:38:27.619+0000] {override.py:1930} INFO - Created Permission View: can delete on DAG Run:hanger_data_mssql_to_pg_etl
[2025-09-03T17:38:27.627+0000] {logging_mixin.py:190} INFO - [2025-09-03T17:38:27.626+0000] {override.py:1930} INFO - Created Permission View: can create on DAG Run:hanger_data_mssql_to_pg_etl
[2025-09-03T17:38:27.634+0000] {logging_mixin.py:190} INFO - [2025-09-03T17:38:27.634+0000] {override.py:1930} INFO - Created Permission View: menu access on DAG Run:hanger_data_mssql_to_pg_etl
[2025-09-03T17:38:27.641+0000] {logging_mixin.py:190} INFO - [2025-09-03T17:38:27.640+0000] {override.py:1930} INFO - Created Permission View: can read on DAG Run:hanger_data_mssql_to_pg_etl
[2025-09-03T17:38:27.641+0000] {logging_mixin.py:190} INFO - [2025-09-03T17:38:27.641+0000] {dag.py:3239} INFO - Sync 1 DAGs
[2025-09-03T17:38:27.663+0000] {logging_mixin.py:190} INFO - [2025-09-03T17:38:27.663+0000] {dag.py:3262} INFO - Creating ORM DAG for hanger_data_mssql_to_pg_etl
[2025-09-03T17:38:27.674+0000] {logging_mixin.py:190} INFO - [2025-09-03T17:38:27.674+0000] {dag.py:4180} INFO - Setting next_dagrun for hanger_data_mssql_to_pg_etl to 2025-09-03 17:20:00+00:00, run_after=2025-09-03 17:30:00+00:00
[2025-09-03T17:38:27.696+0000] {processor.py:208} INFO - Processing /opt/airflow/dags/hanger_lanes_to_pg_etl.py took 0.291 seconds
[2025-09-03T17:38:57.836+0000] {processor.py:186} INFO - Started process (PID=383) to work on /opt/airflow/dags/hanger_lanes_to_pg_etl.py
[2025-09-03T17:38:57.840+0000] {processor.py:914} INFO - Processing file /opt/airflow/dags/hanger_lanes_to_pg_etl.py for tasks to queue
[2025-09-03T17:38:57.842+0000] {logging_mixin.py:190} INFO - [2025-09-03T17:38:57.842+0000] {dagbag.py:588} INFO - Filling up the DagBag from /opt/airflow/dags/hanger_lanes_to_pg_etl.py
[2025-09-03T17:38:57.861+0000] {processor.py:925} INFO - DAG(s) 'hanger_data_mssql_to_pg_etl' retrieved from /opt/airflow/dags/hanger_lanes_to_pg_etl.py
[2025-09-03T17:38:57.884+0000] {logging_mixin.py:190} INFO - [2025-09-03T17:38:57.884+0000] {dag.py:3239} INFO - Sync 1 DAGs
[2025-09-03T17:38:57.904+0000] {logging_mixin.py:190} INFO - [2025-09-03T17:38:57.904+0000] {dag.py:4180} INFO - Setting next_dagrun for hanger_data_mssql_to_pg_etl to 2025-09-03 17:20:00+00:00, run_after=2025-09-03 17:30:00+00:00
[2025-09-03T17:38:57.920+0000] {processor.py:208} INFO - Processing /opt/airflow/dags/hanger_lanes_to_pg_etl.py took 0.089 seconds
[2025-09-03T17:39:28.674+0000] {processor.py:186} INFO - Started process (PID=490) to work on /opt/airflow/dags/hanger_lanes_to_pg_etl.py
[2025-09-03T17:39:28.676+0000] {processor.py:914} INFO - Processing file /opt/airflow/dags/hanger_lanes_to_pg_etl.py for tasks to queue
[2025-09-03T17:39:28.678+0000] {logging_mixin.py:190} INFO - [2025-09-03T17:39:28.678+0000] {dagbag.py:588} INFO - Filling up the DagBag from /opt/airflow/dags/hanger_lanes_to_pg_etl.py
[2025-09-03T17:39:28.701+0000] {processor.py:925} INFO - DAG(s) 'hanger_data_mssql_to_pg_etl' retrieved from /opt/airflow/dags/hanger_lanes_to_pg_etl.py
[2025-09-03T17:39:28.732+0000] {logging_mixin.py:190} INFO - [2025-09-03T17:39:28.731+0000] {dag.py:3239} INFO - Sync 1 DAGs
[2025-09-03T17:39:28.758+0000] {logging_mixin.py:190} INFO - [2025-09-03T17:39:28.757+0000] {dag.py:4180} INFO - Setting next_dagrun for hanger_data_mssql_to_pg_etl to 2025-09-03 17:20:00+00:00, run_after=2025-09-03 17:30:00+00:00
[2025-09-03T17:39:28.779+0000] {processor.py:208} INFO - Processing /opt/airflow/dags/hanger_lanes_to_pg_etl.py took 0.112 seconds
[2025-09-03T17:39:59.747+0000] {processor.py:186} INFO - Started process (PID=597) to work on /opt/airflow/dags/hanger_lanes_to_pg_etl.py
[2025-09-03T17:39:59.748+0000] {processor.py:914} INFO - Processing file /opt/airflow/dags/hanger_lanes_to_pg_etl.py for tasks to queue
[2025-09-03T17:39:59.751+0000] {logging_mixin.py:190} INFO - [2025-09-03T17:39:59.750+0000] {dagbag.py:588} INFO - Filling up the DagBag from /opt/airflow/dags/hanger_lanes_to_pg_etl.py
[2025-09-03T17:39:59.766+0000] {processor.py:925} INFO - DAG(s) 'hanger_data_mssql_to_pg_etl' retrieved from /opt/airflow/dags/hanger_lanes_to_pg_etl.py
[2025-09-03T17:39:59.801+0000] {logging_mixin.py:190} INFO - [2025-09-03T17:39:59.800+0000] {dag.py:3239} INFO - Sync 1 DAGs
[2025-09-03T17:39:59.831+0000] {logging_mixin.py:190} INFO - [2025-09-03T17:39:59.831+0000] {dag.py:4180} INFO - Setting next_dagrun for hanger_data_mssql_to_pg_etl to 2025-09-03 17:20:00+00:00, run_after=2025-09-03 17:30:00+00:00
[2025-09-03T17:39:59.853+0000] {processor.py:208} INFO - Processing /opt/airflow/dags/hanger_lanes_to_pg_etl.py took 0.112 seconds
[2025-09-03T17:40:30.973+0000] {processor.py:186} INFO - Started process (PID=703) to work on /opt/airflow/dags/hanger_lanes_to_pg_etl.py
[2025-09-03T17:40:30.975+0000] {processor.py:914} INFO - Processing file /opt/airflow/dags/hanger_lanes_to_pg_etl.py for tasks to queue
[2025-09-03T17:40:30.977+0000] {logging_mixin.py:190} INFO - [2025-09-03T17:40:30.977+0000] {dagbag.py:588} INFO - Filling up the DagBag from /opt/airflow/dags/hanger_lanes_to_pg_etl.py
[2025-09-03T17:40:30.997+0000] {processor.py:925} INFO - DAG(s) 'hanger_data_mssql_to_pg_etl' retrieved from /opt/airflow/dags/hanger_lanes_to_pg_etl.py
[2025-09-03T17:40:31.026+0000] {logging_mixin.py:190} INFO - [2025-09-03T17:40:31.025+0000] {dag.py:3239} INFO - Sync 1 DAGs
[2025-09-03T17:40:31.050+0000] {logging_mixin.py:190} INFO - [2025-09-03T17:40:31.050+0000] {dag.py:4180} INFO - Setting next_dagrun for hanger_data_mssql_to_pg_etl to 2025-09-03 17:30:00+00:00, run_after=2025-09-03 17:40:00+00:00
[2025-09-03T17:40:31.066+0000] {processor.py:208} INFO - Processing /opt/airflow/dags/hanger_lanes_to_pg_etl.py took 0.098 seconds
[2025-09-03T17:41:02.309+0000] {processor.py:186} INFO - Started process (PID=810) to work on /opt/airflow/dags/hanger_lanes_to_pg_etl.py
[2025-09-03T17:41:02.310+0000] {processor.py:914} INFO - Processing file /opt/airflow/dags/hanger_lanes_to_pg_etl.py for tasks to queue
[2025-09-03T17:41:02.312+0000] {logging_mixin.py:190} INFO - [2025-09-03T17:41:02.311+0000] {dagbag.py:588} INFO - Filling up the DagBag from /opt/airflow/dags/hanger_lanes_to_pg_etl.py
[2025-09-03T17:41:02.325+0000] {processor.py:925} INFO - DAG(s) 'hanger_data_mssql_to_pg_etl' retrieved from /opt/airflow/dags/hanger_lanes_to_pg_etl.py
[2025-09-03T17:41:02.347+0000] {logging_mixin.py:190} INFO - [2025-09-03T17:41:02.346+0000] {dag.py:3239} INFO - Sync 1 DAGs
[2025-09-03T17:41:02.366+0000] {logging_mixin.py:190} INFO - [2025-09-03T17:41:02.366+0000] {dag.py:4180} INFO - Setting next_dagrun for hanger_data_mssql_to_pg_etl to 2025-09-03 17:30:00+00:00, run_after=2025-09-03 17:40:00+00:00
[2025-09-03T17:41:02.383+0000] {processor.py:208} INFO - Processing /opt/airflow/dags/hanger_lanes_to_pg_etl.py took 0.079 seconds
[2025-09-03T17:41:32.506+0000] {processor.py:186} INFO - Started process (PID=916) to work on /opt/airflow/dags/hanger_lanes_to_pg_etl.py
[2025-09-03T17:41:32.507+0000] {processor.py:914} INFO - Processing file /opt/airflow/dags/hanger_lanes_to_pg_etl.py for tasks to queue
[2025-09-03T17:41:32.509+0000] {logging_mixin.py:190} INFO - [2025-09-03T17:41:32.508+0000] {dagbag.py:588} INFO - Filling up the DagBag from /opt/airflow/dags/hanger_lanes_to_pg_etl.py
[2025-09-03T17:41:32.527+0000] {processor.py:925} INFO - DAG(s) 'hanger_data_mssql_to_pg_etl' retrieved from /opt/airflow/dags/hanger_lanes_to_pg_etl.py
[2025-09-03T17:41:32.549+0000] {logging_mixin.py:190} INFO - [2025-09-03T17:41:32.549+0000] {dag.py:3239} INFO - Sync 1 DAGs
[2025-09-03T17:41:32.576+0000] {logging_mixin.py:190} INFO - [2025-09-03T17:41:32.576+0000] {dag.py:4180} INFO - Setting next_dagrun for hanger_data_mssql_to_pg_etl to 2025-09-03 17:30:00+00:00, run_after=2025-09-03 17:40:00+00:00
[2025-09-03T17:41:32.593+0000] {processor.py:208} INFO - Processing /opt/airflow/dags/hanger_lanes_to_pg_etl.py took 0.092 seconds
[2025-09-03T17:42:03.294+0000] {processor.py:186} INFO - Started process (PID=1021) to work on /opt/airflow/dags/hanger_lanes_to_pg_etl.py
[2025-09-03T17:42:03.296+0000] {processor.py:914} INFO - Processing file /opt/airflow/dags/hanger_lanes_to_pg_etl.py for tasks to queue
[2025-09-03T17:42:03.298+0000] {logging_mixin.py:190} INFO - [2025-09-03T17:42:03.297+0000] {dagbag.py:588} INFO - Filling up the DagBag from /opt/airflow/dags/hanger_lanes_to_pg_etl.py
[2025-09-03T17:42:03.318+0000] {processor.py:925} INFO - DAG(s) 'hanger_data_mssql_to_pg_etl' retrieved from /opt/airflow/dags/hanger_lanes_to_pg_etl.py
[2025-09-03T17:42:03.341+0000] {logging_mixin.py:190} INFO - [2025-09-03T17:42:03.341+0000] {dag.py:3239} INFO - Sync 1 DAGs
[2025-09-03T17:42:03.370+0000] {logging_mixin.py:190} INFO - [2025-09-03T17:42:03.369+0000] {dag.py:4180} INFO - Setting next_dagrun for hanger_data_mssql_to_pg_etl to 2025-09-03 17:30:00+00:00, run_after=2025-09-03 17:40:00+00:00
[2025-09-03T17:42:03.394+0000] {processor.py:208} INFO - Processing /opt/airflow/dags/hanger_lanes_to_pg_etl.py took 0.108 seconds
[2025-09-03T17:42:33.895+0000] {processor.py:186} INFO - Started process (PID=1130) to work on /opt/airflow/dags/hanger_lanes_to_pg_etl.py
[2025-09-03T17:42:33.895+0000] {processor.py:914} INFO - Processing file /opt/airflow/dags/hanger_lanes_to_pg_etl.py for tasks to queue
[2025-09-03T17:42:33.897+0000] {logging_mixin.py:190} INFO - [2025-09-03T17:42:33.897+0000] {dagbag.py:588} INFO - Filling up the DagBag from /opt/airflow/dags/hanger_lanes_to_pg_etl.py
[2025-09-03T17:42:33.909+0000] {processor.py:925} INFO - DAG(s) 'hanger_data_mssql_to_pg_etl' retrieved from /opt/airflow/dags/hanger_lanes_to_pg_etl.py
[2025-09-03T17:42:33.934+0000] {logging_mixin.py:190} INFO - [2025-09-03T17:42:33.934+0000] {dag.py:3239} INFO - Sync 1 DAGs
[2025-09-03T17:42:33.957+0000] {logging_mixin.py:190} INFO - [2025-09-03T17:42:33.957+0000] {dag.py:4180} INFO - Setting next_dagrun for hanger_data_mssql_to_pg_etl to 2025-09-03 17:30:00+00:00, run_after=2025-09-03 17:40:00+00:00
[2025-09-03T17:42:33.973+0000] {processor.py:208} INFO - Processing /opt/airflow/dags/hanger_lanes_to_pg_etl.py took 0.083 seconds
[2025-09-03T17:43:04.743+0000] {processor.py:186} INFO - Started process (PID=1237) to work on /opt/airflow/dags/hanger_lanes_to_pg_etl.py
[2025-09-03T17:43:04.743+0000] {processor.py:914} INFO - Processing file /opt/airflow/dags/hanger_lanes_to_pg_etl.py for tasks to queue
[2025-09-03T17:43:04.745+0000] {logging_mixin.py:190} INFO - [2025-09-03T17:43:04.745+0000] {dagbag.py:588} INFO - Filling up the DagBag from /opt/airflow/dags/hanger_lanes_to_pg_etl.py
[2025-09-03T17:43:04.758+0000] {processor.py:925} INFO - DAG(s) 'hanger_data_mssql_to_pg_etl' retrieved from /opt/airflow/dags/hanger_lanes_to_pg_etl.py
[2025-09-03T17:43:04.784+0000] {logging_mixin.py:190} INFO - [2025-09-03T17:43:04.783+0000] {dag.py:3239} INFO - Sync 1 DAGs
[2025-09-03T17:43:04.815+0000] {logging_mixin.py:190} INFO - [2025-09-03T17:43:04.814+0000] {dag.py:4180} INFO - Setting next_dagrun for hanger_data_mssql_to_pg_etl to 2025-09-03 17:30:00+00:00, run_after=2025-09-03 17:40:00+00:00
[2025-09-03T17:43:04.841+0000] {processor.py:208} INFO - Processing /opt/airflow/dags/hanger_lanes_to_pg_etl.py took 0.103 seconds
[2025-09-03T17:43:35.580+0000] {processor.py:186} INFO - Started process (PID=1344) to work on /opt/airflow/dags/hanger_lanes_to_pg_etl.py
[2025-09-03T17:43:35.580+0000] {processor.py:914} INFO - Processing file /opt/airflow/dags/hanger_lanes_to_pg_etl.py for tasks to queue
[2025-09-03T17:43:35.582+0000] {logging_mixin.py:190} INFO - [2025-09-03T17:43:35.582+0000] {dagbag.py:588} INFO - Filling up the DagBag from /opt/airflow/dags/hanger_lanes_to_pg_etl.py
[2025-09-03T17:43:35.594+0000] {processor.py:925} INFO - DAG(s) 'hanger_data_mssql_to_pg_etl' retrieved from /opt/airflow/dags/hanger_lanes_to_pg_etl.py
[2025-09-03T17:43:35.614+0000] {logging_mixin.py:190} INFO - [2025-09-03T17:43:35.614+0000] {dag.py:3239} INFO - Sync 1 DAGs
[2025-09-03T17:43:35.634+0000] {logging_mixin.py:190} INFO - [2025-09-03T17:43:35.634+0000] {dag.py:4180} INFO - Setting next_dagrun for hanger_data_mssql_to_pg_etl to 2025-09-03 17:30:00+00:00, run_after=2025-09-03 17:40:00+00:00
[2025-09-03T17:43:35.653+0000] {processor.py:208} INFO - Processing /opt/airflow/dags/hanger_lanes_to_pg_etl.py took 0.077 seconds
[2025-09-03T17:44:06.234+0000] {processor.py:186} INFO - Started process (PID=1451) to work on /opt/airflow/dags/hanger_lanes_to_pg_etl.py
[2025-09-03T17:44:06.234+0000] {processor.py:914} INFO - Processing file /opt/airflow/dags/hanger_lanes_to_pg_etl.py for tasks to queue
[2025-09-03T17:44:06.237+0000] {logging_mixin.py:190} INFO - [2025-09-03T17:44:06.237+0000] {dagbag.py:588} INFO - Filling up the DagBag from /opt/airflow/dags/hanger_lanes_to_pg_etl.py
[2025-09-03T17:44:06.253+0000] {processor.py:925} INFO - DAG(s) 'hanger_data_mssql_to_pg_etl' retrieved from /opt/airflow/dags/hanger_lanes_to_pg_etl.py
[2025-09-03T17:44:06.278+0000] {logging_mixin.py:190} INFO - [2025-09-03T17:44:06.277+0000] {dag.py:3239} INFO - Sync 1 DAGs
[2025-09-03T17:44:06.297+0000] {logging_mixin.py:190} INFO - [2025-09-03T17:44:06.297+0000] {dag.py:4180} INFO - Setting next_dagrun for hanger_data_mssql_to_pg_etl to 2025-09-03 17:30:00+00:00, run_after=2025-09-03 17:40:00+00:00
[2025-09-03T17:44:06.312+0000] {processor.py:208} INFO - Processing /opt/airflow/dags/hanger_lanes_to_pg_etl.py took 0.083 seconds
[2025-09-03T17:44:36.880+0000] {processor.py:186} INFO - Started process (PID=1558) to work on /opt/airflow/dags/hanger_lanes_to_pg_etl.py
[2025-09-03T17:44:36.881+0000] {processor.py:914} INFO - Processing file /opt/airflow/dags/hanger_lanes_to_pg_etl.py for tasks to queue
[2025-09-03T17:44:36.884+0000] {logging_mixin.py:190} INFO - [2025-09-03T17:44:36.883+0000] {dagbag.py:588} INFO - Filling up the DagBag from /opt/airflow/dags/hanger_lanes_to_pg_etl.py
[2025-09-03T17:44:36.898+0000] {processor.py:925} INFO - DAG(s) 'hanger_data_mssql_to_pg_etl' retrieved from /opt/airflow/dags/hanger_lanes_to_pg_etl.py
[2025-09-03T17:44:36.917+0000] {logging_mixin.py:190} INFO - [2025-09-03T17:44:36.917+0000] {dag.py:3239} INFO - Sync 1 DAGs
[2025-09-03T17:44:36.942+0000] {logging_mixin.py:190} INFO - [2025-09-03T17:44:36.942+0000] {dag.py:4180} INFO - Setting next_dagrun for hanger_data_mssql_to_pg_etl to 2025-09-03 17:30:00+00:00, run_after=2025-09-03 17:40:00+00:00
[2025-09-03T17:44:36.960+0000] {processor.py:208} INFO - Processing /opt/airflow/dags/hanger_lanes_to_pg_etl.py took 0.087 seconds
[2025-09-03T17:45:07.493+0000] {processor.py:186} INFO - Started process (PID=1663) to work on /opt/airflow/dags/hanger_lanes_to_pg_etl.py
[2025-09-03T17:45:07.494+0000] {processor.py:914} INFO - Processing file /opt/airflow/dags/hanger_lanes_to_pg_etl.py for tasks to queue
[2025-09-03T17:45:07.498+0000] {logging_mixin.py:190} INFO - [2025-09-03T17:45:07.498+0000] {dagbag.py:588} INFO - Filling up the DagBag from /opt/airflow/dags/hanger_lanes_to_pg_etl.py
[2025-09-03T17:45:07.512+0000] {processor.py:925} INFO - DAG(s) 'hanger_data_mssql_to_pg_etl' retrieved from /opt/airflow/dags/hanger_lanes_to_pg_etl.py
[2025-09-03T17:45:07.539+0000] {logging_mixin.py:190} INFO - [2025-09-03T17:45:07.538+0000] {dag.py:3239} INFO - Sync 1 DAGs
[2025-09-03T17:45:07.568+0000] {logging_mixin.py:190} INFO - [2025-09-03T17:45:07.567+0000] {dag.py:4180} INFO - Setting next_dagrun for hanger_data_mssql_to_pg_etl to 2025-09-03 17:30:00+00:00, run_after=2025-09-03 17:40:00+00:00
[2025-09-03T17:45:07.586+0000] {processor.py:208} INFO - Processing /opt/airflow/dags/hanger_lanes_to_pg_etl.py took 0.098 seconds
[2025-09-03T17:45:38.092+0000] {processor.py:186} INFO - Started process (PID=1770) to work on /opt/airflow/dags/hanger_lanes_to_pg_etl.py
[2025-09-03T17:45:38.093+0000] {processor.py:914} INFO - Processing file /opt/airflow/dags/hanger_lanes_to_pg_etl.py for tasks to queue
[2025-09-03T17:45:38.096+0000] {logging_mixin.py:190} INFO - [2025-09-03T17:45:38.096+0000] {dagbag.py:588} INFO - Filling up the DagBag from /opt/airflow/dags/hanger_lanes_to_pg_etl.py
[2025-09-03T17:45:38.114+0000] {processor.py:925} INFO - DAG(s) 'hanger_data_mssql_to_pg_etl' retrieved from /opt/airflow/dags/hanger_lanes_to_pg_etl.py
[2025-09-03T17:45:38.138+0000] {logging_mixin.py:190} INFO - [2025-09-03T17:45:38.138+0000] {dag.py:3239} INFO - Sync 1 DAGs
[2025-09-03T17:45:38.169+0000] {logging_mixin.py:190} INFO - [2025-09-03T17:45:38.169+0000] {dag.py:4180} INFO - Setting next_dagrun for hanger_data_mssql_to_pg_etl to 2025-09-03 17:30:00+00:00, run_after=2025-09-03 17:40:00+00:00
[2025-09-03T17:45:38.191+0000] {processor.py:208} INFO - Processing /opt/airflow/dags/hanger_lanes_to_pg_etl.py took 0.107 seconds
[2025-09-03T17:46:08.792+0000] {processor.py:186} INFO - Started process (PID=1879) to work on /opt/airflow/dags/hanger_lanes_to_pg_etl.py
[2025-09-03T17:46:08.793+0000] {processor.py:914} INFO - Processing file /opt/airflow/dags/hanger_lanes_to_pg_etl.py for tasks to queue
[2025-09-03T17:46:08.796+0000] {logging_mixin.py:190} INFO - [2025-09-03T17:46:08.795+0000] {dagbag.py:588} INFO - Filling up the DagBag from /opt/airflow/dags/hanger_lanes_to_pg_etl.py
[2025-09-03T17:46:08.810+0000] {processor.py:925} INFO - DAG(s) 'hanger_data_mssql_to_pg_etl' retrieved from /opt/airflow/dags/hanger_lanes_to_pg_etl.py
[2025-09-03T17:46:08.831+0000] {logging_mixin.py:190} INFO - [2025-09-03T17:46:08.830+0000] {dag.py:3239} INFO - Sync 1 DAGs
[2025-09-03T17:46:08.850+0000] {logging_mixin.py:190} INFO - [2025-09-03T17:46:08.850+0000] {dag.py:4180} INFO - Setting next_dagrun for hanger_data_mssql_to_pg_etl to 2025-09-03 17:30:00+00:00, run_after=2025-09-03 17:40:00+00:00
[2025-09-03T17:46:08.867+0000] {processor.py:208} INFO - Processing /opt/airflow/dags/hanger_lanes_to_pg_etl.py took 0.080 seconds
[2025-09-03T17:46:39.460+0000] {processor.py:186} INFO - Started process (PID=1986) to work on /opt/airflow/dags/hanger_lanes_to_pg_etl.py
[2025-09-03T17:46:39.461+0000] {processor.py:914} INFO - Processing file /opt/airflow/dags/hanger_lanes_to_pg_etl.py for tasks to queue
[2025-09-03T17:46:39.463+0000] {logging_mixin.py:190} INFO - [2025-09-03T17:46:39.462+0000] {dagbag.py:588} INFO - Filling up the DagBag from /opt/airflow/dags/hanger_lanes_to_pg_etl.py
[2025-09-03T17:46:39.485+0000] {processor.py:925} INFO - DAG(s) 'hanger_data_mssql_to_pg_etl' retrieved from /opt/airflow/dags/hanger_lanes_to_pg_etl.py
[2025-09-03T17:46:39.521+0000] {logging_mixin.py:190} INFO - [2025-09-03T17:46:39.520+0000] {dag.py:3239} INFO - Sync 1 DAGs
[2025-09-03T17:46:39.561+0000] {logging_mixin.py:190} INFO - [2025-09-03T17:46:39.561+0000] {dag.py:4180} INFO - Setting next_dagrun for hanger_data_mssql_to_pg_etl to 2025-09-03 17:30:00+00:00, run_after=2025-09-03 17:40:00+00:00
[2025-09-03T17:46:39.588+0000] {processor.py:208} INFO - Processing /opt/airflow/dags/hanger_lanes_to_pg_etl.py took 0.134 seconds
[2025-09-03T17:47:10.158+0000] {processor.py:186} INFO - Started process (PID=2093) to work on /opt/airflow/dags/hanger_lanes_to_pg_etl.py
[2025-09-03T17:47:10.160+0000] {processor.py:914} INFO - Processing file /opt/airflow/dags/hanger_lanes_to_pg_etl.py for tasks to queue
[2025-09-03T17:47:10.164+0000] {logging_mixin.py:190} INFO - [2025-09-03T17:47:10.163+0000] {dagbag.py:588} INFO - Filling up the DagBag from /opt/airflow/dags/hanger_lanes_to_pg_etl.py
[2025-09-03T17:47:10.178+0000] {processor.py:925} INFO - DAG(s) 'hanger_data_mssql_to_pg_etl' retrieved from /opt/airflow/dags/hanger_lanes_to_pg_etl.py
[2025-09-03T17:47:10.203+0000] {logging_mixin.py:190} INFO - [2025-09-03T17:47:10.203+0000] {dag.py:3239} INFO - Sync 1 DAGs
[2025-09-03T17:47:10.227+0000] {logging_mixin.py:190} INFO - [2025-09-03T17:47:10.227+0000] {dag.py:4180} INFO - Setting next_dagrun for hanger_data_mssql_to_pg_etl to 2025-09-03 17:30:00+00:00, run_after=2025-09-03 17:40:00+00:00
[2025-09-03T17:47:10.254+0000] {processor.py:208} INFO - Processing /opt/airflow/dags/hanger_lanes_to_pg_etl.py took 0.100 seconds
[2025-09-03T17:47:40.862+0000] {processor.py:186} INFO - Started process (PID=2200) to work on /opt/airflow/dags/hanger_lanes_to_pg_etl.py
[2025-09-03T17:47:40.863+0000] {processor.py:914} INFO - Processing file /opt/airflow/dags/hanger_lanes_to_pg_etl.py for tasks to queue
[2025-09-03T17:47:40.866+0000] {logging_mixin.py:190} INFO - [2025-09-03T17:47:40.865+0000] {dagbag.py:588} INFO - Filling up the DagBag from /opt/airflow/dags/hanger_lanes_to_pg_etl.py
[2025-09-03T17:47:40.889+0000] {processor.py:925} INFO - DAG(s) 'hanger_data_mssql_to_pg_etl' retrieved from /opt/airflow/dags/hanger_lanes_to_pg_etl.py
[2025-09-03T17:47:40.917+0000] {logging_mixin.py:190} INFO - [2025-09-03T17:47:40.917+0000] {dag.py:3239} INFO - Sync 1 DAGs
[2025-09-03T17:47:40.941+0000] {logging_mixin.py:190} INFO - [2025-09-03T17:47:40.941+0000] {dag.py:4180} INFO - Setting next_dagrun for hanger_data_mssql_to_pg_etl to 2025-09-03 17:30:00+00:00, run_after=2025-09-03 17:40:00+00:00
[2025-09-03T17:47:40.958+0000] {processor.py:208} INFO - Processing /opt/airflow/dags/hanger_lanes_to_pg_etl.py took 0.100 seconds
[2025-09-03T17:48:11.724+0000] {processor.py:186} INFO - Started process (PID=2307) to work on /opt/airflow/dags/hanger_lanes_to_pg_etl.py
[2025-09-03T17:48:11.727+0000] {processor.py:914} INFO - Processing file /opt/airflow/dags/hanger_lanes_to_pg_etl.py for tasks to queue
[2025-09-03T17:48:11.731+0000] {logging_mixin.py:190} INFO - [2025-09-03T17:48:11.731+0000] {dagbag.py:588} INFO - Filling up the DagBag from /opt/airflow/dags/hanger_lanes_to_pg_etl.py
[2025-09-03T17:48:11.757+0000] {processor.py:925} INFO - DAG(s) 'hanger_data_mssql_to_pg_etl' retrieved from /opt/airflow/dags/hanger_lanes_to_pg_etl.py
[2025-09-03T17:48:11.803+0000] {logging_mixin.py:190} INFO - [2025-09-03T17:48:11.803+0000] {dag.py:3239} INFO - Sync 1 DAGs
[2025-09-03T17:48:11.829+0000] {logging_mixin.py:190} INFO - [2025-09-03T17:48:11.828+0000] {dag.py:4180} INFO - Setting next_dagrun for hanger_data_mssql_to_pg_etl to 2025-09-03 17:30:00+00:00, run_after=2025-09-03 17:40:00+00:00
[2025-09-03T17:48:11.848+0000] {processor.py:208} INFO - Processing /opt/airflow/dags/hanger_lanes_to_pg_etl.py took 0.133 seconds
[2025-09-03T17:48:42.722+0000] {processor.py:186} INFO - Started process (PID=2413) to work on /opt/airflow/dags/hanger_lanes_to_pg_etl.py
[2025-09-03T17:48:42.723+0000] {processor.py:914} INFO - Processing file /opt/airflow/dags/hanger_lanes_to_pg_etl.py for tasks to queue
[2025-09-03T17:48:42.727+0000] {logging_mixin.py:190} INFO - [2025-09-03T17:48:42.726+0000] {dagbag.py:588} INFO - Filling up the DagBag from /opt/airflow/dags/hanger_lanes_to_pg_etl.py
[2025-09-03T17:48:42.745+0000] {processor.py:925} INFO - DAG(s) 'hanger_data_mssql_to_pg_etl' retrieved from /opt/airflow/dags/hanger_lanes_to_pg_etl.py
[2025-09-03T17:48:42.784+0000] {logging_mixin.py:190} INFO - [2025-09-03T17:48:42.784+0000] {dag.py:3239} INFO - Sync 1 DAGs
[2025-09-03T17:48:42.827+0000] {logging_mixin.py:190} INFO - [2025-09-03T17:48:42.826+0000] {dag.py:4180} INFO - Setting next_dagrun for hanger_data_mssql_to_pg_etl to 2025-09-03 17:30:00+00:00, run_after=2025-09-03 17:40:00+00:00
[2025-09-03T17:48:42.856+0000] {processor.py:208} INFO - Processing /opt/airflow/dags/hanger_lanes_to_pg_etl.py took 0.142 seconds
[2025-09-03T17:49:13.674+0000] {processor.py:186} INFO - Started process (PID=2518) to work on /opt/airflow/dags/hanger_lanes_to_pg_etl.py
[2025-09-03T17:49:13.675+0000] {processor.py:914} INFO - Processing file /opt/airflow/dags/hanger_lanes_to_pg_etl.py for tasks to queue
[2025-09-03T17:49:13.678+0000] {logging_mixin.py:190} INFO - [2025-09-03T17:49:13.678+0000] {dagbag.py:588} INFO - Filling up the DagBag from /opt/airflow/dags/hanger_lanes_to_pg_etl.py
[2025-09-03T17:49:13.700+0000] {processor.py:925} INFO - DAG(s) 'hanger_data_mssql_to_pg_etl' retrieved from /opt/airflow/dags/hanger_lanes_to_pg_etl.py
[2025-09-03T17:49:13.748+0000] {logging_mixin.py:190} INFO - [2025-09-03T17:49:13.748+0000] {dag.py:3239} INFO - Sync 1 DAGs
[2025-09-03T17:49:13.779+0000] {logging_mixin.py:190} INFO - [2025-09-03T17:49:13.779+0000] {dag.py:4180} INFO - Setting next_dagrun for hanger_data_mssql_to_pg_etl to 2025-09-03 17:30:00+00:00, run_after=2025-09-03 17:40:00+00:00
[2025-09-03T17:49:13.798+0000] {processor.py:208} INFO - Processing /opt/airflow/dags/hanger_lanes_to_pg_etl.py took 0.131 seconds
[2025-09-03T17:49:44.402+0000] {processor.py:186} INFO - Started process (PID=2627) to work on /opt/airflow/dags/hanger_lanes_to_pg_etl.py
[2025-09-03T17:49:44.403+0000] {processor.py:914} INFO - Processing file /opt/airflow/dags/hanger_lanes_to_pg_etl.py for tasks to queue
[2025-09-03T17:49:44.407+0000] {logging_mixin.py:190} INFO - [2025-09-03T17:49:44.406+0000] {dagbag.py:588} INFO - Filling up the DagBag from /opt/airflow/dags/hanger_lanes_to_pg_etl.py
[2025-09-03T17:49:44.427+0000] {processor.py:925} INFO - DAG(s) 'hanger_data_mssql_to_pg_etl' retrieved from /opt/airflow/dags/hanger_lanes_to_pg_etl.py
[2025-09-03T17:49:44.462+0000] {logging_mixin.py:190} INFO - [2025-09-03T17:49:44.462+0000] {dag.py:3239} INFO - Sync 1 DAGs
[2025-09-03T17:49:44.493+0000] {logging_mixin.py:190} INFO - [2025-09-03T17:49:44.492+0000] {dag.py:4180} INFO - Setting next_dagrun for hanger_data_mssql_to_pg_etl to 2025-09-03 17:30:00+00:00, run_after=2025-09-03 17:40:00+00:00
[2025-09-03T17:49:44.513+0000] {processor.py:208} INFO - Processing /opt/airflow/dags/hanger_lanes_to_pg_etl.py took 0.116 seconds
[2025-09-03T17:50:15.269+0000] {processor.py:186} INFO - Started process (PID=2732) to work on /opt/airflow/dags/hanger_lanes_to_pg_etl.py
[2025-09-03T17:50:15.270+0000] {processor.py:914} INFO - Processing file /opt/airflow/dags/hanger_lanes_to_pg_etl.py for tasks to queue
[2025-09-03T17:50:15.273+0000] {logging_mixin.py:190} INFO - [2025-09-03T17:50:15.273+0000] {dagbag.py:588} INFO - Filling up the DagBag from /opt/airflow/dags/hanger_lanes_to_pg_etl.py
[2025-09-03T17:50:15.289+0000] {processor.py:925} INFO - DAG(s) 'hanger_data_mssql_to_pg_etl' retrieved from /opt/airflow/dags/hanger_lanes_to_pg_etl.py
[2025-09-03T17:50:15.313+0000] {logging_mixin.py:190} INFO - [2025-09-03T17:50:15.313+0000] {dag.py:3239} INFO - Sync 1 DAGs
[2025-09-03T17:50:15.337+0000] {logging_mixin.py:190} INFO - [2025-09-03T17:50:15.337+0000] {dag.py:4180} INFO - Setting next_dagrun for hanger_data_mssql_to_pg_etl to 2025-09-03 17:40:00+00:00, run_after=2025-09-03 17:50:00+00:00
[2025-09-03T17:50:15.355+0000] {processor.py:208} INFO - Processing /opt/airflow/dags/hanger_lanes_to_pg_etl.py took 0.092 seconds
[2025-09-03T17:50:46.089+0000] {processor.py:186} INFO - Started process (PID=2841) to work on /opt/airflow/dags/hanger_lanes_to_pg_etl.py
[2025-09-03T17:50:46.090+0000] {processor.py:914} INFO - Processing file /opt/airflow/dags/hanger_lanes_to_pg_etl.py for tasks to queue
[2025-09-03T17:50:46.094+0000] {logging_mixin.py:190} INFO - [2025-09-03T17:50:46.093+0000] {dagbag.py:588} INFO - Filling up the DagBag from /opt/airflow/dags/hanger_lanes_to_pg_etl.py
[2025-09-03T17:50:46.107+0000] {processor.py:925} INFO - DAG(s) 'hanger_data_mssql_to_pg_etl' retrieved from /opt/airflow/dags/hanger_lanes_to_pg_etl.py
[2025-09-03T17:50:46.130+0000] {logging_mixin.py:190} INFO - [2025-09-03T17:50:46.129+0000] {dag.py:3239} INFO - Sync 1 DAGs
[2025-09-03T17:50:46.150+0000] {logging_mixin.py:190} INFO - [2025-09-03T17:50:46.150+0000] {dag.py:4180} INFO - Setting next_dagrun for hanger_data_mssql_to_pg_etl to 2025-09-03 17:40:00+00:00, run_after=2025-09-03 17:50:00+00:00
[2025-09-03T17:50:46.168+0000] {processor.py:208} INFO - Processing /opt/airflow/dags/hanger_lanes_to_pg_etl.py took 0.083 seconds
[2025-09-03T17:51:17.042+0000] {processor.py:186} INFO - Started process (PID=2948) to work on /opt/airflow/dags/hanger_lanes_to_pg_etl.py
[2025-09-03T17:51:17.043+0000] {processor.py:914} INFO - Processing file /opt/airflow/dags/hanger_lanes_to_pg_etl.py for tasks to queue
[2025-09-03T17:51:17.045+0000] {logging_mixin.py:190} INFO - [2025-09-03T17:51:17.044+0000] {dagbag.py:588} INFO - Filling up the DagBag from /opt/airflow/dags/hanger_lanes_to_pg_etl.py
[2025-09-03T17:51:17.057+0000] {processor.py:925} INFO - DAG(s) 'hanger_data_mssql_to_pg_etl' retrieved from /opt/airflow/dags/hanger_lanes_to_pg_etl.py
[2025-09-03T17:51:17.080+0000] {logging_mixin.py:190} INFO - [2025-09-03T17:51:17.080+0000] {dag.py:3239} INFO - Sync 1 DAGs
[2025-09-03T17:51:17.099+0000] {logging_mixin.py:190} INFO - [2025-09-03T17:51:17.099+0000] {dag.py:4180} INFO - Setting next_dagrun for hanger_data_mssql_to_pg_etl to 2025-09-03 17:40:00+00:00, run_after=2025-09-03 17:50:00+00:00
[2025-09-03T17:51:17.113+0000] {processor.py:208} INFO - Processing /opt/airflow/dags/hanger_lanes_to_pg_etl.py took 0.079 seconds
[2025-09-03T17:51:48.017+0000] {processor.py:186} INFO - Started process (PID=3053) to work on /opt/airflow/dags/hanger_lanes_to_pg_etl.py
[2025-09-03T17:51:48.018+0000] {processor.py:914} INFO - Processing file /opt/airflow/dags/hanger_lanes_to_pg_etl.py for tasks to queue
[2025-09-03T17:51:48.022+0000] {logging_mixin.py:190} INFO - [2025-09-03T17:51:48.022+0000] {dagbag.py:588} INFO - Filling up the DagBag from /opt/airflow/dags/hanger_lanes_to_pg_etl.py
[2025-09-03T17:51:48.040+0000] {processor.py:925} INFO - DAG(s) 'hanger_data_mssql_to_pg_etl' retrieved from /opt/airflow/dags/hanger_lanes_to_pg_etl.py
[2025-09-03T17:51:48.073+0000] {logging_mixin.py:190} INFO - [2025-09-03T17:51:48.073+0000] {dag.py:3239} INFO - Sync 1 DAGs
[2025-09-03T17:51:48.104+0000] {logging_mixin.py:190} INFO - [2025-09-03T17:51:48.104+0000] {dag.py:4180} INFO - Setting next_dagrun for hanger_data_mssql_to_pg_etl to 2025-09-03 17:40:00+00:00, run_after=2025-09-03 17:50:00+00:00
[2025-09-03T17:51:48.127+0000] {processor.py:208} INFO - Processing /opt/airflow/dags/hanger_lanes_to_pg_etl.py took 0.116 seconds
[2025-09-03T17:52:19.118+0000] {processor.py:186} INFO - Started process (PID=3159) to work on /opt/airflow/dags/hanger_lanes_to_pg_etl.py
[2025-09-03T17:52:19.120+0000] {processor.py:914} INFO - Processing file /opt/airflow/dags/hanger_lanes_to_pg_etl.py for tasks to queue
[2025-09-03T17:52:19.122+0000] {logging_mixin.py:190} INFO - [2025-09-03T17:52:19.122+0000] {dagbag.py:588} INFO - Filling up the DagBag from /opt/airflow/dags/hanger_lanes_to_pg_etl.py
[2025-09-03T17:52:19.141+0000] {processor.py:925} INFO - DAG(s) 'hanger_data_mssql_to_pg_etl' retrieved from /opt/airflow/dags/hanger_lanes_to_pg_etl.py
[2025-09-03T17:52:19.178+0000] {logging_mixin.py:190} INFO - [2025-09-03T17:52:19.178+0000] {dag.py:3239} INFO - Sync 1 DAGs
[2025-09-03T17:52:19.209+0000] {logging_mixin.py:190} INFO - [2025-09-03T17:52:19.209+0000] {dag.py:4180} INFO - Setting next_dagrun for hanger_data_mssql_to_pg_etl to 2025-09-03 17:40:00+00:00, run_after=2025-09-03 17:50:00+00:00
[2025-09-03T17:52:19.233+0000] {processor.py:208} INFO - Processing /opt/airflow/dags/hanger_lanes_to_pg_etl.py took 0.122 seconds
[2025-09-03T17:52:50.089+0000] {processor.py:186} INFO - Started process (PID=3268) to work on /opt/airflow/dags/hanger_lanes_to_pg_etl.py
[2025-09-03T17:52:50.090+0000] {processor.py:914} INFO - Processing file /opt/airflow/dags/hanger_lanes_to_pg_etl.py for tasks to queue
[2025-09-03T17:52:50.093+0000] {logging_mixin.py:190} INFO - [2025-09-03T17:52:50.092+0000] {dagbag.py:588} INFO - Filling up the DagBag from /opt/airflow/dags/hanger_lanes_to_pg_etl.py
[2025-09-03T17:52:50.106+0000] {processor.py:925} INFO - DAG(s) 'hanger_data_mssql_to_pg_etl' retrieved from /opt/airflow/dags/hanger_lanes_to_pg_etl.py
[2025-09-03T17:52:50.125+0000] {logging_mixin.py:190} INFO - [2025-09-03T17:52:50.125+0000] {dag.py:3239} INFO - Sync 1 DAGs
[2025-09-03T17:52:50.147+0000] {logging_mixin.py:190} INFO - [2025-09-03T17:52:50.146+0000] {dag.py:4180} INFO - Setting next_dagrun for hanger_data_mssql_to_pg_etl to 2025-09-03 17:40:00+00:00, run_after=2025-09-03 17:50:00+00:00
[2025-09-03T17:52:50.164+0000] {processor.py:208} INFO - Processing /opt/airflow/dags/hanger_lanes_to_pg_etl.py took 0.083 seconds
[2025-09-03T17:53:21.231+0000] {processor.py:186} INFO - Started process (PID=3375) to work on /opt/airflow/dags/hanger_lanes_to_pg_etl.py
[2025-09-03T17:53:21.232+0000] {processor.py:914} INFO - Processing file /opt/airflow/dags/hanger_lanes_to_pg_etl.py for tasks to queue
[2025-09-03T17:53:21.235+0000] {logging_mixin.py:190} INFO - [2025-09-03T17:53:21.235+0000] {dagbag.py:588} INFO - Filling up the DagBag from /opt/airflow/dags/hanger_lanes_to_pg_etl.py
[2025-09-03T17:53:21.255+0000] {processor.py:925} INFO - DAG(s) 'hanger_data_mssql_to_pg_etl' retrieved from /opt/airflow/dags/hanger_lanes_to_pg_etl.py
[2025-09-03T17:53:21.276+0000] {logging_mixin.py:190} INFO - [2025-09-03T17:53:21.276+0000] {dag.py:3239} INFO - Sync 1 DAGs
[2025-09-03T17:53:21.300+0000] {logging_mixin.py:190} INFO - [2025-09-03T17:53:21.299+0000] {dag.py:4180} INFO - Setting next_dagrun for hanger_data_mssql_to_pg_etl to 2025-09-03 17:40:00+00:00, run_after=2025-09-03 17:50:00+00:00
[2025-09-03T17:53:21.317+0000] {processor.py:208} INFO - Processing /opt/airflow/dags/hanger_lanes_to_pg_etl.py took 0.091 seconds
[2025-09-03T17:53:52.294+0000] {processor.py:186} INFO - Started process (PID=3482) to work on /opt/airflow/dags/hanger_lanes_to_pg_etl.py
[2025-09-03T17:53:52.295+0000] {processor.py:914} INFO - Processing file /opt/airflow/dags/hanger_lanes_to_pg_etl.py for tasks to queue
[2025-09-03T17:53:52.298+0000] {logging_mixin.py:190} INFO - [2025-09-03T17:53:52.298+0000] {dagbag.py:588} INFO - Filling up the DagBag from /opt/airflow/dags/hanger_lanes_to_pg_etl.py
[2025-09-03T17:53:52.311+0000] {processor.py:925} INFO - DAG(s) 'hanger_data_mssql_to_pg_etl' retrieved from /opt/airflow/dags/hanger_lanes_to_pg_etl.py
[2025-09-03T17:53:52.330+0000] {logging_mixin.py:190} INFO - [2025-09-03T17:53:52.330+0000] {dag.py:3239} INFO - Sync 1 DAGs
[2025-09-03T17:53:52.350+0000] {logging_mixin.py:190} INFO - [2025-09-03T17:53:52.350+0000] {dag.py:4180} INFO - Setting next_dagrun for hanger_data_mssql_to_pg_etl to 2025-09-03 17:40:00+00:00, run_after=2025-09-03 17:50:00+00:00
[2025-09-03T17:53:52.365+0000] {processor.py:208} INFO - Processing /opt/airflow/dags/hanger_lanes_to_pg_etl.py took 0.075 seconds
[2025-09-03T17:54:22.758+0000] {processor.py:186} INFO - Started process (PID=3589) to work on /opt/airflow/dags/hanger_lanes_to_pg_etl.py
[2025-09-03T17:54:22.759+0000] {processor.py:914} INFO - Processing file /opt/airflow/dags/hanger_lanes_to_pg_etl.py for tasks to queue
[2025-09-03T17:54:22.761+0000] {logging_mixin.py:190} INFO - [2025-09-03T17:54:22.760+0000] {dagbag.py:588} INFO - Filling up the DagBag from /opt/airflow/dags/hanger_lanes_to_pg_etl.py
[2025-09-03T17:54:22.772+0000] {processor.py:925} INFO - DAG(s) 'hanger_data_mssql_to_pg_etl' retrieved from /opt/airflow/dags/hanger_lanes_to_pg_etl.py
[2025-09-03T17:54:22.795+0000] {logging_mixin.py:190} INFO - [2025-09-03T17:54:22.795+0000] {dag.py:3239} INFO - Sync 1 DAGs
[2025-09-03T17:54:22.818+0000] {logging_mixin.py:190} INFO - [2025-09-03T17:54:22.818+0000] {dag.py:4180} INFO - Setting next_dagrun for hanger_data_mssql_to_pg_etl to 2025-09-03 17:40:00+00:00, run_after=2025-09-03 17:50:00+00:00
[2025-09-03T17:54:22.833+0000] {processor.py:208} INFO - Processing /opt/airflow/dags/hanger_lanes_to_pg_etl.py took 0.079 seconds
[2025-09-03T17:55:57.502+0000] {processor.py:186} INFO - Started process (PID=276) to work on /opt/airflow/dags/hanger_lanes_to_pg_etl.py
[2025-09-03T17:55:57.503+0000] {processor.py:914} INFO - Processing file /opt/airflow/dags/hanger_lanes_to_pg_etl.py for tasks to queue
[2025-09-03T17:55:57.506+0000] {logging_mixin.py:190} INFO - [2025-09-03T17:55:57.506+0000] {dagbag.py:588} INFO - Filling up the DagBag from /opt/airflow/dags/hanger_lanes_to_pg_etl.py
[2025-09-03T17:55:57.530+0000] {processor.py:925} INFO - DAG(s) 'hanger_data_mssql_to_pg_etl' retrieved from /opt/airflow/dags/hanger_lanes_to_pg_etl.py
[2025-09-03T17:55:57.560+0000] {logging_mixin.py:190} INFO - [2025-09-03T17:55:57.559+0000] {dag.py:3239} INFO - Sync 1 DAGs
[2025-09-03T17:55:57.589+0000] {logging_mixin.py:190} INFO - [2025-09-03T17:55:57.589+0000] {dag.py:4180} INFO - Setting next_dagrun for hanger_data_mssql_to_pg_etl to 2025-09-03 17:40:00+00:00, run_after=2025-09-03 17:50:00+00:00
[2025-09-03T17:55:57.616+0000] {processor.py:208} INFO - Processing /opt/airflow/dags/hanger_lanes_to_pg_etl.py took 0.121 seconds
[2025-09-03T17:56:28.006+0000] {processor.py:186} INFO - Started process (PID=382) to work on /opt/airflow/dags/hanger_lanes_to_pg_etl.py
[2025-09-03T17:56:28.008+0000] {processor.py:914} INFO - Processing file /opt/airflow/dags/hanger_lanes_to_pg_etl.py for tasks to queue
[2025-09-03T17:56:28.011+0000] {logging_mixin.py:190} INFO - [2025-09-03T17:56:28.010+0000] {dagbag.py:588} INFO - Filling up the DagBag from /opt/airflow/dags/hanger_lanes_to_pg_etl.py
[2025-09-03T17:56:28.027+0000] {processor.py:925} INFO - DAG(s) 'hanger_data_mssql_to_pg_etl' retrieved from /opt/airflow/dags/hanger_lanes_to_pg_etl.py
[2025-09-03T17:56:28.060+0000] {logging_mixin.py:190} INFO - [2025-09-03T17:56:28.060+0000] {dag.py:3239} INFO - Sync 1 DAGs
[2025-09-03T17:56:28.098+0000] {logging_mixin.py:190} INFO - [2025-09-03T17:56:28.098+0000] {dag.py:4180} INFO - Setting next_dagrun for hanger_data_mssql_to_pg_etl to 2025-09-03 17:40:00+00:00, run_after=2025-09-03 17:50:00+00:00
[2025-09-03T17:56:28.126+0000] {processor.py:208} INFO - Processing /opt/airflow/dags/hanger_lanes_to_pg_etl.py took 0.124 seconds
[2025-09-03T17:56:59.174+0000] {processor.py:186} INFO - Started process (PID=491) to work on /opt/airflow/dags/hanger_lanes_to_pg_etl.py
[2025-09-03T17:56:59.175+0000] {processor.py:914} INFO - Processing file /opt/airflow/dags/hanger_lanes_to_pg_etl.py for tasks to queue
[2025-09-03T17:56:59.181+0000] {logging_mixin.py:190} INFO - [2025-09-03T17:56:59.180+0000] {dagbag.py:588} INFO - Filling up the DagBag from /opt/airflow/dags/hanger_lanes_to_pg_etl.py
[2025-09-03T17:56:59.203+0000] {processor.py:925} INFO - DAG(s) 'hanger_data_mssql_to_pg_etl' retrieved from /opt/airflow/dags/hanger_lanes_to_pg_etl.py
[2025-09-03T17:56:59.227+0000] {logging_mixin.py:190} INFO - [2025-09-03T17:56:59.227+0000] {dag.py:3239} INFO - Sync 1 DAGs
[2025-09-03T17:56:59.256+0000] {logging_mixin.py:190} INFO - [2025-09-03T17:56:59.256+0000] {dag.py:4180} INFO - Setting next_dagrun for hanger_data_mssql_to_pg_etl to 2025-09-03 17:40:00+00:00, run_after=2025-09-03 17:50:00+00:00
[2025-09-03T17:56:59.281+0000] {processor.py:208} INFO - Processing /opt/airflow/dags/hanger_lanes_to_pg_etl.py took 0.111 seconds
[2025-09-03T17:57:30.221+0000] {processor.py:186} INFO - Started process (PID=596) to work on /opt/airflow/dags/hanger_lanes_to_pg_etl.py
[2025-09-03T17:57:30.222+0000] {processor.py:914} INFO - Processing file /opt/airflow/dags/hanger_lanes_to_pg_etl.py for tasks to queue
[2025-09-03T17:57:30.224+0000] {logging_mixin.py:190} INFO - [2025-09-03T17:57:30.224+0000] {dagbag.py:588} INFO - Filling up the DagBag from /opt/airflow/dags/hanger_lanes_to_pg_etl.py
[2025-09-03T17:57:30.237+0000] {processor.py:925} INFO - DAG(s) 'hanger_data_mssql_to_pg_etl' retrieved from /opt/airflow/dags/hanger_lanes_to_pg_etl.py
[2025-09-03T17:57:30.262+0000] {logging_mixin.py:190} INFO - [2025-09-03T17:57:30.262+0000] {dag.py:3239} INFO - Sync 1 DAGs
[2025-09-03T17:57:30.284+0000] {logging_mixin.py:190} INFO - [2025-09-03T17:57:30.284+0000] {dag.py:4180} INFO - Setting next_dagrun for hanger_data_mssql_to_pg_etl to 2025-09-03 17:40:00+00:00, run_after=2025-09-03 17:50:00+00:00
[2025-09-03T17:57:30.301+0000] {processor.py:208} INFO - Processing /opt/airflow/dags/hanger_lanes_to_pg_etl.py took 0.087 seconds
[2025-09-03T17:58:00.350+0000] {processor.py:186} INFO - Started process (PID=699) to work on /opt/airflow/dags/hanger_lanes_to_pg_etl.py
[2025-09-03T17:58:00.351+0000] {processor.py:914} INFO - Processing file /opt/airflow/dags/hanger_lanes_to_pg_etl.py for tasks to queue
[2025-09-03T17:58:00.353+0000] {logging_mixin.py:190} INFO - [2025-09-03T17:58:00.353+0000] {dagbag.py:588} INFO - Filling up the DagBag from /opt/airflow/dags/hanger_lanes_to_pg_etl.py
[2025-09-03T17:58:00.366+0000] {processor.py:925} INFO - DAG(s) 'hanger_data_mssql_to_pg_etl' retrieved from /opt/airflow/dags/hanger_lanes_to_pg_etl.py
[2025-09-03T17:58:00.389+0000] {logging_mixin.py:190} INFO - [2025-09-03T17:58:00.389+0000] {dag.py:3239} INFO - Sync 1 DAGs
[2025-09-03T17:58:00.409+0000] {logging_mixin.py:190} INFO - [2025-09-03T17:58:00.409+0000] {dag.py:4180} INFO - Setting next_dagrun for hanger_data_mssql_to_pg_etl to 2025-09-03 17:40:00+00:00, run_after=2025-09-03 17:50:00+00:00
[2025-09-03T17:58:00.428+0000] {processor.py:208} INFO - Processing /opt/airflow/dags/hanger_lanes_to_pg_etl.py took 0.083 seconds
[2025-09-03T17:58:31.832+0000] {processor.py:186} INFO - Started process (PID=810) to work on /opt/airflow/dags/hanger_lanes_to_pg_etl.py
[2025-09-03T17:58:31.833+0000] {processor.py:914} INFO - Processing file /opt/airflow/dags/hanger_lanes_to_pg_etl.py for tasks to queue
[2025-09-03T17:58:31.835+0000] {logging_mixin.py:190} INFO - [2025-09-03T17:58:31.835+0000] {dagbag.py:588} INFO - Filling up the DagBag from /opt/airflow/dags/hanger_lanes_to_pg_etl.py
[2025-09-03T17:58:31.850+0000] {processor.py:925} INFO - DAG(s) 'hanger_data_mssql_to_pg_etl' retrieved from /opt/airflow/dags/hanger_lanes_to_pg_etl.py
[2025-09-03T17:58:31.876+0000] {logging_mixin.py:190} INFO - [2025-09-03T17:58:31.876+0000] {dag.py:3239} INFO - Sync 1 DAGs
[2025-09-03T17:58:31.898+0000] {logging_mixin.py:190} INFO - [2025-09-03T17:58:31.897+0000] {dag.py:4180} INFO - Setting next_dagrun for hanger_data_mssql_to_pg_etl to 2025-09-03 17:40:00+00:00, run_after=2025-09-03 17:50:00+00:00
[2025-09-03T17:58:31.916+0000] {processor.py:208} INFO - Processing /opt/airflow/dags/hanger_lanes_to_pg_etl.py took 0.090 seconds
[2025-09-03T17:59:03.141+0000] {processor.py:186} INFO - Started process (PID=919) to work on /opt/airflow/dags/hanger_lanes_to_pg_etl.py
[2025-09-03T17:59:03.142+0000] {processor.py:914} INFO - Processing file /opt/airflow/dags/hanger_lanes_to_pg_etl.py for tasks to queue
[2025-09-03T17:59:03.145+0000] {logging_mixin.py:190} INFO - [2025-09-03T17:59:03.145+0000] {dagbag.py:588} INFO - Filling up the DagBag from /opt/airflow/dags/hanger_lanes_to_pg_etl.py
[2025-09-03T17:59:03.163+0000] {processor.py:925} INFO - DAG(s) 'hanger_data_mssql_to_pg_etl' retrieved from /opt/airflow/dags/hanger_lanes_to_pg_etl.py
[2025-09-03T17:59:03.186+0000] {logging_mixin.py:190} INFO - [2025-09-03T17:59:03.186+0000] {dag.py:3239} INFO - Sync 1 DAGs
[2025-09-03T17:59:03.211+0000] {logging_mixin.py:190} INFO - [2025-09-03T17:59:03.211+0000] {dag.py:4180} INFO - Setting next_dagrun for hanger_data_mssql_to_pg_etl to 2025-09-03 17:40:00+00:00, run_after=2025-09-03 17:50:00+00:00
[2025-09-03T17:59:03.236+0000] {processor.py:208} INFO - Processing /opt/airflow/dags/hanger_lanes_to_pg_etl.py took 0.100 seconds
[2025-09-03T17:59:34.375+0000] {processor.py:186} INFO - Started process (PID=1024) to work on /opt/airflow/dags/hanger_lanes_to_pg_etl.py
[2025-09-03T17:59:34.376+0000] {processor.py:914} INFO - Processing file /opt/airflow/dags/hanger_lanes_to_pg_etl.py for tasks to queue
[2025-09-03T17:59:34.380+0000] {logging_mixin.py:190} INFO - [2025-09-03T17:59:34.379+0000] {dagbag.py:588} INFO - Filling up the DagBag from /opt/airflow/dags/hanger_lanes_to_pg_etl.py
[2025-09-03T17:59:34.402+0000] {processor.py:925} INFO - DAG(s) 'hanger_data_mssql_to_pg_etl' retrieved from /opt/airflow/dags/hanger_lanes_to_pg_etl.py
[2025-09-03T17:59:34.434+0000] {logging_mixin.py:190} INFO - [2025-09-03T17:59:34.434+0000] {dag.py:3239} INFO - Sync 1 DAGs
[2025-09-03T17:59:34.471+0000] {logging_mixin.py:190} INFO - [2025-09-03T17:59:34.471+0000] {dag.py:4180} INFO - Setting next_dagrun for hanger_data_mssql_to_pg_etl to 2025-09-03 17:40:00+00:00, run_after=2025-09-03 17:50:00+00:00
[2025-09-03T17:59:34.490+0000] {processor.py:208} INFO - Processing /opt/airflow/dags/hanger_lanes_to_pg_etl.py took 0.121 seconds
[2025-09-03T18:00:05.134+0000] {processor.py:186} INFO - Started process (PID=1133) to work on /opt/airflow/dags/hanger_lanes_to_pg_etl.py
[2025-09-03T18:00:05.135+0000] {processor.py:914} INFO - Processing file /opt/airflow/dags/hanger_lanes_to_pg_etl.py for tasks to queue
[2025-09-03T18:00:05.137+0000] {logging_mixin.py:190} INFO - [2025-09-03T18:00:05.137+0000] {dagbag.py:588} INFO - Filling up the DagBag from /opt/airflow/dags/hanger_lanes_to_pg_etl.py
[2025-09-03T18:00:05.151+0000] {processor.py:925} INFO - DAG(s) 'hanger_data_mssql_to_pg_etl' retrieved from /opt/airflow/dags/hanger_lanes_to_pg_etl.py
[2025-09-03T18:00:05.183+0000] {logging_mixin.py:190} INFO - [2025-09-03T18:00:05.183+0000] {dag.py:3239} INFO - Sync 1 DAGs
[2025-09-03T18:00:05.210+0000] {logging_mixin.py:190} INFO - [2025-09-03T18:00:05.210+0000] {dag.py:4180} INFO - Setting next_dagrun for hanger_data_mssql_to_pg_etl to 2025-09-03 17:50:00+00:00, run_after=2025-09-03 18:00:00+00:00
[2025-09-03T18:00:05.230+0000] {processor.py:208} INFO - Processing /opt/airflow/dags/hanger_lanes_to_pg_etl.py took 0.101 seconds
[2025-09-03T18:00:36.018+0000] {processor.py:186} INFO - Started process (PID=1240) to work on /opt/airflow/dags/hanger_lanes_to_pg_etl.py
[2025-09-03T18:00:36.019+0000] {processor.py:914} INFO - Processing file /opt/airflow/dags/hanger_lanes_to_pg_etl.py for tasks to queue
[2025-09-03T18:00:36.022+0000] {logging_mixin.py:190} INFO - [2025-09-03T18:00:36.021+0000] {dagbag.py:588} INFO - Filling up the DagBag from /opt/airflow/dags/hanger_lanes_to_pg_etl.py
[2025-09-03T18:00:36.048+0000] {processor.py:925} INFO - DAG(s) 'hanger_data_mssql_to_pg_etl' retrieved from /opt/airflow/dags/hanger_lanes_to_pg_etl.py
[2025-09-03T18:00:36.075+0000] {logging_mixin.py:190} INFO - [2025-09-03T18:00:36.075+0000] {dag.py:3239} INFO - Sync 1 DAGs
[2025-09-03T18:00:36.104+0000] {logging_mixin.py:190} INFO - [2025-09-03T18:00:36.104+0000] {dag.py:4180} INFO - Setting next_dagrun for hanger_data_mssql_to_pg_etl to 2025-09-03 17:50:00+00:00, run_after=2025-09-03 18:00:00+00:00
[2025-09-03T18:00:36.122+0000] {processor.py:208} INFO - Processing /opt/airflow/dags/hanger_lanes_to_pg_etl.py took 0.109 seconds
[2025-09-03T18:01:06.844+0000] {processor.py:186} INFO - Started process (PID=1347) to work on /opt/airflow/dags/hanger_lanes_to_pg_etl.py
[2025-09-03T18:01:06.846+0000] {processor.py:914} INFO - Processing file /opt/airflow/dags/hanger_lanes_to_pg_etl.py for tasks to queue
[2025-09-03T18:01:06.849+0000] {logging_mixin.py:190} INFO - [2025-09-03T18:01:06.848+0000] {dagbag.py:588} INFO - Filling up the DagBag from /opt/airflow/dags/hanger_lanes_to_pg_etl.py
[2025-09-03T18:01:06.865+0000] {processor.py:925} INFO - DAG(s) 'hanger_data_mssql_to_pg_etl' retrieved from /opt/airflow/dags/hanger_lanes_to_pg_etl.py
[2025-09-03T18:01:06.890+0000] {logging_mixin.py:190} INFO - [2025-09-03T18:01:06.890+0000] {dag.py:3239} INFO - Sync 1 DAGs
[2025-09-03T18:01:06.929+0000] {logging_mixin.py:190} INFO - [2025-09-03T18:01:06.929+0000] {dag.py:4180} INFO - Setting next_dagrun for hanger_data_mssql_to_pg_etl to 2025-09-03 17:50:00+00:00, run_after=2025-09-03 18:00:00+00:00
[2025-09-03T18:01:06.951+0000] {processor.py:208} INFO - Processing /opt/airflow/dags/hanger_lanes_to_pg_etl.py took 0.113 seconds
[2025-09-03T18:01:37.635+0000] {processor.py:186} INFO - Started process (PID=1454) to work on /opt/airflow/dags/hanger_lanes_to_pg_etl.py
[2025-09-03T18:01:37.636+0000] {processor.py:914} INFO - Processing file /opt/airflow/dags/hanger_lanes_to_pg_etl.py for tasks to queue
[2025-09-03T18:01:37.638+0000] {logging_mixin.py:190} INFO - [2025-09-03T18:01:37.638+0000] {dagbag.py:588} INFO - Filling up the DagBag from /opt/airflow/dags/hanger_lanes_to_pg_etl.py
[2025-09-03T18:01:37.651+0000] {processor.py:925} INFO - DAG(s) 'hanger_data_mssql_to_pg_etl' retrieved from /opt/airflow/dags/hanger_lanes_to_pg_etl.py
[2025-09-03T18:01:37.669+0000] {logging_mixin.py:190} INFO - [2025-09-03T18:01:37.669+0000] {dag.py:3239} INFO - Sync 1 DAGs
[2025-09-03T18:01:37.690+0000] {logging_mixin.py:190} INFO - [2025-09-03T18:01:37.690+0000] {dag.py:4180} INFO - Setting next_dagrun for hanger_data_mssql_to_pg_etl to 2025-09-03 17:50:00+00:00, run_after=2025-09-03 18:00:00+00:00
[2025-09-03T18:01:37.703+0000] {processor.py:208} INFO - Processing /opt/airflow/dags/hanger_lanes_to_pg_etl.py took 0.072 seconds
[2025-09-03T18:02:08.331+0000] {processor.py:186} INFO - Started process (PID=1559) to work on /opt/airflow/dags/hanger_lanes_to_pg_etl.py
[2025-09-03T18:02:08.332+0000] {processor.py:914} INFO - Processing file /opt/airflow/dags/hanger_lanes_to_pg_etl.py for tasks to queue
[2025-09-03T18:02:08.336+0000] {logging_mixin.py:190} INFO - [2025-09-03T18:02:08.335+0000] {dagbag.py:588} INFO - Filling up the DagBag from /opt/airflow/dags/hanger_lanes_to_pg_etl.py
[2025-09-03T18:02:08.357+0000] {processor.py:925} INFO - DAG(s) 'hanger_data_mssql_to_pg_etl' retrieved from /opt/airflow/dags/hanger_lanes_to_pg_etl.py
[2025-09-03T18:02:08.377+0000] {logging_mixin.py:190} INFO - [2025-09-03T18:02:08.377+0000] {dag.py:3239} INFO - Sync 1 DAGs
[2025-09-03T18:02:08.404+0000] {logging_mixin.py:190} INFO - [2025-09-03T18:02:08.404+0000] {dag.py:4180} INFO - Setting next_dagrun for hanger_data_mssql_to_pg_etl to 2025-09-03 17:50:00+00:00, run_after=2025-09-03 18:00:00+00:00
[2025-09-03T18:02:08.427+0000] {processor.py:208} INFO - Processing /opt/airflow/dags/hanger_lanes_to_pg_etl.py took 0.102 seconds
[2025-09-03T18:02:39.003+0000] {processor.py:186} INFO - Started process (PID=1666) to work on /opt/airflow/dags/hanger_lanes_to_pg_etl.py
[2025-09-03T18:02:39.004+0000] {processor.py:914} INFO - Processing file /opt/airflow/dags/hanger_lanes_to_pg_etl.py for tasks to queue
[2025-09-03T18:02:39.007+0000] {logging_mixin.py:190} INFO - [2025-09-03T18:02:39.006+0000] {dagbag.py:588} INFO - Filling up the DagBag from /opt/airflow/dags/hanger_lanes_to_pg_etl.py
[2025-09-03T18:02:39.033+0000] {processor.py:925} INFO - DAG(s) 'hanger_data_mssql_to_pg_etl' retrieved from /opt/airflow/dags/hanger_lanes_to_pg_etl.py
[2025-09-03T18:02:39.055+0000] {logging_mixin.py:190} INFO - [2025-09-03T18:02:39.055+0000] {dag.py:3239} INFO - Sync 1 DAGs
[2025-09-03T18:02:39.080+0000] {logging_mixin.py:190} INFO - [2025-09-03T18:02:39.079+0000] {dag.py:4180} INFO - Setting next_dagrun for hanger_data_mssql_to_pg_etl to 2025-09-03 17:50:00+00:00, run_after=2025-09-03 18:00:00+00:00
[2025-09-03T18:02:39.102+0000] {processor.py:208} INFO - Processing /opt/airflow/dags/hanger_lanes_to_pg_etl.py took 0.104 seconds
[2025-09-03T18:03:09.645+0000] {processor.py:186} INFO - Started process (PID=1775) to work on /opt/airflow/dags/hanger_lanes_to_pg_etl.py
[2025-09-03T18:03:09.646+0000] {processor.py:914} INFO - Processing file /opt/airflow/dags/hanger_lanes_to_pg_etl.py for tasks to queue
[2025-09-03T18:03:09.647+0000] {logging_mixin.py:190} INFO - [2025-09-03T18:03:09.647+0000] {dagbag.py:588} INFO - Filling up the DagBag from /opt/airflow/dags/hanger_lanes_to_pg_etl.py
[2025-09-03T18:03:09.659+0000] {processor.py:925} INFO - DAG(s) 'hanger_data_mssql_to_pg_etl' retrieved from /opt/airflow/dags/hanger_lanes_to_pg_etl.py
[2025-09-03T18:03:09.687+0000] {logging_mixin.py:190} INFO - [2025-09-03T18:03:09.686+0000] {dag.py:3239} INFO - Sync 1 DAGs
[2025-09-03T18:03:09.714+0000] {logging_mixin.py:190} INFO - [2025-09-03T18:03:09.714+0000] {dag.py:4180} INFO - Setting next_dagrun for hanger_data_mssql_to_pg_etl to 2025-09-03 17:50:00+00:00, run_after=2025-09-03 18:00:00+00:00
[2025-09-03T18:03:09.732+0000] {processor.py:208} INFO - Processing /opt/airflow/dags/hanger_lanes_to_pg_etl.py took 0.092 seconds
[2025-09-03T18:03:40.387+0000] {processor.py:186} INFO - Started process (PID=1880) to work on /opt/airflow/dags/hanger_lanes_to_pg_etl.py
[2025-09-03T18:03:40.388+0000] {processor.py:914} INFO - Processing file /opt/airflow/dags/hanger_lanes_to_pg_etl.py for tasks to queue
[2025-09-03T18:03:40.390+0000] {logging_mixin.py:190} INFO - [2025-09-03T18:03:40.390+0000] {dagbag.py:588} INFO - Filling up the DagBag from /opt/airflow/dags/hanger_lanes_to_pg_etl.py
[2025-09-03T18:03:40.410+0000] {processor.py:925} INFO - DAG(s) 'hanger_data_mssql_to_pg_etl' retrieved from /opt/airflow/dags/hanger_lanes_to_pg_etl.py
[2025-09-03T18:03:40.431+0000] {logging_mixin.py:190} INFO - [2025-09-03T18:03:40.430+0000] {dag.py:3239} INFO - Sync 1 DAGs
[2025-09-03T18:03:40.465+0000] {logging_mixin.py:190} INFO - [2025-09-03T18:03:40.465+0000] {dag.py:4180} INFO - Setting next_dagrun for hanger_data_mssql_to_pg_etl to 2025-09-03 17:50:00+00:00, run_after=2025-09-03 18:00:00+00:00
[2025-09-03T18:03:40.487+0000] {processor.py:208} INFO - Processing /opt/airflow/dags/hanger_lanes_to_pg_etl.py took 0.106 seconds
