[2025-09-03T17:38:27.275+0000] {processor.py:186} INFO - Started process (PID=264) to work on /opt/airflow/dags/mssql_gl_to_pg_etl.py
[2025-09-03T17:38:27.276+0000] {processor.py:914} INFO - Processing file /opt/airflow/dags/mssql_gl_to_pg_etl.py for tasks to queue
[2025-09-03T17:38:27.280+0000] {logging_mixin.py:190} INFO - [2025-09-03T17:38:27.279+0000] {dagbag.py:588} INFO - Filling up the DagBag from /opt/airflow/dags/mssql_gl_to_pg_etl.py
[2025-09-03T17:38:27.283+0000] {processor.py:927} WARNING - No viable dags retrieved from /opt/airflow/dags/mssql_gl_to_pg_etl.py
[2025-09-03T17:38:27.302+0000] {processor.py:208} INFO - Processing /opt/airflow/dags/mssql_gl_to_pg_etl.py took 0.032 seconds
[2025-09-03T17:38:57.379+0000] {processor.py:186} INFO - Started process (PID=365) to work on /opt/airflow/dags/mssql_gl_to_pg_etl.py
[2025-09-03T17:38:57.380+0000] {processor.py:914} INFO - Processing file /opt/airflow/dags/mssql_gl_to_pg_etl.py for tasks to queue
[2025-09-03T17:38:57.383+0000] {logging_mixin.py:190} INFO - [2025-09-03T17:38:57.382+0000] {dagbag.py:588} INFO - Filling up the DagBag from /opt/airflow/dags/mssql_gl_to_pg_etl.py
[2025-09-03T17:38:57.389+0000] {processor.py:927} WARNING - No viable dags retrieved from /opt/airflow/dags/mssql_gl_to_pg_etl.py
[2025-09-03T17:38:57.403+0000] {processor.py:208} INFO - Processing /opt/airflow/dags/mssql_gl_to_pg_etl.py took 0.031 seconds
[2025-09-03T17:39:28.581+0000] {processor.py:186} INFO - Started process (PID=478) to work on /opt/airflow/dags/mssql_gl_to_pg_etl.py
[2025-09-03T17:39:28.582+0000] {processor.py:914} INFO - Processing file /opt/airflow/dags/mssql_gl_to_pg_etl.py for tasks to queue
[2025-09-03T17:39:28.584+0000] {logging_mixin.py:190} INFO - [2025-09-03T17:39:28.584+0000] {dagbag.py:588} INFO - Filling up the DagBag from /opt/airflow/dags/mssql_gl_to_pg_etl.py
[2025-09-03T17:39:28.587+0000] {processor.py:927} WARNING - No viable dags retrieved from /opt/airflow/dags/mssql_gl_to_pg_etl.py
[2025-09-03T17:39:28.604+0000] {processor.py:208} INFO - Processing /opt/airflow/dags/mssql_gl_to_pg_etl.py took 0.030 seconds
[2025-09-03T17:39:59.628+0000] {processor.py:186} INFO - Started process (PID=585) to work on /opt/airflow/dags/mssql_gl_to_pg_etl.py
[2025-09-03T17:39:59.629+0000] {processor.py:914} INFO - Processing file /opt/airflow/dags/mssql_gl_to_pg_etl.py for tasks to queue
[2025-09-03T17:39:59.632+0000] {logging_mixin.py:190} INFO - [2025-09-03T17:39:59.631+0000] {dagbag.py:588} INFO - Filling up the DagBag from /opt/airflow/dags/mssql_gl_to_pg_etl.py
[2025-09-03T17:39:59.636+0000] {processor.py:927} WARNING - No viable dags retrieved from /opt/airflow/dags/mssql_gl_to_pg_etl.py
[2025-09-03T17:39:59.653+0000] {processor.py:208} INFO - Processing /opt/airflow/dags/mssql_gl_to_pg_etl.py took 0.031 seconds
[2025-09-03T17:40:30.873+0000] {processor.py:186} INFO - Started process (PID=691) to work on /opt/airflow/dags/mssql_gl_to_pg_etl.py
[2025-09-03T17:40:30.875+0000] {processor.py:914} INFO - Processing file /opt/airflow/dags/mssql_gl_to_pg_etl.py for tasks to queue
[2025-09-03T17:40:30.878+0000] {logging_mixin.py:190} INFO - [2025-09-03T17:40:30.877+0000] {dagbag.py:588} INFO - Filling up the DagBag from /opt/airflow/dags/mssql_gl_to_pg_etl.py
[2025-09-03T17:40:30.881+0000] {processor.py:927} WARNING - No viable dags retrieved from /opt/airflow/dags/mssql_gl_to_pg_etl.py
[2025-09-03T17:40:30.898+0000] {processor.py:208} INFO - Processing /opt/airflow/dags/mssql_gl_to_pg_etl.py took 0.030 seconds
[2025-09-03T17:41:02.258+0000] {processor.py:186} INFO - Started process (PID=800) to work on /opt/airflow/dags/mssql_gl_to_pg_etl.py
[2025-09-03T17:41:02.259+0000] {processor.py:914} INFO - Processing file /opt/airflow/dags/mssql_gl_to_pg_etl.py for tasks to queue
[2025-09-03T17:41:02.261+0000] {logging_mixin.py:190} INFO - [2025-09-03T17:41:02.261+0000] {dagbag.py:588} INFO - Filling up the DagBag from /opt/airflow/dags/mssql_gl_to_pg_etl.py
[2025-09-03T17:41:02.264+0000] {processor.py:927} WARNING - No viable dags retrieved from /opt/airflow/dags/mssql_gl_to_pg_etl.py
[2025-09-03T17:41:02.280+0000] {processor.py:208} INFO - Processing /opt/airflow/dags/mssql_gl_to_pg_etl.py took 0.026 seconds
[2025-09-03T17:41:32.453+0000] {processor.py:186} INFO - Started process (PID=906) to work on /opt/airflow/dags/mssql_gl_to_pg_etl.py
[2025-09-03T17:41:32.454+0000] {processor.py:914} INFO - Processing file /opt/airflow/dags/mssql_gl_to_pg_etl.py for tasks to queue
[2025-09-03T17:41:32.456+0000] {logging_mixin.py:190} INFO - [2025-09-03T17:41:32.455+0000] {dagbag.py:588} INFO - Filling up the DagBag from /opt/airflow/dags/mssql_gl_to_pg_etl.py
[2025-09-03T17:41:32.458+0000] {processor.py:927} WARNING - No viable dags retrieved from /opt/airflow/dags/mssql_gl_to_pg_etl.py
[2025-09-03T17:41:32.474+0000] {processor.py:208} INFO - Processing /opt/airflow/dags/mssql_gl_to_pg_etl.py took 0.025 seconds
[2025-09-03T17:42:03.195+0000] {processor.py:186} INFO - Started process (PID=1011) to work on /opt/airflow/dags/mssql_gl_to_pg_etl.py
[2025-09-03T17:42:03.196+0000] {processor.py:914} INFO - Processing file /opt/airflow/dags/mssql_gl_to_pg_etl.py for tasks to queue
[2025-09-03T17:42:03.198+0000] {logging_mixin.py:190} INFO - [2025-09-03T17:42:03.198+0000] {dagbag.py:588} INFO - Filling up the DagBag from /opt/airflow/dags/mssql_gl_to_pg_etl.py
[2025-09-03T17:42:03.201+0000] {processor.py:927} WARNING - No viable dags retrieved from /opt/airflow/dags/mssql_gl_to_pg_etl.py
[2025-09-03T17:42:03.216+0000] {processor.py:208} INFO - Processing /opt/airflow/dags/mssql_gl_to_pg_etl.py took 0.025 seconds
[2025-09-03T17:42:33.796+0000] {processor.py:186} INFO - Started process (PID=1118) to work on /opt/airflow/dags/mssql_gl_to_pg_etl.py
[2025-09-03T17:42:33.797+0000] {processor.py:914} INFO - Processing file /opt/airflow/dags/mssql_gl_to_pg_etl.py for tasks to queue
[2025-09-03T17:42:33.799+0000] {logging_mixin.py:190} INFO - [2025-09-03T17:42:33.798+0000] {dagbag.py:588} INFO - Filling up the DagBag from /opt/airflow/dags/mssql_gl_to_pg_etl.py
[2025-09-03T17:42:33.801+0000] {processor.py:927} WARNING - No viable dags retrieved from /opt/airflow/dags/mssql_gl_to_pg_etl.py
[2025-09-03T17:42:33.813+0000] {processor.py:208} INFO - Processing /opt/airflow/dags/mssql_gl_to_pg_etl.py took 0.022 seconds
[2025-09-03T17:43:04.630+0000] {processor.py:186} INFO - Started process (PID=1225) to work on /opt/airflow/dags/mssql_gl_to_pg_etl.py
[2025-09-03T17:43:04.631+0000] {processor.py:914} INFO - Processing file /opt/airflow/dags/mssql_gl_to_pg_etl.py for tasks to queue
[2025-09-03T17:43:04.634+0000] {logging_mixin.py:190} INFO - [2025-09-03T17:43:04.634+0000] {dagbag.py:588} INFO - Filling up the DagBag from /opt/airflow/dags/mssql_gl_to_pg_etl.py
[2025-09-03T17:43:04.639+0000] {processor.py:927} WARNING - No viable dags retrieved from /opt/airflow/dags/mssql_gl_to_pg_etl.py
[2025-09-03T17:43:04.654+0000] {processor.py:208} INFO - Processing /opt/airflow/dags/mssql_gl_to_pg_etl.py took 0.029 seconds
[2025-09-03T17:43:35.481+0000] {processor.py:186} INFO - Started process (PID=1332) to work on /opt/airflow/dags/mssql_gl_to_pg_etl.py
[2025-09-03T17:43:35.482+0000] {processor.py:914} INFO - Processing file /opt/airflow/dags/mssql_gl_to_pg_etl.py for tasks to queue
[2025-09-03T17:43:35.485+0000] {logging_mixin.py:190} INFO - [2025-09-03T17:43:35.484+0000] {dagbag.py:588} INFO - Filling up the DagBag from /opt/airflow/dags/mssql_gl_to_pg_etl.py
[2025-09-03T17:43:35.489+0000] {processor.py:927} WARNING - No viable dags retrieved from /opt/airflow/dags/mssql_gl_to_pg_etl.py
[2025-09-03T17:43:35.506+0000] {processor.py:208} INFO - Processing /opt/airflow/dags/mssql_gl_to_pg_etl.py took 0.031 seconds
[2025-09-03T17:44:06.129+0000] {processor.py:186} INFO - Started process (PID=1439) to work on /opt/airflow/dags/mssql_gl_to_pg_etl.py
[2025-09-03T17:44:06.130+0000] {processor.py:914} INFO - Processing file /opt/airflow/dags/mssql_gl_to_pg_etl.py for tasks to queue
[2025-09-03T17:44:06.132+0000] {logging_mixin.py:190} INFO - [2025-09-03T17:44:06.131+0000] {dagbag.py:588} INFO - Filling up the DagBag from /opt/airflow/dags/mssql_gl_to_pg_etl.py
[2025-09-03T17:44:06.135+0000] {processor.py:927} WARNING - No viable dags retrieved from /opt/airflow/dags/mssql_gl_to_pg_etl.py
[2025-09-03T17:44:06.153+0000] {processor.py:208} INFO - Processing /opt/airflow/dags/mssql_gl_to_pg_etl.py took 0.028 seconds
[2025-09-03T17:44:36.774+0000] {processor.py:186} INFO - Started process (PID=1546) to work on /opt/airflow/dags/mssql_gl_to_pg_etl.py
[2025-09-03T17:44:36.775+0000] {processor.py:914} INFO - Processing file /opt/airflow/dags/mssql_gl_to_pg_etl.py for tasks to queue
[2025-09-03T17:44:36.777+0000] {logging_mixin.py:190} INFO - [2025-09-03T17:44:36.776+0000] {dagbag.py:588} INFO - Filling up the DagBag from /opt/airflow/dags/mssql_gl_to_pg_etl.py
[2025-09-03T17:44:36.779+0000] {processor.py:927} WARNING - No viable dags retrieved from /opt/airflow/dags/mssql_gl_to_pg_etl.py
[2025-09-03T17:44:36.796+0000] {processor.py:208} INFO - Processing /opt/airflow/dags/mssql_gl_to_pg_etl.py took 0.027 seconds
[2025-09-03T17:45:07.392+0000] {processor.py:186} INFO - Started process (PID=1653) to work on /opt/airflow/dags/mssql_gl_to_pg_etl.py
[2025-09-03T17:45:07.393+0000] {processor.py:914} INFO - Processing file /opt/airflow/dags/mssql_gl_to_pg_etl.py for tasks to queue
[2025-09-03T17:45:07.396+0000] {logging_mixin.py:190} INFO - [2025-09-03T17:45:07.396+0000] {dagbag.py:588} INFO - Filling up the DagBag from /opt/airflow/dags/mssql_gl_to_pg_etl.py
[2025-09-03T17:45:07.399+0000] {processor.py:927} WARNING - No viable dags retrieved from /opt/airflow/dags/mssql_gl_to_pg_etl.py
[2025-09-03T17:45:07.412+0000] {processor.py:208} INFO - Processing /opt/airflow/dags/mssql_gl_to_pg_etl.py took 0.025 seconds
[2025-09-03T17:45:38.008+0000] {processor.py:186} INFO - Started process (PID=1760) to work on /opt/airflow/dags/mssql_gl_to_pg_etl.py
[2025-09-03T17:45:38.009+0000] {processor.py:914} INFO - Processing file /opt/airflow/dags/mssql_gl_to_pg_etl.py for tasks to queue
[2025-09-03T17:45:38.011+0000] {logging_mixin.py:190} INFO - [2025-09-03T17:45:38.011+0000] {dagbag.py:588} INFO - Filling up the DagBag from /opt/airflow/dags/mssql_gl_to_pg_etl.py
[2025-09-03T17:45:38.014+0000] {processor.py:927} WARNING - No viable dags retrieved from /opt/airflow/dags/mssql_gl_to_pg_etl.py
[2025-09-03T17:45:38.028+0000] {processor.py:208} INFO - Processing /opt/airflow/dags/mssql_gl_to_pg_etl.py took 0.028 seconds
[2025-09-03T17:46:08.679+0000] {processor.py:186} INFO - Started process (PID=1867) to work on /opt/airflow/dags/mssql_gl_to_pg_etl.py
[2025-09-03T17:46:08.681+0000] {processor.py:914} INFO - Processing file /opt/airflow/dags/mssql_gl_to_pg_etl.py for tasks to queue
[2025-09-03T17:46:08.684+0000] {logging_mixin.py:190} INFO - [2025-09-03T17:46:08.683+0000] {dagbag.py:588} INFO - Filling up the DagBag from /opt/airflow/dags/mssql_gl_to_pg_etl.py
[2025-09-03T17:46:08.689+0000] {processor.py:927} WARNING - No viable dags retrieved from /opt/airflow/dags/mssql_gl_to_pg_etl.py
[2025-09-03T17:46:08.710+0000] {processor.py:208} INFO - Processing /opt/airflow/dags/mssql_gl_to_pg_etl.py took 0.039 seconds
[2025-09-03T17:46:39.358+0000] {processor.py:186} INFO - Started process (PID=1974) to work on /opt/airflow/dags/mssql_gl_to_pg_etl.py
[2025-09-03T17:46:39.359+0000] {processor.py:914} INFO - Processing file /opt/airflow/dags/mssql_gl_to_pg_etl.py for tasks to queue
[2025-09-03T17:46:39.362+0000] {logging_mixin.py:190} INFO - [2025-09-03T17:46:39.361+0000] {dagbag.py:588} INFO - Filling up the DagBag from /opt/airflow/dags/mssql_gl_to_pg_etl.py
[2025-09-03T17:46:39.368+0000] {processor.py:927} WARNING - No viable dags retrieved from /opt/airflow/dags/mssql_gl_to_pg_etl.py
[2025-09-03T17:46:39.389+0000] {processor.py:208} INFO - Processing /opt/airflow/dags/mssql_gl_to_pg_etl.py took 0.036 seconds
[2025-09-03T17:47:10.057+0000] {processor.py:186} INFO - Started process (PID=2081) to work on /opt/airflow/dags/mssql_gl_to_pg_etl.py
[2025-09-03T17:47:10.058+0000] {processor.py:914} INFO - Processing file /opt/airflow/dags/mssql_gl_to_pg_etl.py for tasks to queue
[2025-09-03T17:47:10.062+0000] {logging_mixin.py:190} INFO - [2025-09-03T17:47:10.061+0000] {dagbag.py:588} INFO - Filling up the DagBag from /opt/airflow/dags/mssql_gl_to_pg_etl.py
[2025-09-03T17:47:10.066+0000] {processor.py:927} WARNING - No viable dags retrieved from /opt/airflow/dags/mssql_gl_to_pg_etl.py
[2025-09-03T17:47:10.083+0000] {processor.py:208} INFO - Processing /opt/airflow/dags/mssql_gl_to_pg_etl.py took 0.036 seconds
[2025-09-03T17:47:40.775+0000] {processor.py:186} INFO - Started process (PID=2188) to work on /opt/airflow/dags/mssql_gl_to_pg_etl.py
[2025-09-03T17:47:40.776+0000] {processor.py:914} INFO - Processing file /opt/airflow/dags/mssql_gl_to_pg_etl.py for tasks to queue
[2025-09-03T17:47:40.779+0000] {logging_mixin.py:190} INFO - [2025-09-03T17:47:40.778+0000] {dagbag.py:588} INFO - Filling up the DagBag from /opt/airflow/dags/mssql_gl_to_pg_etl.py
[2025-09-03T17:47:40.781+0000] {processor.py:927} WARNING - No viable dags retrieved from /opt/airflow/dags/mssql_gl_to_pg_etl.py
[2025-09-03T17:47:40.796+0000] {processor.py:208} INFO - Processing /opt/airflow/dags/mssql_gl_to_pg_etl.py took 0.028 seconds
[2025-09-03T17:48:11.564+0000] {processor.py:186} INFO - Started process (PID=2295) to work on /opt/airflow/dags/mssql_gl_to_pg_etl.py
[2025-09-03T17:48:11.566+0000] {processor.py:914} INFO - Processing file /opt/airflow/dags/mssql_gl_to_pg_etl.py for tasks to queue
[2025-09-03T17:48:11.570+0000] {logging_mixin.py:190} INFO - [2025-09-03T17:48:11.570+0000] {dagbag.py:588} INFO - Filling up the DagBag from /opt/airflow/dags/mssql_gl_to_pg_etl.py
[2025-09-03T17:48:11.579+0000] {processor.py:927} WARNING - No viable dags retrieved from /opt/airflow/dags/mssql_gl_to_pg_etl.py
[2025-09-03T17:48:11.604+0000] {processor.py:208} INFO - Processing /opt/airflow/dags/mssql_gl_to_pg_etl.py took 0.046 seconds
[2025-09-03T17:48:42.600+0000] {processor.py:186} INFO - Started process (PID=2401) to work on /opt/airflow/dags/mssql_gl_to_pg_etl.py
[2025-09-03T17:48:42.602+0000] {processor.py:914} INFO - Processing file /opt/airflow/dags/mssql_gl_to_pg_etl.py for tasks to queue
[2025-09-03T17:48:42.606+0000] {logging_mixin.py:190} INFO - [2025-09-03T17:48:42.605+0000] {dagbag.py:588} INFO - Filling up the DagBag from /opt/airflow/dags/mssql_gl_to_pg_etl.py
[2025-09-03T17:48:42.610+0000] {processor.py:927} WARNING - No viable dags retrieved from /opt/airflow/dags/mssql_gl_to_pg_etl.py
[2025-09-03T17:48:42.629+0000] {processor.py:208} INFO - Processing /opt/airflow/dags/mssql_gl_to_pg_etl.py took 0.039 seconds
[2025-09-03T17:49:13.591+0000] {processor.py:186} INFO - Started process (PID=2508) to work on /opt/airflow/dags/mssql_gl_to_pg_etl.py
[2025-09-03T17:49:13.592+0000] {processor.py:914} INFO - Processing file /opt/airflow/dags/mssql_gl_to_pg_etl.py for tasks to queue
[2025-09-03T17:49:13.595+0000] {logging_mixin.py:190} INFO - [2025-09-03T17:49:13.595+0000] {dagbag.py:588} INFO - Filling up the DagBag from /opt/airflow/dags/mssql_gl_to_pg_etl.py
[2025-09-03T17:49:13.598+0000] {processor.py:927} WARNING - No viable dags retrieved from /opt/airflow/dags/mssql_gl_to_pg_etl.py
[2025-09-03T17:49:13.616+0000] {processor.py:208} INFO - Processing /opt/airflow/dags/mssql_gl_to_pg_etl.py took 0.033 seconds
[2025-09-03T17:49:44.285+0000] {processor.py:186} INFO - Started process (PID=2615) to work on /opt/airflow/dags/mssql_gl_to_pg_etl.py
[2025-09-03T17:49:44.286+0000] {processor.py:914} INFO - Processing file /opt/airflow/dags/mssql_gl_to_pg_etl.py for tasks to queue
[2025-09-03T17:49:44.288+0000] {logging_mixin.py:190} INFO - [2025-09-03T17:49:44.288+0000] {dagbag.py:588} INFO - Filling up the DagBag from /opt/airflow/dags/mssql_gl_to_pg_etl.py
[2025-09-03T17:49:44.291+0000] {processor.py:927} WARNING - No viable dags retrieved from /opt/airflow/dags/mssql_gl_to_pg_etl.py
[2025-09-03T17:49:44.307+0000] {processor.py:208} INFO - Processing /opt/airflow/dags/mssql_gl_to_pg_etl.py took 0.029 seconds
[2025-09-03T17:50:15.170+0000] {processor.py:186} INFO - Started process (PID=2722) to work on /opt/airflow/dags/mssql_gl_to_pg_etl.py
[2025-09-03T17:50:15.170+0000] {processor.py:914} INFO - Processing file /opt/airflow/dags/mssql_gl_to_pg_etl.py for tasks to queue
[2025-09-03T17:50:15.172+0000] {logging_mixin.py:190} INFO - [2025-09-03T17:50:15.172+0000] {dagbag.py:588} INFO - Filling up the DagBag from /opt/airflow/dags/mssql_gl_to_pg_etl.py
[2025-09-03T17:50:15.174+0000] {processor.py:927} WARNING - No viable dags retrieved from /opt/airflow/dags/mssql_gl_to_pg_etl.py
[2025-09-03T17:50:15.188+0000] {processor.py:208} INFO - Processing /opt/airflow/dags/mssql_gl_to_pg_etl.py took 0.023 seconds
[2025-09-03T17:50:45.996+0000] {processor.py:186} INFO - Started process (PID=2829) to work on /opt/airflow/dags/mssql_gl_to_pg_etl.py
[2025-09-03T17:50:45.996+0000] {processor.py:914} INFO - Processing file /opt/airflow/dags/mssql_gl_to_pg_etl.py for tasks to queue
[2025-09-03T17:50:45.998+0000] {logging_mixin.py:190} INFO - [2025-09-03T17:50:45.998+0000] {dagbag.py:588} INFO - Filling up the DagBag from /opt/airflow/dags/mssql_gl_to_pg_etl.py
[2025-09-03T17:50:46.002+0000] {processor.py:927} WARNING - No viable dags retrieved from /opt/airflow/dags/mssql_gl_to_pg_etl.py
[2025-09-03T17:50:46.016+0000] {processor.py:208} INFO - Processing /opt/airflow/dags/mssql_gl_to_pg_etl.py took 0.026 seconds
[2025-09-03T17:51:16.987+0000] {processor.py:186} INFO - Started process (PID=2938) to work on /opt/airflow/dags/mssql_gl_to_pg_etl.py
[2025-09-03T17:51:16.989+0000] {processor.py:914} INFO - Processing file /opt/airflow/dags/mssql_gl_to_pg_etl.py for tasks to queue
[2025-09-03T17:51:16.992+0000] {logging_mixin.py:190} INFO - [2025-09-03T17:51:16.991+0000] {dagbag.py:588} INFO - Filling up the DagBag from /opt/airflow/dags/mssql_gl_to_pg_etl.py
[2025-09-03T17:51:16.995+0000] {processor.py:927} WARNING - No viable dags retrieved from /opt/airflow/dags/mssql_gl_to_pg_etl.py
[2025-09-03T17:51:17.008+0000] {processor.py:208} INFO - Processing /opt/airflow/dags/mssql_gl_to_pg_etl.py took 0.025 seconds
[2025-09-03T17:51:47.893+0000] {processor.py:186} INFO - Started process (PID=3043) to work on /opt/airflow/dags/mssql_gl_to_pg_etl.py
[2025-09-03T17:51:47.894+0000] {processor.py:914} INFO - Processing file /opt/airflow/dags/mssql_gl_to_pg_etl.py for tasks to queue
[2025-09-03T17:51:47.897+0000] {logging_mixin.py:190} INFO - [2025-09-03T17:51:47.897+0000] {dagbag.py:588} INFO - Filling up the DagBag from /opt/airflow/dags/mssql_gl_to_pg_etl.py
[2025-09-03T17:51:47.901+0000] {processor.py:927} WARNING - No viable dags retrieved from /opt/airflow/dags/mssql_gl_to_pg_etl.py
[2025-09-03T17:51:47.923+0000] {processor.py:208} INFO - Processing /opt/airflow/dags/mssql_gl_to_pg_etl.py took 0.035 seconds
[2025-09-03T17:52:19.052+0000] {processor.py:186} INFO - Started process (PID=3149) to work on /opt/airflow/dags/mssql_gl_to_pg_etl.py
[2025-09-03T17:52:19.053+0000] {processor.py:914} INFO - Processing file /opt/airflow/dags/mssql_gl_to_pg_etl.py for tasks to queue
[2025-09-03T17:52:19.057+0000] {logging_mixin.py:190} INFO - [2025-09-03T17:52:19.056+0000] {dagbag.py:588} INFO - Filling up the DagBag from /opt/airflow/dags/mssql_gl_to_pg_etl.py
[2025-09-03T17:52:19.060+0000] {processor.py:927} WARNING - No viable dags retrieved from /opt/airflow/dags/mssql_gl_to_pg_etl.py
[2025-09-03T17:52:19.080+0000] {processor.py:208} INFO - Processing /opt/airflow/dags/mssql_gl_to_pg_etl.py took 0.036 seconds
[2025-09-03T17:52:49.979+0000] {processor.py:186} INFO - Started process (PID=3256) to work on /opt/airflow/dags/mssql_gl_to_pg_etl.py
[2025-09-03T17:52:49.980+0000] {processor.py:914} INFO - Processing file /opt/airflow/dags/mssql_gl_to_pg_etl.py for tasks to queue
[2025-09-03T17:52:49.984+0000] {logging_mixin.py:190} INFO - [2025-09-03T17:52:49.983+0000] {dagbag.py:588} INFO - Filling up the DagBag from /opt/airflow/dags/mssql_gl_to_pg_etl.py
[2025-09-03T17:52:49.991+0000] {processor.py:927} WARNING - No viable dags retrieved from /opt/airflow/dags/mssql_gl_to_pg_etl.py
[2025-09-03T17:52:50.007+0000] {processor.py:208} INFO - Processing /opt/airflow/dags/mssql_gl_to_pg_etl.py took 0.035 seconds
[2025-09-03T17:53:21.168+0000] {processor.py:186} INFO - Started process (PID=3365) to work on /opt/airflow/dags/mssql_gl_to_pg_etl.py
[2025-09-03T17:53:21.169+0000] {processor.py:914} INFO - Processing file /opt/airflow/dags/mssql_gl_to_pg_etl.py for tasks to queue
[2025-09-03T17:53:21.171+0000] {logging_mixin.py:190} INFO - [2025-09-03T17:53:21.170+0000] {dagbag.py:588} INFO - Filling up the DagBag from /opt/airflow/dags/mssql_gl_to_pg_etl.py
[2025-09-03T17:53:21.174+0000] {processor.py:927} WARNING - No viable dags retrieved from /opt/airflow/dags/mssql_gl_to_pg_etl.py
[2025-09-03T17:53:21.195+0000] {processor.py:208} INFO - Processing /opt/airflow/dags/mssql_gl_to_pg_etl.py took 0.033 seconds
[2025-09-03T17:53:52.184+0000] {processor.py:186} INFO - Started process (PID=3470) to work on /opt/airflow/dags/mssql_gl_to_pg_etl.py
[2025-09-03T17:53:52.186+0000] {processor.py:914} INFO - Processing file /opt/airflow/dags/mssql_gl_to_pg_etl.py for tasks to queue
[2025-09-03T17:53:52.188+0000] {logging_mixin.py:190} INFO - [2025-09-03T17:53:52.188+0000] {dagbag.py:588} INFO - Filling up the DagBag from /opt/airflow/dags/mssql_gl_to_pg_etl.py
[2025-09-03T17:53:52.192+0000] {processor.py:927} WARNING - No viable dags retrieved from /opt/airflow/dags/mssql_gl_to_pg_etl.py
[2025-09-03T17:53:52.208+0000] {processor.py:208} INFO - Processing /opt/airflow/dags/mssql_gl_to_pg_etl.py took 0.028 seconds
[2025-09-03T17:54:22.599+0000] {processor.py:186} INFO - Started process (PID=3577) to work on /opt/airflow/dags/mssql_gl_to_pg_etl.py
[2025-09-03T17:54:22.600+0000] {processor.py:914} INFO - Processing file /opt/airflow/dags/mssql_gl_to_pg_etl.py for tasks to queue
[2025-09-03T17:54:22.602+0000] {logging_mixin.py:190} INFO - [2025-09-03T17:54:22.602+0000] {dagbag.py:588} INFO - Filling up the DagBag from /opt/airflow/dags/mssql_gl_to_pg_etl.py
[2025-09-03T17:54:22.607+0000] {processor.py:927} WARNING - No viable dags retrieved from /opt/airflow/dags/mssql_gl_to_pg_etl.py
[2025-09-03T17:54:22.621+0000] {processor.py:208} INFO - Processing /opt/airflow/dags/mssql_gl_to_pg_etl.py took 0.029 seconds
[2025-09-03T17:55:57.356+0000] {processor.py:186} INFO - Started process (PID=263) to work on /opt/airflow/dags/mssql_gl_to_pg_etl.py
[2025-09-03T17:55:57.358+0000] {processor.py:914} INFO - Processing file /opt/airflow/dags/mssql_gl_to_pg_etl.py for tasks to queue
[2025-09-03T17:55:57.361+0000] {logging_mixin.py:190} INFO - [2025-09-03T17:55:57.360+0000] {dagbag.py:588} INFO - Filling up the DagBag from /opt/airflow/dags/mssql_gl_to_pg_etl.py
[2025-09-03T17:55:57.363+0000] {processor.py:927} WARNING - No viable dags retrieved from /opt/airflow/dags/mssql_gl_to_pg_etl.py
[2025-09-03T17:55:57.383+0000] {processor.py:208} INFO - Processing /opt/airflow/dags/mssql_gl_to_pg_etl.py took 0.035 seconds
[2025-09-03T17:56:27.895+0000] {processor.py:186} INFO - Started process (PID=369) to work on /opt/airflow/dags/mssql_gl_to_pg_etl.py
[2025-09-03T17:56:27.896+0000] {processor.py:914} INFO - Processing file /opt/airflow/dags/mssql_gl_to_pg_etl.py for tasks to queue
[2025-09-03T17:56:27.899+0000] {logging_mixin.py:190} INFO - [2025-09-03T17:56:27.899+0000] {dagbag.py:588} INFO - Filling up the DagBag from /opt/airflow/dags/mssql_gl_to_pg_etl.py
[2025-09-03T17:56:27.903+0000] {processor.py:927} WARNING - No viable dags retrieved from /opt/airflow/dags/mssql_gl_to_pg_etl.py
[2025-09-03T17:56:27.919+0000] {processor.py:208} INFO - Processing /opt/airflow/dags/mssql_gl_to_pg_etl.py took 0.029 seconds
[2025-09-03T17:56:59.057+0000] {processor.py:186} INFO - Started process (PID=479) to work on /opt/airflow/dags/mssql_gl_to_pg_etl.py
[2025-09-03T17:56:59.059+0000] {processor.py:914} INFO - Processing file /opt/airflow/dags/mssql_gl_to_pg_etl.py for tasks to queue
[2025-09-03T17:56:59.063+0000] {logging_mixin.py:190} INFO - [2025-09-03T17:56:59.062+0000] {dagbag.py:588} INFO - Filling up the DagBag from /opt/airflow/dags/mssql_gl_to_pg_etl.py
[2025-09-03T17:56:59.066+0000] {processor.py:927} WARNING - No viable dags retrieved from /opt/airflow/dags/mssql_gl_to_pg_etl.py
[2025-09-03T17:56:59.085+0000] {processor.py:208} INFO - Processing /opt/airflow/dags/mssql_gl_to_pg_etl.py took 0.034 seconds
[2025-09-03T17:57:30.119+0000] {processor.py:186} INFO - Started process (PID=586) to work on /opt/airflow/dags/mssql_gl_to_pg_etl.py
[2025-09-03T17:57:30.120+0000] {processor.py:914} INFO - Processing file /opt/airflow/dags/mssql_gl_to_pg_etl.py for tasks to queue
[2025-09-03T17:57:30.124+0000] {logging_mixin.py:190} INFO - [2025-09-03T17:57:30.123+0000] {dagbag.py:588} INFO - Filling up the DagBag from /opt/airflow/dags/mssql_gl_to_pg_etl.py
[2025-09-03T17:57:30.127+0000] {processor.py:927} WARNING - No viable dags retrieved from /opt/airflow/dags/mssql_gl_to_pg_etl.py
[2025-09-03T17:57:30.146+0000] {processor.py:208} INFO - Processing /opt/airflow/dags/mssql_gl_to_pg_etl.py took 0.031 seconds
[2025-09-03T17:58:00.254+0000] {processor.py:186} INFO - Started process (PID=687) to work on /opt/airflow/dags/mssql_gl_to_pg_etl.py
[2025-09-03T17:58:00.255+0000] {processor.py:914} INFO - Processing file /opt/airflow/dags/mssql_gl_to_pg_etl.py for tasks to queue
[2025-09-03T17:58:00.258+0000] {logging_mixin.py:190} INFO - [2025-09-03T17:58:00.258+0000] {dagbag.py:588} INFO - Filling up the DagBag from /opt/airflow/dags/mssql_gl_to_pg_etl.py
[2025-09-03T17:58:00.261+0000] {processor.py:927} WARNING - No viable dags retrieved from /opt/airflow/dags/mssql_gl_to_pg_etl.py
[2025-09-03T17:58:00.274+0000] {processor.py:208} INFO - Processing /opt/airflow/dags/mssql_gl_to_pg_etl.py took 0.027 seconds
[2025-09-03T17:58:31.745+0000] {processor.py:186} INFO - Started process (PID=800) to work on /opt/airflow/dags/mssql_gl_to_pg_etl.py
[2025-09-03T17:58:31.746+0000] {processor.py:914} INFO - Processing file /opt/airflow/dags/mssql_gl_to_pg_etl.py for tasks to queue
[2025-09-03T17:58:31.747+0000] {logging_mixin.py:190} INFO - [2025-09-03T17:58:31.747+0000] {dagbag.py:588} INFO - Filling up the DagBag from /opt/airflow/dags/mssql_gl_to_pg_etl.py
[2025-09-03T17:58:31.750+0000] {processor.py:927} WARNING - No viable dags retrieved from /opt/airflow/dags/mssql_gl_to_pg_etl.py
[2025-09-03T17:58:31.762+0000] {processor.py:208} INFO - Processing /opt/airflow/dags/mssql_gl_to_pg_etl.py took 0.022 seconds
[2025-09-03T17:59:03.027+0000] {processor.py:186} INFO - Started process (PID=907) to work on /opt/airflow/dags/mssql_gl_to_pg_etl.py
[2025-09-03T17:59:03.029+0000] {processor.py:914} INFO - Processing file /opt/airflow/dags/mssql_gl_to_pg_etl.py for tasks to queue
[2025-09-03T17:59:03.032+0000] {logging_mixin.py:190} INFO - [2025-09-03T17:59:03.032+0000] {dagbag.py:588} INFO - Filling up the DagBag from /opt/airflow/dags/mssql_gl_to_pg_etl.py
[2025-09-03T17:59:03.035+0000] {processor.py:927} WARNING - No viable dags retrieved from /opt/airflow/dags/mssql_gl_to_pg_etl.py
[2025-09-03T17:59:03.050+0000] {processor.py:208} INFO - Processing /opt/airflow/dags/mssql_gl_to_pg_etl.py took 0.028 seconds
[2025-09-03T17:59:34.268+0000] {processor.py:186} INFO - Started process (PID=1014) to work on /opt/airflow/dags/mssql_gl_to_pg_etl.py
[2025-09-03T17:59:34.269+0000] {processor.py:914} INFO - Processing file /opt/airflow/dags/mssql_gl_to_pg_etl.py for tasks to queue
[2025-09-03T17:59:34.271+0000] {logging_mixin.py:190} INFO - [2025-09-03T17:59:34.270+0000] {dagbag.py:588} INFO - Filling up the DagBag from /opt/airflow/dags/mssql_gl_to_pg_etl.py
[2025-09-03T17:59:34.274+0000] {processor.py:927} WARNING - No viable dags retrieved from /opt/airflow/dags/mssql_gl_to_pg_etl.py
[2025-09-03T17:59:34.292+0000] {processor.py:208} INFO - Processing /opt/airflow/dags/mssql_gl_to_pg_etl.py took 0.032 seconds
[2025-09-03T18:00:04.999+0000] {processor.py:186} INFO - Started process (PID=1121) to work on /opt/airflow/dags/mssql_gl_to_pg_etl.py
[2025-09-03T18:00:05.001+0000] {processor.py:914} INFO - Processing file /opt/airflow/dags/mssql_gl_to_pg_etl.py for tasks to queue
[2025-09-03T18:00:05.003+0000] {logging_mixin.py:190} INFO - [2025-09-03T18:00:05.003+0000] {dagbag.py:588} INFO - Filling up the DagBag from /opt/airflow/dags/mssql_gl_to_pg_etl.py
[2025-09-03T18:00:05.008+0000] {processor.py:927} WARNING - No viable dags retrieved from /opt/airflow/dags/mssql_gl_to_pg_etl.py
[2025-09-03T18:00:05.032+0000] {processor.py:208} INFO - Processing /opt/airflow/dags/mssql_gl_to_pg_etl.py took 0.045 seconds
[2025-09-03T18:00:35.915+0000] {processor.py:186} INFO - Started process (PID=1228) to work on /opt/airflow/dags/mssql_gl_to_pg_etl.py
[2025-09-03T18:00:35.916+0000] {processor.py:914} INFO - Processing file /opt/airflow/dags/mssql_gl_to_pg_etl.py for tasks to queue
[2025-09-03T18:00:35.919+0000] {logging_mixin.py:190} INFO - [2025-09-03T18:00:35.919+0000] {dagbag.py:588} INFO - Filling up the DagBag from /opt/airflow/dags/mssql_gl_to_pg_etl.py
[2025-09-03T18:00:35.923+0000] {processor.py:927} WARNING - No viable dags retrieved from /opt/airflow/dags/mssql_gl_to_pg_etl.py
[2025-09-03T18:00:35.939+0000] {processor.py:208} INFO - Processing /opt/airflow/dags/mssql_gl_to_pg_etl.py took 0.032 seconds
[2025-09-03T18:01:06.715+0000] {processor.py:186} INFO - Started process (PID=1335) to work on /opt/airflow/dags/mssql_gl_to_pg_etl.py
[2025-09-03T18:01:06.716+0000] {processor.py:914} INFO - Processing file /opt/airflow/dags/mssql_gl_to_pg_etl.py for tasks to queue
[2025-09-03T18:01:06.719+0000] {logging_mixin.py:190} INFO - [2025-09-03T18:01:06.719+0000] {dagbag.py:588} INFO - Filling up the DagBag from /opt/airflow/dags/mssql_gl_to_pg_etl.py
[2025-09-03T18:01:06.726+0000] {processor.py:927} WARNING - No viable dags retrieved from /opt/airflow/dags/mssql_gl_to_pg_etl.py
[2025-09-03T18:01:06.745+0000] {processor.py:208} INFO - Processing /opt/airflow/dags/mssql_gl_to_pg_etl.py took 0.035 seconds
[2025-09-03T18:01:37.540+0000] {processor.py:186} INFO - Started process (PID=1442) to work on /opt/airflow/dags/mssql_gl_to_pg_etl.py
[2025-09-03T18:01:37.541+0000] {processor.py:914} INFO - Processing file /opt/airflow/dags/mssql_gl_to_pg_etl.py for tasks to queue
[2025-09-03T18:01:37.543+0000] {logging_mixin.py:190} INFO - [2025-09-03T18:01:37.542+0000] {dagbag.py:588} INFO - Filling up the DagBag from /opt/airflow/dags/mssql_gl_to_pg_etl.py
[2025-09-03T18:01:37.549+0000] {processor.py:927} WARNING - No viable dags retrieved from /opt/airflow/dags/mssql_gl_to_pg_etl.py
[2025-09-03T18:01:37.568+0000] {processor.py:208} INFO - Processing /opt/airflow/dags/mssql_gl_to_pg_etl.py took 0.033 seconds
[2025-09-03T18:02:08.220+0000] {processor.py:186} INFO - Started process (PID=1548) to work on /opt/airflow/dags/mssql_gl_to_pg_etl.py
[2025-09-03T18:02:08.221+0000] {processor.py:914} INFO - Processing file /opt/airflow/dags/mssql_gl_to_pg_etl.py for tasks to queue
[2025-09-03T18:02:08.225+0000] {logging_mixin.py:190} INFO - [2025-09-03T18:02:08.225+0000] {dagbag.py:588} INFO - Filling up the DagBag from /opt/airflow/dags/mssql_gl_to_pg_etl.py
[2025-09-03T18:02:08.230+0000] {processor.py:927} WARNING - No viable dags retrieved from /opt/airflow/dags/mssql_gl_to_pg_etl.py
[2025-09-03T18:02:08.247+0000] {processor.py:208} INFO - Processing /opt/airflow/dags/mssql_gl_to_pg_etl.py took 0.031 seconds
[2025-09-03T18:02:38.898+0000] {processor.py:186} INFO - Started process (PID=1656) to work on /opt/airflow/dags/mssql_gl_to_pg_etl.py
[2025-09-03T18:02:38.899+0000] {processor.py:914} INFO - Processing file /opt/airflow/dags/mssql_gl_to_pg_etl.py for tasks to queue
[2025-09-03T18:02:38.902+0000] {logging_mixin.py:190} INFO - [2025-09-03T18:02:38.901+0000] {dagbag.py:588} INFO - Filling up the DagBag from /opt/airflow/dags/mssql_gl_to_pg_etl.py
[2025-09-03T18:02:38.905+0000] {processor.py:927} WARNING - No viable dags retrieved from /opt/airflow/dags/mssql_gl_to_pg_etl.py
[2025-09-03T18:02:38.923+0000] {processor.py:208} INFO - Processing /opt/airflow/dags/mssql_gl_to_pg_etl.py took 0.033 seconds
[2025-09-03T18:03:09.542+0000] {processor.py:186} INFO - Started process (PID=1763) to work on /opt/airflow/dags/mssql_gl_to_pg_etl.py
[2025-09-03T18:03:09.543+0000] {processor.py:914} INFO - Processing file /opt/airflow/dags/mssql_gl_to_pg_etl.py for tasks to queue
[2025-09-03T18:03:09.546+0000] {logging_mixin.py:190} INFO - [2025-09-03T18:03:09.546+0000] {dagbag.py:588} INFO - Filling up the DagBag from /opt/airflow/dags/mssql_gl_to_pg_etl.py
[2025-09-03T18:03:09.550+0000] {processor.py:927} WARNING - No viable dags retrieved from /opt/airflow/dags/mssql_gl_to_pg_etl.py
[2025-09-03T18:03:09.564+0000] {processor.py:208} INFO - Processing /opt/airflow/dags/mssql_gl_to_pg_etl.py took 0.027 seconds
[2025-09-03T18:03:40.281+0000] {processor.py:186} INFO - Started process (PID=1870) to work on /opt/airflow/dags/mssql_gl_to_pg_etl.py
[2025-09-03T18:03:40.283+0000] {processor.py:914} INFO - Processing file /opt/airflow/dags/mssql_gl_to_pg_etl.py for tasks to queue
[2025-09-03T18:03:40.285+0000] {logging_mixin.py:190} INFO - [2025-09-03T18:03:40.285+0000] {dagbag.py:588} INFO - Filling up the DagBag from /opt/airflow/dags/mssql_gl_to_pg_etl.py
[2025-09-03T18:03:40.288+0000] {processor.py:927} WARNING - No viable dags retrieved from /opt/airflow/dags/mssql_gl_to_pg_etl.py
[2025-09-03T18:03:40.303+0000] {processor.py:208} INFO - Processing /opt/airflow/dags/mssql_gl_to_pg_etl.py took 0.030 seconds
