[2025-09-03T17:38:26.919+0000] {processor.py:186} INFO - Started process (PID=254) to work on /opt/airflow/dags/ssg_erp_etl.py
[2025-09-03T17:38:26.921+0000] {processor.py:914} INFO - Processing file /opt/airflow/dags/ssg_erp_etl.py for tasks to queue
[2025-09-03T17:38:26.925+0000] {logging_mixin.py:190} INFO - [2025-09-03T17:38:26.924+0000] {dagbag.py:588} INFO - Filling up the DagBag from /opt/airflow/dags/ssg_erp_etl.py
[2025-09-03T17:38:26.929+0000] {processor.py:927} WARNING - No viable dags retrieved from /opt/airflow/dags/ssg_erp_etl.py
[2025-09-03T17:38:26.948+0000] {processor.py:208} INFO - Processing /opt/airflow/dags/ssg_erp_etl.py took 0.038 seconds
[2025-09-03T17:38:57.328+0000] {processor.py:186} INFO - Started process (PID=357) to work on /opt/airflow/dags/ssg_erp_etl.py
[2025-09-03T17:38:57.329+0000] {processor.py:914} INFO - Processing file /opt/airflow/dags/ssg_erp_etl.py for tasks to queue
[2025-09-03T17:38:57.331+0000] {logging_mixin.py:190} INFO - [2025-09-03T17:38:57.331+0000] {dagbag.py:588} INFO - Filling up the DagBag from /opt/airflow/dags/ssg_erp_etl.py
[2025-09-03T17:38:57.334+0000] {processor.py:927} WARNING - No viable dags retrieved from /opt/airflow/dags/ssg_erp_etl.py
[2025-09-03T17:38:57.348+0000] {processor.py:208} INFO - Processing /opt/airflow/dags/ssg_erp_etl.py took 0.027 seconds
[2025-09-03T17:39:28.495+0000] {processor.py:186} INFO - Started process (PID=468) to work on /opt/airflow/dags/ssg_erp_etl.py
[2025-09-03T17:39:28.496+0000] {processor.py:914} INFO - Processing file /opt/airflow/dags/ssg_erp_etl.py for tasks to queue
[2025-09-03T17:39:28.497+0000] {logging_mixin.py:190} INFO - [2025-09-03T17:39:28.497+0000] {dagbag.py:588} INFO - Filling up the DagBag from /opt/airflow/dags/ssg_erp_etl.py
[2025-09-03T17:39:28.500+0000] {processor.py:927} WARNING - No viable dags retrieved from /opt/airflow/dags/ssg_erp_etl.py
[2025-09-03T17:39:28.515+0000] {processor.py:208} INFO - Processing /opt/airflow/dags/ssg_erp_etl.py took 0.027 seconds
[2025-09-03T17:39:59.575+0000] {processor.py:186} INFO - Started process (PID=575) to work on /opt/airflow/dags/ssg_erp_etl.py
[2025-09-03T17:39:59.577+0000] {processor.py:914} INFO - Processing file /opt/airflow/dags/ssg_erp_etl.py for tasks to queue
[2025-09-03T17:39:59.579+0000] {logging_mixin.py:190} INFO - [2025-09-03T17:39:59.579+0000] {dagbag.py:588} INFO - Filling up the DagBag from /opt/airflow/dags/ssg_erp_etl.py
[2025-09-03T17:39:59.581+0000] {processor.py:927} WARNING - No viable dags retrieved from /opt/airflow/dags/ssg_erp_etl.py
[2025-09-03T17:39:59.594+0000] {processor.py:208} INFO - Processing /opt/airflow/dags/ssg_erp_etl.py took 0.025 seconds
[2025-09-03T17:40:30.817+0000] {processor.py:186} INFO - Started process (PID=683) to work on /opt/airflow/dags/ssg_erp_etl.py
[2025-09-03T17:40:30.819+0000] {processor.py:914} INFO - Processing file /opt/airflow/dags/ssg_erp_etl.py for tasks to queue
[2025-09-03T17:40:30.822+0000] {logging_mixin.py:190} INFO - [2025-09-03T17:40:30.822+0000] {dagbag.py:588} INFO - Filling up the DagBag from /opt/airflow/dags/ssg_erp_etl.py
[2025-09-03T17:40:30.826+0000] {processor.py:927} WARNING - No viable dags retrieved from /opt/airflow/dags/ssg_erp_etl.py
[2025-09-03T17:40:30.847+0000] {processor.py:208} INFO - Processing /opt/airflow/dags/ssg_erp_etl.py took 0.038 seconds
[2025-09-03T17:41:01.989+0000] {processor.py:186} INFO - Started process (PID=788) to work on /opt/airflow/dags/ssg_erp_etl.py
[2025-09-03T17:41:01.990+0000] {processor.py:914} INFO - Processing file /opt/airflow/dags/ssg_erp_etl.py for tasks to queue
[2025-09-03T17:41:01.993+0000] {logging_mixin.py:190} INFO - [2025-09-03T17:41:01.993+0000] {dagbag.py:588} INFO - Filling up the DagBag from /opt/airflow/dags/ssg_erp_etl.py
[2025-09-03T17:41:02.000+0000] {processor.py:927} WARNING - No viable dags retrieved from /opt/airflow/dags/ssg_erp_etl.py
[2025-09-03T17:41:02.013+0000] {processor.py:208} INFO - Processing /opt/airflow/dags/ssg_erp_etl.py took 0.028 seconds
[2025-09-03T17:41:32.302+0000] {processor.py:186} INFO - Started process (PID=894) to work on /opt/airflow/dags/ssg_erp_etl.py
[2025-09-03T17:41:32.303+0000] {processor.py:914} INFO - Processing file /opt/airflow/dags/ssg_erp_etl.py for tasks to queue
[2025-09-03T17:41:32.306+0000] {logging_mixin.py:190} INFO - [2025-09-03T17:41:32.306+0000] {dagbag.py:588} INFO - Filling up the DagBag from /opt/airflow/dags/ssg_erp_etl.py
[2025-09-03T17:41:32.309+0000] {processor.py:927} WARNING - No viable dags retrieved from /opt/airflow/dags/ssg_erp_etl.py
[2025-09-03T17:41:32.322+0000] {processor.py:208} INFO - Processing /opt/airflow/dags/ssg_erp_etl.py took 0.024 seconds
[2025-09-03T17:42:03.137+0000] {processor.py:186} INFO - Started process (PID=1003) to work on /opt/airflow/dags/ssg_erp_etl.py
[2025-09-03T17:42:03.137+0000] {processor.py:914} INFO - Processing file /opt/airflow/dags/ssg_erp_etl.py for tasks to queue
[2025-09-03T17:42:03.141+0000] {logging_mixin.py:190} INFO - [2025-09-03T17:42:03.140+0000] {dagbag.py:588} INFO - Filling up the DagBag from /opt/airflow/dags/ssg_erp_etl.py
[2025-09-03T17:42:03.148+0000] {processor.py:927} WARNING - No viable dags retrieved from /opt/airflow/dags/ssg_erp_etl.py
[2025-09-03T17:42:03.167+0000] {processor.py:208} INFO - Processing /opt/airflow/dags/ssg_erp_etl.py took 0.034 seconds
[2025-09-03T17:42:33.738+0000] {processor.py:186} INFO - Started process (PID=1108) to work on /opt/airflow/dags/ssg_erp_etl.py
[2025-09-03T17:42:33.739+0000] {processor.py:914} INFO - Processing file /opt/airflow/dags/ssg_erp_etl.py for tasks to queue
[2025-09-03T17:42:33.742+0000] {logging_mixin.py:190} INFO - [2025-09-03T17:42:33.742+0000] {dagbag.py:588} INFO - Filling up the DagBag from /opt/airflow/dags/ssg_erp_etl.py
[2025-09-03T17:42:33.746+0000] {processor.py:927} WARNING - No viable dags retrieved from /opt/airflow/dags/ssg_erp_etl.py
[2025-09-03T17:42:33.760+0000] {processor.py:208} INFO - Processing /opt/airflow/dags/ssg_erp_etl.py took 0.030 seconds
[2025-09-03T17:43:04.569+0000] {processor.py:186} INFO - Started process (PID=1215) to work on /opt/airflow/dags/ssg_erp_etl.py
[2025-09-03T17:43:04.570+0000] {processor.py:914} INFO - Processing file /opt/airflow/dags/ssg_erp_etl.py for tasks to queue
[2025-09-03T17:43:04.573+0000] {logging_mixin.py:190} INFO - [2025-09-03T17:43:04.572+0000] {dagbag.py:588} INFO - Filling up the DagBag from /opt/airflow/dags/ssg_erp_etl.py
[2025-09-03T17:43:04.578+0000] {processor.py:927} WARNING - No viable dags retrieved from /opt/airflow/dags/ssg_erp_etl.py
[2025-09-03T17:43:04.599+0000] {processor.py:208} INFO - Processing /opt/airflow/dags/ssg_erp_etl.py took 0.036 seconds
[2025-09-03T17:43:35.424+0000] {processor.py:186} INFO - Started process (PID=1322) to work on /opt/airflow/dags/ssg_erp_etl.py
[2025-09-03T17:43:35.425+0000] {processor.py:914} INFO - Processing file /opt/airflow/dags/ssg_erp_etl.py for tasks to queue
[2025-09-03T17:43:35.427+0000] {logging_mixin.py:190} INFO - [2025-09-03T17:43:35.426+0000] {dagbag.py:588} INFO - Filling up the DagBag from /opt/airflow/dags/ssg_erp_etl.py
[2025-09-03T17:43:35.429+0000] {processor.py:927} WARNING - No viable dags retrieved from /opt/airflow/dags/ssg_erp_etl.py
[2025-09-03T17:43:35.444+0000] {processor.py:208} INFO - Processing /opt/airflow/dags/ssg_erp_etl.py took 0.029 seconds
[2025-09-03T17:44:06.078+0000] {processor.py:186} INFO - Started process (PID=1431) to work on /opt/airflow/dags/ssg_erp_etl.py
[2025-09-03T17:44:06.079+0000] {processor.py:914} INFO - Processing file /opt/airflow/dags/ssg_erp_etl.py for tasks to queue
[2025-09-03T17:44:06.082+0000] {logging_mixin.py:190} INFO - [2025-09-03T17:44:06.081+0000] {dagbag.py:588} INFO - Filling up the DagBag from /opt/airflow/dags/ssg_erp_etl.py
[2025-09-03T17:44:06.085+0000] {processor.py:927} WARNING - No viable dags retrieved from /opt/airflow/dags/ssg_erp_etl.py
[2025-09-03T17:44:06.102+0000] {processor.py:208} INFO - Processing /opt/airflow/dags/ssg_erp_etl.py took 0.029 seconds
[2025-09-03T17:44:36.718+0000] {processor.py:186} INFO - Started process (PID=1536) to work on /opt/airflow/dags/ssg_erp_etl.py
[2025-09-03T17:44:36.719+0000] {processor.py:914} INFO - Processing file /opt/airflow/dags/ssg_erp_etl.py for tasks to queue
[2025-09-03T17:44:36.722+0000] {logging_mixin.py:190} INFO - [2025-09-03T17:44:36.721+0000] {dagbag.py:588} INFO - Filling up the DagBag from /opt/airflow/dags/ssg_erp_etl.py
[2025-09-03T17:44:36.725+0000] {processor.py:927} WARNING - No viable dags retrieved from /opt/airflow/dags/ssg_erp_etl.py
[2025-09-03T17:44:36.740+0000] {processor.py:208} INFO - Processing /opt/airflow/dags/ssg_erp_etl.py took 0.026 seconds
[2025-09-03T17:45:07.332+0000] {processor.py:186} INFO - Started process (PID=1643) to work on /opt/airflow/dags/ssg_erp_etl.py
[2025-09-03T17:45:07.333+0000] {processor.py:914} INFO - Processing file /opt/airflow/dags/ssg_erp_etl.py for tasks to queue
[2025-09-03T17:45:07.336+0000] {logging_mixin.py:190} INFO - [2025-09-03T17:45:07.335+0000] {dagbag.py:588} INFO - Filling up the DagBag from /opt/airflow/dags/ssg_erp_etl.py
[2025-09-03T17:45:07.341+0000] {processor.py:927} WARNING - No viable dags retrieved from /opt/airflow/dags/ssg_erp_etl.py
[2025-09-03T17:45:07.360+0000] {processor.py:208} INFO - Processing /opt/airflow/dags/ssg_erp_etl.py took 0.034 seconds
[2025-09-03T17:45:37.952+0000] {processor.py:186} INFO - Started process (PID=1752) to work on /opt/airflow/dags/ssg_erp_etl.py
[2025-09-03T17:45:37.953+0000] {processor.py:914} INFO - Processing file /opt/airflow/dags/ssg_erp_etl.py for tasks to queue
[2025-09-03T17:45:37.956+0000] {logging_mixin.py:190} INFO - [2025-09-03T17:45:37.955+0000] {dagbag.py:588} INFO - Filling up the DagBag from /opt/airflow/dags/ssg_erp_etl.py
[2025-09-03T17:45:37.958+0000] {processor.py:927} WARNING - No viable dags retrieved from /opt/airflow/dags/ssg_erp_etl.py
[2025-09-03T17:45:37.972+0000] {processor.py:208} INFO - Processing /opt/airflow/dags/ssg_erp_etl.py took 0.025 seconds
[2025-09-03T17:46:08.622+0000] {processor.py:186} INFO - Started process (PID=1859) to work on /opt/airflow/dags/ssg_erp_etl.py
[2025-09-03T17:46:08.623+0000] {processor.py:914} INFO - Processing file /opt/airflow/dags/ssg_erp_etl.py for tasks to queue
[2025-09-03T17:46:08.626+0000] {logging_mixin.py:190} INFO - [2025-09-03T17:46:08.625+0000] {dagbag.py:588} INFO - Filling up the DagBag from /opt/airflow/dags/ssg_erp_etl.py
[2025-09-03T17:46:08.629+0000] {processor.py:927} WARNING - No viable dags retrieved from /opt/airflow/dags/ssg_erp_etl.py
[2025-09-03T17:46:08.648+0000] {processor.py:208} INFO - Processing /opt/airflow/dags/ssg_erp_etl.py took 0.030 seconds
[2025-09-03T17:46:39.302+0000] {processor.py:186} INFO - Started process (PID=1966) to work on /opt/airflow/dags/ssg_erp_etl.py
[2025-09-03T17:46:39.305+0000] {processor.py:914} INFO - Processing file /opt/airflow/dags/ssg_erp_etl.py for tasks to queue
[2025-09-03T17:46:39.307+0000] {logging_mixin.py:190} INFO - [2025-09-03T17:46:39.307+0000] {dagbag.py:588} INFO - Filling up the DagBag from /opt/airflow/dags/ssg_erp_etl.py
[2025-09-03T17:46:39.309+0000] {processor.py:927} WARNING - No viable dags retrieved from /opt/airflow/dags/ssg_erp_etl.py
[2025-09-03T17:46:39.330+0000] {processor.py:208} INFO - Processing /opt/airflow/dags/ssg_erp_etl.py took 0.035 seconds
[2025-09-03T17:47:09.988+0000] {processor.py:186} INFO - Started process (PID=2073) to work on /opt/airflow/dags/ssg_erp_etl.py
[2025-09-03T17:47:09.988+0000] {processor.py:914} INFO - Processing file /opt/airflow/dags/ssg_erp_etl.py for tasks to queue
[2025-09-03T17:47:09.991+0000] {logging_mixin.py:190} INFO - [2025-09-03T17:47:09.991+0000] {dagbag.py:588} INFO - Filling up the DagBag from /opt/airflow/dags/ssg_erp_etl.py
[2025-09-03T17:47:09.994+0000] {processor.py:927} WARNING - No viable dags retrieved from /opt/airflow/dags/ssg_erp_etl.py
[2025-09-03T17:47:10.016+0000] {processor.py:208} INFO - Processing /opt/airflow/dags/ssg_erp_etl.py took 0.033 seconds
[2025-09-03T17:47:40.719+0000] {processor.py:186} INFO - Started process (PID=2180) to work on /opt/airflow/dags/ssg_erp_etl.py
[2025-09-03T17:47:40.720+0000] {processor.py:914} INFO - Processing file /opt/airflow/dags/ssg_erp_etl.py for tasks to queue
[2025-09-03T17:47:40.723+0000] {logging_mixin.py:190} INFO - [2025-09-03T17:47:40.723+0000] {dagbag.py:588} INFO - Filling up the DagBag from /opt/airflow/dags/ssg_erp_etl.py
[2025-09-03T17:47:40.727+0000] {processor.py:927} WARNING - No viable dags retrieved from /opt/airflow/dags/ssg_erp_etl.py
[2025-09-03T17:47:40.742+0000] {processor.py:208} INFO - Processing /opt/airflow/dags/ssg_erp_etl.py took 0.027 seconds
[2025-09-03T17:48:11.499+0000] {processor.py:186} INFO - Started process (PID=2285) to work on /opt/airflow/dags/ssg_erp_etl.py
[2025-09-03T17:48:11.500+0000] {processor.py:914} INFO - Processing file /opt/airflow/dags/ssg_erp_etl.py for tasks to queue
[2025-09-03T17:48:11.504+0000] {logging_mixin.py:190} INFO - [2025-09-03T17:48:11.503+0000] {dagbag.py:588} INFO - Filling up the DagBag from /opt/airflow/dags/ssg_erp_etl.py
[2025-09-03T17:48:11.507+0000] {processor.py:927} WARNING - No viable dags retrieved from /opt/airflow/dags/ssg_erp_etl.py
[2025-09-03T17:48:11.527+0000] {processor.py:208} INFO - Processing /opt/airflow/dags/ssg_erp_etl.py took 0.036 seconds
[2025-09-03T17:48:42.524+0000] {processor.py:186} INFO - Started process (PID=2393) to work on /opt/airflow/dags/ssg_erp_etl.py
[2025-09-03T17:48:42.525+0000] {processor.py:914} INFO - Processing file /opt/airflow/dags/ssg_erp_etl.py for tasks to queue
[2025-09-03T17:48:42.528+0000] {logging_mixin.py:190} INFO - [2025-09-03T17:48:42.527+0000] {dagbag.py:588} INFO - Filling up the DagBag from /opt/airflow/dags/ssg_erp_etl.py
[2025-09-03T17:48:42.531+0000] {processor.py:927} WARNING - No viable dags retrieved from /opt/airflow/dags/ssg_erp_etl.py
[2025-09-03T17:48:42.556+0000] {processor.py:208} INFO - Processing /opt/airflow/dags/ssg_erp_etl.py took 0.040 seconds
[2025-09-03T17:49:13.468+0000] {processor.py:186} INFO - Started process (PID=2498) to work on /opt/airflow/dags/ssg_erp_etl.py
[2025-09-03T17:49:13.469+0000] {processor.py:914} INFO - Processing file /opt/airflow/dags/ssg_erp_etl.py for tasks to queue
[2025-09-03T17:49:13.473+0000] {logging_mixin.py:190} INFO - [2025-09-03T17:49:13.472+0000] {dagbag.py:588} INFO - Filling up the DagBag from /opt/airflow/dags/ssg_erp_etl.py
[2025-09-03T17:49:13.476+0000] {processor.py:927} WARNING - No viable dags retrieved from /opt/airflow/dags/ssg_erp_etl.py
[2025-09-03T17:49:13.491+0000] {processor.py:208} INFO - Processing /opt/airflow/dags/ssg_erp_etl.py took 0.028 seconds
[2025-09-03T17:49:44.181+0000] {processor.py:186} INFO - Started process (PID=2605) to work on /opt/airflow/dags/ssg_erp_etl.py
[2025-09-03T17:49:44.183+0000] {processor.py:914} INFO - Processing file /opt/airflow/dags/ssg_erp_etl.py for tasks to queue
[2025-09-03T17:49:44.186+0000] {logging_mixin.py:190} INFO - [2025-09-03T17:49:44.185+0000] {dagbag.py:588} INFO - Filling up the DagBag from /opt/airflow/dags/ssg_erp_etl.py
[2025-09-03T17:49:44.189+0000] {processor.py:927} WARNING - No viable dags retrieved from /opt/airflow/dags/ssg_erp_etl.py
[2025-09-03T17:49:44.209+0000] {processor.py:208} INFO - Processing /opt/airflow/dags/ssg_erp_etl.py took 0.035 seconds
[2025-09-03T17:50:15.094+0000] {processor.py:186} INFO - Started process (PID=2712) to work on /opt/airflow/dags/ssg_erp_etl.py
[2025-09-03T17:50:15.096+0000] {processor.py:914} INFO - Processing file /opt/airflow/dags/ssg_erp_etl.py for tasks to queue
[2025-09-03T17:50:15.099+0000] {logging_mixin.py:190} INFO - [2025-09-03T17:50:15.099+0000] {dagbag.py:588} INFO - Filling up the DagBag from /opt/airflow/dags/ssg_erp_etl.py
[2025-09-03T17:50:15.103+0000] {processor.py:927} WARNING - No viable dags retrieved from /opt/airflow/dags/ssg_erp_etl.py
[2025-09-03T17:50:15.122+0000] {processor.py:208} INFO - Processing /opt/airflow/dags/ssg_erp_etl.py took 0.033 seconds
[2025-09-03T17:50:45.889+0000] {processor.py:186} INFO - Started process (PID=2819) to work on /opt/airflow/dags/ssg_erp_etl.py
[2025-09-03T17:50:45.890+0000] {processor.py:914} INFO - Processing file /opt/airflow/dags/ssg_erp_etl.py for tasks to queue
[2025-09-03T17:50:45.893+0000] {logging_mixin.py:190} INFO - [2025-09-03T17:50:45.893+0000] {dagbag.py:588} INFO - Filling up the DagBag from /opt/airflow/dags/ssg_erp_etl.py
[2025-09-03T17:50:45.897+0000] {processor.py:927} WARNING - No viable dags retrieved from /opt/airflow/dags/ssg_erp_etl.py
[2025-09-03T17:50:45.911+0000] {processor.py:208} INFO - Processing /opt/airflow/dags/ssg_erp_etl.py took 0.029 seconds
[2025-09-03T17:51:16.828+0000] {processor.py:186} INFO - Started process (PID=2926) to work on /opt/airflow/dags/ssg_erp_etl.py
[2025-09-03T17:51:16.829+0000] {processor.py:914} INFO - Processing file /opt/airflow/dags/ssg_erp_etl.py for tasks to queue
[2025-09-03T17:51:16.833+0000] {logging_mixin.py:190} INFO - [2025-09-03T17:51:16.832+0000] {dagbag.py:588} INFO - Filling up the DagBag from /opt/airflow/dags/ssg_erp_etl.py
[2025-09-03T17:51:16.836+0000] {processor.py:927} WARNING - No viable dags retrieved from /opt/airflow/dags/ssg_erp_etl.py
[2025-09-03T17:51:16.854+0000] {processor.py:208} INFO - Processing /opt/airflow/dags/ssg_erp_etl.py took 0.031 seconds
[2025-09-03T17:51:47.829+0000] {processor.py:186} INFO - Started process (PID=3033) to work on /opt/airflow/dags/ssg_erp_etl.py
[2025-09-03T17:51:47.830+0000] {processor.py:914} INFO - Processing file /opt/airflow/dags/ssg_erp_etl.py for tasks to queue
[2025-09-03T17:51:47.833+0000] {logging_mixin.py:190} INFO - [2025-09-03T17:51:47.832+0000] {dagbag.py:588} INFO - Filling up the DagBag from /opt/airflow/dags/ssg_erp_etl.py
[2025-09-03T17:51:47.835+0000] {processor.py:927} WARNING - No viable dags retrieved from /opt/airflow/dags/ssg_erp_etl.py
[2025-09-03T17:51:47.853+0000] {processor.py:208} INFO - Processing /opt/airflow/dags/ssg_erp_etl.py took 0.031 seconds
[2025-09-03T17:52:18.884+0000] {processor.py:186} INFO - Started process (PID=3139) to work on /opt/airflow/dags/ssg_erp_etl.py
[2025-09-03T17:52:18.885+0000] {processor.py:914} INFO - Processing file /opt/airflow/dags/ssg_erp_etl.py for tasks to queue
[2025-09-03T17:52:18.888+0000] {logging_mixin.py:190} INFO - [2025-09-03T17:52:18.888+0000] {dagbag.py:588} INFO - Filling up the DagBag from /opt/airflow/dags/ssg_erp_etl.py
[2025-09-03T17:52:18.892+0000] {processor.py:927} WARNING - No viable dags retrieved from /opt/airflow/dags/ssg_erp_etl.py
[2025-09-03T17:52:18.907+0000] {processor.py:208} INFO - Processing /opt/airflow/dags/ssg_erp_etl.py took 0.031 seconds
[2025-09-03T17:52:49.874+0000] {processor.py:186} INFO - Started process (PID=3246) to work on /opt/airflow/dags/ssg_erp_etl.py
[2025-09-03T17:52:49.875+0000] {processor.py:914} INFO - Processing file /opt/airflow/dags/ssg_erp_etl.py for tasks to queue
[2025-09-03T17:52:49.877+0000] {logging_mixin.py:190} INFO - [2025-09-03T17:52:49.876+0000] {dagbag.py:588} INFO - Filling up the DagBag from /opt/airflow/dags/ssg_erp_etl.py
[2025-09-03T17:52:49.879+0000] {processor.py:927} WARNING - No viable dags retrieved from /opt/airflow/dags/ssg_erp_etl.py
[2025-09-03T17:52:49.892+0000] {processor.py:208} INFO - Processing /opt/airflow/dags/ssg_erp_etl.py took 0.025 seconds
[2025-09-03T17:53:21.001+0000] {processor.py:186} INFO - Started process (PID=3353) to work on /opt/airflow/dags/ssg_erp_etl.py
[2025-09-03T17:53:21.002+0000] {processor.py:914} INFO - Processing file /opt/airflow/dags/ssg_erp_etl.py for tasks to queue
[2025-09-03T17:53:21.005+0000] {logging_mixin.py:190} INFO - [2025-09-03T17:53:21.005+0000] {dagbag.py:588} INFO - Filling up the DagBag from /opt/airflow/dags/ssg_erp_etl.py
[2025-09-03T17:53:21.009+0000] {processor.py:927} WARNING - No viable dags retrieved from /opt/airflow/dags/ssg_erp_etl.py
[2025-09-03T17:53:21.023+0000] {processor.py:208} INFO - Processing /opt/airflow/dags/ssg_erp_etl.py took 0.029 seconds
[2025-09-03T17:53:52.097+0000] {processor.py:186} INFO - Started process (PID=3460) to work on /opt/airflow/dags/ssg_erp_etl.py
[2025-09-03T17:53:52.098+0000] {processor.py:914} INFO - Processing file /opt/airflow/dags/ssg_erp_etl.py for tasks to queue
[2025-09-03T17:53:52.101+0000] {logging_mixin.py:190} INFO - [2025-09-03T17:53:52.101+0000] {dagbag.py:588} INFO - Filling up the DagBag from /opt/airflow/dags/ssg_erp_etl.py
[2025-09-03T17:53:52.106+0000] {processor.py:927} WARNING - No viable dags retrieved from /opt/airflow/dags/ssg_erp_etl.py
[2025-09-03T17:53:52.124+0000] {processor.py:208} INFO - Processing /opt/airflow/dags/ssg_erp_etl.py took 0.034 seconds
[2025-09-03T17:54:22.349+0000] {processor.py:186} INFO - Started process (PID=3567) to work on /opt/airflow/dags/ssg_erp_etl.py
[2025-09-03T17:54:22.350+0000] {processor.py:914} INFO - Processing file /opt/airflow/dags/ssg_erp_etl.py for tasks to queue
[2025-09-03T17:54:22.352+0000] {logging_mixin.py:190} INFO - [2025-09-03T17:54:22.351+0000] {dagbag.py:588} INFO - Filling up the DagBag from /opt/airflow/dags/ssg_erp_etl.py
[2025-09-03T17:54:22.354+0000] {processor.py:927} WARNING - No viable dags retrieved from /opt/airflow/dags/ssg_erp_etl.py
[2025-09-03T17:54:22.366+0000] {processor.py:208} INFO - Processing /opt/airflow/dags/ssg_erp_etl.py took 0.023 seconds
[2025-09-03T17:55:57.298+0000] {processor.py:186} INFO - Started process (PID=256) to work on /opt/airflow/dags/ssg_erp_etl.py
[2025-09-03T17:55:57.299+0000] {processor.py:914} INFO - Processing file /opt/airflow/dags/ssg_erp_etl.py for tasks to queue
[2025-09-03T17:55:57.303+0000] {logging_mixin.py:190} INFO - [2025-09-03T17:55:57.302+0000] {dagbag.py:588} INFO - Filling up the DagBag from /opt/airflow/dags/ssg_erp_etl.py
[2025-09-03T17:55:57.306+0000] {processor.py:927} WARNING - No viable dags retrieved from /opt/airflow/dags/ssg_erp_etl.py
[2025-09-03T17:55:57.322+0000] {processor.py:208} INFO - Processing /opt/airflow/dags/ssg_erp_etl.py took 0.031 seconds
[2025-09-03T17:56:27.839+0000] {processor.py:186} INFO - Started process (PID=362) to work on /opt/airflow/dags/ssg_erp_etl.py
[2025-09-03T17:56:27.840+0000] {processor.py:914} INFO - Processing file /opt/airflow/dags/ssg_erp_etl.py for tasks to queue
[2025-09-03T17:56:27.843+0000] {logging_mixin.py:190} INFO - [2025-09-03T17:56:27.843+0000] {dagbag.py:588} INFO - Filling up the DagBag from /opt/airflow/dags/ssg_erp_etl.py
[2025-09-03T17:56:27.852+0000] {processor.py:927} WARNING - No viable dags retrieved from /opt/airflow/dags/ssg_erp_etl.py
[2025-09-03T17:56:27.874+0000] {processor.py:208} INFO - Processing /opt/airflow/dags/ssg_erp_etl.py took 0.043 seconds
[2025-09-03T17:56:58.832+0000] {processor.py:186} INFO - Started process (PID=469) to work on /opt/airflow/dags/ssg_erp_etl.py
[2025-09-03T17:56:58.835+0000] {processor.py:914} INFO - Processing file /opt/airflow/dags/ssg_erp_etl.py for tasks to queue
[2025-09-03T17:56:58.838+0000] {logging_mixin.py:190} INFO - [2025-09-03T17:56:58.838+0000] {dagbag.py:588} INFO - Filling up the DagBag from /opt/airflow/dags/ssg_erp_etl.py
[2025-09-03T17:56:58.841+0000] {processor.py:927} WARNING - No viable dags retrieved from /opt/airflow/dags/ssg_erp_etl.py
[2025-09-03T17:56:58.860+0000] {processor.py:208} INFO - Processing /opt/airflow/dags/ssg_erp_etl.py took 0.035 seconds
[2025-09-03T17:57:28.930+0000] {processor.py:186} INFO - Started process (PID=570) to work on /opt/airflow/dags/ssg_erp_etl.py
[2025-09-03T17:57:28.931+0000] {processor.py:914} INFO - Processing file /opt/airflow/dags/ssg_erp_etl.py for tasks to queue
[2025-09-03T17:57:28.934+0000] {logging_mixin.py:190} INFO - [2025-09-03T17:57:28.933+0000] {dagbag.py:588} INFO - Filling up the DagBag from /opt/airflow/dags/ssg_erp_etl.py
[2025-09-03T17:57:28.939+0000] {processor.py:927} WARNING - No viable dags retrieved from /opt/airflow/dags/ssg_erp_etl.py
[2025-09-03T17:57:28.953+0000] {processor.py:208} INFO - Processing /opt/airflow/dags/ssg_erp_etl.py took 0.028 seconds
[2025-09-03T17:58:00.197+0000] {processor.py:186} INFO - Started process (PID=677) to work on /opt/airflow/dags/ssg_erp_etl.py
[2025-09-03T17:58:00.198+0000] {processor.py:914} INFO - Processing file /opt/airflow/dags/ssg_erp_etl.py for tasks to queue
[2025-09-03T17:58:00.200+0000] {logging_mixin.py:190} INFO - [2025-09-03T17:58:00.200+0000] {dagbag.py:588} INFO - Filling up the DagBag from /opt/airflow/dags/ssg_erp_etl.py
[2025-09-03T17:58:00.203+0000] {processor.py:927} WARNING - No viable dags retrieved from /opt/airflow/dags/ssg_erp_etl.py
[2025-09-03T17:58:00.221+0000] {processor.py:208} INFO - Processing /opt/airflow/dags/ssg_erp_etl.py took 0.032 seconds
[2025-09-03T17:58:31.575+0000] {processor.py:186} INFO - Started process (PID=789) to work on /opt/airflow/dags/ssg_erp_etl.py
[2025-09-03T17:58:31.576+0000] {processor.py:914} INFO - Processing file /opt/airflow/dags/ssg_erp_etl.py for tasks to queue
[2025-09-03T17:58:31.578+0000] {logging_mixin.py:190} INFO - [2025-09-03T17:58:31.578+0000] {dagbag.py:588} INFO - Filling up the DagBag from /opt/airflow/dags/ssg_erp_etl.py
[2025-09-03T17:58:31.581+0000] {processor.py:927} WARNING - No viable dags retrieved from /opt/airflow/dags/ssg_erp_etl.py
[2025-09-03T17:58:31.596+0000] {processor.py:208} INFO - Processing /opt/airflow/dags/ssg_erp_etl.py took 0.030 seconds
[2025-09-03T17:59:02.953+0000] {processor.py:186} INFO - Started process (PID=897) to work on /opt/airflow/dags/ssg_erp_etl.py
[2025-09-03T17:59:02.954+0000] {processor.py:914} INFO - Processing file /opt/airflow/dags/ssg_erp_etl.py for tasks to queue
[2025-09-03T17:59:02.957+0000] {logging_mixin.py:190} INFO - [2025-09-03T17:59:02.956+0000] {dagbag.py:588} INFO - Filling up the DagBag from /opt/airflow/dags/ssg_erp_etl.py
[2025-09-03T17:59:02.959+0000] {processor.py:927} WARNING - No viable dags retrieved from /opt/airflow/dags/ssg_erp_etl.py
[2025-09-03T17:59:02.970+0000] {processor.py:208} INFO - Processing /opt/airflow/dags/ssg_erp_etl.py took 0.023 seconds
[2025-09-03T17:59:34.203+0000] {processor.py:186} INFO - Started process (PID=1004) to work on /opt/airflow/dags/ssg_erp_etl.py
[2025-09-03T17:59:34.204+0000] {processor.py:914} INFO - Processing file /opt/airflow/dags/ssg_erp_etl.py for tasks to queue
[2025-09-03T17:59:34.207+0000] {logging_mixin.py:190} INFO - [2025-09-03T17:59:34.207+0000] {dagbag.py:588} INFO - Filling up the DagBag from /opt/airflow/dags/ssg_erp_etl.py
[2025-09-03T17:59:34.213+0000] {processor.py:927} WARNING - No viable dags retrieved from /opt/airflow/dags/ssg_erp_etl.py
[2025-09-03T17:59:34.228+0000] {processor.py:208} INFO - Processing /opt/airflow/dags/ssg_erp_etl.py took 0.032 seconds
[2025-09-03T18:00:04.932+0000] {processor.py:186} INFO - Started process (PID=1113) to work on /opt/airflow/dags/ssg_erp_etl.py
[2025-09-03T18:00:04.933+0000] {processor.py:914} INFO - Processing file /opt/airflow/dags/ssg_erp_etl.py for tasks to queue
[2025-09-03T18:00:04.936+0000] {logging_mixin.py:190} INFO - [2025-09-03T18:00:04.935+0000] {dagbag.py:588} INFO - Filling up the DagBag from /opt/airflow/dags/ssg_erp_etl.py
[2025-09-03T18:00:04.939+0000] {processor.py:927} WARNING - No viable dags retrieved from /opt/airflow/dags/ssg_erp_etl.py
[2025-09-03T18:00:04.958+0000] {processor.py:208} INFO - Processing /opt/airflow/dags/ssg_erp_etl.py took 0.031 seconds
[2025-09-03T18:00:35.853+0000] {processor.py:186} INFO - Started process (PID=1218) to work on /opt/airflow/dags/ssg_erp_etl.py
[2025-09-03T18:00:35.854+0000] {processor.py:914} INFO - Processing file /opt/airflow/dags/ssg_erp_etl.py for tasks to queue
[2025-09-03T18:00:35.857+0000] {logging_mixin.py:190} INFO - [2025-09-03T18:00:35.856+0000] {dagbag.py:588} INFO - Filling up the DagBag from /opt/airflow/dags/ssg_erp_etl.py
[2025-09-03T18:00:35.859+0000] {processor.py:927} WARNING - No viable dags retrieved from /opt/airflow/dags/ssg_erp_etl.py
[2025-09-03T18:00:35.877+0000] {processor.py:208} INFO - Processing /opt/airflow/dags/ssg_erp_etl.py took 0.034 seconds
[2025-09-03T18:01:06.661+0000] {processor.py:186} INFO - Started process (PID=1327) to work on /opt/airflow/dags/ssg_erp_etl.py
[2025-09-03T18:01:06.661+0000] {processor.py:914} INFO - Processing file /opt/airflow/dags/ssg_erp_etl.py for tasks to queue
[2025-09-03T18:01:06.663+0000] {logging_mixin.py:190} INFO - [2025-09-03T18:01:06.663+0000] {dagbag.py:588} INFO - Filling up the DagBag from /opt/airflow/dags/ssg_erp_etl.py
[2025-09-03T18:01:06.666+0000] {processor.py:927} WARNING - No viable dags retrieved from /opt/airflow/dags/ssg_erp_etl.py
[2025-09-03T18:01:06.679+0000] {processor.py:208} INFO - Processing /opt/airflow/dags/ssg_erp_etl.py took 0.023 seconds
[2025-09-03T18:01:37.483+0000] {processor.py:186} INFO - Started process (PID=1434) to work on /opt/airflow/dags/ssg_erp_etl.py
[2025-09-03T18:01:37.484+0000] {processor.py:914} INFO - Processing file /opt/airflow/dags/ssg_erp_etl.py for tasks to queue
[2025-09-03T18:01:37.486+0000] {logging_mixin.py:190} INFO - [2025-09-03T18:01:37.486+0000] {dagbag.py:588} INFO - Filling up the DagBag from /opt/airflow/dags/ssg_erp_etl.py
[2025-09-03T18:01:37.492+0000] {processor.py:927} WARNING - No viable dags retrieved from /opt/airflow/dags/ssg_erp_etl.py
[2025-09-03T18:01:37.507+0000] {processor.py:208} INFO - Processing /opt/airflow/dags/ssg_erp_etl.py took 0.029 seconds
[2025-09-03T18:02:08.169+0000] {processor.py:186} INFO - Started process (PID=1541) to work on /opt/airflow/dags/ssg_erp_etl.py
[2025-09-03T18:02:08.170+0000] {processor.py:914} INFO - Processing file /opt/airflow/dags/ssg_erp_etl.py for tasks to queue
[2025-09-03T18:02:08.172+0000] {logging_mixin.py:190} INFO - [2025-09-03T18:02:08.172+0000] {dagbag.py:588} INFO - Filling up the DagBag from /opt/airflow/dags/ssg_erp_etl.py
[2025-09-03T18:02:08.176+0000] {processor.py:927} WARNING - No viable dags retrieved from /opt/airflow/dags/ssg_erp_etl.py
[2025-09-03T18:02:08.191+0000] {processor.py:208} INFO - Processing /opt/airflow/dags/ssg_erp_etl.py took 0.028 seconds
[2025-09-03T18:02:38.843+0000] {processor.py:186} INFO - Started process (PID=1648) to work on /opt/airflow/dags/ssg_erp_etl.py
[2025-09-03T18:02:38.844+0000] {processor.py:914} INFO - Processing file /opt/airflow/dags/ssg_erp_etl.py for tasks to queue
[2025-09-03T18:02:38.846+0000] {logging_mixin.py:190} INFO - [2025-09-03T18:02:38.845+0000] {dagbag.py:588} INFO - Filling up the DagBag from /opt/airflow/dags/ssg_erp_etl.py
[2025-09-03T18:02:38.848+0000] {processor.py:927} WARNING - No viable dags retrieved from /opt/airflow/dags/ssg_erp_etl.py
[2025-09-03T18:02:38.861+0000] {processor.py:208} INFO - Processing /opt/airflow/dags/ssg_erp_etl.py took 0.025 seconds
[2025-09-03T18:03:09.492+0000] {processor.py:186} INFO - Started process (PID=1753) to work on /opt/airflow/dags/ssg_erp_etl.py
[2025-09-03T18:03:09.493+0000] {processor.py:914} INFO - Processing file /opt/airflow/dags/ssg_erp_etl.py for tasks to queue
[2025-09-03T18:03:09.496+0000] {logging_mixin.py:190} INFO - [2025-09-03T18:03:09.496+0000] {dagbag.py:588} INFO - Filling up the DagBag from /opt/airflow/dags/ssg_erp_etl.py
[2025-09-03T18:03:09.498+0000] {processor.py:927} WARNING - No viable dags retrieved from /opt/airflow/dags/ssg_erp_etl.py
[2025-09-03T18:03:09.512+0000] {processor.py:208} INFO - Processing /opt/airflow/dags/ssg_erp_etl.py took 0.027 seconds
[2025-09-03T18:03:40.226+0000] {processor.py:186} INFO - Started process (PID=1862) to work on /opt/airflow/dags/ssg_erp_etl.py
[2025-09-03T18:03:40.227+0000] {processor.py:914} INFO - Processing file /opt/airflow/dags/ssg_erp_etl.py for tasks to queue
[2025-09-03T18:03:40.229+0000] {logging_mixin.py:190} INFO - [2025-09-03T18:03:40.229+0000] {dagbag.py:588} INFO - Filling up the DagBag from /opt/airflow/dags/ssg_erp_etl.py
[2025-09-03T18:03:40.231+0000] {processor.py:927} WARNING - No viable dags retrieved from /opt/airflow/dags/ssg_erp_etl.py
[2025-09-03T18:03:40.246+0000] {processor.py:208} INFO - Processing /opt/airflow/dags/ssg_erp_etl.py took 0.026 seconds
