[2025-09-03T17:38:26.167+0000] {processor.py:186} INFO - Started process (PID=239) to work on /opt/airflow/dags/ssg_gl_etl.py
[2025-09-03T17:38:26.168+0000] {processor.py:914} INFO - Processing file /opt/airflow/dags/ssg_gl_etl.py for tasks to queue
[2025-09-03T17:38:26.173+0000] {logging_mixin.py:190} INFO - [2025-09-03T17:38:26.172+0000] {dagbag.py:588} INFO - Filling up the DagBag from /opt/airflow/dags/ssg_gl_etl.py
[2025-09-03T17:38:26.212+0000] {processor.py:925} INFO - DAG(s) 'etl_ssg_erp_gl' retrieved from /opt/airflow/dags/ssg_gl_etl.py
[2025-09-03T17:38:26.329+0000] {logging_mixin.py:190} INFO - [2025-09-03T17:38:26.329+0000] {override.py:1930} INFO - Created Permission View: can delete on DAG:etl_ssg_erp_gl
[2025-09-03T17:38:26.342+0000] {logging_mixin.py:190} INFO - [2025-09-03T17:38:26.342+0000] {override.py:1930} INFO - Created Permission View: can edit on DAG:etl_ssg_erp_gl
[2025-09-03T17:38:26.351+0000] {logging_mixin.py:190} INFO - [2025-09-03T17:38:26.351+0000] {override.py:1930} INFO - Created Permission View: can read on DAG:etl_ssg_erp_gl
[2025-09-03T17:38:26.360+0000] {logging_mixin.py:190} INFO - [2025-09-03T17:38:26.360+0000] {override.py:1930} INFO - Created Permission View: can delete on DAG Run:etl_ssg_erp_gl
[2025-09-03T17:38:26.369+0000] {logging_mixin.py:190} INFO - [2025-09-03T17:38:26.368+0000] {override.py:1930} INFO - Created Permission View: can create on DAG Run:etl_ssg_erp_gl
[2025-09-03T17:38:26.378+0000] {logging_mixin.py:190} INFO - [2025-09-03T17:38:26.378+0000] {override.py:1930} INFO - Created Permission View: menu access on DAG Run:etl_ssg_erp_gl
[2025-09-03T17:38:26.385+0000] {logging_mixin.py:190} INFO - [2025-09-03T17:38:26.385+0000] {override.py:1930} INFO - Created Permission View: can read on DAG Run:etl_ssg_erp_gl
[2025-09-03T17:38:26.386+0000] {logging_mixin.py:190} INFO - [2025-09-03T17:38:26.386+0000] {dag.py:3239} INFO - Sync 1 DAGs
[2025-09-03T17:38:26.401+0000] {logging_mixin.py:190} INFO - [2025-09-03T17:38:26.400+0000] {dag.py:3262} INFO - Creating ORM DAG for etl_ssg_erp_gl
[2025-09-03T17:38:26.421+0000] {logging_mixin.py:190} INFO - [2025-09-03T17:38:26.420+0000] {dag.py:4180} INFO - Setting next_dagrun for etl_ssg_erp_gl to 2025-09-01 19:00:00+00:00, run_after=2025-09-02 19:00:00+00:00
[2025-09-03T17:38:26.444+0000] {processor.py:208} INFO - Processing /opt/airflow/dags/ssg_gl_etl.py took 0.285 seconds
[2025-09-03T17:38:57.133+0000] {processor.py:186} INFO - Started process (PID=340) to work on /opt/airflow/dags/ssg_gl_etl.py
[2025-09-03T17:38:57.134+0000] {processor.py:914} INFO - Processing file /opt/airflow/dags/ssg_gl_etl.py for tasks to queue
[2025-09-03T17:38:57.136+0000] {logging_mixin.py:190} INFO - [2025-09-03T17:38:57.136+0000] {dagbag.py:588} INFO - Filling up the DagBag from /opt/airflow/dags/ssg_gl_etl.py
[2025-09-03T17:38:57.166+0000] {processor.py:925} INFO - DAG(s) 'etl_ssg_erp_gl' retrieved from /opt/airflow/dags/ssg_gl_etl.py
[2025-09-03T17:38:57.196+0000] {logging_mixin.py:190} INFO - [2025-09-03T17:38:57.195+0000] {dag.py:3239} INFO - Sync 1 DAGs
[2025-09-03T17:38:57.228+0000] {logging_mixin.py:190} INFO - [2025-09-03T17:38:57.228+0000] {dag.py:4180} INFO - Setting next_dagrun for etl_ssg_erp_gl to 2025-09-01 19:00:00+00:00, run_after=2025-09-02 19:00:00+00:00
[2025-09-03T17:38:57.249+0000] {processor.py:208} INFO - Processing /opt/airflow/dags/ssg_gl_etl.py took 0.122 seconds
[2025-09-03T17:39:28.212+0000] {processor.py:186} INFO - Started process (PID=452) to work on /opt/airflow/dags/ssg_gl_etl.py
[2025-09-03T17:39:28.213+0000] {processor.py:914} INFO - Processing file /opt/airflow/dags/ssg_gl_etl.py for tasks to queue
[2025-09-03T17:39:28.215+0000] {logging_mixin.py:190} INFO - [2025-09-03T17:39:28.215+0000] {dagbag.py:588} INFO - Filling up the DagBag from /opt/airflow/dags/ssg_gl_etl.py
[2025-09-03T17:39:28.241+0000] {processor.py:925} INFO - DAG(s) 'etl_ssg_erp_gl' retrieved from /opt/airflow/dags/ssg_gl_etl.py
[2025-09-03T17:39:28.265+0000] {logging_mixin.py:190} INFO - [2025-09-03T17:39:28.265+0000] {dag.py:3239} INFO - Sync 1 DAGs
[2025-09-03T17:39:28.290+0000] {logging_mixin.py:190} INFO - [2025-09-03T17:39:28.290+0000] {dag.py:4180} INFO - Setting next_dagrun for etl_ssg_erp_gl to 2025-09-01 19:00:00+00:00, run_after=2025-09-02 19:00:00+00:00
[2025-09-03T17:39:28.309+0000] {processor.py:208} INFO - Processing /opt/airflow/dags/ssg_gl_etl.py took 0.104 seconds
[2025-09-03T17:39:59.235+0000] {processor.py:186} INFO - Started process (PID=559) to work on /opt/airflow/dags/ssg_gl_etl.py
[2025-09-03T17:39:59.236+0000] {processor.py:914} INFO - Processing file /opt/airflow/dags/ssg_gl_etl.py for tasks to queue
[2025-09-03T17:39:59.239+0000] {logging_mixin.py:190} INFO - [2025-09-03T17:39:59.238+0000] {dagbag.py:588} INFO - Filling up the DagBag from /opt/airflow/dags/ssg_gl_etl.py
[2025-09-03T17:39:59.259+0000] {processor.py:925} INFO - DAG(s) 'etl_ssg_erp_gl' retrieved from /opt/airflow/dags/ssg_gl_etl.py
[2025-09-03T17:39:59.290+0000] {logging_mixin.py:190} INFO - [2025-09-03T17:39:59.290+0000] {dag.py:3239} INFO - Sync 1 DAGs
[2025-09-03T17:39:59.318+0000] {logging_mixin.py:190} INFO - [2025-09-03T17:39:59.318+0000] {dag.py:4180} INFO - Setting next_dagrun for etl_ssg_erp_gl to 2025-09-01 19:00:00+00:00, run_after=2025-09-02 19:00:00+00:00
[2025-09-03T17:39:59.340+0000] {processor.py:208} INFO - Processing /opt/airflow/dags/ssg_gl_etl.py took 0.113 seconds
[2025-09-03T17:40:30.386+0000] {processor.py:186} INFO - Started process (PID=665) to work on /opt/airflow/dags/ssg_gl_etl.py
[2025-09-03T17:40:30.389+0000] {processor.py:914} INFO - Processing file /opt/airflow/dags/ssg_gl_etl.py for tasks to queue
[2025-09-03T17:40:30.393+0000] {logging_mixin.py:190} INFO - [2025-09-03T17:40:30.392+0000] {dagbag.py:588} INFO - Filling up the DagBag from /opt/airflow/dags/ssg_gl_etl.py
[2025-09-03T17:40:30.417+0000] {processor.py:925} INFO - DAG(s) 'etl_ssg_erp_gl' retrieved from /opt/airflow/dags/ssg_gl_etl.py
[2025-09-03T17:40:30.445+0000] {logging_mixin.py:190} INFO - [2025-09-03T17:40:30.444+0000] {dag.py:3239} INFO - Sync 1 DAGs
[2025-09-03T17:40:30.590+0000] {logging_mixin.py:190} INFO - [2025-09-03T17:40:30.590+0000] {dag.py:4180} INFO - Setting next_dagrun for etl_ssg_erp_gl to 2025-09-01 19:00:00+00:00, run_after=2025-09-02 19:00:00+00:00
[2025-09-03T17:40:30.608+0000] {processor.py:208} INFO - Processing /opt/airflow/dags/ssg_gl_etl.py took 0.229 seconds
[2025-09-03T17:41:01.451+0000] {processor.py:186} INFO - Started process (PID=772) to work on /opt/airflow/dags/ssg_gl_etl.py
[2025-09-03T17:41:01.452+0000] {processor.py:914} INFO - Processing file /opt/airflow/dags/ssg_gl_etl.py for tasks to queue
[2025-09-03T17:41:01.454+0000] {logging_mixin.py:190} INFO - [2025-09-03T17:41:01.454+0000] {dagbag.py:588} INFO - Filling up the DagBag from /opt/airflow/dags/ssg_gl_etl.py
[2025-09-03T17:41:01.474+0000] {processor.py:925} INFO - DAG(s) 'etl_ssg_erp_gl' retrieved from /opt/airflow/dags/ssg_gl_etl.py
[2025-09-03T17:41:01.504+0000] {logging_mixin.py:190} INFO - [2025-09-03T17:41:01.504+0000] {dag.py:3239} INFO - Sync 1 DAGs
[2025-09-03T17:41:01.716+0000] {logging_mixin.py:190} INFO - [2025-09-03T17:41:01.716+0000] {dag.py:4180} INFO - Setting next_dagrun for etl_ssg_erp_gl to 2025-09-01 19:00:00+00:00, run_after=2025-09-02 19:00:00+00:00
[2025-09-03T17:41:01.747+0000] {processor.py:208} INFO - Processing /opt/airflow/dags/ssg_gl_etl.py took 0.303 seconds
[2025-09-03T17:41:32.029+0000] {processor.py:186} INFO - Started process (PID=878) to work on /opt/airflow/dags/ssg_gl_etl.py
[2025-09-03T17:41:32.030+0000] {processor.py:914} INFO - Processing file /opt/airflow/dags/ssg_gl_etl.py for tasks to queue
[2025-09-03T17:41:32.034+0000] {logging_mixin.py:190} INFO - [2025-09-03T17:41:32.033+0000] {dagbag.py:588} INFO - Filling up the DagBag from /opt/airflow/dags/ssg_gl_etl.py
[2025-09-03T17:41:32.069+0000] {processor.py:925} INFO - DAG(s) 'etl_ssg_erp_gl' retrieved from /opt/airflow/dags/ssg_gl_etl.py
[2025-09-03T17:41:32.097+0000] {logging_mixin.py:190} INFO - [2025-09-03T17:41:32.097+0000] {dag.py:3239} INFO - Sync 1 DAGs
[2025-09-03T17:41:32.120+0000] {logging_mixin.py:190} INFO - [2025-09-03T17:41:32.120+0000] {dag.py:4180} INFO - Setting next_dagrun for etl_ssg_erp_gl to 2025-09-01 19:00:00+00:00, run_after=2025-09-02 19:00:00+00:00
[2025-09-03T17:41:32.142+0000] {processor.py:208} INFO - Processing /opt/airflow/dags/ssg_gl_etl.py took 0.118 seconds
[2025-09-03T17:42:02.821+0000] {processor.py:186} INFO - Started process (PID=985) to work on /opt/airflow/dags/ssg_gl_etl.py
[2025-09-03T17:42:02.822+0000] {processor.py:914} INFO - Processing file /opt/airflow/dags/ssg_gl_etl.py for tasks to queue
[2025-09-03T17:42:02.825+0000] {logging_mixin.py:190} INFO - [2025-09-03T17:42:02.825+0000] {dagbag.py:588} INFO - Filling up the DagBag from /opt/airflow/dags/ssg_gl_etl.py
[2025-09-03T17:42:02.856+0000] {processor.py:925} INFO - DAG(s) 'etl_ssg_erp_gl' retrieved from /opt/airflow/dags/ssg_gl_etl.py
[2025-09-03T17:42:02.884+0000] {logging_mixin.py:190} INFO - [2025-09-03T17:42:02.884+0000] {dag.py:3239} INFO - Sync 1 DAGs
[2025-09-03T17:42:02.910+0000] {logging_mixin.py:190} INFO - [2025-09-03T17:42:02.910+0000] {dag.py:4180} INFO - Setting next_dagrun for etl_ssg_erp_gl to 2025-09-01 19:00:00+00:00, run_after=2025-09-02 19:00:00+00:00
[2025-09-03T17:42:02.930+0000] {processor.py:208} INFO - Processing /opt/airflow/dags/ssg_gl_etl.py took 0.116 seconds
[2025-09-03T17:42:33.439+0000] {processor.py:186} INFO - Started process (PID=1092) to work on /opt/airflow/dags/ssg_gl_etl.py
[2025-09-03T17:42:33.440+0000] {processor.py:914} INFO - Processing file /opt/airflow/dags/ssg_gl_etl.py for tasks to queue
[2025-09-03T17:42:33.443+0000] {logging_mixin.py:190} INFO - [2025-09-03T17:42:33.443+0000] {dagbag.py:588} INFO - Filling up the DagBag from /opt/airflow/dags/ssg_gl_etl.py
[2025-09-03T17:42:33.475+0000] {processor.py:925} INFO - DAG(s) 'etl_ssg_erp_gl' retrieved from /opt/airflow/dags/ssg_gl_etl.py
[2025-09-03T17:42:33.502+0000] {logging_mixin.py:190} INFO - [2025-09-03T17:42:33.502+0000] {dag.py:3239} INFO - Sync 1 DAGs
[2025-09-03T17:42:33.531+0000] {logging_mixin.py:190} INFO - [2025-09-03T17:42:33.531+0000] {dag.py:4180} INFO - Setting next_dagrun for etl_ssg_erp_gl to 2025-09-01 19:00:00+00:00, run_after=2025-09-02 19:00:00+00:00
[2025-09-03T17:42:33.561+0000] {processor.py:208} INFO - Processing /opt/airflow/dags/ssg_gl_etl.py took 0.128 seconds
[2025-09-03T17:43:04.223+0000] {processor.py:186} INFO - Started process (PID=1199) to work on /opt/airflow/dags/ssg_gl_etl.py
[2025-09-03T17:43:04.224+0000] {processor.py:914} INFO - Processing file /opt/airflow/dags/ssg_gl_etl.py for tasks to queue
[2025-09-03T17:43:04.226+0000] {logging_mixin.py:190} INFO - [2025-09-03T17:43:04.225+0000] {dagbag.py:588} INFO - Filling up the DagBag from /opt/airflow/dags/ssg_gl_etl.py
[2025-09-03T17:43:04.256+0000] {processor.py:925} INFO - DAG(s) 'etl_ssg_erp_gl' retrieved from /opt/airflow/dags/ssg_gl_etl.py
[2025-09-03T17:43:04.286+0000] {logging_mixin.py:190} INFO - [2025-09-03T17:43:04.285+0000] {dag.py:3239} INFO - Sync 1 DAGs
[2025-09-03T17:43:04.339+0000] {logging_mixin.py:190} INFO - [2025-09-03T17:43:04.335+0000] {dag.py:4180} INFO - Setting next_dagrun for etl_ssg_erp_gl to 2025-09-01 19:00:00+00:00, run_after=2025-09-02 19:00:00+00:00
[2025-09-03T17:43:04.379+0000] {processor.py:208} INFO - Processing /opt/airflow/dags/ssg_gl_etl.py took 0.161 seconds
[2025-09-03T17:43:35.136+0000] {processor.py:186} INFO - Started process (PID=1306) to work on /opt/airflow/dags/ssg_gl_etl.py
[2025-09-03T17:43:35.137+0000] {processor.py:914} INFO - Processing file /opt/airflow/dags/ssg_gl_etl.py for tasks to queue
[2025-09-03T17:43:35.140+0000] {logging_mixin.py:190} INFO - [2025-09-03T17:43:35.140+0000] {dagbag.py:588} INFO - Filling up the DagBag from /opt/airflow/dags/ssg_gl_etl.py
[2025-09-03T17:43:35.183+0000] {processor.py:925} INFO - DAG(s) 'etl_ssg_erp_gl' retrieved from /opt/airflow/dags/ssg_gl_etl.py
[2025-09-03T17:43:35.211+0000] {logging_mixin.py:190} INFO - [2025-09-03T17:43:35.211+0000] {dag.py:3239} INFO - Sync 1 DAGs
[2025-09-03T17:43:35.245+0000] {logging_mixin.py:190} INFO - [2025-09-03T17:43:35.245+0000] {dag.py:4180} INFO - Setting next_dagrun for etl_ssg_erp_gl to 2025-09-01 19:00:00+00:00, run_after=2025-09-02 19:00:00+00:00
[2025-09-03T17:43:35.263+0000] {processor.py:208} INFO - Processing /opt/airflow/dags/ssg_gl_etl.py took 0.135 seconds
[2025-09-03T17:44:05.776+0000] {processor.py:186} INFO - Started process (PID=1413) to work on /opt/airflow/dags/ssg_gl_etl.py
[2025-09-03T17:44:05.777+0000] {processor.py:914} INFO - Processing file /opt/airflow/dags/ssg_gl_etl.py for tasks to queue
[2025-09-03T17:44:05.780+0000] {logging_mixin.py:190} INFO - [2025-09-03T17:44:05.780+0000] {dagbag.py:588} INFO - Filling up the DagBag from /opt/airflow/dags/ssg_gl_etl.py
[2025-09-03T17:44:05.804+0000] {processor.py:925} INFO - DAG(s) 'etl_ssg_erp_gl' retrieved from /opt/airflow/dags/ssg_gl_etl.py
[2025-09-03T17:44:05.828+0000] {logging_mixin.py:190} INFO - [2025-09-03T17:44:05.828+0000] {dag.py:3239} INFO - Sync 1 DAGs
[2025-09-03T17:44:05.851+0000] {logging_mixin.py:190} INFO - [2025-09-03T17:44:05.851+0000] {dag.py:4180} INFO - Setting next_dagrun for etl_ssg_erp_gl to 2025-09-01 19:00:00+00:00, run_after=2025-09-02 19:00:00+00:00
[2025-09-03T17:44:05.873+0000] {processor.py:208} INFO - Processing /opt/airflow/dags/ssg_gl_etl.py took 0.104 seconds
[2025-09-03T17:44:36.433+0000] {processor.py:186} INFO - Started process (PID=1520) to work on /opt/airflow/dags/ssg_gl_etl.py
[2025-09-03T17:44:36.434+0000] {processor.py:914} INFO - Processing file /opt/airflow/dags/ssg_gl_etl.py for tasks to queue
[2025-09-03T17:44:36.437+0000] {logging_mixin.py:190} INFO - [2025-09-03T17:44:36.437+0000] {dagbag.py:588} INFO - Filling up the DagBag from /opt/airflow/dags/ssg_gl_etl.py
[2025-09-03T17:44:36.465+0000] {processor.py:925} INFO - DAG(s) 'etl_ssg_erp_gl' retrieved from /opt/airflow/dags/ssg_gl_etl.py
[2025-09-03T17:44:36.487+0000] {logging_mixin.py:190} INFO - [2025-09-03T17:44:36.487+0000] {dag.py:3239} INFO - Sync 1 DAGs
[2025-09-03T17:44:36.514+0000] {logging_mixin.py:190} INFO - [2025-09-03T17:44:36.513+0000] {dag.py:4180} INFO - Setting next_dagrun for etl_ssg_erp_gl to 2025-09-01 19:00:00+00:00, run_after=2025-09-02 19:00:00+00:00
[2025-09-03T17:44:36.539+0000] {processor.py:208} INFO - Processing /opt/airflow/dags/ssg_gl_etl.py took 0.112 seconds
[2025-09-03T17:45:07.063+0000] {processor.py:186} INFO - Started process (PID=1627) to work on /opt/airflow/dags/ssg_gl_etl.py
[2025-09-03T17:45:07.065+0000] {processor.py:914} INFO - Processing file /opt/airflow/dags/ssg_gl_etl.py for tasks to queue
[2025-09-03T17:45:07.067+0000] {logging_mixin.py:190} INFO - [2025-09-03T17:45:07.067+0000] {dagbag.py:588} INFO - Filling up the DagBag from /opt/airflow/dags/ssg_gl_etl.py
[2025-09-03T17:45:07.090+0000] {processor.py:925} INFO - DAG(s) 'etl_ssg_erp_gl' retrieved from /opt/airflow/dags/ssg_gl_etl.py
[2025-09-03T17:45:07.115+0000] {logging_mixin.py:190} INFO - [2025-09-03T17:45:07.115+0000] {dag.py:3239} INFO - Sync 1 DAGs
[2025-09-03T17:45:07.139+0000] {logging_mixin.py:190} INFO - [2025-09-03T17:45:07.139+0000] {dag.py:4180} INFO - Setting next_dagrun for etl_ssg_erp_gl to 2025-09-01 19:00:00+00:00, run_after=2025-09-02 19:00:00+00:00
[2025-09-03T17:45:07.161+0000] {processor.py:208} INFO - Processing /opt/airflow/dags/ssg_gl_etl.py took 0.105 seconds
[2025-09-03T17:45:37.638+0000] {processor.py:186} INFO - Started process (PID=1734) to work on /opt/airflow/dags/ssg_gl_etl.py
[2025-09-03T17:45:37.639+0000] {processor.py:914} INFO - Processing file /opt/airflow/dags/ssg_gl_etl.py for tasks to queue
[2025-09-03T17:45:37.642+0000] {logging_mixin.py:190} INFO - [2025-09-03T17:45:37.642+0000] {dagbag.py:588} INFO - Filling up the DagBag from /opt/airflow/dags/ssg_gl_etl.py
[2025-09-03T17:45:37.670+0000] {processor.py:925} INFO - DAG(s) 'etl_ssg_erp_gl' retrieved from /opt/airflow/dags/ssg_gl_etl.py
[2025-09-03T17:45:37.695+0000] {logging_mixin.py:190} INFO - [2025-09-03T17:45:37.694+0000] {dag.py:3239} INFO - Sync 1 DAGs
[2025-09-03T17:45:37.724+0000] {logging_mixin.py:190} INFO - [2025-09-03T17:45:37.724+0000] {dag.py:4180} INFO - Setting next_dagrun for etl_ssg_erp_gl to 2025-09-01 19:00:00+00:00, run_after=2025-09-02 19:00:00+00:00
[2025-09-03T17:45:37.747+0000] {processor.py:208} INFO - Processing /opt/airflow/dags/ssg_gl_etl.py took 0.114 seconds
[2025-09-03T17:46:08.321+0000] {processor.py:186} INFO - Started process (PID=1841) to work on /opt/airflow/dags/ssg_gl_etl.py
[2025-09-03T17:46:08.323+0000] {processor.py:914} INFO - Processing file /opt/airflow/dags/ssg_gl_etl.py for tasks to queue
[2025-09-03T17:46:08.325+0000] {logging_mixin.py:190} INFO - [2025-09-03T17:46:08.325+0000] {dagbag.py:588} INFO - Filling up the DagBag from /opt/airflow/dags/ssg_gl_etl.py
[2025-09-03T17:46:08.352+0000] {processor.py:925} INFO - DAG(s) 'etl_ssg_erp_gl' retrieved from /opt/airflow/dags/ssg_gl_etl.py
[2025-09-03T17:46:08.377+0000] {logging_mixin.py:190} INFO - [2025-09-03T17:46:08.377+0000] {dag.py:3239} INFO - Sync 1 DAGs
[2025-09-03T17:46:08.402+0000] {logging_mixin.py:190} INFO - [2025-09-03T17:46:08.402+0000] {dag.py:4180} INFO - Setting next_dagrun for etl_ssg_erp_gl to 2025-09-01 19:00:00+00:00, run_after=2025-09-02 19:00:00+00:00
[2025-09-03T17:46:08.429+0000] {processor.py:208} INFO - Processing /opt/airflow/dags/ssg_gl_etl.py took 0.112 seconds
[2025-09-03T17:46:38.982+0000] {processor.py:186} INFO - Started process (PID=1948) to work on /opt/airflow/dags/ssg_gl_etl.py
[2025-09-03T17:46:38.984+0000] {processor.py:914} INFO - Processing file /opt/airflow/dags/ssg_gl_etl.py for tasks to queue
[2025-09-03T17:46:38.987+0000] {logging_mixin.py:190} INFO - [2025-09-03T17:46:38.987+0000] {dagbag.py:588} INFO - Filling up the DagBag from /opt/airflow/dags/ssg_gl_etl.py
[2025-09-03T17:46:39.010+0000] {processor.py:925} INFO - DAG(s) 'etl_ssg_erp_gl' retrieved from /opt/airflow/dags/ssg_gl_etl.py
[2025-09-03T17:46:39.036+0000] {logging_mixin.py:190} INFO - [2025-09-03T17:46:39.036+0000] {dag.py:3239} INFO - Sync 1 DAGs
[2025-09-03T17:46:39.065+0000] {logging_mixin.py:190} INFO - [2025-09-03T17:46:39.065+0000] {dag.py:4180} INFO - Setting next_dagrun for etl_ssg_erp_gl to 2025-09-01 19:00:00+00:00, run_after=2025-09-02 19:00:00+00:00
[2025-09-03T17:46:39.083+0000] {processor.py:208} INFO - Processing /opt/airflow/dags/ssg_gl_etl.py took 0.108 seconds
[2025-09-03T17:47:09.644+0000] {processor.py:186} INFO - Started process (PID=2055) to work on /opt/airflow/dags/ssg_gl_etl.py
[2025-09-03T17:47:09.646+0000] {processor.py:914} INFO - Processing file /opt/airflow/dags/ssg_gl_etl.py for tasks to queue
[2025-09-03T17:47:09.650+0000] {logging_mixin.py:190} INFO - [2025-09-03T17:47:09.649+0000] {dagbag.py:588} INFO - Filling up the DagBag from /opt/airflow/dags/ssg_gl_etl.py
[2025-09-03T17:47:09.676+0000] {processor.py:925} INFO - DAG(s) 'etl_ssg_erp_gl' retrieved from /opt/airflow/dags/ssg_gl_etl.py
[2025-09-03T17:47:09.708+0000] {logging_mixin.py:190} INFO - [2025-09-03T17:47:09.707+0000] {dag.py:3239} INFO - Sync 1 DAGs
[2025-09-03T17:47:09.739+0000] {logging_mixin.py:190} INFO - [2025-09-03T17:47:09.738+0000] {dag.py:4180} INFO - Setting next_dagrun for etl_ssg_erp_gl to 2025-09-01 19:00:00+00:00, run_after=2025-09-02 19:00:00+00:00
[2025-09-03T17:47:09.761+0000] {processor.py:208} INFO - Processing /opt/airflow/dags/ssg_gl_etl.py took 0.123 seconds
[2025-09-03T17:47:40.380+0000] {processor.py:186} INFO - Started process (PID=2162) to work on /opt/airflow/dags/ssg_gl_etl.py
[2025-09-03T17:47:40.382+0000] {processor.py:914} INFO - Processing file /opt/airflow/dags/ssg_gl_etl.py for tasks to queue
[2025-09-03T17:47:40.386+0000] {logging_mixin.py:190} INFO - [2025-09-03T17:47:40.385+0000] {dagbag.py:588} INFO - Filling up the DagBag from /opt/airflow/dags/ssg_gl_etl.py
[2025-09-03T17:47:40.425+0000] {processor.py:925} INFO - DAG(s) 'etl_ssg_erp_gl' retrieved from /opt/airflow/dags/ssg_gl_etl.py
[2025-09-03T17:47:40.449+0000] {logging_mixin.py:190} INFO - [2025-09-03T17:47:40.448+0000] {dag.py:3239} INFO - Sync 1 DAGs
[2025-09-03T17:47:40.474+0000] {logging_mixin.py:190} INFO - [2025-09-03T17:47:40.474+0000] {dag.py:4180} INFO - Setting next_dagrun for etl_ssg_erp_gl to 2025-09-01 19:00:00+00:00, run_after=2025-09-02 19:00:00+00:00
[2025-09-03T17:47:40.494+0000] {processor.py:208} INFO - Processing /opt/airflow/dags/ssg_gl_etl.py took 0.119 seconds
[2025-09-03T17:48:11.209+0000] {processor.py:186} INFO - Started process (PID=2269) to work on /opt/airflow/dags/ssg_gl_etl.py
[2025-09-03T17:48:11.210+0000] {processor.py:914} INFO - Processing file /opt/airflow/dags/ssg_gl_etl.py for tasks to queue
[2025-09-03T17:48:11.213+0000] {logging_mixin.py:190} INFO - [2025-09-03T17:48:11.213+0000] {dagbag.py:588} INFO - Filling up the DagBag from /opt/airflow/dags/ssg_gl_etl.py
[2025-09-03T17:48:11.235+0000] {processor.py:925} INFO - DAG(s) 'etl_ssg_erp_gl' retrieved from /opt/airflow/dags/ssg_gl_etl.py
[2025-09-03T17:48:11.260+0000] {logging_mixin.py:190} INFO - [2025-09-03T17:48:11.260+0000] {dag.py:3239} INFO - Sync 1 DAGs
[2025-09-03T17:48:11.287+0000] {logging_mixin.py:190} INFO - [2025-09-03T17:48:11.286+0000] {dag.py:4180} INFO - Setting next_dagrun for etl_ssg_erp_gl to 2025-09-01 19:00:00+00:00, run_after=2025-09-02 19:00:00+00:00
[2025-09-03T17:48:11.312+0000] {processor.py:208} INFO - Processing /opt/airflow/dags/ssg_gl_etl.py took 0.109 seconds
[2025-09-03T17:48:42.056+0000] {processor.py:186} INFO - Started process (PID=2375) to work on /opt/airflow/dags/ssg_gl_etl.py
[2025-09-03T17:48:42.057+0000] {processor.py:914} INFO - Processing file /opt/airflow/dags/ssg_gl_etl.py for tasks to queue
[2025-09-03T17:48:42.060+0000] {logging_mixin.py:190} INFO - [2025-09-03T17:48:42.060+0000] {dagbag.py:588} INFO - Filling up the DagBag from /opt/airflow/dags/ssg_gl_etl.py
[2025-09-03T17:48:42.082+0000] {processor.py:925} INFO - DAG(s) 'etl_ssg_erp_gl' retrieved from /opt/airflow/dags/ssg_gl_etl.py
[2025-09-03T17:48:42.108+0000] {logging_mixin.py:190} INFO - [2025-09-03T17:48:42.108+0000] {dag.py:3239} INFO - Sync 1 DAGs
[2025-09-03T17:48:42.140+0000] {logging_mixin.py:190} INFO - [2025-09-03T17:48:42.140+0000] {dag.py:4180} INFO - Setting next_dagrun for etl_ssg_erp_gl to 2025-09-01 19:00:00+00:00, run_after=2025-09-02 19:00:00+00:00
[2025-09-03T17:48:42.169+0000] {processor.py:208} INFO - Processing /opt/airflow/dags/ssg_gl_etl.py took 0.121 seconds
[2025-09-03T17:49:13.145+0000] {processor.py:186} INFO - Started process (PID=2482) to work on /opt/airflow/dags/ssg_gl_etl.py
[2025-09-03T17:49:13.146+0000] {processor.py:914} INFO - Processing file /opt/airflow/dags/ssg_gl_etl.py for tasks to queue
[2025-09-03T17:49:13.150+0000] {logging_mixin.py:190} INFO - [2025-09-03T17:49:13.149+0000] {dagbag.py:588} INFO - Filling up the DagBag from /opt/airflow/dags/ssg_gl_etl.py
[2025-09-03T17:49:13.180+0000] {processor.py:925} INFO - DAG(s) 'etl_ssg_erp_gl' retrieved from /opt/airflow/dags/ssg_gl_etl.py
[2025-09-03T17:49:13.202+0000] {logging_mixin.py:190} INFO - [2025-09-03T17:49:13.202+0000] {dag.py:3239} INFO - Sync 1 DAGs
[2025-09-03T17:49:13.231+0000] {logging_mixin.py:190} INFO - [2025-09-03T17:49:13.231+0000] {dag.py:4180} INFO - Setting next_dagrun for etl_ssg_erp_gl to 2025-09-01 19:00:00+00:00, run_after=2025-09-02 19:00:00+00:00
[2025-09-03T17:49:13.249+0000] {processor.py:208} INFO - Processing /opt/airflow/dags/ssg_gl_etl.py took 0.109 seconds
[2025-09-03T17:49:43.842+0000] {processor.py:186} INFO - Started process (PID=2589) to work on /opt/airflow/dags/ssg_gl_etl.py
[2025-09-03T17:49:43.844+0000] {processor.py:914} INFO - Processing file /opt/airflow/dags/ssg_gl_etl.py for tasks to queue
[2025-09-03T17:49:43.850+0000] {logging_mixin.py:190} INFO - [2025-09-03T17:49:43.850+0000] {dagbag.py:588} INFO - Filling up the DagBag from /opt/airflow/dags/ssg_gl_etl.py
[2025-09-03T17:49:43.875+0000] {processor.py:925} INFO - DAG(s) 'etl_ssg_erp_gl' retrieved from /opt/airflow/dags/ssg_gl_etl.py
[2025-09-03T17:49:43.901+0000] {logging_mixin.py:190} INFO - [2025-09-03T17:49:43.901+0000] {dag.py:3239} INFO - Sync 1 DAGs
[2025-09-03T17:49:43.929+0000] {logging_mixin.py:190} INFO - [2025-09-03T17:49:43.929+0000] {dag.py:4180} INFO - Setting next_dagrun for etl_ssg_erp_gl to 2025-09-01 19:00:00+00:00, run_after=2025-09-02 19:00:00+00:00
[2025-09-03T17:49:43.953+0000] {processor.py:208} INFO - Processing /opt/airflow/dags/ssg_gl_etl.py took 0.120 seconds
[2025-09-03T17:50:14.756+0000] {processor.py:186} INFO - Started process (PID=2696) to work on /opt/airflow/dags/ssg_gl_etl.py
[2025-09-03T17:50:14.757+0000] {processor.py:914} INFO - Processing file /opt/airflow/dags/ssg_gl_etl.py for tasks to queue
[2025-09-03T17:50:14.760+0000] {logging_mixin.py:190} INFO - [2025-09-03T17:50:14.760+0000] {dagbag.py:588} INFO - Filling up the DagBag from /opt/airflow/dags/ssg_gl_etl.py
[2025-09-03T17:50:14.789+0000] {processor.py:925} INFO - DAG(s) 'etl_ssg_erp_gl' retrieved from /opt/airflow/dags/ssg_gl_etl.py
[2025-09-03T17:50:14.813+0000] {logging_mixin.py:190} INFO - [2025-09-03T17:50:14.813+0000] {dag.py:3239} INFO - Sync 1 DAGs
[2025-09-03T17:50:14.845+0000] {logging_mixin.py:190} INFO - [2025-09-03T17:50:14.844+0000] {dag.py:4180} INFO - Setting next_dagrun for etl_ssg_erp_gl to 2025-09-01 19:00:00+00:00, run_after=2025-09-02 19:00:00+00:00
[2025-09-03T17:50:14.867+0000] {processor.py:208} INFO - Processing /opt/airflow/dags/ssg_gl_etl.py took 0.118 seconds
[2025-09-03T17:50:45.557+0000] {processor.py:186} INFO - Started process (PID=2803) to work on /opt/airflow/dags/ssg_gl_etl.py
[2025-09-03T17:50:45.558+0000] {processor.py:914} INFO - Processing file /opt/airflow/dags/ssg_gl_etl.py for tasks to queue
[2025-09-03T17:50:45.561+0000] {logging_mixin.py:190} INFO - [2025-09-03T17:50:45.560+0000] {dagbag.py:588} INFO - Filling up the DagBag from /opt/airflow/dags/ssg_gl_etl.py
[2025-09-03T17:50:45.596+0000] {processor.py:925} INFO - DAG(s) 'etl_ssg_erp_gl' retrieved from /opt/airflow/dags/ssg_gl_etl.py
[2025-09-03T17:50:45.620+0000] {logging_mixin.py:190} INFO - [2025-09-03T17:50:45.620+0000] {dag.py:3239} INFO - Sync 1 DAGs
[2025-09-03T17:50:45.646+0000] {logging_mixin.py:190} INFO - [2025-09-03T17:50:45.646+0000] {dag.py:4180} INFO - Setting next_dagrun for etl_ssg_erp_gl to 2025-09-01 19:00:00+00:00, run_after=2025-09-02 19:00:00+00:00
[2025-09-03T17:50:45.667+0000] {processor.py:208} INFO - Processing /opt/airflow/dags/ssg_gl_etl.py took 0.116 seconds
[2025-09-03T17:51:16.486+0000] {processor.py:186} INFO - Started process (PID=2910) to work on /opt/airflow/dags/ssg_gl_etl.py
[2025-09-03T17:51:16.486+0000] {processor.py:914} INFO - Processing file /opt/airflow/dags/ssg_gl_etl.py for tasks to queue
[2025-09-03T17:51:16.489+0000] {logging_mixin.py:190} INFO - [2025-09-03T17:51:16.489+0000] {dagbag.py:588} INFO - Filling up the DagBag from /opt/airflow/dags/ssg_gl_etl.py
[2025-09-03T17:51:16.528+0000] {processor.py:925} INFO - DAG(s) 'etl_ssg_erp_gl' retrieved from /opt/airflow/dags/ssg_gl_etl.py
[2025-09-03T17:51:16.562+0000] {logging_mixin.py:190} INFO - [2025-09-03T17:51:16.561+0000] {dag.py:3239} INFO - Sync 1 DAGs
[2025-09-03T17:51:16.599+0000] {logging_mixin.py:190} INFO - [2025-09-03T17:51:16.598+0000] {dag.py:4180} INFO - Setting next_dagrun for etl_ssg_erp_gl to 2025-09-01 19:00:00+00:00, run_after=2025-09-02 19:00:00+00:00
[2025-09-03T17:51:16.619+0000] {processor.py:208} INFO - Processing /opt/airflow/dags/ssg_gl_etl.py took 0.139 seconds
[2025-09-03T17:51:47.459+0000] {processor.py:186} INFO - Started process (PID=3017) to work on /opt/airflow/dags/ssg_gl_etl.py
[2025-09-03T17:51:47.460+0000] {processor.py:914} INFO - Processing file /opt/airflow/dags/ssg_gl_etl.py for tasks to queue
[2025-09-03T17:51:47.464+0000] {logging_mixin.py:190} INFO - [2025-09-03T17:51:47.464+0000] {dagbag.py:588} INFO - Filling up the DagBag from /opt/airflow/dags/ssg_gl_etl.py
[2025-09-03T17:51:47.489+0000] {processor.py:925} INFO - DAG(s) 'etl_ssg_erp_gl' retrieved from /opt/airflow/dags/ssg_gl_etl.py
[2025-09-03T17:51:47.513+0000] {logging_mixin.py:190} INFO - [2025-09-03T17:51:47.513+0000] {dag.py:3239} INFO - Sync 1 DAGs
[2025-09-03T17:51:47.538+0000] {logging_mixin.py:190} INFO - [2025-09-03T17:51:47.538+0000] {dag.py:4180} INFO - Setting next_dagrun for etl_ssg_erp_gl to 2025-09-01 19:00:00+00:00, run_after=2025-09-02 19:00:00+00:00
[2025-09-03T17:51:47.561+0000] {processor.py:208} INFO - Processing /opt/airflow/dags/ssg_gl_etl.py took 0.109 seconds
[2025-09-03T17:52:18.519+0000] {processor.py:186} INFO - Started process (PID=3123) to work on /opt/airflow/dags/ssg_gl_etl.py
[2025-09-03T17:52:18.520+0000] {processor.py:914} INFO - Processing file /opt/airflow/dags/ssg_gl_etl.py for tasks to queue
[2025-09-03T17:52:18.522+0000] {logging_mixin.py:190} INFO - [2025-09-03T17:52:18.522+0000] {dagbag.py:588} INFO - Filling up the DagBag from /opt/airflow/dags/ssg_gl_etl.py
[2025-09-03T17:52:18.549+0000] {processor.py:925} INFO - DAG(s) 'etl_ssg_erp_gl' retrieved from /opt/airflow/dags/ssg_gl_etl.py
[2025-09-03T17:52:18.575+0000] {logging_mixin.py:190} INFO - [2025-09-03T17:52:18.575+0000] {dag.py:3239} INFO - Sync 1 DAGs
[2025-09-03T17:52:18.608+0000] {logging_mixin.py:190} INFO - [2025-09-03T17:52:18.608+0000] {dag.py:4180} INFO - Setting next_dagrun for etl_ssg_erp_gl to 2025-09-01 19:00:00+00:00, run_after=2025-09-02 19:00:00+00:00
[2025-09-03T17:52:18.637+0000] {processor.py:208} INFO - Processing /opt/airflow/dags/ssg_gl_etl.py took 0.126 seconds
[2025-09-03T17:52:49.557+0000] {processor.py:186} INFO - Started process (PID=3230) to work on /opt/airflow/dags/ssg_gl_etl.py
[2025-09-03T17:52:49.558+0000] {processor.py:914} INFO - Processing file /opt/airflow/dags/ssg_gl_etl.py for tasks to queue
[2025-09-03T17:52:49.564+0000] {logging_mixin.py:190} INFO - [2025-09-03T17:52:49.563+0000] {dagbag.py:588} INFO - Filling up the DagBag from /opt/airflow/dags/ssg_gl_etl.py
[2025-09-03T17:52:49.585+0000] {processor.py:925} INFO - DAG(s) 'etl_ssg_erp_gl' retrieved from /opt/airflow/dags/ssg_gl_etl.py
[2025-09-03T17:52:49.613+0000] {logging_mixin.py:190} INFO - [2025-09-03T17:52:49.612+0000] {dag.py:3239} INFO - Sync 1 DAGs
[2025-09-03T17:52:49.639+0000] {logging_mixin.py:190} INFO - [2025-09-03T17:52:49.639+0000] {dag.py:4180} INFO - Setting next_dagrun for etl_ssg_erp_gl to 2025-09-01 19:00:00+00:00, run_after=2025-09-02 19:00:00+00:00
[2025-09-03T17:52:49.664+0000] {processor.py:208} INFO - Processing /opt/airflow/dags/ssg_gl_etl.py took 0.111 seconds
[2025-09-03T17:53:20.629+0000] {processor.py:186} INFO - Started process (PID=3337) to work on /opt/airflow/dags/ssg_gl_etl.py
[2025-09-03T17:53:20.630+0000] {processor.py:914} INFO - Processing file /opt/airflow/dags/ssg_gl_etl.py for tasks to queue
[2025-09-03T17:53:20.634+0000] {logging_mixin.py:190} INFO - [2025-09-03T17:53:20.633+0000] {dagbag.py:588} INFO - Filling up the DagBag from /opt/airflow/dags/ssg_gl_etl.py
[2025-09-03T17:53:20.667+0000] {processor.py:925} INFO - DAG(s) 'etl_ssg_erp_gl' retrieved from /opt/airflow/dags/ssg_gl_etl.py
[2025-09-03T17:53:20.692+0000] {logging_mixin.py:190} INFO - [2025-09-03T17:53:20.692+0000] {dag.py:3239} INFO - Sync 1 DAGs
[2025-09-03T17:53:20.721+0000] {logging_mixin.py:190} INFO - [2025-09-03T17:53:20.721+0000] {dag.py:4180} INFO - Setting next_dagrun for etl_ssg_erp_gl to 2025-09-01 19:00:00+00:00, run_after=2025-09-02 19:00:00+00:00
[2025-09-03T17:53:20.752+0000] {processor.py:208} INFO - Processing /opt/airflow/dags/ssg_gl_etl.py took 0.127 seconds
[2025-09-03T17:53:51.787+0000] {processor.py:186} INFO - Started process (PID=3444) to work on /opt/airflow/dags/ssg_gl_etl.py
[2025-09-03T17:53:51.788+0000] {processor.py:914} INFO - Processing file /opt/airflow/dags/ssg_gl_etl.py for tasks to queue
[2025-09-03T17:53:51.791+0000] {logging_mixin.py:190} INFO - [2025-09-03T17:53:51.790+0000] {dagbag.py:588} INFO - Filling up the DagBag from /opt/airflow/dags/ssg_gl_etl.py
[2025-09-03T17:53:51.813+0000] {processor.py:925} INFO - DAG(s) 'etl_ssg_erp_gl' retrieved from /opt/airflow/dags/ssg_gl_etl.py
[2025-09-03T17:53:51.838+0000] {logging_mixin.py:190} INFO - [2025-09-03T17:53:51.838+0000] {dag.py:3239} INFO - Sync 1 DAGs
[2025-09-03T17:53:51.860+0000] {logging_mixin.py:190} INFO - [2025-09-03T17:53:51.860+0000] {dag.py:4180} INFO - Setting next_dagrun for etl_ssg_erp_gl to 2025-09-01 19:00:00+00:00, run_after=2025-09-02 19:00:00+00:00
[2025-09-03T17:53:51.883+0000] {processor.py:208} INFO - Processing /opt/airflow/dags/ssg_gl_etl.py took 0.105 seconds
[2025-09-03T17:54:22.026+0000] {processor.py:186} INFO - Started process (PID=3547) to work on /opt/airflow/dags/ssg_gl_etl.py
[2025-09-03T17:54:22.027+0000] {processor.py:914} INFO - Processing file /opt/airflow/dags/ssg_gl_etl.py for tasks to queue
[2025-09-03T17:54:22.030+0000] {logging_mixin.py:190} INFO - [2025-09-03T17:54:22.030+0000] {dagbag.py:588} INFO - Filling up the DagBag from /opt/airflow/dags/ssg_gl_etl.py
[2025-09-03T17:54:22.063+0000] {processor.py:925} INFO - DAG(s) 'etl_ssg_erp_gl' retrieved from /opt/airflow/dags/ssg_gl_etl.py
[2025-09-03T17:54:22.219+0000] {logging_mixin.py:190} INFO - [2025-09-03T17:54:22.219+0000] {dag.py:3239} INFO - Sync 1 DAGs
[2025-09-03T17:54:22.243+0000] {logging_mixin.py:190} INFO - [2025-09-03T17:54:22.243+0000] {dag.py:4180} INFO - Setting next_dagrun for etl_ssg_erp_gl to 2025-09-01 19:00:00+00:00, run_after=2025-09-02 19:00:00+00:00
[2025-09-03T17:54:22.262+0000] {processor.py:208} INFO - Processing /opt/airflow/dags/ssg_gl_etl.py took 0.241 seconds
[2025-09-03T17:55:56.908+0000] {processor.py:186} INFO - Started process (PID=239) to work on /opt/airflow/dags/ssg_gl_etl.py
[2025-09-03T17:55:56.909+0000] {processor.py:914} INFO - Processing file /opt/airflow/dags/ssg_gl_etl.py for tasks to queue
[2025-09-03T17:55:56.913+0000] {logging_mixin.py:190} INFO - [2025-09-03T17:55:56.912+0000] {dagbag.py:588} INFO - Filling up the DagBag from /opt/airflow/dags/ssg_gl_etl.py
[2025-09-03T17:55:56.952+0000] {processor.py:925} INFO - DAG(s) 'etl_ssg_erp_gl' retrieved from /opt/airflow/dags/ssg_gl_etl.py
[2025-09-03T17:55:56.989+0000] {logging_mixin.py:190} INFO - [2025-09-03T17:55:56.989+0000] {dag.py:3239} INFO - Sync 1 DAGs
[2025-09-03T17:55:57.025+0000] {logging_mixin.py:190} INFO - [2025-09-03T17:55:57.025+0000] {dag.py:4180} INFO - Setting next_dagrun for etl_ssg_erp_gl to 2025-09-01 19:00:00+00:00, run_after=2025-09-02 19:00:00+00:00
[2025-09-03T17:55:57.054+0000] {processor.py:208} INFO - Processing /opt/airflow/dags/ssg_gl_etl.py took 0.152 seconds
[2025-09-03T17:56:27.232+0000] {processor.py:186} INFO - Started process (PID=341) to work on /opt/airflow/dags/ssg_gl_etl.py
[2025-09-03T17:56:27.234+0000] {processor.py:914} INFO - Processing file /opt/airflow/dags/ssg_gl_etl.py for tasks to queue
[2025-09-03T17:56:27.237+0000] {logging_mixin.py:190} INFO - [2025-09-03T17:56:27.237+0000] {dagbag.py:588} INFO - Filling up the DagBag from /opt/airflow/dags/ssg_gl_etl.py
[2025-09-03T17:56:27.283+0000] {processor.py:925} INFO - DAG(s) 'etl_ssg_erp_gl' retrieved from /opt/airflow/dags/ssg_gl_etl.py
[2025-09-03T17:56:27.326+0000] {logging_mixin.py:190} INFO - [2025-09-03T17:56:27.326+0000] {dag.py:3239} INFO - Sync 1 DAGs
[2025-09-03T17:56:27.362+0000] {logging_mixin.py:190} INFO - [2025-09-03T17:56:27.361+0000] {dag.py:4180} INFO - Setting next_dagrun for etl_ssg_erp_gl to 2025-09-01 19:00:00+00:00, run_after=2025-09-02 19:00:00+00:00
[2025-09-03T17:56:27.392+0000] {processor.py:208} INFO - Processing /opt/airflow/dags/ssg_gl_etl.py took 0.168 seconds
[2025-09-03T17:56:57.630+0000] {processor.py:186} INFO - Started process (PID=448) to work on /opt/airflow/dags/ssg_gl_etl.py
[2025-09-03T17:56:57.631+0000] {processor.py:914} INFO - Processing file /opt/airflow/dags/ssg_gl_etl.py for tasks to queue
[2025-09-03T17:56:57.633+0000] {logging_mixin.py:190} INFO - [2025-09-03T17:56:57.633+0000] {dagbag.py:588} INFO - Filling up the DagBag from /opt/airflow/dags/ssg_gl_etl.py
[2025-09-03T17:56:57.664+0000] {processor.py:925} INFO - DAG(s) 'etl_ssg_erp_gl' retrieved from /opt/airflow/dags/ssg_gl_etl.py
[2025-09-03T17:56:57.688+0000] {logging_mixin.py:190} INFO - [2025-09-03T17:56:57.688+0000] {dag.py:3239} INFO - Sync 1 DAGs
[2025-09-03T17:56:57.710+0000] {logging_mixin.py:190} INFO - [2025-09-03T17:56:57.710+0000] {dag.py:4180} INFO - Setting next_dagrun for etl_ssg_erp_gl to 2025-09-01 19:00:00+00:00, run_after=2025-09-02 19:00:00+00:00
[2025-09-03T17:56:57.731+0000] {processor.py:208} INFO - Processing /opt/airflow/dags/ssg_gl_etl.py took 0.106 seconds
[2025-09-03T17:57:28.699+0000] {processor.py:186} INFO - Started process (PID=557) to work on /opt/airflow/dags/ssg_gl_etl.py
[2025-09-03T17:57:28.700+0000] {processor.py:914} INFO - Processing file /opt/airflow/dags/ssg_gl_etl.py for tasks to queue
[2025-09-03T17:57:28.703+0000] {logging_mixin.py:190} INFO - [2025-09-03T17:57:28.703+0000] {dagbag.py:588} INFO - Filling up the DagBag from /opt/airflow/dags/ssg_gl_etl.py
[2025-09-03T17:57:28.724+0000] {processor.py:925} INFO - DAG(s) 'etl_ssg_erp_gl' retrieved from /opt/airflow/dags/ssg_gl_etl.py
[2025-09-03T17:57:28.746+0000] {logging_mixin.py:190} INFO - [2025-09-03T17:57:28.746+0000] {dag.py:3239} INFO - Sync 1 DAGs
[2025-09-03T17:57:28.767+0000] {logging_mixin.py:190} INFO - [2025-09-03T17:57:28.766+0000] {dag.py:4180} INFO - Setting next_dagrun for etl_ssg_erp_gl to 2025-09-01 19:00:00+00:00, run_after=2025-09-02 19:00:00+00:00
[2025-09-03T17:57:28.781+0000] {processor.py:208} INFO - Processing /opt/airflow/dags/ssg_gl_etl.py took 0.086 seconds
[2025-09-03T17:57:59.957+0000] {processor.py:186} INFO - Started process (PID=662) to work on /opt/airflow/dags/ssg_gl_etl.py
[2025-09-03T17:57:59.958+0000] {processor.py:914} INFO - Processing file /opt/airflow/dags/ssg_gl_etl.py for tasks to queue
[2025-09-03T17:57:59.961+0000] {logging_mixin.py:190} INFO - [2025-09-03T17:57:59.961+0000] {dagbag.py:588} INFO - Filling up the DagBag from /opt/airflow/dags/ssg_gl_etl.py
[2025-09-03T17:57:59.988+0000] {processor.py:925} INFO - DAG(s) 'etl_ssg_erp_gl' retrieved from /opt/airflow/dags/ssg_gl_etl.py
[2025-09-03T17:58:00.014+0000] {logging_mixin.py:190} INFO - [2025-09-03T17:58:00.014+0000] {dag.py:3239} INFO - Sync 1 DAGs
[2025-09-03T17:58:00.167+0000] {logging_mixin.py:190} INFO - [2025-09-03T17:58:00.167+0000] {dag.py:4180} INFO - Setting next_dagrun for etl_ssg_erp_gl to 2025-09-01 19:00:00+00:00, run_after=2025-09-02 19:00:00+00:00
[2025-09-03T17:58:00.187+0000] {processor.py:208} INFO - Processing /opt/airflow/dags/ssg_gl_etl.py took 0.236 seconds
[2025-09-03T17:58:31.243+0000] {processor.py:186} INFO - Started process (PID=769) to work on /opt/airflow/dags/ssg_gl_etl.py
[2025-09-03T17:58:31.245+0000] {processor.py:914} INFO - Processing file /opt/airflow/dags/ssg_gl_etl.py for tasks to queue
[2025-09-03T17:58:31.247+0000] {logging_mixin.py:190} INFO - [2025-09-03T17:58:31.246+0000] {dagbag.py:588} INFO - Filling up the DagBag from /opt/airflow/dags/ssg_gl_etl.py
[2025-09-03T17:58:31.273+0000] {processor.py:925} INFO - DAG(s) 'etl_ssg_erp_gl' retrieved from /opt/airflow/dags/ssg_gl_etl.py
[2025-09-03T17:58:31.307+0000] {logging_mixin.py:190} INFO - [2025-09-03T17:58:31.307+0000] {dag.py:3239} INFO - Sync 1 DAGs
[2025-09-03T17:58:31.468+0000] {logging_mixin.py:190} INFO - [2025-09-03T17:58:31.468+0000] {dag.py:4180} INFO - Setting next_dagrun for etl_ssg_erp_gl to 2025-09-01 19:00:00+00:00, run_after=2025-09-02 19:00:00+00:00
[2025-09-03T17:58:31.489+0000] {processor.py:208} INFO - Processing /opt/airflow/dags/ssg_gl_etl.py took 0.253 seconds
[2025-09-03T17:59:02.432+0000] {processor.py:186} INFO - Started process (PID=881) to work on /opt/airflow/dags/ssg_gl_etl.py
[2025-09-03T17:59:02.434+0000] {processor.py:914} INFO - Processing file /opt/airflow/dags/ssg_gl_etl.py for tasks to queue
[2025-09-03T17:59:02.437+0000] {logging_mixin.py:190} INFO - [2025-09-03T17:59:02.436+0000] {dagbag.py:588} INFO - Filling up the DagBag from /opt/airflow/dags/ssg_gl_etl.py
[2025-09-03T17:59:02.481+0000] {processor.py:925} INFO - DAG(s) 'etl_ssg_erp_gl' retrieved from /opt/airflow/dags/ssg_gl_etl.py
[2025-09-03T17:59:02.516+0000] {logging_mixin.py:190} INFO - [2025-09-03T17:59:02.515+0000] {dag.py:3239} INFO - Sync 1 DAGs
[2025-09-03T17:59:02.706+0000] {logging_mixin.py:190} INFO - [2025-09-03T17:59:02.706+0000] {dag.py:4180} INFO - Setting next_dagrun for etl_ssg_erp_gl to 2025-09-01 19:00:00+00:00, run_after=2025-09-02 19:00:00+00:00
[2025-09-03T17:59:02.727+0000] {processor.py:208} INFO - Processing /opt/airflow/dags/ssg_gl_etl.py took 0.304 seconds
[2025-09-03T17:59:34.029+0000] {processor.py:186} INFO - Started process (PID=991) to work on /opt/airflow/dags/ssg_gl_etl.py
[2025-09-03T17:59:34.030+0000] {processor.py:914} INFO - Processing file /opt/airflow/dags/ssg_gl_etl.py for tasks to queue
[2025-09-03T17:59:34.032+0000] {logging_mixin.py:190} INFO - [2025-09-03T17:59:34.031+0000] {dagbag.py:588} INFO - Filling up the DagBag from /opt/airflow/dags/ssg_gl_etl.py
[2025-09-03T17:59:34.076+0000] {processor.py:925} INFO - DAG(s) 'etl_ssg_erp_gl' retrieved from /opt/airflow/dags/ssg_gl_etl.py
[2025-09-03T17:59:34.107+0000] {logging_mixin.py:190} INFO - [2025-09-03T17:59:34.107+0000] {dag.py:3239} INFO - Sync 1 DAGs
[2025-09-03T17:59:34.132+0000] {logging_mixin.py:190} INFO - [2025-09-03T17:59:34.132+0000] {dag.py:4180} INFO - Setting next_dagrun for etl_ssg_erp_gl to 2025-09-01 19:00:00+00:00, run_after=2025-09-02 19:00:00+00:00
[2025-09-03T17:59:34.149+0000] {processor.py:208} INFO - Processing /opt/airflow/dags/ssg_gl_etl.py took 0.126 seconds
[2025-09-03T18:00:04.661+0000] {processor.py:186} INFO - Started process (PID=1096) to work on /opt/airflow/dags/ssg_gl_etl.py
[2025-09-03T18:00:04.661+0000] {processor.py:914} INFO - Processing file /opt/airflow/dags/ssg_gl_etl.py for tasks to queue
[2025-09-03T18:00:04.664+0000] {logging_mixin.py:190} INFO - [2025-09-03T18:00:04.664+0000] {dagbag.py:588} INFO - Filling up the DagBag from /opt/airflow/dags/ssg_gl_etl.py
[2025-09-03T18:00:04.688+0000] {processor.py:925} INFO - DAG(s) 'etl_ssg_erp_gl' retrieved from /opt/airflow/dags/ssg_gl_etl.py
[2025-09-03T18:00:04.713+0000] {logging_mixin.py:190} INFO - [2025-09-03T18:00:04.713+0000] {dag.py:3239} INFO - Sync 1 DAGs
[2025-09-03T18:00:04.740+0000] {logging_mixin.py:190} INFO - [2025-09-03T18:00:04.739+0000] {dag.py:4180} INFO - Setting next_dagrun for etl_ssg_erp_gl to 2025-09-01 19:00:00+00:00, run_after=2025-09-02 19:00:00+00:00
[2025-09-03T18:00:04.762+0000] {processor.py:208} INFO - Processing /opt/airflow/dags/ssg_gl_etl.py took 0.107 seconds
[2025-09-03T18:00:35.555+0000] {processor.py:186} INFO - Started process (PID=1202) to work on /opt/airflow/dags/ssg_gl_etl.py
[2025-09-03T18:00:35.556+0000] {processor.py:914} INFO - Processing file /opt/airflow/dags/ssg_gl_etl.py for tasks to queue
[2025-09-03T18:00:35.559+0000] {logging_mixin.py:190} INFO - [2025-09-03T18:00:35.559+0000] {dagbag.py:588} INFO - Filling up the DagBag from /opt/airflow/dags/ssg_gl_etl.py
[2025-09-03T18:00:35.586+0000] {processor.py:925} INFO - DAG(s) 'etl_ssg_erp_gl' retrieved from /opt/airflow/dags/ssg_gl_etl.py
[2025-09-03T18:00:35.612+0000] {logging_mixin.py:190} INFO - [2025-09-03T18:00:35.612+0000] {dag.py:3239} INFO - Sync 1 DAGs
[2025-09-03T18:00:35.641+0000] {logging_mixin.py:190} INFO - [2025-09-03T18:00:35.641+0000] {dag.py:4180} INFO - Setting next_dagrun for etl_ssg_erp_gl to 2025-09-01 19:00:00+00:00, run_after=2025-09-02 19:00:00+00:00
[2025-09-03T18:00:35.664+0000] {processor.py:208} INFO - Processing /opt/airflow/dags/ssg_gl_etl.py took 0.116 seconds
[2025-09-03T18:01:06.378+0000] {processor.py:186} INFO - Started process (PID=1309) to work on /opt/airflow/dags/ssg_gl_etl.py
[2025-09-03T18:01:06.379+0000] {processor.py:914} INFO - Processing file /opt/airflow/dags/ssg_gl_etl.py for tasks to queue
[2025-09-03T18:01:06.382+0000] {logging_mixin.py:190} INFO - [2025-09-03T18:01:06.382+0000] {dagbag.py:588} INFO - Filling up the DagBag from /opt/airflow/dags/ssg_gl_etl.py
[2025-09-03T18:01:06.410+0000] {processor.py:925} INFO - DAG(s) 'etl_ssg_erp_gl' retrieved from /opt/airflow/dags/ssg_gl_etl.py
[2025-09-03T18:01:06.441+0000] {logging_mixin.py:190} INFO - [2025-09-03T18:01:06.441+0000] {dag.py:3239} INFO - Sync 1 DAGs
[2025-09-03T18:01:06.469+0000] {logging_mixin.py:190} INFO - [2025-09-03T18:01:06.469+0000] {dag.py:4180} INFO - Setting next_dagrun for etl_ssg_erp_gl to 2025-09-01 19:00:00+00:00, run_after=2025-09-02 19:00:00+00:00
[2025-09-03T18:01:06.491+0000] {processor.py:208} INFO - Processing /opt/airflow/dags/ssg_gl_etl.py took 0.118 seconds
[2025-09-03T18:01:37.206+0000] {processor.py:186} INFO - Started process (PID=1416) to work on /opt/airflow/dags/ssg_gl_etl.py
[2025-09-03T18:01:37.207+0000] {processor.py:914} INFO - Processing file /opt/airflow/dags/ssg_gl_etl.py for tasks to queue
[2025-09-03T18:01:37.210+0000] {logging_mixin.py:190} INFO - [2025-09-03T18:01:37.210+0000] {dagbag.py:588} INFO - Filling up the DagBag from /opt/airflow/dags/ssg_gl_etl.py
[2025-09-03T18:01:37.234+0000] {processor.py:925} INFO - DAG(s) 'etl_ssg_erp_gl' retrieved from /opt/airflow/dags/ssg_gl_etl.py
[2025-09-03T18:01:37.269+0000] {logging_mixin.py:190} INFO - [2025-09-03T18:01:37.269+0000] {dag.py:3239} INFO - Sync 1 DAGs
[2025-09-03T18:01:37.300+0000] {logging_mixin.py:190} INFO - [2025-09-03T18:01:37.300+0000] {dag.py:4180} INFO - Setting next_dagrun for etl_ssg_erp_gl to 2025-09-01 19:00:00+00:00, run_after=2025-09-02 19:00:00+00:00
[2025-09-03T18:01:37.326+0000] {processor.py:208} INFO - Processing /opt/airflow/dags/ssg_gl_etl.py took 0.127 seconds
[2025-09-03T18:02:07.897+0000] {processor.py:186} INFO - Started process (PID=1524) to work on /opt/airflow/dags/ssg_gl_etl.py
[2025-09-03T18:02:07.898+0000] {processor.py:914} INFO - Processing file /opt/airflow/dags/ssg_gl_etl.py for tasks to queue
[2025-09-03T18:02:07.900+0000] {logging_mixin.py:190} INFO - [2025-09-03T18:02:07.899+0000] {dagbag.py:588} INFO - Filling up the DagBag from /opt/airflow/dags/ssg_gl_etl.py
[2025-09-03T18:02:07.919+0000] {processor.py:925} INFO - DAG(s) 'etl_ssg_erp_gl' retrieved from /opt/airflow/dags/ssg_gl_etl.py
[2025-09-03T18:02:07.945+0000] {logging_mixin.py:190} INFO - [2025-09-03T18:02:07.945+0000] {dag.py:3239} INFO - Sync 1 DAGs
[2025-09-03T18:02:07.971+0000] {logging_mixin.py:190} INFO - [2025-09-03T18:02:07.971+0000] {dag.py:4180} INFO - Setting next_dagrun for etl_ssg_erp_gl to 2025-09-01 19:00:00+00:00, run_after=2025-09-02 19:00:00+00:00
[2025-09-03T18:02:07.992+0000] {processor.py:208} INFO - Processing /opt/airflow/dags/ssg_gl_etl.py took 0.100 seconds
[2025-09-03T18:02:38.604+0000] {processor.py:186} INFO - Started process (PID=1631) to work on /opt/airflow/dags/ssg_gl_etl.py
[2025-09-03T18:02:38.605+0000] {processor.py:914} INFO - Processing file /opt/airflow/dags/ssg_gl_etl.py for tasks to queue
[2025-09-03T18:02:38.606+0000] {logging_mixin.py:190} INFO - [2025-09-03T18:02:38.606+0000] {dagbag.py:588} INFO - Filling up the DagBag from /opt/airflow/dags/ssg_gl_etl.py
[2025-09-03T18:02:38.625+0000] {processor.py:925} INFO - DAG(s) 'etl_ssg_erp_gl' retrieved from /opt/airflow/dags/ssg_gl_etl.py
[2025-09-03T18:02:38.645+0000] {logging_mixin.py:190} INFO - [2025-09-03T18:02:38.645+0000] {dag.py:3239} INFO - Sync 1 DAGs
[2025-09-03T18:02:38.670+0000] {logging_mixin.py:190} INFO - [2025-09-03T18:02:38.670+0000] {dag.py:4180} INFO - Setting next_dagrun for etl_ssg_erp_gl to 2025-09-01 19:00:00+00:00, run_after=2025-09-02 19:00:00+00:00
[2025-09-03T18:02:38.687+0000] {processor.py:208} INFO - Processing /opt/airflow/dags/ssg_gl_etl.py took 0.087 seconds
[2025-09-03T18:03:09.253+0000] {processor.py:186} INFO - Started process (PID=1738) to work on /opt/airflow/dags/ssg_gl_etl.py
[2025-09-03T18:03:09.254+0000] {processor.py:914} INFO - Processing file /opt/airflow/dags/ssg_gl_etl.py for tasks to queue
[2025-09-03T18:03:09.256+0000] {logging_mixin.py:190} INFO - [2025-09-03T18:03:09.256+0000] {dagbag.py:588} INFO - Filling up the DagBag from /opt/airflow/dags/ssg_gl_etl.py
[2025-09-03T18:03:09.286+0000] {processor.py:925} INFO - DAG(s) 'etl_ssg_erp_gl' retrieved from /opt/airflow/dags/ssg_gl_etl.py
[2025-09-03T18:03:09.310+0000] {logging_mixin.py:190} INFO - [2025-09-03T18:03:09.310+0000] {dag.py:3239} INFO - Sync 1 DAGs
[2025-09-03T18:03:09.331+0000] {logging_mixin.py:190} INFO - [2025-09-03T18:03:09.330+0000] {dag.py:4180} INFO - Setting next_dagrun for etl_ssg_erp_gl to 2025-09-01 19:00:00+00:00, run_after=2025-09-02 19:00:00+00:00
[2025-09-03T18:03:09.348+0000] {processor.py:208} INFO - Processing /opt/airflow/dags/ssg_gl_etl.py took 0.102 seconds
[2025-09-03T18:03:39.959+0000] {processor.py:186} INFO - Started process (PID=1845) to work on /opt/airflow/dags/ssg_gl_etl.py
[2025-09-03T18:03:39.960+0000] {processor.py:914} INFO - Processing file /opt/airflow/dags/ssg_gl_etl.py for tasks to queue
[2025-09-03T18:03:39.962+0000] {logging_mixin.py:190} INFO - [2025-09-03T18:03:39.962+0000] {dagbag.py:588} INFO - Filling up the DagBag from /opt/airflow/dags/ssg_gl_etl.py
[2025-09-03T18:03:39.984+0000] {processor.py:925} INFO - DAG(s) 'etl_ssg_erp_gl' retrieved from /opt/airflow/dags/ssg_gl_etl.py
[2025-09-03T18:03:40.007+0000] {logging_mixin.py:190} INFO - [2025-09-03T18:03:40.007+0000] {dag.py:3239} INFO - Sync 1 DAGs
[2025-09-03T18:03:40.030+0000] {logging_mixin.py:190} INFO - [2025-09-03T18:03:40.030+0000] {dag.py:4180} INFO - Setting next_dagrun for etl_ssg_erp_gl to 2025-09-01 19:00:00+00:00, run_after=2025-09-02 19:00:00+00:00
[2025-09-03T18:03:40.051+0000] {processor.py:208} INFO - Processing /opt/airflow/dags/ssg_gl_etl.py took 0.101 seconds
